06-14 22:35:38.287  2929  2944 E Unity   : (Filename: ./artifacts/generated/common/runtime/DebugBindings.gen.cpp Line: 51)
06-14 22:35:38.287  2929  2944 E Unity   :
06-14 22:35:38.304  2929  2944 I Unity   : ACCELERATION_XYZ: -1.200874 -5.398764 -0.02562499 EULER_ANGLES_XYZ 4.478831 1.331771 5.51645 False
06-14 22:35:38.304  2929  2944 I Unity   :
06-14 22:35:38.304  2929  2944 I Unity   : (Filename: ./artifacts/generated/common/runtime/DebugBindings.gen.cpp Line: 51)
06-14 22:35:38.304  2929  2944 I Unity   :
06-14 22:35:38.304  2929  2944 E Unity   : NetworkClient Send when not connected to a server
06-14 22:35:38.304  2929  2944 E Unity   :
06-14 22:35:38.304  2929  2944 E Unity   : (Filename: ./artifacts/generated/common/runtime/DebugBindings.gen.cpp Line: 51)
06-14 22:35:38.304  2929  2944 E Unity   :
06-14 22:35:38.337  2929  2944 I Unity   : ACCELERATION_XYZ: -0.04157767 -2.721262 -0.2117184 EULER_ANGLES_XYZ 5.864564 1.773427 5.483234 False
06-14 22:35:38.337  2929  2944 I Unity   :
06-14 22:35:38.337  2929  2944 I Unity   : (Filename: ./artifacts/generated/common/runtime/DebugBindings.gen.cpp Line: 51)
06-14 22:35:38.337  2929  2944 I Unity   :
06-14 22:35:38.337  2929  2944 E Unity   : NetworkClient Send when not connected to a server
06-14 22:35:38.337  2929  2944 E Unity   :
06-14 22:35:38.337  2929  2944 E Unity   : (Filename: ./artifacts/generated/common/runtime/DebugBindings.gen.cpp Line: 51)
06-14 22:35:38.337  2929  2944 E Unity   :
06-14 22:35:38.354  2929  2944 I Unity   : ACCELERATION_XYZ: 0.09687194 -1.548492 -0.1931731 EULER_ANGLES_XYZ 6.361938 2.003558 5.232531 False
06-14 22:35:38.354  2929  2944 I Unity   :
06-14 22:35:38.354  2929  2944 I Unity   : (Filename: ./artifacts/generated/common/runtime/DebugBindings.gen.cpp Line: 51)
06-14 22:35:38.354  2929  2944 I Unity   :
06-14 22:35:38.354  2929  2944 E Unity   : NetworkClient Send when not connected to a server
06-14 22:35:38.354  2929  2944 E Unity   :
06-14 22:35:38.354  2929  2944 E Unity   : (Filename: ./artifacts/generated/common/runtime/DebugBindings.gen.cpp Line: 51)
06-14 22:35:38.354  2929  2944 E Unity   :
06-14 22:35:38.370  2929  2944 I Unity   : ACCELERATION_XYZ: 0.08631951 -0.9199362 0.01919013 EULER_ANGLES_XYZ 6.513262 2.170331 4.926855 False
06-14 22:35:38.370  2929  2944 I Unity   :
06-14 22:35:38.370  2929  2944 I Unity   : (Filename: ./artifacts/generated/common/runtime/DebugBindings.gen.cpp Line: 51)
06-14 22:35:38.370  2929  2944 I Unity   :
06-14 22:35:38.370  2929  2944 E Unity   : NetworkClient Send when not connected to a server
06-14 22:35:38.370  2929  2944 E Unity   :
06-14 22:35:38.370  2929  2944 E Unity   : (Filename: ./artifacts/generated/common/runtime/DebugBindings.gen.cpp Line: 51)
06-14 22:35:38.370  2929  2944 E Unity   :
06-14 22:35:38.387  2929  2944 I Unity   : ACCELERATION_XYZ: -0.1794247 -0.5548115 0.2262983 EULER_ANGLES_XYZ 6.391046 2.393734 4.609983 False
06-14 22:35:38.387  2929  2944 I Unity   :
06-14 22:35:38.387  2929  2944 I Unity   : (Filename: ./artifacts/generated/common/runtime/DebugBindings.gen.cpp Line: 51)
06-14 22:35:38.387  2929  2944 I Unity   :
06-14 22:35:38.387  2929  2944 E Unity   : NetworkClient Send when not connected to a server
06-14 22:35:38.387  2929  2944 E Unity   :
06-14 22:35:38.387  2929  2944 E Unity   : (Filename: ./artifacts/generated/common/runtime/DebugBindings.gen.cpp Line: 51)
06-14 22:35:38.387  2929  2944 E Unity   :
06-14 22:35:38.404  2929  2944 I Unity   : ACCELERATION_XYZ: 0.2915876 0.5203981 -0.1293959 EULER_ANGLES_XYZ 6.551836 2.701151 4.38798 False
06-14 22:35:38.404  2929  2944 I Unity   :
06-14 22:35:38.404  2929  2944 I Unity   : (Filename: ./artifacts/generated/common/runtime/DebugBindings.gen.cpp Line: 51)
06-14 22:35:38.404  2929  2944 I Unity   :
06-14 22:35:38.404  2929  2944 E Unity   : NetworkClient Send when not connected to a server
06-14 22:35:38.404  2929  2944 E Unity   :
06-14 22:35:38.404  2929  2944 E Unity   : (Filename: ./artifacts/generated/common/runtime/DebugBindings.gen.cpp Line: 51)
06-14 22:35:38.404  2929  2944 E Unity   :
06-14 22:35:38.437  2929  2979 I VrApi   : FPS=59,Prd=46ms,Tear=0,Early=59,Stale=0,VSnc=1,Lat=1,Fov=0,CPU2/GPU=2/2,1132/315MHz,OC=F,TA=E/0/0,SP=F/N/N,Mem=1017MHz,Free=1527MB,PSM=0,PLS=0,Temp=22.5C/0.0C
06-14 22:35:38.437  2929  2944 I Unity   : ACCELERATION_XYZ: 0.6657642 5.999077 -1.086291 EULER_ANGLES_XYZ 6.507864 3.537647 3.863754 False
06-14 22:35:38.437  2929  2944 I Unity   :
06-14 22:35:38.437  2929  2944 I Unity   : (Filename: ./artifacts/generated/common/runtime/DebugBindings.gen.cpp Line: 51)
06-14 22:35:38.437  2929  2944 I Unity   :
06-14 22:35:38.438  2929  2944 E Unity   : NetworkClient Send when not connected to a server
06-14 22:35:38.438  2929  2944 E Unity   :
06-14 22:35:38.438  2929  2944 E Unity   : (Filename: ./artifacts/generated/common/runtime/DebugBindings.gen.cpp Line: 51)
06-14 22:35:38.438  2929  2944 E Unity   :
06-14 22:35:38.454  2929  2944 I Unity   : ACCELERATION_XYZ: 1.489221 5.079388 -0.4910316 EULER_ANGLES_XYZ 5.544041 3.765996 4.104564 False
06-14 22:35:38.454  2929  2944 I Unity   :
06-14 22:35:38.454  2929  2944 I Unity   : (Filename: ./artifacts/generated/common/runtime/DebugBindings.gen.cpp Line: 51)
06-14 22:35:38.454  2929  2944 I Unity   :
06-14 22:35:38.454  2929  2944 E Unity   : NetworkClient Send when not connected to a server
06-14 22:35:38.454  2929  2944 E Unity   :
06-14 22:35:38.454  2929  2944 E Unity   : (Filename: ./artifacts/generated/common/runtime/DebugBindings.gen.cpp Line: 51)
06-14 22:35:38.454  2929  2944 E Unity   :
06-14 22:35:38.470  2929  2944 I Unity   : ACCELERATION_XYZ: 2.981232 6.006059 -0.7762489 EULER_ANGLES_XYZ 4.39234 3.679243 4.680117 False
06-14 22:35:38.470  2929  2944 I Unity   :
06-14 22:35:38.470  2929  2944 I Unity   : (Filename: ./artifacts/generated/common/runtime/DebugBindings.gen.cpp Line: 51)
06-14 22:35:38.470  2929  2944 I Unity   :
06-14 22:35:38.471  2929  2944 E Unity   : NetworkClient Send when not connected to a server
06-14 22:35:38.471  2929  2944 E Unity   :
06-14 22:35:38.471  2929  2944 E Unity   : (Filename: ./artifacts/generated/common/runtime/DebugBindings.gen.cpp Line: 51)
06-14 22:35:38.471  2929  2944 E Unity   :
06-14 22:35:38.473  2929  2980 I UtilPoller: GPU Util 0.252878 / CPU Util 0.531915 (avg 0.459948)
06-14 22:35:38.487  2929  2944 I Unity   : ACCELERATION_XYZ: 1.628139 4.390665 -1.01418 EULER_ANGLES_XYZ 2.882285 3.454189 4.816324 False
06-14 22:35:38.487  2929  2944 I Unity   :
06-14 22:35:38.487  2929  2944 I Unity   : (Filename: ./artifacts/generated/common/runtime/DebugBindings.gen.cpp Line: 51)
06-14 22:35:38.487  2929  2944 I Unity   :
06-14 22:35:38.487  2929  2944 E Unity   : NetworkClient Send when not connected to a server
06-14 22:35:38.487  2929  2944 E Unity   :
06-14 22:35:38.487  2929  2944 E Unity   : (Filename: ./artifacts/generated/common/runtime/DebugBindings.gen.cpp Line: 51)
06-14 22:35:38.487  2929  2944 E Unity   :
06-14 22:35:38.504  2929  2944 I Unity   : ACCELERATION_XYZ: -0.03107864 1.911858 -0.3682693 EULER_ANGLES_XYZ 2.670071 3.428401 5.047346 False
06-14 22:35:38.504  2929  2944 I Unity   :
06-14 22:35:38.504  2929  2944 I Unity   : (Filename: ./artifacts/generated/common/runtime/DebugBindings.gen.cpp Line: 51)
06-14 22:35:38.504  2929  2944 I Unity   :
06-14 22:35:38.504  2929  2944 E Unity   : NetworkClient Send when not connected to a server
06-14 22:35:38.504  2929  2944 E Unity   :
06-14 22:35:38.504  2929  2944 E Unity   : (Filename: ./artifacts/generated/common/runtime/DebugBindings.gen.cpp Line: 51)
06-14 22:35:38.504  2929  2944 E Unity   :
06-14 22:35:38.521  2929  2944 I Unity   : ACCELERATION_XYZ: -0.6062101 3.07363 -0.7552553 EULER_ANGLES_XYZ 3.245156 3.404737 5.445456 False
06-14 22:35:38.521  2929  2944 I Unity   :
06-14 22:35:38.521  2929  2944 I Unity   : (Filename: ./artifacts/generated/common/runtime/DebugBindings.gen.cpp Line: 51)
06-14 22:35:38.521  2929  2944 I Unity   :
06-14 22:35:38.521  2929  2944 E Unity   : NetworkClient Send when not connected to a server
06-14 22:35:38.521  2929  2944 E Unity   :
06-14 22:35:38.521  2929  2944 E Unity   : (Filename: ./artifacts/generated/common/runtime/DebugBindings.gen.cpp Line: 51)
06-14 22:35:38.521  2929  2944 E Unity   :
06-14 22:35:38.554  2929  2944 I Unity   : ACCELERATION_XYZ: -0.07968628 4.952055 -0.3455778 EULER_ANGLES_XYZ 3.293587 3.133061 6.444523 False
06-14 22:35:38.554  2929  2944 I Unity   :
06-14 22:35:38.554  2929  2944 I Unity   : (Filename: ./artifacts/generated/common/runtime/DebugBindings.gen.cpp Line: 51)
06-14 22:35:38.554  2929  2944 I Unity   :
06-14 22:35:38.554  2929  2944 E Unity   : NetworkClient Send when not connected to a server
06-14 22:35:38.554  2929  2944 E Unity   :
06-14 22:35:38.554  2929  2944 E Unity   : (Filename: ./artifacts/generated/common/runtime/DebugBindings.gen.cpp Line: 51)
06-14 22:35:38.554  2929  2944 E Unity   :
06-14 22:35:38.571  2929  2944 I Unity   : ACCELERATION_XYZ: -0.5243196 3.264272 -0.2285593 EULER_ANGLES_XYZ 2.959019 3.016403 6.504199 False
06-14 22:35:38.571  2929  2944 I Unity   :
06-14 22:35:38.571  2929  2944 I Unity   : (Filename: ./artifacts/generated/common/runtime/DebugBindings.gen.cpp Line: 51)
06-14 22:35:38.571  2929  2944 I Unity   :
06-14 22:35:38.571  2929  2944 E Unity   : NetworkClient Send when not connected to a server
06-14 22:35:38.571  2929  2944 E Unity   :
06-14 22:35:38.571  2929  2944 E Unity   : (Filename: ./artifacts/generated/common/runtime/DebugBindings.gen.cpp Line: 51)
06-14 22:35:38.571  2929  2944 E Unity   :
06-14 22:35:38.588  2929  2944 I Unity   : ACCELERATION_XYZ: -0.6608604 1.968245 -0.2339033 EULER_ANGLES_XYZ 2.764957 2.997179 6.26631 False
06-14 22:35:38.588  2929  2944 I Unity   :
06-14 22:35:38.588  2929  2944 I Unity   : (Filename: ./artifacts/generated/common/runtime/DebugBindings.gen.cpp Line: 51)
06-14 22:35:38.588  2929  2944 I Unity   :
06-14 22:35:38.588  2929  2944 E Unity   : NetworkClient Send when not connected to a server
06-14 22:35:38.588  2929  2944 E Unity   :
06-14 22:35:38.588  2929  2944 E Unity   : (Filename: ./artifacts/generated/common/runtime/DebugBindings.gen.cpp Line: 51)
06-14 22:35:38.588  2929  2944 E Unity   :
06-14 22:35:38.604  2929  2944 I Unity   : ACCELERATION_XYZ: -0.6578918 0.8112335 -0.08613968 EULER_ANGLES_XYZ 2.619947 2.994573 5.908001 False
06-14 22:35:38.604  2929  2944 I Unity   :
06-14 22:35:38.604  2929  2944 I Unity   : (Filename: ./artifacts/generated/common/runtime/DebugBindings.gen.cpp Line: 51)
06-14 22:35:38.604  2929  2944 I Unity   :
06-14 22:35:38.605  2929  2944 E Unity   : NetworkClient Send when not connected to a server
06-14 22:35:38.605  2929  2944 E Unity   :
06-14 22:35:38.605  2929  2944 E Unity   : (Filename: ./artifacts/generated/common/runtime/DebugBindings.gen.cpp Line: 51)
06-14 22:35:38.605  2929  2944 E Unity   :
06-14 22:35:38.621  2929  2944 I Unity   : ACCELERATION_XYZ: -0.4293551 -0.4074497 0.1986265 EULER_ANGLES_XYZ 2.511117 2.954332 5.42453 False
06-14 22:35:38.621  2929  2944 I Unity   :
06-14 22:35:38.621  2929  2944 I Unity   : (Filename: ./artifacts/generated/common/runtime/DebugBindings.gen.cpp Line: 51)
06-14 22:35:38.621  2929  2944 I Unity   :
06-14 22:35:38.621  2929  2944 E Unity   : NetworkClient Send when not connected to a server
06-14 22:35:38.621  2929  2944 E Unity   :
06-14 22:35:38.621  2929  2944 E Unity   : (Filename: ./artifacts/generated/common/runtime/DebugBindings.gen.cpp Line: 51)
06-14 22:35:38.621  2929  2944 E Unity   :
06-14 22:35:38.655  2929  2944 I Unity   : ACCELERATION_XYZ: -0.4015263 -3.70579 0.7717861 EULER_ANGLES_XYZ 2.792684 2.711978 4.117878 False
06-14 22:35:38.655  2929  2944 I Unity   :
06-14 22:35:38.655  2929  2944 I Unity   : (Filename: ./artifacts/generated/common/runtime/DebugBindings.gen.cpp Line: 51)
06-14 22:35:38.655  2929  2944 I Unity   :
06-14 22:35:38.655  2929  2944 E Unity   : NetworkClient Send when not connected to a server
06-14 22:35:38.655  2929  2944 E Unity   :
06-14 22:35:38.655  2929  2944 E Unity   : (Filename: ./artifacts/generated/common/runtime/DebugBindings.gen.cpp Line: 51)
06-14 22:35:38.655  2929  2944 E Unity   :
06-14 22:35:38.671  2929  2944 I Unity   : ACCELERATION_XYZ: -0.4402599 -4.520444 0.8249117 EULER_ANGLES_XYZ 3.140818 2.605673 3.536218 False
06-14 22:35:38.671  2929  2944 I Unity   :
06-14 22:35:38.671  2929  2944 I Unity   : (Filename: ./artifacts/generated/common/runtime/DebugBindings.gen.cpp Line: 51)
06-14 22:35:38.671  2929  2944 I Unity   :
06-14 22:35:38.671  2929  2944 E Unity   : NetworkClient Send when not connected to a server
06-14 22:35:38.671  2929  2944 E Unity   :
06-14 22:35:38.671  2929  2944 E Unity   : (Filename: ./artifacts/generated/common/runtime/DebugBindings.gen.cpp Line: 51)
06-14 22:35:38.671  2929  2944 E Unity   :
06-14 22:35:38.688  2929  2944 I Unity   : ACCELERATION_XYZ: -1.112835 -4.286405 0.6155238 EULER_ANGLES_XYZ 3.40167 2.670764 3.254946 False
06-14 22:35:38.688  2929  2944 I Unity   :
06-14 22:35:38.688  2929  2944 I Unity   : (Filename: ./artifacts/generated/common/runtime/DebugBindings.gen.cpp Line: 51)
06-14 22:35:38.688  2929  2944 I Unity   :
06-14 22:35:38.688  2929  2944 E Unity   : NetworkClient Send when not connected to a server
06-14 22:35:38.688  2929  2944 E Unity   :
06-14 22:35:38.688  2929  2944 E Unity   : (Filename: ./artifacts/generated/common/runtime/DebugBindings.gen.cpp Line: 51)
06-14 22:35:38.688  2929  2944 E Unity   :
06-14 22:35:38.705  2929  2944 I Unity   : ACCELERATION_XYZ: -1.637881 -4.122156 0.4855052 EULER_ANGLES_XYZ 3.612288 2.832285 3.348211 False
06-14 22:35:38.705  2929  2944 I Unity   :
06-14 22:35:38.705  2929  2944 I Unity   : (Filename: ./artifacts/generated/common/runtime/DebugBindings.gen.cpp Line: 51)
06-14 22:35:38.705  2929  2944 I Unity   :
06-14 22:35:38.705  2929  2944 E Unity   : NetworkClient Send when not connected to a server
06-14 22:35:38.705  2929  2944 E Unity   :
06-14 22:35:38.705  2929  2944 E Unity   : (Filename: ./artifacts/generated/common/runtime/DebugBindings.gen.cpp Line: 51)
06-14 22:35:38.705  2929  2944 E Unity   :
06-14 22:35:38.721  2929  2944 I Unity   : ACCELERATION_XYZ: -1.065745 -4.236072 0.3537315 EULER_ANGLES_XYZ 3.92249 2.936082 3.640814 False
06-14 22:35:38.721  2929  2944 I Unity   :
06-14 22:35:38.721  2929  2944 I Unity   : (Filename: ./artifacts/generated/common/runtime/DebugBindings.gen.cpp Line: 51)
06-14 22:35:38.721  2929  2944 I Unity   :
06-14 22:35:38.722  2929  2944 E Unity   : NetworkClient Send when not connected to a server
06-14 22:35:38.722  2929  2944 E Unity   :
06-14 22:35:38.722  2929  2944 E Unity   : (Filename: ./artifacts/generated/common/runtime/DebugBindings.gen.cpp Line: 51)
06-14 22:35:38.722  2929  2944 E Unity   :
06-14 22:35:38.755  2929  2944 I Unity   : ACCELERATION_XYZ: 0.5281324 -2.86341 0.1836023 EULER_ANGLES_XYZ 4.830632 2.75016 3.884041 False
06-14 22:35:38.755  2929  2944 I Unity   :
06-14 22:35:38.755  2929  2944 I Unity   : (Filename: ./artifacts/generated/common/runtime/DebugBindings.gen.cpp Line: 51)
06-14 22:35:38.755  2929  2944 I Unity   :
06-14 22:35:38.755  2929  2944 E Unity   : NetworkClient Send when not connected to a server
06-14 22:35:38.755  2929  2944 E Unity   :
06-14 22:35:38.755  2929  2944 E Unity   : (Filename: ./artifacts/generated/common/runtime/DebugBindings.gen.cpp Line: 51)
06-14 22:35:38.755  2929  2944 E Unity   :
06-14 22:35:38.771  2929  2944 I Unity   : ACCELERATION_XYZ: 0.822674 -1.606706 -0.1091161 EULER_ANGLES_XYZ 4.977338 2.506706 3.538006 False
06-14 22:35:38.771  2929  2944 I Unity   :
06-14 22:35:38.771  2929  2944 I Unity   : (Filename: ./artifacts/generated/common/runtime/DebugBindings.gen.cpp Line: 51)
06-14 22:35:38.771  2929  2944 I Unity   :
06-14 22:35:38.771  2929  2944 E Unity   : NetworkClient Send when not connected to a server
06-14 22:35:38.771  2929  2944 E Unity   :
06-14 22:35:38.771  2929  2944 E Unity   : (Filename: ./artifacts/generated/common/runtime/DebugBindings.gen.cpp Line: 51)
06-14 22:35:38.771  2929  2944 E Unity   :
06-14 22:35:38.788  2929  2944 I Unity   : ACCELERATION_XYZ: 0.4366118 -0.9637556 -0.3701471 EULER_ANGLES_XYZ 4.775301 2.256314 3.232969 False
06-14 22:35:38.788  2929  2944 I Unity   :
06-14 22:35:38.788  2929  2944 I Unity   : (Filename: ./artifacts/generated/common/runtime/DebugBindings.gen.cpp Line: 51)
06-14 22:35:38.788  2929  2944 I Unity   :
06-14 22:35:38.788  2929  2944 E Unity   : NetworkClient Send when not connected to a server
06-14 22:35:38.788  2929  2944 E Unity   :
06-14 22:35:38.788  2929  2944 E Unity   : (Filename: ./artifacts/generated/common/runtime/DebugBindings.gen.cpp Line: 51)
06-14 22:35:38.788  2929  2944 E Unity   :
06-14 22:35:38.805  2929  2944 I Unity   : ACCELERATION_XYZ: 0.2739981 -0.8876791 -0.3962912 EULER_ANGLES_XYZ 4.308975 2.047432 3.36372 False
06-14 22:35:38.805  2929  2944 I Unity   :
06-14 22:35:38.805  2929  2944 I Unity   : (Filename: ./artifacts/generated/common/runtime/DebugBindings.gen.cpp Line: 51)
06-14 22:35:38.805  2929  2944 I Unity   :
06-14 22:35:38.805  2929  2944 E Unity   : NetworkClient Send when not connected to a server
06-14 22:35:38.805  2929  2944 E Unity   :
06-14 22:35:38.805  2929  2944 E Unity   : (Filename: ./artifacts/generated/common/runtime/DebugBindings.gen.cpp Line: 51)
06-14 22:35:38.805  2929  2944 E Unity   :
06-14 22:35:38.822  2929  2944 I Unity   : ACCELERATION_XYZ: -0.5064659 -1.820305 -0.2614545 EULER_ANGLES_XYZ 3.583421 1.902278 3.694241 False
06-14 22:35:38.822  2929  2944 I Unity   :
06-14 22:35:38.822  2929  2944 I Unity   : (Filename: ./artifacts/generated/common/runtime/DebugBindings.gen.cpp Line: 51)
06-14 22:35:38.822  2929  2944 I Unity   :
06-14 22:35:38.822  2929  2944 E Unity   : NetworkClient Send when not connected to a server
06-14 22:35:38.822  2929  2944 E Unity   :
06-14 22:35:38.822  2929  2944 E Unity   : (Filename: ./artifacts/generated/common/runtime/DebugBindings.gen.cpp Line: 51)
06-14 22:35:38.822  2929  2944 E Unity   :
06-14 22:35:38.855  2929  2944 I Unity   : ACCELERATION_XYZ: -0.07861055 -2.502751 0.03651495 EULER_ANGLES_XYZ 3.200288 1.680013 4.494884 False
06-14 22:35:38.855  2929  2944 I Unity   :
06-14 22:35:38.855  2929  2944 I Unity   : (Filename: ./artifacts/generated/common/runtime/DebugBindings.gen.cpp Line: 51)
06-14 22:35:38.855  2929  2944 I Unity   :
06-14 22:35:38.855  2929  2944 E Unity   : NetworkClient Send when not connected to a server
06-14 22:35:38.855  2929  2944 E Unity   :
06-14 22:35:38.855  2929  2944 E Unity   : (Filename: ./artifacts/generated/common/runtime/DebugBindings.gen.cpp Line: 51)
06-14 22:35:38.855  2929  2944 E Unity   :
06-14 22:35:38.872  2929  2944 I Unity   : ACCELERATION_XYZ: 0.0007221699 -2.315576 0.2156231 EULER_ANGLES_XYZ 3.593476 1.817688 4.676043 False
06-14 22:35:38.872  2929  2944 I Unity   :
06-14 22:35:38.872  2929  2944 I Unity   : (Filename: ./artifacts/generated/common/runtime/DebugBindings.gen.cpp Line: 51)
06-14 22:35:38.872  2929  2944 I Unity   :
06-14 22:35:38.872  2929  2944 E Unity   : NetworkClient Send when not connected to a server
06-14 22:35:38.872  2929  2944 E Unity   :
06-14 22:35:38.872  2929  2944 E Unity   : (Filename: ./artifacts/generated/common/runtime/DebugBindings.gen.cpp Line: 51)
06-14 22:35:38.872  2929  2944 E Unity   :
06-14 22:35:38.889  2929  2944 I Unity   : ACCELERATION_XYZ: 0.1252991 1.497346 0.164107 EULER_ANGLES_XYZ 4.603877 2.127527 4.888548 False
06-14 22:35:38.889  2929  2944 I Unity   :
06-14 22:35:38.889  2929  2944 I Unity   : (Filename: ./artifacts/generated/common/runtime/DebugBindings.gen.cpp Line: 51)
06-14 22:35:38.889  2929  2944 I Unity   :
06-14 22:35:38.889  2929  2944 E Unity   : NetworkClient Send when not connected to a server
06-14 22:35:38.889  2929  2944 E Unity   :
06-14 22:35:38.889  2929  2944 E Unity   : (Filename: ./artifacts/generated/common/runtime/DebugBindings.gen.cpp Line: 51)
06-14 22:35:38.889  2929  2944 E Unity   :
06-14 22:35:38.905  2929  2944 I Unity   : ACCELERATION_XYZ: 0.1726897 5.263221 0.03924769 EULER_ANGLES_XYZ 5.974089 2.467507 5.215553 False
06-14 22:35:38.905  2929  2944 I Unity   :
06-14 22:35:38.905  2929  2944 I Unity   : (Filename: ./artifacts/generated/common/runtime/DebugBindings.gen.cpp Line: 51)
06-14 22:35:38.905  2929  2944 I Unity   :
06-14 22:35:38.905  2929  2944 E Unity   : NetworkClient Send when not connected to a server
06-14 22:35:38.905  2929  2944 E Unity   :
06-14 22:35:38.905  2929  2944 E Unity   : (Filename: ./artifacts/generated/common/runtime/DebugBindings.gen.cpp Line: 51)
06-14 22:35:38.905  2929  2944 E Unity   :
06-14 22:35:38.922  2929  2944 I Unity   : ACCELERATION_XYZ: 1.299708 9.812921 0.5172955 EULER_ANGLES_XYZ 6.496284 2.616561 5.650925 False
06-14 22:35:38.922  2929  2944 I Unity   :
06-14 22:35:38.922  2929  2944 I Unity   : (Filename: ./artifacts/generated/common/runtime/DebugBindings.gen.cpp Line: 51)
06-14 22:35:38.922  2929  2944 I Unity   :
06-14 22:35:38.922  2929  2944 E Unity   : NetworkClient Send when not connected to a server
06-14 22:35:38.922  2929  2944 E Unity   :
06-14 22:35:38.922  2929  2944 E Unity   : (Filename: ./artifacts/generated/common/runtime/DebugBindings.gen.cpp Line: 51)
06-14 22:35:38.922  2929  2944 E Unity   :
06-14 22:35:38.955  2929  2944 I Unity   : ACCELERATION_XYZ: 0.804262 7.547879 1.151289 EULER_ANGLES_XYZ 7.562327 2.623432 5.228146 False
06-14 22:35:38.955  2929  2944 I Unity   :
06-14 22:35:38.955  2929  2944 I Unity   : (Filename: ./artifacts/generated/common/runtime/DebugBindings.gen.cpp Line: 51)
06-14 22:35:38.955  2929  2944 I Unity   :
06-14 22:35:38.955  2929  2944 E Unity   : NetworkClient Send when not connected to a server
06-14 22:35:38.955  2929  2944 E Unity   :
06-14 22:35:38.955  2929  2944 E Unity   : (Filename: ./artifacts/generated/common/runtime/DebugBindings.gen.cpp Line: 51)
06-14 22:35:38.955  2929  2944 E Unity   :
06-14 22:35:38.972  2929  2944 I Unity   : ACCELERATION_XYZ: 0.6542217 8.808259 0.7251741 EULER_ANGLES_XYZ 7.573925 2.552792 5.483533 False
06-14 22:35:38.972  2929  2944 I Unity   :
06-14 22:35:38.972  2929  2944 I Unity   : (Filename: ./artifacts/generated/common/runtime/DebugBindings.gen.cpp Line: 51)
06-14 22:35:38.972  2929  2944 I Unity   :
06-14 22:35:38.972  2929  2944 E Unity   : NetworkClient Send when not connected to a server
06-14 22:35:38.972  2929  2944 E Unity   :
06-14 22:35:38.972  2929  2944 E Unity   : (Filename: ./artifacts/generated/common/runtime/DebugBindings.gen.cpp Line: 51)
06-14 22:35:38.972  2929  2944 E Unity   :
06-14 22:35:38.989  2929  2944 I Unity   : ACCELERATION_XYZ: 0.7925153 7.607863 0.3418569 EULER_ANGLES_XYZ 7.227402 2.366416 5.816393 False
06-14 22:35:38.989  2929  2944 I Unity   :
06-14 22:35:38.989  2929  2944 I Unity   : (Filename: ./artifacts/generated/common/runtime/DebugBindings.gen.cpp Line: 51)
06-14 22:35:38.989  2929  2944 I Unity   :
06-14 22:35:38.989  2929  2944 E Unity   : NetworkClient Send when not connected to a server
06-14 22:35:38.989  2929  2944 E Unity   :
06-14 22:35:38.989  2929  2944 E Unity   : (Filename: ./artifacts/generated/common/runtime/DebugBindings.gen.cpp Line: 51)
06-14 22:35:38.989  2929  2944 E Unity   :
06-14 22:35:39.005  2929  2944 I Unity   : ACCELERATION_XYZ: 0.8675873 5.473645 -0.1077516 EULER_ANGLES_XYZ 6.700717 2.147924 6.062497 False
06-14 22:35:39.005  2929  2944 I Unity   :
06-14 22:35:39.005  2929  2944 I Unity   : (Filename: ./artifacts/generated/common/runtime/DebugBindings.gen.cpp Line: 51)
06-14 22:35:39.005  2929  2944 I Unity   :
06-14 22:35:39.005  2929  2944 E Unity   : NetworkClient Send when not connected to a server
06-14 22:35:39.005  2929  2944 E Unity   :
06-14 22:35:39.005  2929  2944 E Unity   : (Filename: ./artifacts/generated/common/runtime/DebugBindings.gen.cpp Line: 51)
06-14 22:35:39.005  2929  2944 E Unity   :
06-14 22:35:39.022  2929  2944 I Unity   : ACCELERATION_XYZ: 0.7430997 3.019229 -0.3424155 EULER_ANGLES_XYZ 6.213048 1.908272 6.210876 False
06-14 22:35:39.022  2929  2944 I Unity   :
06-14 22:35:39.022  2929  2944 I Unity   : (Filename: ./artifacts/generated/common/runtime/DebugBindings.gen.cpp Line: 51)
06-14 22:35:39.022  2929  2944 I Unity   :
06-14 22:35:39.022  2929  2944 E Unity   : NetworkClient Send when not connected to a server
06-14 22:35:39.022  2929  2944 E Unity   :
06-14 22:35:39.022  2929  2944 E Unity   : (Filename: ./artifacts/generated/common/runtime/DebugBindings.gen.cpp Line: 51)
06-14 22:35:39.022  2929  2944 E Unity   :
06-14 22:35:39.056  2929  2944 I Unity   : ACCELERATION_XYZ: -0.1192324 -1.816137 -0.4967818 EULER_ANGLES_XYZ 5.333393 1.557755 5.980114 False
06-14 22:35:39.056  2929  2944 I Unity   :
06-14 22:35:39.056  2929  2944 I Unity   : (Filename: ./artifacts/generated/common/runtime/DebugBindings.gen.cpp Line: 51)
06-14 22:35:39.056  2929  2944 I Unity   :
06-14 22:35:39.056  2929  2944 E Unity   : NetworkClient Send when not connected to a server
06-14 22:35:39.056  2929  2944 E Unity   :
06-14 22:35:39.056  2929  2944 E Unity   : (Filename: ./artifacts/generated/common/runtime/DebugBindings.gen.cpp Line: 51)
06-14 22:35:39.056  2929  2944 E Unity   :
06-14 22:35:39.072  2929  2944 I Unity   : ACCELERATION_XYZ: -1.141907 -3.437071 -0.292038 EULER_ANGLES_XYZ 5.129682 1.510008 5.830857 False
06-14 22:35:39.072  2929  2944 I Unity   :
06-14 22:35:39.072  2929  2944 I Unity   : (Filename: ./artifacts/generated/common/runtime/DebugBindings.gen.cpp Line: 51)
06-14 22:35:39.072  2929  2944 I Unity   :
06-14 22:35:39.072  2929  2944 E Unity   : NetworkClient Send when not connected to a server
06-14 22:35:39.072  2929  2944 E Unity   :
06-14 22:35:39.072  2929  2944 E Unity   : (Filename: ./artifacts/generated/common/runtime/DebugBindings.gen.cpp Line: 51)
06-14 22:35:39.072  2929  2944 E Unity   :
06-14 22:35:39.089  2929  2944 I Unity   : ACCELERATION_XYZ: -1.741509 -4.066738 0.04073203 EULER_ANGLES_XYZ 5.06566 1.550573 5.772932 False
06-14 22:35:39.089  2929  2944 I Unity   :
06-14 22:35:39.089  2929  2944 I Unity   : (Filename: ./artifacts/generated/common/runtime/DebugBindings.gen.cpp Line: 51)
06-14 22:35:39.089  2929  2944 I Unity   :
06-14 22:35:39.089  2929  2944 E Unity   : NetworkClient Send when not connected to a server
06-14 22:35:39.089  2929  2944 E Unity   :
06-14 22:35:39.089  2929  2944 E Unity   : (Filename: ./artifacts/generated/common/runtime/DebugBindings.gen.cpp Line: 51)
06-14 22:35:39.089  2929  2944 E Unity   :
06-14 22:35:39.107  2929  2944 I Unity   : ACCELERATION_XYZ: -2.170162 -4.603615 0.4156508 EULER_ANGLES_XYZ 5.093699 1.659695 5.809947 False
06-14 22:35:39.107  2929  2944 I Unity   :
06-14 22:35:39.107  2929  2944 I Unity   : (Filename: ./artifacts/generated/common/runtime/DebugBindings.gen.cpp Line: 51)
06-14 22:35:39.107  2929  2944 I Unity   :
06-14 22:35:39.107  2929  2944 E Unity   : NetworkClient Send when not connected to a server
06-14 22:35:39.107  2929  2944 E Unity   :
06-14 22:35:39.107  2929  2944 E Unity   : (Filename: ./artifacts/generated/common/runtime/DebugBindings.gen.cpp Line: 51)
06-14 22:35:39.107  2929  2944 E Unity   :
06-14 22:35:39.122  2929  2944 I Unity   : ACCELERATION_XYZ: -2.08226 -4.701498 0.5512701 EULER_ANGLES_XYZ 4.973761 1.802292 5.9131 False
06-14 22:35:39.122  2929  2944 I Unity   :
06-14 22:35:39.122  2929  2944 I Unity   : (Filename: ./artifacts/generated/common/runtime/DebugBindings.gen.cpp Line: 51)
06-14 22:35:39.122  2929  2944 I Unity   :
06-14 22:35:39.122  2929  2944 E Unity   : NetworkClient Send when not connected to a server
06-14 22:35:39.122  2929  2944 E Unity   :
06-14 22:35:39.122  2929  2944 E Unity   : (Filename: ./artifacts/generated/common/runtime/DebugBindings.gen.cpp Line: 51)
06-14 22:35:39.122  2929  2944 E Unity   :
06-14 22:35:39.157  2929  2944 I Unity   : ACCELERATION_XYZ: -0.8777836 -4.337953 0.1342174 EULER_ANGLES_XYZ 4.690264 2.223893 6.008006 False
06-14 22:35:39.157  2929  2944 I Unity   :
06-14 22:35:39.157  2929  2944 I Unity   : (Filename: ./artifacts/generated/common/runtime/DebugBindings.gen.cpp Line: 51)
06-14 22:35:39.157  2929  2944 I Unity   :
06-14 22:35:39.157  2929  2944 E Unity   : NetworkClient Send when not connected to a server
06-14 22:35:39.157  2929  2944 E Unity   :
06-14 22:35:39.157  2929  2944 E Unity   : (Filename: ./artifacts/generated/common/runtime/DebugBindings.gen.cpp Line: 51)
06-14 22:35:39.157  2929  2944 E Unity   :
06-14 22:35:39.172  2929  2944 I Unity   : ACCELERATION_XYZ: -0.0289582 -3.624241 -0.2809803 EULER_ANGLES_XYZ 4.596355 2.418528 5.944352 False
06-14 22:35:39.172  2929  2944 I Unity   :
06-14 22:35:39.172  2929  2944 I Unity   : (Filename: ./artifacts/generated/common/runtime/DebugBindings.gen.cpp Line: 51)
06-14 22:35:39.172  2929  2944 I Unity   :
06-14 22:35:39.173  2929  2944 E Unity   : NetworkClient Send when not connected to a server
06-14 22:35:39.173  2929  2944 E Unity   :
06-14 22:35:39.173  2929  2944 E Unity   : (Filename: ./artifacts/generated/common/runtime/DebugBindings.gen.cpp Line: 51)
06-14 22:35:39.173  2929  2944 E Unity   :
06-14 22:35:39.189  2929  2944 I Unity   : ACCELERATION_XYZ: 0.6639264 -3.664404 -0.4016695 EULER_ANGLES_XYZ 4.393751 2.50498 5.735945 False
06-14 22:35:39.189  2929  2944 I Unity   :
06-14 22:35:39.189  2929  2944 I Unity   : (Filename: ./artifacts/generated/common/runtime/DebugBindings.gen.cpp Line: 51)
06-14 22:35:39.189  2929  2944 I Unity   :
06-14 22:35:39.189  2929  2944 E Unity   : NetworkClient Send when not connected to a server
06-14 22:35:39.189  2929  2944 E Unity   :
06-14 22:35:39.189  2929  2944 E Unity   : (Filename: ./artifacts/generated/common/runtime/DebugBindings.gen.cpp Line: 51)
06-14 22:35:39.189  2929  2944 E Unity   :
06-14 22:35:39.207  2929  2944 I Unity   : ACCELERATION_XYZ: 0.6711859 -4.688095 -0.2347671 EULER_ANGLES_XYZ 4.202993 2.452388 5.279529 False
06-14 22:35:39.207  2929  2944 I Unity   :
06-14 22:35:39.207  2929  2944 I Unity   : (Filename: ./artifacts/generated/common/runtime/DebugBindings.gen.cpp Line: 51)
06-14 22:35:39.207  2929  2944 I Unity   :
06-14 22:35:39.207  2929  2944 E Unity   : NetworkClient Send when not connected to a server
06-14 22:35:39.207  2929  2944 E Unity   :
06-14 22:35:39.207  2929  2944 E Unity   : (Filename: ./artifacts/generated/common/runtime/DebugBindings.gen.cpp Line: 51)
06-14 22:35:39.207  2929  2944 E Unity   :
06-14 22:35:39.222  2929  2944 I Unity   : ACCELERATION_XYZ: 0.446674 -6.087774 -0.3891826 EULER_ANGLES_XYZ 4.662983 2.536608 4.777153 False
06-14 22:35:39.222  2929  2944 I Unity   :
06-14 22:35:39.222  2929  2944 I Unity   : (Filename: ./artifacts/generated/common/runtime/DebugBindings.gen.cpp Line: 51)
06-14 22:35:39.222  2929  2944 I Unity   :
06-14 22:35:39.223  2929  2944 E Unity   : NetworkClient Send when not connected to a server
06-14 22:35:39.223  2929  2944 E Unity   :
06-14 22:35:39.223  2929  2944 E Unity   : (Filename: ./artifacts/generated/common/runtime/DebugBindings.gen.cpp Line: 51)
06-14 22:35:39.223  2929  2944 E Unity   :
06-14 22:35:39.257  2929  2944 I Unity   : ACCELERATION_XYZ: 0.04310715 1.408496 -1.227818 EULER_ANGLES_XYZ 6.004458 3.092234 3.785442 False
06-14 22:35:39.257  2929  2944 I Unity   :
06-14 22:35:39.257  2929  2944 I Unity   : (Filename: ./artifacts/generated/common/runtime/DebugBindings.gen.cpp Line: 51)
06-14 22:35:39.257  2929  2944 I Unity   :
06-14 22:35:39.257  2929  2944 E Unity   : NetworkClient Send when not connected to a server
06-14 22:35:39.257  2929  2944 E Unity   :
06-14 22:35:39.257  2929  2944 E Unity   : (Filename: ./artifacts/generated/common/runtime/DebugBindings.gen.cpp Line: 51)
06-14 22:35:39.257  2929  2944 E Unity   :
06-14 22:35:39.273  2929  2944 I Unity   : ACCELERATION_XYZ: 2.098415 4.757472 -1.538494 EULER_ANGLES_XYZ 5.682656 3.419609 3.829746 False
06-14 22:35:39.273  2929  2944 I Unity   :
06-14 22:35:39.273  2929  2944 I Unity   : (Filename: ./artifacts/generated/common/runtime/DebugBindings.gen.cpp Line: 51)
06-14 22:35:39.273  2929  2944 I Unity   :
06-14 22:35:39.273  2929  2944 E Unity   : NetworkClient Send when not connected to a server
06-14 22:35:39.273  2929  2944 E Unity   :
06-14 22:35:39.273  2929  2944 E Unity   : (Filename: ./artifacts/generated/common/runtime/DebugBindings.gen.cpp Line: 51)
06-14 22:35:39.273  2929  2944 E Unity   :
06-14 22:35:39.287  1006  1097 D WifiQualifiedNetworkSelector:: ==========start qualified Network Selection==========
06-14 22:35:39.287  1006  1097 D WifiQualifiedNetworkSelector:: Current network is: "vummiv" ,ID is: 1
06-14 22:35:39.287  1006  1097 D WifiQualifiedNetworkSelector:: Current network is open network
06-14 22:35:39.287  1006  1097 D WifiQualifiedNetworkSelector:: Current network is not qualified
06-14 22:35:39.288  1006  1097 D WifiQualifiedNetworkSelector:: Saved Network List
06-14 22:35:39.288  1006  1097 D WifiQualifiedNetworkSelector::     "vummiv":1  User Preferred BSSID:null FQDN:null NETWORK_SELECTION_ENABLED Disable account: 0 0 0 0 0 0 0 0 0 0 Connect Choice:null set time:-1
06-14 22:35:39.288  1006  1097 D WifiQualifiedNetworkSelector::     "VRLAB":0  User Preferred BSSID:null FQDN:null NETWORK_SELECTION_ENABLED Disable account: 0 0 0 0 0 0 0 0 0 0 Connect Choice:null set time:-1
06-14 22:35:39.288  1006  1097 D WifiQualifiedNetworkSelector:: isCarrierNetworkEnabledByUser: false
06-14 22:35:39.290  2929  2944 I Unity   : ACCELERATION_XYZ: 2.821894 8.001399 -1.511171 EULER_ANGLES_XYZ 5.255519 3.538713 4.279284 False
06-14 22:35:39.290  2929  2944 I Unity   :
06-14 22:35:39.290  2929  2944 I Unity   : (Filename: ./artifacts/generated/common/runtime/DebugBindings.gen.cpp Line: 51)
06-14 22:35:39.290  2929  2944 I Unity   :
06-14 22:35:39.291  2929  2944 E Unity   : NetworkClient Send when not connected to a server
06-14 22:35:39.291  2929  2944 E Unity   :
06-14 22:35:39.291  2929  2944 E Unity   : (Filename: ./artifacts/generated/common/runtime/DebugBindings.gen.cpp Line: 51)
06-14 22:35:39.291  2929  2944 E Unity   :
06-14 22:35:39.294  1006  1097 D WifiQualifiedNetworkSelector:: vuSetup:00:08:2f:1e:9c:c2(5GHz)-83 / vuDevice:00:08:2f:1e:9c:cb(5GHz)-85 / vummiv:00:08:2f:1f:03:47(5GHz)-91 / vuSetup:00:08:2f:1f:03:42(5GHz)-90 /  skipped due to low signal
06-14 22:35:39.294  1006  1097 D WifiQualifiedNetworkSelector:: vuNet:00:08:2f:1e:af:dd / vuDevice:00:08:2f:1e:af:db / vuSetup:00:08:2f:1e:af:d2 / vuSetup:00:08:2f:1e:f0:b2 / vuDevice:00:08:2f:1e:f0:bb / vuNet:00:08:2f:1e:f0:bd / vuSetup:00:08:2f:1e:f0:ba /  skipped due to not saved
06-14 22:35:39.294  1006  1097 D WifiQualifiedNetworkSelector::
06-14 22:35:39.295  1006  1097 D WifiQualifiedNetworkSelector:: 00:08:2f:1e:af:df / 00:08:2f:1e:f0:b7 / 00:08:2f:1e:af:d7 / 00:08:2f:1e:9c:cf /  skipped due to not valid SSID
06-14 22:35:39.295  1006  1097 D WifiQualifiedNetworkSelector::  RSSI score: 100 5GHz bonus: 40 Same network with current associated. Bonus: 16 Same BSSID with current association. Bonus: 24 Score for scanResult: SSID: vummiv, BSSID: 00:08:2f:1e:af:d7, capabilities: [ESS], level: -43, frequency: 5240, timestamp: 375033287, distance: ?(cm), distanceSd: ?(cm), passpoint: no, ChannelBandwidth: 1, centerFreq0: 5230, centerFreq1: 0, 80211mcResponder: is not supported and Network ID: 1 final score:180
06-14 22:35:39.295  1006  1097 D WifiQualifiedNetworkSelector::
06-14 22:35:39.295  1006  1097 D WifiQualifiedNetworkSelector::  RSSI score: 36 5GHz bonus: 40 Same network with current associated. Bonus: 16 Score for scanResult: SSID: vummiv, BSSID: 00:08:2f:1e:f0:b7, capabilities: [ESS], level: -76, frequency: 5240, timestamp: 375033815, distance: ?(cm), distanceSd: ?(cm), passpoint: no, ChannelBandwidth: 1, centerFreq0: 5230, centerFreq1: 0, 80211mcResponder: is not supported and Network ID: 1 final score:92
06-14 22:35:39.295  1006  1097 D WifiQualifiedNetworkSelector::
06-14 22:35:39.295  1006  1097 D WifiQualifiedNetworkSelector::  RSSI score: 16 5GHz bonus: 40 Same network with current associated. Bonus: 16 Score for scanResult: SSID: vummiv, BSSID: 00:08:2f:1e:9c:c7, capabilities: [ESS], level: -81, frequency: 5240, timestamp: 375034158, distance: ?(cm), distanceSd: ?(cm), passpoint: no, ChannelBandwidth: 1, centerFreq0: 5230, centerFreq1: 0, 80211mcResponder: is not supported and Network ID: 1 final score:72
06-14 22:35:39.295  1006  1097 D WifiQualifiedNetworkSelector::
06-14 22:35:39.295  1006  1097 D WifiQualifiedNetworkSelector:: After user choice adjust, the final candidate is:"vummiv":1 : 00:08:2f:1e:af:d7
06-14 22:35:39.295  1006  1097 D WifiQualifiedNetworkSelector:: "vummiv":1 is already the best choice!
06-14 22:35:39.306  2929  2944 I Unity   : ACCELERATION_XYZ: 0.2689345 4.416599 -0.9233195 EULER_ANGLES_XYZ 4.840072 3.539011 4.220715 False
06-14 22:35:39.306  2929  2944 I Unity   :
06-14 22:35:39.306  2929  2944 I Unity   : (Filename: ./artifacts/generated/common/runtime/DebugBindings.gen.cpp Line: 51)
06-14 22:35:39.306  2929  2944 I Unity   :
06-14 22:35:39.306  2929  2944 E Unity   : NetworkClient Send when not connected to a server
06-14 22:35:39.306  2929  2944 E Unity   :
06-14 22:35:39.306  2929  2944 E Unity   : (Filename: ./artifacts/generated/common/runtime/DebugBindings.gen.cpp Line: 51)
06-14 22:35:39.306  2929  2944 E Unity   :
06-14 22:35:39.323  2929  2944 I Unity   : ACCELERATION_XYZ: -0.7068695 1.316771 0.1343297 EULER_ANGLES_XYZ 5.751527 3.791546 4.3587 False
06-14 22:35:39.323  2929  2944 I Unity   :
06-14 22:35:39.323  2929  2944 I Unity   : (Filename: ./artifacts/generated/common/runtime/DebugBindings.gen.cpp Line: 51)
06-14 22:35:39.323  2929  2944 I Unity   :
06-14 22:35:39.323  2929  2944 E Unity   : NetworkClient Send when not connected to a server
06-14 22:35:39.323  2929  2944 E Unity   :
06-14 22:35:39.323  2929  2944 E Unity   : (Filename: ./artifacts/generated/common/runtime/DebugBindings.gen.cpp Line: 51)
06-14 22:35:39.323  2929  2944 E Unity   :
06-14 22:35:39.357  2929  2944 I Unity   : ACCELERATION_XYZ: -1.082835 7.097915 -0.7254282 EULER_ANGLES_XYZ 7.735709 4.419037 5.111555 False
06-14 22:35:39.357  2929  2944 I Unity   :
06-14 22:35:39.357  2929  2944 I Unity   : (Filename: ./artifacts/generated/common/runtime/DebugBindings.gen.cpp Line: 51)
06-14 22:35:39.357  2929  2944 I Unity   :
06-14 22:35:39.357  2929  2944 E Unity   : NetworkClient Send when not connected to a server
06-14 22:35:39.357  2929  2944 E Unity   :
06-14 22:35:39.357  2929  2944 E Unity   : (Filename: ./artifacts/generated/common/runtime/DebugBindings.gen.cpp Line: 51)
06-14 22:35:39.357  2929  2944 E Unity   :
06-14 22:35:39.373  2929  2944 I Unity   : ACCELERATION_XYZ: -0.2715448 8.308232 -0.5895993 EULER_ANGLES_XYZ 7.549768 4.690687 5.404152 False
06-14 22:35:39.373  2929  2944 I Unity   :
06-14 22:35:39.373  2929  2944 I Unity   : (Filename: ./artifacts/generated/common/runtime/DebugBindings.gen.cpp Line: 51)
06-14 22:35:39.373  2929  2944 I Unity   :
06-14 22:35:39.373  2929  2944 E Unity   : NetworkClient Send when not connected to a server
06-14 22:35:39.373  2929  2944 E Unity   :
06-14 22:35:39.373  2929  2944 E Unity   : (Filename: ./artifacts/generated/common/runtime/DebugBindings.gen.cpp Line: 51)
06-14 22:35:39.373  2929  2944 E Unity   :
06-14 22:35:39.383  2929  2929 D OVRPlugin: nativeBatteryEvent(3, 99, 222)
06-14 22:35:39.385  1303  1303 D CompanionState: CompanionState Receiver:android.intent.action.BATTERY_CHANGED
06-14 22:35:39.386  1303  1303 D CompanionState: Charging current=-272215
06-14 22:35:39.386  1303  1303 D CompanionState: No change to state
06-14 22:35:39.391  2929  2944 I Unity   : ACCELERATION_XYZ: -0.16724 6.61048 -0.08136195 EULER_ANGLES_XYZ 7.119183 4.854197 5.385677 False
06-14 22:35:39.391  2929  2944 I Unity   :
06-14 22:35:39.391  2929  2944 I Unity   : (Filename: ./artifacts/generated/common/runtime/DebugBindings.gen.cpp Line: 51)
06-14 22:35:39.391  2929  2944 I Unity   :
06-14 22:35:39.391  2929  2944 E Unity   : NetworkClient Send when not connected to a server
06-14 22:35:39.391  2929  2944 E Unity   :
06-14 22:35:39.391  2929  2944 E Unity   : (Filename: ./artifacts/generated/common/runtime/DebugBindings.gen.cpp Line: 51)
06-14 22:35:39.391  2929  2944 E Unity   :
06-14 22:35:39.407  2929  2944 I Unity   : ACCELERATION_XYZ: -0.396259 4.3145 0.1862989 EULER_ANGLES_XYZ 6.666953 4.974751 5.255286 False
06-14 22:35:39.407  2929  2944 I Unity   :
06-14 22:35:39.407  2929  2944 I Unity   : (Filename: ./artifacts/generated/common/runtime/DebugBindings.gen.cpp Line: 51)
06-14 22:35:39.407  2929  2944 I Unity   :
06-14 22:35:39.407  2929  2944 E Unity   : NetworkClient Send when not connected to a server
06-14 22:35:39.407  2929  2944 E Unity   :
06-14 22:35:39.407  2929  2944 E Unity   : (Filename: ./artifacts/generated/common/runtime/DebugBindings.gen.cpp Line: 51)
06-14 22:35:39.407  2929  2944 E Unity   :
06-14 22:35:39.424  2929  2944 I Unity   : ACCELERATION_XYZ: -0.4872297 2.431242 0.31657 EULER_ANGLES_XYZ 6.149693 5.097225 5.166522 False
06-14 22:35:39.424  2929  2944 I Unity   :
06-14 22:35:39.424  2929  2944 I Unity   : (Filename: ./artifacts/generated/common/runtime/DebugBindings.gen.cpp Line: 51)
06-14 22:35:39.424  2929  2944 I Unity   :
06-14 22:35:39.424  2929  2944 E Unity   : NetworkClient Send when not connected to a server
06-14 22:35:39.424  2929  2944 E Unity   :
06-14 22:35:39.424  2929  2944 E Unity   : (Filename: ./artifacts/generated/common/runtime/DebugBindings.gen.cpp Line: 51)
06-14 22:35:39.424  2929  2944 E Unity   :
06-14 22:35:39.439  2929  2979 I VrApi   : FPS=60,Prd=46ms,Tear=0,Early=60,Stale=0,VSnc=1,Lat=1,Fov=0,CPU2/GPU=2/2,1132/315MHz,OC=F,TA=E/0/0,SP=F/N/N,Mem=1017MHz,Free=1526MB,PSM=0,PLS=0,Temp=22.5C/0.0C
06-14 22:35:39.457  2929  2944 I Unity   : ACCELERATION_XYZ: -0.1948817 -0.9696379 0.9148064 EULER_ANGLES_XYZ 5.184117 5.016513 5.041778 False
06-14 22:35:39.457  2929  2944 I Unity   :
06-14 22:35:39.457  2929  2944 I Unity   : (Filename: ./artifacts/generated/common/runtime/DebugBindings.gen.cpp Line: 51)
06-14 22:35:39.457  2929  2944 I Unity   :
06-14 22:35:39.457  2929  2944 E Unity   : NetworkClient Send when not connected to a server
06-14 22:35:39.457  2929  2944 E Unity   :
06-14 22:35:39.457  2929  2944 E Unity   : (Filename: ./artifacts/generated/common/runtime/DebugBindings.gen.cpp Line: 51)
06-14 22:35:39.457  2929  2944 E Unity   :
06-14 22:35:39.474  2929  2944 I Unity   : ACCELERATION_XYZ: -0.1947503 -3.02436 1.130193 EULER_ANGLES_XYZ 4.954049 4.787708 4.785822 False
06-14 22:35:39.474  2929  2944 I Unity   :
06-14 22:35:39.474  2929  2944 I Unity   : (Filename: ./artifacts/generated/common/runtime/DebugBindings.gen.cpp Line: 51)
06-14 22:35:39.474  2929  2944 I Unity   :
06-14 22:35:39.474  2929  2944 E Unity   : NetworkClient Send when not connected to a server
06-14 22:35:39.474  2929  2944 E Unity   :
06-14 22:35:39.474  2929  2944 E Unity   : (Filename: ./artifacts/generated/common/runtime/DebugBindings.gen.cpp Line: 51)
06-14 22:35:39.474  2929  2944 E Unity   :
06-14 22:35:39.477  2929  2980 I UtilPoller: GPU Util 0.253388 / CPU Util 0.597826 (avg 0.558747)
06-14 22:35:39.490  2929  2944 I Unity   : ACCELERATION_XYZ: -0.3544279 -4.501483 1.209615 EULER_ANGLES_XYZ 4.8915 4.556288 4.429041 False
06-14 22:35:39.490  2929  2944 I Unity   :
06-14 22:35:39.490  2929  2944 I Unity   : (Filename: ./artifacts/generated/common/runtime/DebugBindings.gen.cpp Line: 51)
06-14 22:35:39.490  2929  2944 I Unity   :
06-14 22:35:39.490  2929  2944 E Unity   : NetworkClient Send when not connected to a server
06-14 22:35:39.490  2929  2944 E Unity   :
06-14 22:35:39.490  2929  2944 E Unity   : (Filename: ./artifacts/generated/common/runtime/DebugBindings.gen.cpp Line: 51)
06-14 22:35:39.490  2929  2944 E Unity   :
06-14 22:35:39.508  2929  2944 I Unity   : ACCELERATION_XYZ: -0.8125318 -4.883056 1.012692 EULER_ANGLES_XYZ 4.847839 4.346853 4.091261 False
06-14 22:35:39.508  2929  2944 I Unity   :
06-14 22:35:39.508  2929  2944 I Unity   : (Filename: ./artifacts/generated/common/runtime/DebugBindings.gen.cpp Line: 51)
06-14 22:35:39.508  2929  2944 I Unity   :
06-14 22:35:39.508  2929  2944 E Unity   : NetworkClient Send when not connected to a server
06-14 22:35:39.508  2929  2944 E Unity   :
06-14 22:35:39.508  2929  2944 E Unity   : (Filename: ./artifacts/generated/common/runtime/DebugBindings.gen.cpp Line: 51)
06-14 22:35:39.508  2929  2944 E Unity   :
06-14 22:35:39.525  2929  2944 I Unity   : ACCELERATION_XYZ: -1.261499 -4.786111 0.8721081 EULER_ANGLES_XYZ 4.775277 4.178099 3.903016 False
06-14 22:35:39.525  2929  2944 I Unity   :
06-14 22:35:39.525  2929  2944 I Unity   : (Filename: ./artifacts/generated/common/runtime/DebugBindings.gen.cpp Line: 51)
06-14 22:35:39.525  2929  2944 I Unity   :
06-14 22:35:39.525  2929  2944 E Unity   : NetworkClient Send when not connected to a server
06-14 22:35:39.525  2929  2944 E Unity   :
06-14 22:35:39.525  2929  2944 E Unity   : (Filename: ./artifacts/generated/common/runtime/DebugBindings.gen.cpp Line: 51)
06-14 22:35:39.525  2929  2944 E Unity   :
06-14 22:35:39.557  2929  2944 I Unity   : ACCELERATION_XYZ: -0.7965108 -4.541206 0.4696639 EULER_ANGLES_XYZ 5.070175 3.792476 4.069971 False
06-14 22:35:39.557  2929  2944 I Unity   :
06-14 22:35:39.557  2929  2944 I Unity   : (Filename: ./artifacts/generated/common/runtime/DebugBindings.gen.cpp Line: 51)
06-14 22:35:39.557  2929  2944 I Unity   :
06-14 22:35:39.557  2929  2944 E Unity   : NetworkClient Send when not connected to a server
06-14 22:35:39.557  2929  2944 E Unity   :
06-14 22:35:39.557  2929  2944 E Unity   : (Filename: ./artifacts/generated/common/runtime/DebugBindings.gen.cpp Line: 51)
06-14 22:35:39.557  2929  2944 E Unity   :
06-14 22:35:39.573  2929  2944 I Unity   : ACCELERATION_XYZ: 0.09167853 -3.578561 0.1917572 EULER_ANGLES_XYZ 5.486881 3.45843 4.072778 False
06-14 22:35:39.573  2929  2944 I Unity   :
06-14 22:35:39.573  2929  2944 I Unity   : (Filename: ./artifacts/generated/common/runtime/DebugBindings.gen.cpp Line: 51)
06-14 22:35:39.573  2929  2944 I Unity   :
06-14 22:35:39.573  2929  2944 E Unity   : NetworkClient Send when not connected to a server
06-14 22:35:39.573  2929  2944 E Unity   :
06-14 22:35:39.573  2929  2944 E Unity   : (Filename: ./artifacts/generated/common/runtime/DebugBindings.gen.cpp Line: 51)
06-14 22:35:39.573  2929  2944 E Unity   :
06-14 22:35:39.590  2929  2944 I Unity   : ACCELERATION_XYZ: 0.2888987 -2.378538 -0.1841924 EULER_ANGLES_XYZ 5.645616 3.081559 3.864547 False
06-14 22:35:39.590  2929  2944 I Unity   :
06-14 22:35:39.590  2929  2944 I Unity   : (Filename: ./artifacts/generated/common/runtime/DebugBindings.gen.cpp Line: 51)
06-14 22:35:39.590  2929  2944 I Unity   :
06-14 22:35:39.590  2929  2944 E Unity   : NetworkClient Send when not connected to a server
06-14 22:35:39.590  2929  2944 E Unity   :
06-14 22:35:39.590  2929  2944 E Unity   : (Filename: ./artifacts/generated/common/runtime/DebugBindings.gen.cpp Line: 51)
06-14 22:35:39.590  2929  2944 E Unity   :
06-14 22:35:39.607  2929  2944 I Unity   : ACCELERATION_XYZ: 0.1095895 -1.498956 -0.5755761 EULER_ANGLES_XYZ 5.393372 2.724796 3.665672 False
06-14 22:35:39.607  2929  2944 I Unity   :
06-14 22:35:39.607  2929  2944 I Unity   : (Filename: ./artifacts/generated/common/runtime/DebugBindings.gen.cpp Line: 51)
06-14 22:35:39.607  2929  2944 I Unity   :
06-14 22:35:39.607  2929  2944 E Unity   : NetworkClient Send when not connected to a server
06-14 22:35:39.607  2929  2944 E Unity   :
06-14 22:35:39.607  2929  2944 E Unity   : (Filename: ./artifacts/generated/common/runtime/DebugBindings.gen.cpp Line: 51)
06-14 22:35:39.607  2929  2944 E Unity   :
06-14 22:35:39.623  2929  2944 I Unity   : ACCELERATION_XYZ: -0.3815055 -1.579393 -0.6460478 EULER_ANGLES_XYZ 4.928807 2.483224 3.886537 False
06-14 22:35:39.623  2929  2944 I Unity   :
06-14 22:35:39.623  2929  2944 I Unity   : (Filename: ./artifacts/generated/common/runtime/DebugBindings.gen.cpp Line: 51)
06-14 22:35:39.623  2929  2944 I Unity   :
06-14 22:35:39.623  2929  2944 E Unity   : NetworkClient Send when not connected to a server
06-14 22:35:39.623  2929  2944 E Unity   :
06-14 22:35:39.623  2929  2944 E Unity   : (Filename: ./artifacts/generated/common/runtime/DebugBindings.gen.cpp Line: 51)
06-14 22:35:39.623  2929  2944 E Unity   :
06-14 22:35:39.657  2929  2944 I Unity   : ACCELERATION_XYZ: 0.246064 -3.235065 -0.2577979 EULER_ANGLES_XYZ 4.715816 1.948188 4.815772 False
06-14 22:35:39.657  2929  2944 I Unity   :
06-14 22:35:39.657  2929  2944 I Unity   : (Filename: ./artifacts/generated/common/runtime/DebugBindings.gen.cpp Line: 51)
06-14 22:35:39.657  2929  2944 I Unity   :
06-14 22:35:39.657  2929  2944 E Unity   : NetworkClient Send when not connected to a server
06-14 22:35:39.657  2929  2944 E Unity   :
06-14 22:35:39.657  2929  2944 E Unity   : (Filename: ./artifacts/generated/common/runtime/DebugBindings.gen.cpp Line: 51)
06-14 22:35:39.657  2929  2944 E Unity   :
06-14 22:35:39.673  2929  2944 I Unity   : ACCELERATION_XYZ: 0.6718671 -0.1965017 -0.4172806 EULER_ANGLES_XYZ 4.520779 1.747425 5.184524 False
06-14 22:35:39.673  2929  2944 I Unity   :
06-14 22:35:39.673  2929  2944 I Unity   : (Filename: ./artifacts/generated/common/runtime/DebugBindings.gen.cpp Line: 51)
06-14 22:35:39.673  2929  2944 I Unity   :
06-14 22:35:39.674  2929  2944 E Unity   : NetworkClient Send when not connected to a server
06-14 22:35:39.674  2929  2944 E Unity   :
06-14 22:35:39.674  2929  2944 E Unity   : (Filename: ./artifacts/generated/common/runtime/DebugBindings.gen.cpp Line: 51)
06-14 22:35:39.674  2929  2944 E Unity   :
06-14 22:35:39.690  2929  2944 I Unity   : ACCELERATION_XYZ: 0.3389359 -0.03148746 -0.2126012 EULER_ANGLES_XYZ 4.786976 1.820859 5.289356 False
06-14 22:35:39.690  2929  2944 I Unity   :
