06-20 22:16:26.953 15966 15981 I Unity   : ACCELERATION_XYZ: 1.009033 0.7253991 -0.030758 EULER_ANGLES_XYZ 0.3527029 355.1453 356.0842 False 0.9724247 False 0.6199989 27 0.2027283
06-20 22:16:26.953 15966 15981 I Unity   :
06-20 22:16:26.953 15966 15981 I Unity   : (Filename: ./artifacts/generated/common/runtime/DebugBindings.gen.cpp Line: 51)
06-20 22:16:26.953 15966 15981 I Unity   :
06-20 22:16:26.953 15966 15981 E Unity   : NetworkClient Send when not connected to a server
06-20 22:16:26.953 15966 15981 E Unity   :
06-20 22:16:26.953 15966 15981 E Unity   : (Filename: ./artifacts/generated/common/runtime/DebugBindings.gen.cpp Line: 51)
06-20 22:16:26.953 15966 15981 E Unity   :
06-20 22:16:26.987 15966 15981 I Unity   : ACCELERATION_XYZ: 0.9435214 0.5363522 0.44815 EULER_ANGLES_XYZ 359.3859 355.326 356.2073 False 0.9724247 False 0.6199989 27 0.1229619
06-20 22:16:26.987 15966 15981 I Unity   :
06-20 22:16:26.987 15966 15981 I Unity   : (Filename: ./artifacts/generated/common/runtime/DebugBindings.gen.cpp Line: 51)
06-20 22:16:26.987 15966 15981 I Unity   :
06-20 22:16:26.987 15966 15981 E Unity   : NetworkClient Send when not connected to a server
06-20 22:16:26.987 15966 15981 E Unity   :
06-20 22:16:26.987 15966 15981 E Unity   : (Filename: ./artifacts/generated/common/runtime/DebugBindings.gen.cpp Line: 51)
06-20 22:16:26.987 15966 15981 E Unity   :
06-20 22:16:27.003 15966 15981 I Unity   : ACCELERATION_XYZ: 0.6048117 -0.93462 0.3272461 EULER_ANGLES_XYZ 359.2315 355.4113 356.1172 False 0.9724247 False 0.6199989 27 0.1229619
06-20 22:16:27.003 15966 15981 I Unity   :
06-20 22:16:27.003 15966 15981 I Unity   : (Filename: ./artifacts/generated/common/runtime/DebugBindings.gen.cpp Line: 51)
06-20 22:16:27.003 15966 15981 I Unity   :
06-20 22:16:27.004 15966 15981 E Unity   : NetworkClient Send when not connected to a server
06-20 22:16:27.004 15966 15981 E Unity   :
06-20 22:16:27.004 15966 15981 E Unity   : (Filename: ./artifacts/generated/common/runtime/DebugBindings.gen.cpp Line: 51)
06-20 22:16:27.004 15966 15981 E Unity   :
06-20 22:16:27.020 15966 15981 I Unity   : ACCELERATION_XYZ: 0.3877645 -1.596801 0.4211117 EULER_ANGLES_XYZ 359.4082 355.4058 355.9498 False 0.9724247 False 0.6199989 27 0.1562706
06-20 22:16:27.020 15966 15981 I Unity   :
06-20 22:16:27.020 15966 15981 I Unity   : (Filename: ./artifacts/generated/common/runtime/DebugBindings.gen.cpp Line: 51)
06-20 22:16:27.020 15966 15981 I Unity   :
06-20 22:16:27.020 15966 15981 E Unity   : NetworkClient Send when not connected to a server
06-20 22:16:27.020 15966 15981 E Unity   :
06-20 22:16:27.020 15966 15981 E Unity   : (Filename: ./artifacts/generated/common/runtime/DebugBindings.gen.cpp Line: 51)
06-20 22:16:27.020 15966 15981 E Unity   :
06-20 22:16:27.036 15966 15981 I Unity   : ACCELERATION_XYZ: 0.212236 -0.8834763 0.3317269 EULER_ANGLES_XYZ 359.5562 355.4242 355.7252 False 0.9724247 False 0.6199989 27 0.2190209
06-20 22:16:27.036 15966 15981 I Unity   :
06-20 22:16:27.036 15966 15981 I Unity   : (Filename: ./artifacts/generated/common/runtime/DebugBindings.gen.cpp Line: 51)
06-20 22:16:27.036 15966 15981 I Unity   :
06-20 22:16:27.037 15966 15981 E Unity   : NetworkClient Send when not connected to a server
06-20 22:16:27.037 15966 15981 E Unity   :
06-20 22:16:27.037 15966 15981 E Unity   : (Filename: ./artifacts/generated/common/runtime/DebugBindings.gen.cpp Line: 51)
06-20 22:16:27.037 15966 15981 E Unity   :
06-20 22:16:27.053 15966 15981 I Unity   : ACCELERATION_XYZ: 0.2564453 0.1830673 0.4069407 EULER_ANGLES_XYZ 359.6664 355.4673 355.5885 False 0.9724247 False 0.6199989 27 0.2190209
06-20 22:16:27.053 15966 15981 I Unity   :
06-20 22:16:27.053 15966 15981 I Unity   : (Filename: ./artifacts/generated/common/runtime/DebugBindings.gen.cpp Line: 51)
06-20 22:16:27.053 15966 15981 I Unity   :
06-20 22:16:27.053 15966 15981 E Unity   : NetworkClient Send when not connected to a server
06-20 22:16:27.053 15966 15981 E Unity   :
06-20 22:16:27.053 15966 15981 E Unity   : (Filename: ./artifacts/generated/common/runtime/DebugBindings.gen.cpp Line: 51)
06-20 22:16:27.053 15966 15981 E Unity   :
06-20 22:16:27.067 15966 16319 I VrApi   : FPS=60,Prd=44ms,Tear=0,Early=60,Stale=0,VSnc=1,Lat=1,Fov=0,CPU2/GPU=2/2,1132/315MHz,OC=F,TA=E/0/0,SP=N/N/N,Mem=1017MHz,Free=1303MB,PSM=0,PLS=0,Temp=24.5C/0.0C,TW=0.00ms,App=0.00ms
06-20 22:16:27.071 15966 15981 I Unity   : ACCELERATION_XYZ: 0.2439057 1.147354 0.3487796 EULER_ANGLES_XYZ 359.6805 355.4925 355.5686 False 0.9724247 False 0.6199989 27 0.2190209
06-20 22:16:27.071 15966 15981 I Unity   :
06-20 22:16:27.071 15966 15981 I Unity   : (Filename: ./artifacts/generated/common/runtime/DebugBindings.gen.cpp Line: 51)
06-20 22:16:27.071 15966 15981 I Unity   :
06-20 22:16:27.071 15966 15981 E Unity   : NetworkClient Send when not connected to a server
06-20 22:16:27.071 15966 15981 E Unity   :
06-20 22:16:27.071 15966 15981 E Unity   : (Filename: ./artifacts/generated/common/runtime/DebugBindings.gen.cpp Line: 51)
06-20 22:16:27.071 15966 15981 E Unity   :
06-20 22:16:27.083 15966 16320 I UtilPoller: GPU Util 0.232381 / CPU Util 0.590000 (avg 0.493589)
06-20 22:16:27.104 15966 15981 I Unity   : ACCELERATION_XYZ: 0.3152675 0.7252074 -0.2961703 EULER_ANGLES_XYZ 359.7534 355.6889 355.2591 False 0.9724247 False 0.6199989 27 0.2190209
06-20 22:16:27.104 15966 15981 I Unity   :
06-20 22:16:27.104 15966 15981 I Unity   : (Filename: ./artifacts/generated/common/runtime/DebugBindings.gen.cpp Line: 51)
06-20 22:16:27.104 15966 15981 I Unity   :
06-20 22:16:27.104 15966 15981 E Unity   : NetworkClient Send when not connected to a server
06-20 22:16:27.104 15966 15981 E Unity   :
06-20 22:16:27.104 15966 15981 E Unity   : (Filename: ./artifacts/generated/common/runtime/DebugBindings.gen.cpp Line: 51)
06-20 22:16:27.104 15966 15981 E Unity   :
06-20 22:16:27.121 15966 15981 I Unity   : ACCELERATION_XYZ: 0.2942403 0.2186852 -0.5113949 EULER_ANGLES_XYZ 359.9695 355.8517 355.1045 False 0.9724247 False 0.6199989 27 0.1981778
06-20 22:16:27.121 15966 15981 I Unity   :
06-20 22:16:27.121 15966 15981 I Unity   : (Filename: ./artifacts/generated/common/runtime/DebugBindings.gen.cpp Line: 51)
06-20 22:16:27.121 15966 15981 I Unity   :
06-20 22:16:27.121 15966 15981 E Unity   : NetworkClient Send when not connected to a server
06-20 22:16:27.121 15966 15981 E Unity   :
06-20 22:16:27.121 15966 15981 E Unity   : (Filename: ./artifacts/generated/common/runtime/DebugBindings.gen.cpp Line: 51)
06-20 22:16:27.121 15966 15981 E Unity   :
06-20 22:16:27.138 15966 15981 I Unity   : ACCELERATION_XYZ: 0.1708287 0.007611275 -0.5984779 EULER_ANGLES_XYZ 0.3238341 355.9914 354.9479 False 0.9724247 False 0.6199989 27 0.1622535
06-20 22:16:27.138 15966 15981 I Unity   :
06-20 22:16:27.138 15966 15981 I Unity   : (Filename: ./artifacts/generated/common/runtime/DebugBindings.gen.cpp Line: 51)
06-20 22:16:27.138 15966 15981 I Unity   :
06-20 22:16:27.138 15966 15981 E Unity   : NetworkClient Send when not connected to a server
06-20 22:16:27.138 15966 15981 E Unity   :
06-20 22:16:27.138 15966 15981 E Unity   : (Filename: ./artifacts/generated/common/runtime/DebugBindings.gen.cpp Line: 51)
06-20 22:16:27.138 15966 15981 E Unity   :
06-20 22:16:27.155 15966 15981 I Unity   : ACCELERATION_XYZ: 0.1054632 0.4294777 -0.5762507 EULER_ANGLES_XYZ 0.6030008 356.1022 354.8524 False 0.9724247 False 0.6199989 27 0.1201996
06-20 22:16:27.155 15966 15981 I Unity   :
06-20 22:16:27.155 15966 15981 I Unity   : (Filename: ./artifacts/generated/common/runtime/DebugBindings.gen.cpp Line: 51)
06-20 22:16:27.155 15966 15981 I Unity   :
06-20 22:16:27.155 15966 15981 E Unity   : NetworkClient Send when not connected to a server
06-20 22:16:27.155 15966 15981 E Unity   :
06-20 22:16:27.155 15966 15981 E Unity   : (Filename: ./artifacts/generated/common/runtime/DebugBindings.gen.cpp Line: 51)
06-20 22:16:27.155 15966 15981 E Unity   :
06-20 22:16:27.170 15966 15981 I Unity   : ACCELERATION_XYZ: 0.01492292 0.1150494 -0.7301767 EULER_ANGLES_XYZ 0.8106984 356.1769 354.7101 False 0.9724247 False 0.6199989 27 0.08057143
06-20 22:16:27.170 15966 15981 I Unity   :
06-20 22:16:27.170 15966 15981 I Unity   : (Filename: ./artifacts/generated/common/runtime/DebugBindings.gen.cpp Line: 51)
06-20 22:16:27.170 15966 15981 I Unity   :
06-20 22:16:27.171 15966 15981 E Unity   : NetworkClient Send when not connected to a server
06-20 22:16:27.171 15966 15981 E Unity   :
06-20 22:16:27.171 15966 15981 E Unity   : (Filename: ./artifacts/generated/common/runtime/DebugBindings.gen.cpp Line: 51)
06-20 22:16:27.171 15966 15981 E Unity   :
06-20 22:16:27.204 15966 15981 I Unity   : ACCELERATION_XYZ: 0.1745023 0.7275468 -0.6287902 EULER_ANGLES_XYZ 0.8328571 356.2707 354.4081 False 0.9724247 False 0.6199989 27 0.04886848
06-20 22:16:27.204 15966 15981 I Unity   :
06-20 22:16:27.204 15966 15981 I Unity   : (Filename: ./artifacts/generated/common/runtime/DebugBindings.gen.cpp Line: 51)
06-20 22:16:27.204 15966 15981 I Unity   :
06-20 22:16:27.204 15966 15981 E Unity   : NetworkClient Send when not connected to a server
06-20 22:16:27.204 15966 15981 E Unity   :
06-20 22:16:27.204 15966 15981 E Unity   : (Filename: ./artifacts/generated/common/runtime/DebugBindings.gen.cpp Line: 51)
06-20 22:16:27.204 15966 15981 E Unity   :
06-20 22:16:27.220 15966 15981 I Unity   : ACCELERATION_XYZ: 0.2755167 1.450018 -0.3852882 EULER_ANGLES_XYZ 0.5528738 356.3061 354.3782 False 0.9724247 False 0.6199989 27 0.04886848
06-20 22:16:27.220 15966 15981 I Unity   :
06-20 22:16:27.220 15966 15981 I Unity   : (Filename: ./artifacts/generated/common/runtime/DebugBindings.gen.cpp Line: 51)
06-20 22:16:27.220 15966 15981 I Unity   :
06-20 22:16:27.221 15966 15981 E Unity   : NetworkClient Send when not connected to a server
06-20 22:16:27.221 15966 15981 E Unity   :
06-20 22:16:27.221 15966 15981 E Unity   : (Filename: ./artifacts/generated/common/runtime/DebugBindings.gen.cpp Line: 51)
06-20 22:16:27.221 15966 15981 E Unity   :
06-20 22:16:27.226 15981 15981 W UnityMain: type=1400 audit(0.0:284): avc: denied { read } for name="thread" dev="sysfs" ino=30576 scontext=u:r:untrusted_app:s0:c512,c768 tcontext=u:object_r:sysfs:s0 tclass=dir permissive=0
06-20 22:16:27.237 15966 15981 I Unity   : ACCELERATION_XYZ: 0.1491596 1.09374 -0.00681989 EULER_ANGLES_XYZ 0.2682484 356.2889 354.3872 False 0.9724247 False 0.6199989 27 0.08508246
06-20 22:16:27.237 15966 15981 I Unity   :
06-20 22:16:27.237 15966 15981 I Unity   : (Filename: ./artifacts/generated/common/runtime/DebugBindings.gen.cpp Line: 51)
06-20 22:16:27.237 15966 15981 I Unity   :
06-20 22:16:27.237 15966 15981 E Unity   : NetworkClient Send when not connected to a server
06-20 22:16:27.237 15966 15981 E Unity   :
06-20 22:16:27.237 15966 15981 E Unity   : (Filename: ./artifacts/generated/common/runtime/DebugBindings.gen.cpp Line: 51)
06-20 22:16:27.237 15966 15981 E Unity   :
06-20 22:16:27.254 15966 15981 I Unity   : ACCELERATION_XYZ: 0.2110725 0.5638084 0.1761044 EULER_ANGLES_XYZ 359.9922 356.2498 354.4879 False 0.9724247 False 0.6199989 27 0.08508246
06-20 22:16:27.254 15966 15981 I Unity   :
06-20 22:16:27.254 15966 15981 I Unity   : (Filename: ./artifacts/generated/common/runtime/DebugBindings.gen.cpp Line: 51)
06-20 22:16:27.254 15966 15981 I Unity   :
06-20 22:16:27.254 15966 15981 E Unity   : NetworkClient Send when not connected to a server
06-20 22:16:27.254 15966 15981 E Unity   :
06-20 22:16:27.254 15966 15981 E Unity   : (Filename: ./artifacts/generated/common/runtime/DebugBindings.gen.cpp Line: 51)
06-20 22:16:27.254 15966 15981 E Unity   :
06-20 22:16:27.271 15966 15981 I Unity   : ACCELERATION_XYZ: 0.4449743 -0.04177475 0.1142974 EULER_ANGLES_XYZ 359.7204 356.3051 354.5885 False 0.9724247 False 0.6199989 27 0.07698562
06-20 22:16:27.271 15966 15981 I Unity   :
06-20 22:16:27.271 15966 15981 I Unity   : (Filename: ./artifacts/generated/common/runtime/DebugBindings.gen.cpp Line: 51)
06-20 22:16:27.271 15966 15981 I Unity   :
06-20 22:16:27.272 15966 15981 E Unity   : NetworkClient Send when not connected to a server
06-20 22:16:27.272 15966 15981 E Unity   :
06-20 22:16:27.272 15966 15981 E Unity   : (Filename: ./artifacts/generated/common/runtime/DebugBindings.gen.cpp Line: 51)
06-20 22:16:27.272 15966 15981 E Unity   :
06-20 22:16:27.304 15966 15981 I Unity   : ACCELERATION_XYZ: 0.1077443 -2.07987 0.09262355 EULER_ANGLES_XYZ 359.7015 356.2042 354.9992 False 0.9724247 False 0.6199989 27 0.07698562
06-20 22:16:27.304 15966 15981 I Unity   :
06-20 22:16:27.304 15966 15981 I Unity   : (Filename: ./artifacts/generated/common/runtime/DebugBindings.gen.cpp Line: 51)
06-20 22:16:27.304 15966 15981 I Unity   :
06-20 22:16:27.304 15966 15981 E Unity   : NetworkClient Send when not connected to a server
06-20 22:16:27.304 15966 15981 E Unity   :
06-20 22:16:27.304 15966 15981 E Unity   : (Filename: ./artifacts/generated/common/runtime/DebugBindings.gen.cpp Line: 51)
06-20 22:16:27.304 15966 15981 E Unity   :
06-20 22:16:27.320 15966 15981 I Unity   : ACCELERATION_XYZ: -0.4213958 -1.636482 0.1181533 EULER_ANGLES_XYZ 0.08790246 355.9052 355.2455 False 0.9724247 False 0.6199989 27 0.1120971
06-20 22:16:27.320 15966 15981 I Unity   :
06-20 22:16:27.320 15966 15981 I Unity   : (Filename: ./artifacts/generated/common/runtime/DebugBindings.gen.cpp Line: 51)
06-20 22:16:27.320 15966 15981 I Unity   :
06-20 22:16:27.321 15966 15981 E Unity   : NetworkClient Send when not connected to a server
06-20 22:16:27.321 15966 15981 E Unity   :
06-20 22:16:27.321 15966 15981 E Unity   : (Filename: ./artifacts/generated/common/runtime/DebugBindings.gen.cpp Line: 51)
06-20 22:16:27.321 15966 15981 E Unity   :
06-20 22:16:27.337 15966 15981 I Unity   : ACCELERATION_XYZ: -0.4197957 0.2561035 1.281848 EULER_ANGLES_XYZ 1.296348 355.4988 355.4532 False 0.9724247 False 0.6199989 27 0.1120971
06-20 22:16:27.337 15966 15981 I Unity   :
06-20 22:16:27.337 15966 15981 I Unity   : (Filename: ./artifacts/generated/common/runtime/DebugBindings.gen.cpp Line: 51)
06-20 22:16:27.337 15966 15981 I Unity   :
06-20 22:16:27.338 15966 15981 E Unity   : NetworkClient Send when not connected to a server
06-20 22:16:27.338 15966 15981 E Unity   :
06-20 22:16:27.338 15966 15981 E Unity   : (Filename: ./artifacts/generated/common/runtime/DebugBindings.gen.cpp Line: 51)
06-20 22:16:27.338 15966 15981 E Unity   :
06-20 22:16:27.355 15966 15981 I Unity   : ACCELERATION_XYZ: 0.2419054 5.629761 1.495071 EULER_ANGLES_XYZ 1.281354 355.2426 355.7351 False 0.8083878 True 0.6800003 28 0.1120971
06-20 22:16:27.355 15966 15981 I Unity   :
06-20 22:16:27.355 15966 15981 I Unity   : (Filename: ./artifacts/generated/common/runtime/DebugBindings.gen.cpp Line: 51)
06-20 22:16:27.355 15966 15981 I Unity   :
06-20 22:16:27.355 15966 15981 E Unity   : NetworkClient Send when not connected to a server
06-20 22:16:27.355 15966 15981 E Unity   :
06-20 22:16:27.355 15966 15981 E Unity   : (Filename: ./artifacts/generated/common/runtime/DebugBindings.gen.cpp Line: 51)
06-20 22:16:27.355 15966 15981 E Unity   :
06-20 22:16:27.371 15966 15981 I Unity   : ACCELERATION_XYZ: 0.5473073 6.098814 0.04162203 EULER_ANGLES_XYZ 0.2820009 355.1475 355.9927 False 0.8083878 False 0.6800003 28 0.1393997
06-20 22:16:27.371 15966 15981 I Unity   :
06-20 22:16:27.371 15966 15981 I Unity   : (Filename: ./artifacts/generated/common/runtime/DebugBindings.gen.cpp Line: 51)
06-20 22:16:27.371 15966 15981 I Unity   :
06-20 22:16:27.371 15966 15981 E Unity   : NetworkClient Send when not connected to a server
06-20 22:16:27.371 15966 15981 E Unity   :
06-20 22:16:27.371 15966 15981 E Unity   : (Filename: ./artifacts/generated/common/runtime/DebugBindings.gen.cpp Line: 51)
06-20 22:16:27.371 15966 15981 E Unity   :
06-20 22:16:27.404 15966 15981 I Unity   : ACCELERATION_XYZ: 0.1105989 -0.810298 0.2165435 EULER_ANGLES_XYZ 359.6105 354.9938 356.27 False 0.8083878 False 0.6800003 28 0.190835
06-20 22:16:27.404 15966 15981 I Unity   :
06-20 22:16:27.404 15966 15981 I Unity   : (Filename: ./artifacts/generated/common/runtime/DebugBindings.gen.cpp Line: 51)
06-20 22:16:27.404 15966 15981 I Unity   :
06-20 22:16:27.404 15966 15981 E Unity   : NetworkClient Send when not connected to a server
06-20 22:16:27.404 15966 15981 E Unity   :
06-20 22:16:27.404 15966 15981 E Unity   : (Filename: ./artifacts/generated/common/runtime/DebugBindings.gen.cpp Line: 51)
06-20 22:16:27.404 15966 15981 E Unity   :
06-20 22:16:27.421 15966 15981 I Unity   : ACCELERATION_XYZ: -0.1534858 -0.792616 -0.09139764 EULER_ANGLES_XYZ 359.3243 354.923 356.3975 False 0.8083878 False 0.6800003 28 0.260665
06-20 22:16:27.421 15966 15981 I Unity   :
06-20 22:16:27.421 15966 15981 I Unity   : (Filename: ./artifacts/generated/common/runtime/DebugBindings.gen.cpp Line: 51)
06-20 22:16:27.421 15966 15981 I Unity   :
06-20 22:16:27.421 15966 15981 E Unity   : NetworkClient Send when not connected to a server
06-20 22:16:27.421 15966 15981 E Unity   :
06-20 22:16:27.421 15966 15981 E Unity   : (Filename: ./artifacts/generated/common/runtime/DebugBindings.gen.cpp Line: 51)
06-20 22:16:27.421 15966 15981 E Unity   :
06-20 22:16:27.438 15966 15981 I Unity   : ACCELERATION_XYZ: -0.4545449 -1.476404 -0.6841992 EULER_ANGLES_XYZ 358.7127 354.8382 356.4604 False 0.8083878 False 0.6800003 28 0.3416474
06-20 22:16:27.438 15966 15981 I Unity   :
06-20 22:16:27.438 15966 15981 I Unity   : (Filename: ./artifacts/generated/common/runtime/DebugBindings.gen.cpp Line: 51)
06-20 22:16:27.438 15966 15981 I Unity   :
06-20 22:16:27.438 15966 15981 E Unity   : NetworkClient Send when not connected to a server
06-20 22:16:27.438 15966 15981 E Unity   :
06-20 22:16:27.438 15966 15981 E Unity   : (Filename: ./artifacts/generated/common/runtime/DebugBindings.gen.cpp Line: 51)
06-20 22:16:27.438 15966 15981 E Unity   :
06-20 22:16:27.454 15966 15981 I Unity   : ACCELERATION_XYZ: -0.6517355 -4.091021 -0.8456894 EULER_ANGLES_XYZ 358.6424 354.7137 356.4274 False 0.8083878 False 0.6800003 28 0.4262519
06-20 22:16:27.454 15966 15981 I Unity   :
06-20 22:16:27.454 15966 15981 I Unity   : (Filename: ./artifacts/generated/common/runtime/DebugBindings.gen.cpp Line: 51)
06-20 22:16:27.454 15966 15981 I Unity   :
06-20 22:16:27.455 15966 15981 E Unity   : NetworkClient Send when not connected to a server
06-20 22:16:27.455 15966 15981 E Unity   :
06-20 22:16:27.455 15966 15981 E Unity   : (Filename: ./artifacts/generated/common/runtime/DebugBindings.gen.cpp Line: 51)
06-20 22:16:27.455 15966 15981 E Unity   :
06-20 22:16:27.471 15966 15981 I Unity   : ACCELERATION_XYZ: -0.6190383 -5.176205 -0.7196136 EULER_ANGLES_XYZ 359.2981 354.6706 356.2918 False 0.8083878 False 0.6800003 28 0.5077884
06-20 22:16:27.471 15966 15981 I Unity   :
06-20 22:16:27.471 15966 15981 I Unity   : (Filename: ./artifacts/generated/common/runtime/DebugBindings.gen.cpp Line: 51)
06-20 22:16:27.471 15966 15981 I Unity   :
06-20 22:16:27.471 15966 15981 E Unity   : NetworkClient Send when not connected to a server
06-20 22:16:27.471 15966 15981 E Unity   :
06-20 22:16:27.471 15966 15981 E Unity   : (Filename: ./artifacts/generated/common/runtime/DebugBindings.gen.cpp Line: 51)
06-20 22:16:27.471 15966 15981 E Unity   :
06-20 22:16:27.505 15966 15981 I Unity   : ACCELERATION_XYZ: -0.2531703 0.1030741 -0.4457644 EULER_ANGLES_XYZ 0.7818699 354.7481 356.1348 False 0.8083878 False 0.6800003 28 0.5077884
06-20 22:16:27.505 15966 15981 I Unity   :
06-20 22:16:27.505 15966 15981 I Unity   : (Filename: ./artifacts/generated/common/runtime/DebugBindings.gen.cpp Line: 51)
06-20 22:16:27.505 15966 15981 I Unity   :
06-20 22:16:27.505 15966 15981 E Unity   : NetworkClient Send when not connected to a server
06-20 22:16:27.505 15966 15981 E Unity   :
06-20 22:16:27.505 15966 15981 E Unity   : (Filename: ./artifacts/generated/common/runtime/DebugBindings.gen.cpp Line: 51)
06-20 22:16:27.505 15966 15981 E Unity   :
06-20 22:16:27.522 15966 15981 I Unity   : ACCELERATION_XYZ: -0.482686 3.49856 -0.4362794 EULER_ANGLES_XYZ 0.6138036 354.8949 356.1226 False 0.8083878 False 0.6800003 28 0.5077884
06-20 22:16:27.522 15966 15981 I Unity   :
06-20 22:16:27.522 15966 15981 I Unity   : (Filename: ./artifacts/generated/common/runtime/DebugBindings.gen.cpp Line: 51)
06-20 22:16:27.522 15966 15981 I Unity   :
06-20 22:16:27.522 15966 15981 E Unity   : NetworkClient Send when not connected to a server
06-20 22:16:27.522 15966 15981 E Unity   :
06-20 22:16:27.522 15966 15981 E Unity   : (Filename: ./artifacts/generated/common/runtime/DebugBindings.gen.cpp Line: 51)
06-20 22:16:27.522 15966 15981 E Unity   :
06-20 22:16:27.538 15966 15981 I Unity   : ACCELERATION_XYZ: -0.8112866 2.544432 -0.3492298 EULER_ANGLES_XYZ 0.3104931 354.9795 356.0726 False 0.8083878 False 0.6800003 28 0.5195753
06-20 22:16:27.538 15966 15981 I Unity   :
06-20 22:16:27.538 15966 15981 I Unity   : (Filename: ./artifacts/generated/common/runtime/DebugBindings.gen.cpp Line: 51)
06-20 22:16:27.538 15966 15981 I Unity   :
06-20 22:16:27.538 15966 15981 E Unity   : NetworkClient Send when not connected to a server
06-20 22:16:27.538 15966 15981 E Unity   :
06-20 22:16:27.538 15966 15981 E Unity   : (Filename: ./artifacts/generated/common/runtime/DebugBindings.gen.cpp Line: 51)
06-20 22:16:27.538 15966 15981 E Unity   :
06-20 22:16:27.555 15966 15981 I Unity   : ACCELERATION_XYZ: -0.9080015 0.4894476 -0.2952008 EULER_ANGLES_XYZ 0.3134532 355.1229 356.0111 False 0.8083878 False 0.6800003 28 0.5195753
06-20 22:16:27.555 15966 15981 I Unity   :
06-20 22:16:27.555 15966 15981 I Unity   : (Filename: ./artifacts/generated/common/runtime/DebugBindings.gen.cpp Line: 51)
06-20 22:16:27.555 15966 15981 I Unity   :
06-20 22:16:27.555 15966 15981 E Unity   : NetworkClient Send when not connected to a server
06-20 22:16:27.555 15966 15981 E Unity   :
06-20 22:16:27.555 15966 15981 E Unity   : (Filename: ./artifacts/generated/common/runtime/DebugBindings.gen.cpp Line: 51)
06-20 22:16:27.555 15966 15981 E Unity   :
06-20 22:16:27.571 15966 15981 I Unity   : ACCELERATION_XYZ: -0.8393077 0.1671267 -0.6751592 EULER_ANGLES_XYZ 0.5293265 355.2969 356.0184 False 0.8083878 False 0.6800003 28 0.4701301
06-20 22:16:27.571 15966 15981 I Unity   :
06-20 22:16:27.571 15966 15981 I Unity   : (Filename: ./artifacts/generated/common/runtime/DebugBindings.gen.cpp Line: 51)
06-20 22:16:27.571 15966 15981 I Unity   :
06-20 22:16:27.571 15966 15981 E Unity   : NetworkClient Send when not connected to a server
06-20 22:16:27.571 15966 15981 E Unity   :
06-20 22:16:27.571 15966 15981 E Unity   : (Filename: ./artifacts/generated/common/runtime/DebugBindings.gen.cpp Line: 51)
06-20 22:16:27.571 15966 15981 E Unity   :
06-20 22:16:27.604 15966 15981 I Unity   : ACCELERATION_XYZ: -0.9292634 1.886984 -0.1840538 EULER_ANGLES_XYZ 0.458895 355.3445 356.1978 False 0.8083878 False 0.6800003 28 0.4701301
06-20 22:16:27.604 15966 15981 I Unity   :
06-20 22:16:27.604 15966 15981 I Unity   : (Filename: ./artifacts/generated/common/runtime/DebugBindings.gen.cpp Line: 51)
06-20 22:16:27.604 15966 15981 I Unity   :
06-20 22:16:27.605 15966 15981 E Unity   : NetworkClient Send when not connected to a server
06-20 22:16:27.605 15966 15981 E Unity   :
06-20 22:16:27.605 15966 15981 E Unity   : (Filename: ./artifacts/generated/common/runtime/DebugBindings.gen.cpp Line: 51)
06-20 22:16:27.605 15966 15981 E Unity   :
06-20 22:16:27.622 15966 15981 I Unity   : ACCELERATION_XYZ: -0.9039359 1.434855 0.1094971 EULER_ANGLES_XYZ 0.0692753 355.3116 356.2199 False 0.8083878 False 0.6800003 28 0.4833937
06-20 22:16:27.622 15966 15981 I Unity   :
06-20 22:16:27.622 15966 15981 I Unity   : (Filename: ./artifacts/generated/common/runtime/DebugBindings.gen.cpp Line: 51)
06-20 22:16:27.622 15966 15981 I Unity   :
06-20 22:16:27.623 15966 15981 E Unity   : NetworkClient Send when not connected to a server
06-20 22:16:27.623 15966 15981 E Unity   :
06-20 22:16:27.623 15966 15981 E Unity   : (Filename: ./artifacts/generated/common/runtime/DebugBindings.gen.cpp Line: 51)
06-20 22:16:27.623 15966 15981 E Unity   :
06-20 22:16:27.638 15966 15981 I Unity   : ACCELERATION_XYZ: -0.7770115 0.2221918 0.2058252 EULER_ANGLES_XYZ 359.8836 355.2396 356.045 False 0.8083878 False 0.6800003 28 0.4833937
06-20 22:16:27.638 15966 15981 I Unity   :
06-20 22:16:27.638 15966 15981 I Unity   : (Filename: ./artifacts/generated/common/runtime/DebugBindings.gen.cpp Line: 51)
06-20 22:16:27.638 15966 15981 I Unity   :
06-20 22:16:27.638 15966 15981 E Unity   : NetworkClient Send when not connected to a server
06-20 22:16:27.638 15966 15981 E Unity   :
06-20 22:16:27.638 15966 15981 E Unity   : (Filename: ./artifacts/generated/common/runtime/DebugBindings.gen.cpp Line: 51)
06-20 22:16:27.638 15966 15981 E Unity   :
06-20 22:16:27.655 15966 15981 I Unity   : ACCELERATION_XYZ: -0.4306239 -0.3491344 0.01144606 EULER_ANGLES_XYZ 359.8661 355.1856 355.7935 False 0.8083878 False 0.6800003 28 0.4373917
06-20 22:16:27.655 15966 15981 I Unity   :
06-20 22:16:27.655 15966 15981 I Unity   : (Filename: ./artifacts/generated/common/runtime/DebugBindings.gen.cpp Line: 51)
06-20 22:16:27.655 15966 15981 I Unity   :
06-20 22:16:27.655 15966 15981 E Unity   : NetworkClient Send when not connected to a server
06-20 22:16:27.655 15966 15981 E Unity   :
06-20 22:16:27.655 15966 15981 E Unity   : (Filename: ./artifacts/generated/common/runtime/DebugBindings.gen.cpp Line: 51)
06-20 22:16:27.655 15966 15981 E Unity   :
06-20 22:16:27.671 15966 16318 I Vsync   : Vsync 3683485:  1 x 17.33 ms (59.86 Hz, at 61391.453)
06-20 22:16:27.672 15966 15981 I Unity   : ACCELERATION_XYZ: -0.2195211 -0.1729508 -0.1587781 EULER_ANGLES_XYZ 359.9427 355.1317 355.6797 False 0.8083878 False 0.6800003 28 0.3581044
06-20 22:16:27.672 15966 15981 I Unity   :
06-20 22:16:27.672 15966 15981 I Unity   : (Filename: ./artifacts/generated/common/runtime/DebugBindings.gen.cpp Line: 51)
06-20 22:16:27.672 15966 15981 I Unity   :
06-20 22:16:27.672 15966 15981 E Unity   : NetworkClient Send when not connected to a server
06-20 22:16:27.672 15966 15981 E Unity   :
06-20 22:16:27.672 15966 15981 E Unity   : (Filename: ./artifacts/generated/common/runtime/DebugBindings.gen.cpp Line: 51)
06-20 22:16:27.672 15966 15981 E Unity   :
06-20 22:16:27.688 15966 16318 I Vsync   : Vsync 3683486:  1 x 16.10 ms (59.86 Hz, at 61391.471)
06-20 22:16:27.705 15966 15981 I Unity   : ACCELERATION_XYZ: 0.07793139 0.6513739 -0.1792714 EULER_ANGLES_XYZ 0.08873261 355.1143 355.7919 False 0.8083878 False 0.6800003 28 0.2652884
06-20 22:16:27.705 15966 15981 I Unity   :
06-20 22:16:27.705 15966 15981 I Unity   : (Filename: ./artifacts/generated/common/runtime/DebugBindings.gen.cpp Line: 51)
06-20 22:16:27.705 15966 15981 I Unity   :
06-20 22:16:27.705 15966 15981 E Unity   : NetworkClient Send when not connected to a server
06-20 22:16:27.705 15966 15981 E Unity   :
06-20 22:16:27.705 15966 15981 E Unity   : (Filename: ./artifacts/generated/common/runtime/DebugBindings.gen.cpp Line: 51)
06-20 22:16:27.705 15966 15981 E Unity   :
06-20 22:16:27.722 15966 15981 I Unity   : ACCELERATION_XYZ: 0.2212681 0.6476278 -0.4362744 EULER_ANGLES_XYZ 0.1878945 355.1224 355.8726 False 0.8083878 False 0.6800003 28 0.1778265
06-20 22:16:27.722 15966 15981 I Unity   :
06-20 22:16:27.722 15966 15981 I Unity   : (Filename: ./artifacts/generated/common/runtime/DebugBindings.gen.cpp Line: 51)
06-20 22:16:27.722 15966 15981 I Unity   :
06-20 22:16:27.722 15966 15981 E Unity   : NetworkClient Send when not connected to a server
06-20 22:16:27.722 15966 15981 E Unity   :
06-20 22:16:27.722 15966 15981 E Unity   : (Filename: ./artifacts/generated/common/runtime/DebugBindings.gen.cpp Line: 51)
06-20 22:16:27.722 15966 15981 E Unity   :
06-20 22:16:27.739 15966 15981 I Unity   : ACCELERATION_XYZ: 0.155544 0.3326359 -0.3565885 EULER_ANGLES_XYZ 0.328063 355.153 356.0135 False 0.8083878 False 0.6800003 28 0.107856
06-20 22:16:27.739 15966 15981 I Unity   :
06-20 22:16:27.739 15966 15981 I Unity   : (Filename: ./artifacts/generated/common/runtime/DebugBindings.gen.cpp Line: 51)
06-20 22:16:27.739 15966 15981 I Unity   :
06-20 22:16:27.740 15966 15981 E Unity   : NetworkClient Send when not connected to a server
06-20 22:16:27.740 15966 15981 E Unity   :
06-20 22:16:27.740 15966 15981 E Unity   : (Filename: ./artifacts/generated/common/runtime/DebugBindings.gen.cpp Line: 51)
06-20 22:16:27.740 15966 15981 E Unity   :
06-20 22:16:27.756 15966 15981 I Unity   : ACCELERATION_XYZ: 0.05013544 0.4264555 -0.4322576 EULER_ANGLES_XYZ 0.4546646 355.194 356.2491 False 0.8083878 False 0.6800003 28 0.05919294
06-20 22:16:27.756 15966 15981 I Unity   :
06-20 22:16:27.756 15966 15981 I Unity   : (Filename: ./artifacts/generated/common/runtime/DebugBindings.gen.cpp Line: 51)
06-20 22:16:27.756 15966 15981 I Unity   :
06-20 22:16:27.756 15966 15981 E Unity   : NetworkClient Send when not connected to a server
06-20 22:16:27.756 15966 15981 E Unity   :
06-20 22:16:27.756 15966 15981 E Unity   : (Filename: ./artifacts/generated/common/runtime/DebugBindings.gen.cpp Line: 51)
06-20 22:16:27.756 15966 15981 E Unity   :
06-20 22:16:27.772 15966 15981 I Unity   : ACCELERATION_XYZ: -0.1446801 0.8022757 -0.4334905 EULER_ANGLES_XYZ 0.4796509 355.1547 356.543 False 0.8083878 False 0.6800003 28 0.05919294
06-20 22:16:27.772 15966 15981 I Unity   :
06-20 22:16:27.772 15966 15981 I Unity   : (Filename: ./artifacts/generated/common/runtime/DebugBindings.gen.cpp Line: 51)
06-20 22:16:27.772 15966 15981 I Unity   :
06-20 22:16:27.772 15966 15981 E Unity   : NetworkClient Send when not connected to a server
06-20 22:16:27.772 15966 15981 E Unity   :
06-20 22:16:27.772 15966 15981 E Unity   : (Filename: ./artifacts/generated/common/runtime/DebugBindings.gen.cpp Line: 51)
06-20 22:16:27.772 15966 15981 E Unity   :
06-20 22:16:27.805 15966 15981 I Unity   : ACCELERATION_XYZ: -0.3278711 0.8507634 -0.2302034 EULER_ANGLES_XYZ 0.1739157 354.9951 357.0917 False 0.8083878 False 0.6800003 28 0.08856996
06-20 22:16:27.805 15966 15981 I Unity   :
06-20 22:16:27.805 15966 15981 I Unity   : (Filename: ./artifacts/generated/common/runtime/DebugBindings.gen.cpp Line: 51)
06-20 22:16:27.805 15966 15981 I Unity   :
06-20 22:16:27.805 15966 15981 E Unity   : NetworkClient Send when not connected to a server
06-20 22:16:27.805 15966 15981 E Unity   :
06-20 22:16:27.805 15966 15981 E Unity   : (Filename: ./artifacts/generated/common/runtime/DebugBindings.gen.cpp Line: 51)
06-20 22:16:27.805 15966 15981 E Unity   :
06-20 22:16:27.822 15966 15981 I Unity   : ACCELERATION_XYZ: -0.3050149 0.2175703 -0.08824353 EULER_ANGLES_XYZ 0.03175168 354.9275 357.2098 False 0.8083878 False 0.6800003 28 0.08856996
06-20 22:16:27.822 15966 15981 I Unity   :
06-20 22:16:27.822 15966 15981 I Unity   : (Filename: ./artifacts/generated/common/runtime/DebugBindings.gen.cpp Line: 51)
06-20 22:16:27.822 15966 15981 I Unity   :
06-20 22:16:27.822 15966 15981 E Unity   : NetworkClient Send when not connected to a server
06-20 22:16:27.822 15966 15981 E Unity   :
06-20 22:16:27.822 15966 15981 E Unity   : (Filename: ./artifacts/generated/common/runtime/DebugBindings.gen.cpp Line: 51)
06-20 22:16:27.822 15966 15981 E Unity   :
06-20 22:16:27.839 15966 15981 I Unity   : ACCELERATION_XYZ: -0.2423978 -0.07776451 -0.002010541 EULER_ANGLES_XYZ 359.9193 354.9304 357.2773 False 0.8083878 False 0.6800003 28 0.08014123
06-20 22:16:27.839 15966 15981 I Unity   :
06-20 22:16:27.839 15966 15981 I Unity   : (Filename: ./artifacts/generated/common/runtime/DebugBindings.gen.cpp Line: 51)
06-20 22:16:27.839 15966 15981 I Unity   :
06-20 22:16:27.839 15966 15981 E Unity   : NetworkClient Send when not connected to a server
06-20 22:16:27.839 15966 15981 E Unity   :
06-20 22:16:27.839 15966 15981 E Unity   : (Filename: ./artifacts/generated/common/runtime/DebugBindings.gen.cpp Line: 51)
06-20 22:16:27.839 15966 15981 E Unity   :
06-20 22:16:27.856 15966 15981 I Unity   : ACCELERATION_XYZ: -0.3362554 -0.365468 0.03736746 EULER_ANGLES_XYZ 359.9009 354.9695 357.3087 False 0.8083878 False 0.6800003 28 0.06561379
06-20 22:16:27.856 15966 15981 I Unity   :
06-20 22:16:27.856 15966 15981 I Unity   : (Filename: ./artifacts/generated/common/runtime/DebugBindings.gen.cpp Line: 51)
06-20 22:16:27.856 15966 15981 I Unity   :
06-20 22:16:27.856 15966 15981 E Unity   : NetworkClient Send when not connected to a server
06-20 22:16:27.856 15966 15981 E Unity   :
06-20 22:16:27.856 15966 15981 E Unity   : (Filename: ./artifacts/generated/common/runtime/DebugBindings.gen.cpp Line: 51)
06-20 22:16:27.856 15966 15981 E Unity   :
06-20 22:16:27.873 15966 15981 I Unity   : ACCELERATION_XYZ: -0.5200695 -0.6538477 0.385629 EULER_ANGLES_XYZ 0.008924522 355.0056 357.3155 False 0.8083878 False 0.6800003 28 0.04860756
06-20 22:16:27.873 15966 15981 I Unity   :
06-20 22:16:27.873 15966 15981 I Unity   : (Filename: ./artifacts/generated/common/runtime/DebugBindings.gen.cpp Line: 51)
06-20 22:16:27.873 15966 15981 I Unity   :
06-20 22:16:27.873 15966 15981 E Unity   : NetworkClient Send when not connected to a server
06-20 22:16:27.873 15966 15981 E Unity   :
06-20 22:16:27.873 15966 15981 E Unity   : (Filename: ./artifacts/generated/common/runtime/DebugBindings.gen.cpp Line: 51)
06-20 22:16:27.873 15966 15981 E Unity   :
06-20 22:16:27.905 15966 15981 I Unity   : ACCELERATION_XYZ: -0.7019081 0.6081514 0.5057639 EULER_ANGLES_XYZ 359.8287 355.2008 357.4205 False 0.8083878 False 0.6800003 28 0.03258232
06-20 22:16:27.905 15966 15981 I Unity   :
06-20 22:16:27.905 15966 15981 I Unity   : (Filename: ./artifacts/generated/common/runtime/DebugBindings.gen.cpp Line: 51)
06-20 22:16:27.905 15966 15981 I Unity   :
06-20 22:16:27.905 15966 15981 E Unity   : NetworkClient Send when not connected to a server
06-20 22:16:27.905 15966 15981 E Unity   :
06-20 22:16:27.905 15966 15981 E Unity   : (Filename: ./artifacts/generated/common/runtime/DebugBindings.gen.cpp Line: 51)
06-20 22:16:27.905 15966 15981 E Unity   :
06-20 22:16:27.923 15966 15981 I Unity   : ACCELERATION_XYZ: -0.8534893 0.121232 0.5321791 EULER_ANGLES_XYZ 359.6493 355.2984 357.5151 False 0.8083878 False 0.6800003 28 0.01976233
06-20 22:16:27.923 15966 15981 I Unity   :
06-20 22:16:27.923 15966 15981 I Unity   : (Filename: ./artifacts/generated/common/runtime/DebugBindings.gen.cpp Line: 51)
06-20 22:16:27.923 15966 15981 I Unity   :
06-20 22:16:27.924 15966 15981 E Unity   : NetworkClient Send when not connected to a server
06-20 22:16:27.924 15966 15981 E Unity   :
06-20 22:16:27.924 15966 15981 E Unity   : (Filename: ./artifacts/generated/common/runtime/DebugBindings.gen.cpp Line: 51)
06-20 22:16:27.924 15966 15981 E Unity   :
06-20 22:16:27.940 15966 15981 I Unity   : ACCELERATION_XYZ: -0.9800969 -0.7309141 0.4991985 EULER_ANGLES_XYZ 359.69 355.2714 357.541 False 0.8083878 False 0.6800003 28 0.01084585
06-20 22:16:27.940 15966 15981 I Unity   :
06-20 22:16:27.940 15966 15981 I Unity   : (Filename: ./artifacts/generated/common/runtime/DebugBindings.gen.cpp Line: 51)
06-20 22:16:27.940 15966 15981 I Unity   :
06-20 22:16:27.940 15966 15981 E Unity   : NetworkClient Send when not connected to a server
06-20 22:16:27.940 15966 15981 E Unity   :
06-20 22:16:27.940 15966 15981 E Unity   : (Filename: ./artifacts/generated/common/runtime/DebugBindings.gen.cpp Line: 51)
06-20 22:16:27.940 15966 15981 E Unity   :
06-20 22:16:27.956 15966 15981 I Unity   : ACCELERATION_XYZ: -0.9885129 -0.9506588 0.2574817 EULER_ANGLES_XYZ 359.723 355.252 357.5216 False 0.8083878 False 0.6800003 28 0.01084585
06-20 22:16:27.956 15966 15981 I Unity   :
06-20 22:16:27.956 15966 15981 I Unity   : (Filename: ./artifacts/generated/common/runtime/DebugBindings.gen.cpp Line: 51)
06-20 22:16:27.956 15966 15981 I Unity   :
06-20 22:16:27.956 15966 15981 E Unity   : NetworkClient Send when not connected to a server
06-20 22:16:27.956 15966 15981 E Unity   :
06-20 22:16:27.956 15966 15981 E Unity   : (Filename: ./artifacts/generated/common/runtime/DebugBindings.gen.cpp Line: 51)
06-20 22:16:27.956 15966 15981 E Unity   :
06-20 22:16:27.973 15966 15981 I Unity   : ACCELERATION_XYZ: -0.6498042 -0.8322688 -0.2004386 EULER_ANGLES_XYZ 359.6928 355.2791 357.3302 False 0.8083878 False 0.6800003 28 0.04211863
06-20 22:16:27.973 15966 15981 I Unity   :
06-20 22:16:27.973 15966 15981 I Unity   : (Filename: ./artifacts/generated/common/runtime/DebugBindings.gen.cpp Line: 51)
06-20 22:16:27.973 15966 15981 I Unity   :
06-20 22:16:27.973 15966 15981 E Unity   : NetworkClient Send when not connected to a server
06-20 22:16:27.973 15966 15981 E Unity   :
06-20 22:16:27.973 15966 15981 E Unity   : (Filename: ./artifacts/generated/common/runtime/DebugBindings.gen.cpp Line: 51)
06-20 22:16:27.973 15966 15981 E Unity   :
06-20 22:16:27.986  1254  1338 D WifiQualifiedNetworkSelector:: ==========start qualified Network Selection==========
06-20 22:16:27.987  1254  1338 D WifiQualifiedNetworkSelector:: Current network is: "vummiv" ,ID is: 1
06-20 22:16:27.987  1254  1338 D WifiQualifiedNetworkSelector:: Current network is open network
06-20 22:16:27.988  1254  1338 D WifiQualifiedNetworkSelector:: Current network is not qualified
06-20 22:16:27.990  1254  1338 D WifiQualifiedNetworkSelector:: Saved Network List
06-20 22:16:27.990  1254  1338 D WifiQualifiedNetworkSelector::     "vummiv":1  User Preferred BSSID:null FQDN:null NETWORK_SELECTION_ENABLED Disable account: 0 0 0 0 0 0 0 0 0 0 Connect Choice:null set time:-1
06-20 22:16:27.990  1254  1338 D WifiQualifiedNetworkSelector::     "VRLAB":0  User Preferred BSSID:null FQDN:null NETWORK_SELECTION_ENABLED Disable account: 0 0 0 0 0 0 0 0 0 0 Connect Choice:null set time:-1
06-20 22:16:27.991  1254  1338 D WifiQualifiedNetworkSelector:: isCarrierNetworkEnabledByUser: false
06-20 22:16:28.000  1254  1338 D WifiQualifiedNetworkSelector:: vuSetup:00:08:2f:1e:9c:c2(5GHz)-84 / vummiv:00:08:2f:1e:9c:c7(5GHz)-84 /  skipped due to low signal
06-20 22:16:28.000  1254  1338 D WifiQualifiedNetworkSelector:: vuNet:00:08:2f:1e:af:dd / vuDevice:00:08:2f:1e:af:db / vuNet:00:08:2f:1e:f0:bd / vuDevice:00:08:2f:1e:f0:bb / vuSetup:00:08:2f:1e:af:d2 / vuSetup:00:08:2f:1e:f0:b2 / vuSetup:00:08:2f:1e:af:da / vuSetup:00:08:2f:1e:f0:ba /  skipped due to not saved
06-20 22:16:28.000  1254  1338 D WifiQualifiedNetworkSelector::
06-20 22:16:28.001  1254  1338 D WifiQualifiedNetworkSelector:: 00:08:2f:1e:af:d7 / 00:08:2f:1e:f0:bf / 00:08:2f:1e:af:df /  skipped due to not valid SSID
06-20 22:16:28.002  1254  1338 D WifiQualifiedNetworkSelector::  RSSI score: 100 5GHz bonus: 40 Same network with current associated. Bonus: 16 Same BSSID with current association. Bonus: 24 Score for scanResult: SSID: vummiv, BSSID: 00:08:2f:1e:af:d7, capabilities: [ESS], level: -39, frequency: 5240, timestamp: 61415633898, distance: ?(cm), distanceSd: ?(cm), passpoint: no, ChannelBandwidth: 1, centerFreq0: 5230, centerFreq1: 0, 80211mcResponder: is not supported and Network ID: 1 final score:180
06-20 22:16:28.002  1254  1338 D WifiQualifiedNetworkSelector::
06-20 22:16:28.002  1254  1338 D WifiQualifiedNetworkSelector::  RSSI score: 32 5GHz bonus: 40 Same network with current associated. Bonus: 16 Score for scanResult: SSID: vummiv, BSSID: 00:08:2f:1e:f0:b7, capabilities: [ESS], level: -77, frequency: 5240, timestamp: 61415634624, distance: ?(cm), distanceSd: ?(cm), passpoint: no, ChannelBandwidth: 1, centerFreq0: 5230, centerFreq1: 0, 80211mcResponder: is not supported and Network ID: 1 final score:88
06-20 22:16:28.002  1254  1338 D WifiQualifiedNetworkSelector::
06-20 22:16:28.003  1254  1338 D WifiQualifiedNetworkSelector:: After user choice adjust, the final candidate is:"vummiv":1 : 00:08:2f:1e:af:d7
06-20 22:16:28.003  1254  1338 D WifiQualifiedNetworkSelector:: "vummiv":1 is already the best choice!
06-20 22:16:28.006 15966 15981 I Unity   : ACCELERATION_XYZ: -0.2417111 3.231886 0.4345213 EULER_ANGLES_XYZ 0.8283168 355.4733 356.5159 False 0.9125966 True 0.6399994 29 0.1090456
06-20 22:16:28.006 15966 15981 I Unity   :
06-20 22:16:28.006 15966 15981 I Unity   : (Filename: ./artifacts/generated/common/runtime/DebugBindings.gen.cpp Line: 51)
06-20 22:16:28.006 15966 15981 I Unity   :
06-20 22:16:28.006 15966 15981 E Unity   : NetworkClient Send when not connected to a server
06-20 22:16:28.006 15966 15981 E Unity   :
06-20 22:16:28.006 15966 15981 E Unity   : (Filename: ./artifacts/generated/common/runtime/DebugBindings.gen.cpp Line: 51)
06-20 22:16:28.006 15966 15981 E Unity   :
06-20 22:16:28.023 15966 15981 I Unity   : ACCELERATION_XYZ: -0.3137561 5.643847 -0.3297316 EULER_ANGLES_XYZ 0.258291 355.5792 356.3354 False 0.9125966 False 0.6399994 29 0.1999128
06-20 22:16:28.023 15966 15981 I Unity   :
06-20 22:16:28.023 15966 15981 I Unity   : (Filename: ./artifacts/generated/common/runtime/DebugBindings.gen.cpp Line: 51)
06-20 22:16:28.023 15966 15981 I Unity   :
06-20 22:16:28.023 15966 15981 E Unity   : NetworkClient Send when not connected to a server
06-20 22:16:28.023 15966 15981 E Unity   :
06-20 22:16:28.023 15966 15981 E Unity   : (Filename: ./artifacts/generated/common/runtime/DebugBindings.gen.cpp Line: 51)
06-20 22:16:28.023 15966 15981 E Unity   :
06-20 22:16:28.040 15966 15981 I Unity   : ACCELERATION_XYZ: -0.3644859 3.578083 0.9248837 EULER_ANGLES_XYZ 359.4761 355.6229 356.0244 False 0.9125966 False 0.6399994 29 0.3052897
06-20 22:16:28.040 15966 15981 I Unity   :
06-20 22:16:28.040 15966 15981 I Unity   : (Filename: ./artifacts/generated/common/runtime/DebugBindings.gen.cpp Line: 51)
06-20 22:16:28.040 15966 15981 I Unity   :
06-20 22:16:28.040 15966 15981 E Unity   : NetworkClient Send when not connected to a server
06-20 22:16:28.040 15966 15981 E Unity   :
06-20 22:16:28.040 15966 15981 E Unity   : (Filename: ./artifacts/generated/common/runtime/DebugBindings.gen.cpp Line: 51)
06-20 22:16:28.040 15966 15981 E Unity   :
06-20 22:16:28.057 15966 15981 I Unity   : ACCELERATION_XYZ: 0.1347699 1.829486 -0.2914114 EULER_ANGLES_XYZ 358.3984 355.7524 355.8741 False 0.9125966 False 0.6399994 29 0.415378
06-20 22:16:28.057 15966 15981 I Unity   :
06-20 22:16:28.057 15966 15981 I Unity   : (Filename: ./artifacts/generated/common/runtime/DebugBindings.gen.cpp Line: 51)
06-20 22:16:28.057 15966 15981 I Unity   :
06-20 22:16:28.057 15966 15981 E Unity   : NetworkClient Send when not connected to a server
06-20 22:16:28.057 15966 15981 E Unity   :
06-20 22:16:28.057 15966 15981 E Unity   : (Filename: ./artifacts/generated/common/runtime/DebugBindings.gen.cpp Line: 51)
06-20 22:16:28.057 15966 15981 E Unity   :
06-20 22:16:28.066 15966 16319 I VrApi   : FPS=60,Prd=44ms,Tear=0,Early=60,Stale=0,VSnc=1,Lat=1,Fov=0,CPU2/GPU=2/2,1132/315MHz,OC=F,TA=E/0/0,SP=N/N/N,Mem=1017MHz,Free=1303MB,PSM=0,PLS=0,Temp=24.5C/0.0C,TW=0.00ms,App=0.00ms
06-20 22:16:28.072 15966 15981 I Unity   : ACCELERATION_XYZ: 0.4417903 -0.5960312 0.169158 EULER_ANGLES_XYZ 357.6497 355.8581 355.9887 False 0.9125966 False 0.6399994 29 0.415378
06-20 22:16:28.072 15966 15981 I Unity   :
06-20 22:16:28.072 15966 15981 I Unity   : (Filename: ./artifacts/generated/common/runtime/DebugBindings.gen.cpp Line: 51)
06-20 22:16:28.072 15966 15981 I Unity   :
06-20 22:16:28.073 15966 15981 E Unity   : NetworkClient Send when not connected to a server
06-20 22:16:28.073 15966 15981 E Unity   :
06-20 22:16:28.073 15966 15981 E Unity   : (Filename: ./artifacts/generated/common/runtime/DebugBindings.gen.cpp Line: 51)
06-20 22:16:28.073 15966 15981 E Unity   :
06-20 22:16:28.084 15966 16320 I UtilPoller: GPU Util 0.233096 / CPU Util 0.637255 (avg 0.576437)
06-20 22:16:28.106 15966 15981 I Unity   : ACCELERATION_XYZ: 0.5321606 -3.824931 -0.04364199 EULER_ANGLES_XYZ 356.9584 355.9406 356.4265 False 0.9125966 False 0.6399994 29 0.415378
06-20 22:16:28.106 15966 15981 I Unity   :
06-20 22:16:28.106 15966 15981 I Unity   : (Filename: ./artifacts/generated/common/runtime/DebugBindings.gen.cpp Line: 51)
06-20 22:16:28.106 15966 15981 I Unity   :
06-20 22:16:28.106 15966 15981 E Unity   : NetworkClient Send when not connected to a server
06-20 22:16:28.106 15966 15981 E Unity   :
06-20 22:16:28.106 15966 15981 E Unity   : (Filename: ./artifacts/generated/common/runtime/DebugBindings.gen.cpp Line: 51)
06-20 22:16:28.106 15966 15981 E Unity   :
06-20 22:16:28.123 15966 15981 I Unity   : ACCELERATION_XYZ: 0.6531374 -5.222912 0.08055139 EULER_ANGLES_XYZ 357.4517 355.9148 356.312 False 0.9125966 False 0.6399994 29 0.4348747
06-20 22:16:28.123 15966 15981 I Unity   :
06-20 22:16:28.123 15966 15981 I Unity   : (Filename: ./artifacts/generated/common/runtime/DebugBindings.gen.cpp Line: 51)
06-20 22:16:28.123 15966 15981 I Unity   :
06-20 22:16:28.123 15966 15981 E Unity   : NetworkClient Send when not connected to a server
06-20 22:16:28.123 15966 15981 E Unity   :
06-20 22:16:28.123 15966 15981 E Unity   : (Filename: ./artifacts/generated/common/runtime/DebugBindings.gen.cpp Line: 51)
06-20 22:16:28.123 15966 15981 E Unity   :
06-20 22:16:28.141 15966 15981 I Unity   : ACCELERATION_XYZ: 0.9270756 -4.40556 0.4455895 EULER_ANGLES_XYZ 358.4666 355.9752 356.0933 False 0.9125966 False 0.6399994 29 0.4716045
06-20 22:16:28.141 15966 15981 I Unity   :
06-20 22:16:28.141 15966 15981 I Unity   : (Filename: ./artifacts/generated/common/runtime/DebugBindings.gen.cpp Line: 51)
06-20 22:16:28.141 15966 15981 I Unity   :
06-20 22:16:28.141 15966 15981 E Unity   : NetworkClient Send when not connected to a server
06-20 22:16:28.141 15966 15981 E Unity   :
06-20 22:16:28.141 15966 15981 E Unity   : (Filename: ./artifacts/generated/common/runtime/DebugBindings.gen.cpp Line: 51)
06-20 22:16:28.141 15966 15981 E Unity   :
06-20 22:16:28.156 15966 15981 I Unity   : ACCELERATION_XYZ: 1.210614 -0.02483177 0.7177469 EULER_ANGLES_XYZ 359.2029 356.1333 355.8059 False 0.9125966 False 0.6399994 29 0.4716045
06-20 22:16:28.156 15966 15981 I Unity   :
06-20 22:16:28.156 15966 15981 I Unity   : (Filename: ./artifacts/generated/common/runtime/DebugBindings.gen.cpp Line: 51)
06-20 22:16:28.156 15966 15981 I Unity   :
06-20 22:16:28.156 15966 15981 E Unity   : NetworkClient Send when not connected to a server
06-20 22:16:28.156 15966 15981 E Unity   :
06-20 22:16:28.156 15966 15981 E Unity   : (Filename: ./artifacts/generated/common/runtime/DebugBindings.gen.cpp Line: 51)
06-20 22:16:28.156 15966 15981 E Unity   :
06-20 22:16:28.174 15966 15981 I Unity   : ACCELERATION_XYZ: 1.302245 3.76622 0.2546594 EULER_ANGLES_XYZ 358.9019 356.3919 355.6401 False 0.9125966 False 0.6399994 29 0.4716045
06-20 22:16:28.174 15966 15981 I Unity   :
06-20 22:16:28.174 15966 15981 I Unity   : (Filename: ./artifacts/generated/common/runtime/DebugBindings.gen.cpp Line: 51)
06-20 22:16:28.174 15966 15981 I Unity   :
06-20 22:16:28.174 15966 15981 E Unity   : NetworkClient Send when not connected to a server
06-20 22:16:28.174 15966 15981 E Unity   :
06-20 22:16:28.174 15966 15981 E Unity   : (Filename: ./artifacts/generated/common/runtime/DebugBindings.gen.cpp Line: 51)
06-20 22:16:28.174 15966 15981 E Unity   :
06-20 22:16:28.206 15966 15981 I Unity   : ACCELERATION_XYZ: 0.48463 2.09788 0.6437438 EULER_ANGLES_XYZ 357.969 356.701 355.663 False 0.9125966 False 0.6399994 29 0.4888964
06-20 22:16:28.206 15966 15981 I Unity   :
06-20 22:16:28.206 15966 15981 I Unity   : (Filename: ./artifacts/generated/common/runtime/DebugBindings.gen.cpp Line: 51)
06-20 22:16:28.206 15966 15981 I Unity   :
06-20 22:16:28.206 15966 15981 E Unity   : NetworkClient Send when not connected to a server
06-20 22:16:28.206 15966 15981 E Unity   :
06-20 22:16:28.206 15966 15981 E Unity   : (Filename: ./artifacts/generated/common/runtime/DebugBindings.gen.cpp Line: 51)
06-20 22:16:28.206 15966 15981 E Unity   :
06-20 22:16:28.223 15966 15981 I Unity   : ACCELERATION_XYZ: 0.2965669 -0.4950981 0.203461 EULER_ANGLES_XYZ 358.1892 356.7055 355.6323 False 0.9125966 False 0.6399994 29 0.4888964
06-20 22:16:28.223 15966 15981 I Unity   :
06-20 22:16:28.223 15966 15981 I Unity   : (Filename: ./artifacts/generated/common/runtime/DebugBindings.gen.cpp Line: 51)
06-20 22:16:28.223 15966 15981 I Unity   :
06-20 22:16:28.223 15966 15981 E Unity   : NetworkClient Send when not connected to a server
06-20 22:16:28.223 15966 15981 E Unity   :
06-20 22:16:28.223 15966 15981 E Unity   : (Filename: ./artifacts/generated/common/runtime/DebugBindings.gen.cpp Line: 51)
06-20 22:16:28.223 15966 15981 E Unity   :
06-20 22:16:28.226 15981 15981 W UnityMain: type=1400 audit(0.0:285): avc: denied { read } for name="thread" dev="sysfs" ino=30576 scontext=u:r:untrusted_app:s0:c512,c768 tcontext=u:object_r:sysfs:s0 tclass=dir permissive=0
06-20 22:16:28.240 15966 15981 I Unity   : ACCELERATION_XYZ: 0.369454 -0.3877173 -0.06140162 EULER_ANGLES_XYZ 358.5792 356.8162 355.6362 False 0.9125966 False 0.6399994 29 0.4423708
06-20 22:16:28.240 15966 15981 I Unity   :
06-20 22:16:28.240 15966 15981 I Unity   : (Filename: ./artifacts/generated/common/runtime/DebugBindings.gen.cpp Line: 51)
06-20 22:16:28.240 15966 15981 I Unity   :
06-20 22:16:28.240 15966 15981 E Unity   : NetworkClient Send when not connected to a server
06-20 22:16:28.240 15966 15981 E Unity   :
06-20 22:16:28.240 15966 15981 E Unity   : (Filename: ./artifacts/generated/common/runtime/DebugBindings.gen.cpp Line: 51)
06-20 22:16:28.240 15966 15981 E Unity   :
06-20 22:16:28.256 15966 15981 I Unity   : ACCELERATION_XYZ: 0.4715463 1.503369 -0.08180974 EULER_ANGLES_XYZ 358.6002 356.854 355.8606 False 0.9125966 False 0.6399994 29 0.4423708
06-20 22:16:28.256 15966 15981 I Unity   :
06-20 22:16:28.256 15966 15981 I Unity   : (Filename: ./artifacts/generated/common/runtime/DebugBindings.gen.cpp Line: 51)
06-20 22:16:28.256 15966 15981 I Unity   :
06-20 22:16:28.256 15966 15981 E Unity   : NetworkClient Send when not connected to a server
06-20 22:16:28.256 15966 15981 E Unity   :
06-20 22:16:28.256 15966 15981 E Unity   : (Filename: ./artifacts/generated/common/runtime/DebugBindings.gen.cpp Line: 51)
