06-20 22:16:24.314 15966 15981 E Unity   : (Filename: ./artifacts/generated/common/runtime/DebugBindings.gen.cpp Line: 51)
06-20 22:16:24.314 15966 15981 E Unity   :
06-20 22:16:24.331 15966 15981 I Unity   : ACCELERATION_XYZ: 0.4083372 3.327248 0.3932667 EULER_ANGLES_XYZ 7.56551 356.2302 354.2085 False 0.9125966 False 0.6399994 23 0.7739939
06-20 22:16:24.331 15966 15981 I Unity   :
06-20 22:16:24.331 15966 15981 I Unity   : (Filename: ./artifacts/generated/common/runtime/DebugBindings.gen.cpp Line: 51)
06-20 22:16:24.331 15966 15981 I Unity   :
06-20 22:16:24.331 15966 15981 E Unity   : NetworkClient Send when not connected to a server
06-20 22:16:24.331 15966 15981 E Unity   :
06-20 22:16:24.331 15966 15981 E Unity   : (Filename: ./artifacts/generated/common/runtime/DebugBindings.gen.cpp Line: 51)
06-20 22:16:24.331 15966 15981 E Unity   :
06-20 22:16:24.364 15966 15981 I Unity   : ACCELERATION_XYZ: 0.8610734 2.001747 -0.0853795 EULER_ANGLES_XYZ 7.604194 355.9809 354.3995 False 0.9125966 False 0.6399994 23 0.8196886
06-20 22:16:24.364 15966 15981 I Unity   :
06-20 22:16:24.364 15966 15981 I Unity   : (Filename: ./artifacts/generated/common/runtime/DebugBindings.gen.cpp Line: 51)
06-20 22:16:24.364 15966 15981 I Unity   :
06-20 22:16:24.365 15966 15981 E Unity   : NetworkClient Send when not connected to a server
06-20 22:16:24.365 15966 15981 E Unity   :
06-20 22:16:24.365 15966 15981 E Unity   : (Filename: ./artifacts/generated/common/runtime/DebugBindings.gen.cpp Line: 51)
06-20 22:16:24.365 15966 15981 E Unity   :
06-20 22:16:24.380 15966 15981 I Unity   : ACCELERATION_XYZ: 0.542209 1.943702 0.1440286 EULER_ANGLES_XYZ 7.688516 355.7174 354.741 False 0.9125966 False 0.6399994 23 0.8527604
06-20 22:16:24.380 15966 15981 I Unity   :
06-20 22:16:24.380 15966 15981 I Unity   : (Filename: ./artifacts/generated/common/runtime/DebugBindings.gen.cpp Line: 51)
06-20 22:16:24.380 15966 15981 I Unity   :
06-20 22:16:24.380 15966 15981 E Unity   : NetworkClient Send when not connected to a server
06-20 22:16:24.380 15966 15981 E Unity   :
06-20 22:16:24.380 15966 15981 E Unity   : (Filename: ./artifacts/generated/common/runtime/DebugBindings.gen.cpp Line: 51)
06-20 22:16:24.380 15966 15981 E Unity   :
06-20 22:16:24.397 15966 15981 I Unity   : ACCELERATION_XYZ: 0.5257512 1.470511 0.190971 EULER_ANGLES_XYZ 7.547789 355.4209 354.9684 False 0.9125966 False 0.6399994 23 0.8755709
06-20 22:16:24.397 15966 15981 I Unity   :
06-20 22:16:24.397 15966 15981 I Unity   : (Filename: ./artifacts/generated/common/runtime/DebugBindings.gen.cpp Line: 51)
06-20 22:16:24.397 15966 15981 I Unity   :
06-20 22:16:24.397 15966 15981 E Unity   : NetworkClient Send when not connected to a server
06-20 22:16:24.397 15966 15981 E Unity   :
06-20 22:16:24.397 15966 15981 E Unity   : (Filename: ./artifacts/generated/common/runtime/DebugBindings.gen.cpp Line: 51)
06-20 22:16:24.397 15966 15981 E Unity   :
06-20 22:16:24.415 15966 15981 I Unity   : ACCELERATION_XYZ: 0.814386 1.214188 -0.0564514 EULER_ANGLES_XYZ 7.114928 355.2328 355.2282 False 0.9125966 False 0.6399994 23 0.8905841
06-20 22:16:24.415 15966 15981 I Unity   :
06-20 22:16:24.415 15966 15981 I Unity   : (Filename: ./artifacts/generated/common/runtime/DebugBindings.gen.cpp Line: 51)
06-20 22:16:24.415 15966 15981 I Unity   :
06-20 22:16:24.415 15966 15981 E Unity   : NetworkClient Send when not connected to a server
06-20 22:16:24.415 15966 15981 E Unity   :
06-20 22:16:24.415 15966 15981 E Unity   : (Filename: ./artifacts/generated/common/runtime/DebugBindings.gen.cpp Line: 51)
06-20 22:16:24.415 15966 15981 E Unity   :
06-20 22:16:24.431 15966 15981 I Unity   : ACCELERATION_XYZ: 0.9925709 0.446476 0.03203334 EULER_ANGLES_XYZ 6.610673 355.1146 355.3904 False 0.9125966 False 0.6399994 23 0.8905841
06-20 22:16:24.431 15966 15981 I Unity   :
06-20 22:16:24.431 15966 15981 I Unity   : (Filename: ./artifacts/generated/common/runtime/DebugBindings.gen.cpp Line: 51)
06-20 22:16:24.431 15966 15981 I Unity   :
06-20 22:16:24.431 15966 15981 E Unity   : NetworkClient Send when not connected to a server
06-20 22:16:24.431 15966 15981 E Unity   :
06-20 22:16:24.431 15966 15981 E Unity   : (Filename: ./artifacts/generated/common/runtime/DebugBindings.gen.cpp Line: 51)
06-20 22:16:24.431 15966 15981 E Unity   :
06-20 22:16:24.464 15966 15981 I Unity   : ACCELERATION_XYZ: 1.030279 -1.33265 -0.07423736 EULER_ANGLES_XYZ 5.912268 355.1434 355.308 False 0.9125966 False 0.6399994 23 0.8905841
06-20 22:16:24.464 15966 15981 I Unity   :
06-20 22:16:24.464 15966 15981 I Unity   : (Filename: ./artifacts/generated/common/runtime/DebugBindings.gen.cpp Line: 51)
06-20 22:16:24.464 15966 15981 I Unity   :
06-20 22:16:24.464 15966 15981 E Unity   : NetworkClient Send when not connected to a server
06-20 22:16:24.464 15966 15981 E Unity   :
06-20 22:16:24.464 15966 15981 E Unity   : (Filename: ./artifacts/generated/common/runtime/DebugBindings.gen.cpp Line: 51)
06-20 22:16:24.464 15966 15981 E Unity   :
06-20 22:16:24.481 15966 15981 I Unity   : ACCELERATION_XYZ: 0.7804381 -1.720989 -0.1741202 EULER_ANGLES_XYZ 5.962461 355.2079 355.1062 False 0.9125966 False 0.6399994 23 0.8914471
06-20 22:16:24.481 15966 15981 I Unity   :
06-20 22:16:24.481 15966 15981 I Unity   : (Filename: ./artifacts/generated/common/runtime/DebugBindings.gen.cpp Line: 51)
06-20 22:16:24.481 15966 15981 I Unity   :
06-20 22:16:24.482 15966 15981 E Unity   : NetworkClient Send when not connected to a server
06-20 22:16:24.482 15966 15981 E Unity   :
06-20 22:16:24.482 15966 15981 E Unity   : (Filename: ./artifacts/generated/common/runtime/DebugBindings.gen.cpp Line: 51)
06-20 22:16:24.482 15966 15981 E Unity   :
06-20 22:16:24.497 15966 15981 I Unity   : ACCELERATION_XYZ: 0.6738862 -1.136753 -0.1831989 EULER_ANGLES_XYZ 6.087643 355.306 354.9821 False 0.9125966 False 0.6399994 23 0.8930731
06-20 22:16:24.497 15966 15981 I Unity   :
06-20 22:16:24.497 15966 15981 I Unity   : (Filename: ./artifacts/generated/common/runtime/DebugBindings.gen.cpp Line: 51)
06-20 22:16:24.497 15966 15981 I Unity   :
06-20 22:16:24.497 15966 15981 E Unity   : NetworkClient Send when not connected to a server
06-20 22:16:24.497 15966 15981 E Unity   :
06-20 22:16:24.497 15966 15981 E Unity   : (Filename: ./artifacts/generated/common/runtime/DebugBindings.gen.cpp Line: 51)
06-20 22:16:24.497 15966 15981 E Unity   :
06-20 22:16:24.514 15966 15981 I Unity   : ACCELERATION_XYZ: 0.5474756 -0.690362 -0.2170989 EULER_ANGLES_XYZ 6.190335 355.4742 354.8406 False 0.9125966 False 0.6399994 23 0.8930731
06-20 22:16:24.514 15966 15981 I Unity   :
06-20 22:16:24.514 15966 15981 I Unity   : (Filename: ./artifacts/generated/common/runtime/DebugBindings.gen.cpp Line: 51)
06-20 22:16:24.514 15966 15981 I Unity   :
06-20 22:16:24.514 15966 15981 E Unity   : NetworkClient Send when not connected to a server
06-20 22:16:24.514 15966 15981 E Unity   :
06-20 22:16:24.514 15966 15981 E Unity   : (Filename: ./artifacts/generated/common/runtime/DebugBindings.gen.cpp Line: 51)
06-20 22:16:24.514 15966 15981 E Unity   :
06-20 22:16:24.531 15966 15981 I Unity   : ACCELERATION_XYZ: 0.3818108 -0.432642 -0.1796333 EULER_ANGLES_XYZ 6.407869 355.6516 354.7876 False 0.9125966 False 0.6399994 23 0.8080841
06-20 22:16:24.531 15966 15981 I Unity   :
06-20 22:16:24.531 15966 15981 I Unity   : (Filename: ./artifacts/generated/common/runtime/DebugBindings.gen.cpp Line: 51)
06-20 22:16:24.531 15966 15981 I Unity   :
06-20 22:16:24.531 15966 15981 E Unity   : NetworkClient Send when not connected to a server
06-20 22:16:24.531 15966 15981 E Unity   :
06-20 22:16:24.531 15966 15981 E Unity   : (Filename: ./artifacts/generated/common/runtime/DebugBindings.gen.cpp Line: 51)
06-20 22:16:24.531 15966 15981 E Unity   :
06-20 22:16:24.564 15966 15981 I Unity   : ACCELERATION_XYZ: 0.07767775 0.6505757 0.04702438 EULER_ANGLES_XYZ 6.527756 355.8974 354.7144 False 0.9125966 False 0.6399994 23 0.6616066
06-20 22:16:24.564 15966 15981 I Unity   :
06-20 22:16:24.564 15966 15981 I Unity   : (Filename: ./artifacts/generated/common/runtime/DebugBindings.gen.cpp Line: 51)
06-20 22:16:24.564 15966 15981 I Unity   :
06-20 22:16:24.564 15966 15981 E Unity   : NetworkClient Send when not connected to a server
06-20 22:16:24.564 15966 15981 E Unity   :
06-20 22:16:24.564 15966 15981 E Unity   : (Filename: ./artifacts/generated/common/runtime/DebugBindings.gen.cpp Line: 51)
06-20 22:16:24.564 15966 15981 E Unity   :
06-20 22:16:24.581 15966 15981 I Unity   : ACCELERATION_XYZ: -0.1989069 1.016317 0.2362349 EULER_ANGLES_XYZ 6.451139 355.8432 354.6776 False 0.9125966 False 0.6399994 23 0.6616066
06-20 22:16:24.581 15966 15981 I Unity   :
06-20 22:16:24.581 15966 15981 I Unity   : (Filename: ./artifacts/generated/common/runtime/DebugBindings.gen.cpp Line: 51)
06-20 22:16:24.581 15966 15981 I Unity   :
06-20 22:16:24.581 15966 15981 E Unity   : NetworkClient Send when not connected to a server
06-20 22:16:24.581 15966 15981 E Unity   :
06-20 22:16:24.581 15966 15981 E Unity   : (Filename: ./artifacts/generated/common/runtime/DebugBindings.gen.cpp Line: 51)
06-20 22:16:24.581 15966 15981 E Unity   :
06-20 22:16:24.597 15966 15981 I Unity   : ACCELERATION_XYZ: -0.06738217 1.505006 0.3101581 EULER_ANGLES_XYZ 6.17662 355.833 354.4883 False 0.9125966 False 0.6399994 23 0.6714483
06-20 22:16:24.597 15966 15981 I Unity   :
06-20 22:16:24.597 15966 15981 I Unity   : (Filename: ./artifacts/generated/common/runtime/DebugBindings.gen.cpp Line: 51)
06-20 22:16:24.597 15966 15981 I Unity   :
06-20 22:16:24.598 15966 15981 E Unity   : NetworkClient Send when not connected to a server
06-20 22:16:24.598 15966 15981 E Unity   :
06-20 22:16:24.598 15966 15981 E Unity   : (Filename: ./artifacts/generated/common/runtime/DebugBindings.gen.cpp Line: 51)
06-20 22:16:24.598 15966 15981 E Unity   :
06-20 22:16:24.614 15966 15981 I Unity   : ACCELERATION_XYZ: 0.2835744 1.192646 0.210262 EULER_ANGLES_XYZ 5.793417 355.8247 354.3705 False 0.9125966 False 0.6399994 23 0.689989
06-20 22:16:24.614 15966 15981 I Unity   :
06-20 22:16:24.614 15966 15981 I Unity   : (Filename: ./artifacts/generated/common/runtime/DebugBindings.gen.cpp Line: 51)
06-20 22:16:24.614 15966 15981 I Unity   :
06-20 22:16:24.614 15966 15981 E Unity   : NetworkClient Send when not connected to a server
06-20 22:16:24.614 15966 15981 E Unity   :
06-20 22:16:24.614 15966 15981 E Unity   : (Filename: ./artifacts/generated/common/runtime/DebugBindings.gen.cpp Line: 51)
06-20 22:16:24.614 15966 15981 E Unity   :
06-20 22:16:24.632 15966 15981 I Unity   : ACCELERATION_XYZ: 0.3721432 0.4260302 0.2127658 EULER_ANGLES_XYZ 5.472113 355.7893 354.3318 False 0.9125966 False 0.6399994 23 0.689989
06-20 22:16:24.632 15966 15981 I Unity   :
06-20 22:16:24.632 15966 15981 I Unity   : (Filename: ./artifacts/generated/common/runtime/DebugBindings.gen.cpp Line: 51)
06-20 22:16:24.632 15966 15981 I Unity   :
06-20 22:16:24.632 15966 15981 E Unity   : NetworkClient Send when not connected to a server
06-20 22:16:24.632 15966 15981 E Unity   :
06-20 22:16:24.632 15966 15981 E Unity   : (Filename: ./artifacts/generated/common/runtime/DebugBindings.gen.cpp Line: 51)
06-20 22:16:24.632 15966 15981 E Unity   :
06-20 22:16:24.665 15966 15981 I Unity   : ACCELERATION_XYZ: 0.5593026 -0.5983047 0.4198848 EULER_ANGLES_XYZ 5.200452 355.7006 354.4308 False 0.9125966 False 0.6399994 23 0.6243265
06-20 22:16:24.665 15966 15981 I Unity   :
06-20 22:16:24.665 15966 15981 I Unity   : (Filename: ./artifacts/generated/common/runtime/DebugBindings.gen.cpp Line: 51)
06-20 22:16:24.665 15966 15981 I Unity   :
06-20 22:16:24.665 15966 15981 E Unity   : NetworkClient Send when not connected to a server
06-20 22:16:24.665 15966 15981 E Unity   :
06-20 22:16:24.665 15966 15981 E Unity   : (Filename: ./artifacts/generated/common/runtime/DebugBindings.gen.cpp Line: 51)
06-20 22:16:24.665 15966 15981 E Unity   :
06-20 22:16:24.681 15966 15981 I Unity   : ACCELERATION_XYZ: 0.5635984 -0.6105852 0.5059056 EULER_ANGLES_XYZ 5.05325 355.6368 354.5828 False 0.9125966 False 0.6399994 23 0.5111529
06-20 22:16:24.681 15966 15981 I Unity   :
06-20 22:16:24.681 15966 15981 I Unity   : (Filename: ./artifacts/generated/common/runtime/DebugBindings.gen.cpp Line: 51)
06-20 22:16:24.681 15966 15981 I Unity   :
06-20 22:16:24.681 15966 15981 E Unity   : NetworkClient Send when not connected to a server
06-20 22:16:24.681 15966 15981 E Unity   :
06-20 22:16:24.681 15966 15981 E Unity   : (Filename: ./artifacts/generated/common/runtime/DebugBindings.gen.cpp Line: 51)
06-20 22:16:24.681 15966 15981 E Unity   :
06-20 22:16:24.698 15966 15981 I Unity   : ACCELERATION_XYZ: 0.5063983 -0.5890322 0.6903616 EULER_ANGLES_XYZ 4.788695 355.5017 354.7437 False 0.9125966 False 0.6399994 23 0.3786688
06-20 22:16:24.698 15966 15981 I Unity   :
06-20 22:16:24.698 15966 15981 I Unity   : (Filename: ./artifacts/generated/common/runtime/DebugBindings.gen.cpp Line: 51)
06-20 22:16:24.698 15966 15981 I Unity   :
06-20 22:16:24.699 15966 15981 E Unity   : NetworkClient Send when not connected to a server
06-20 22:16:24.699 15966 15981 E Unity   :
06-20 22:16:24.699 15966 15981 E Unity   : (Filename: ./artifacts/generated/common/runtime/DebugBindings.gen.cpp Line: 51)
06-20 22:16:24.699 15966 15981 E Unity   :
06-20 22:16:24.715  1836 16322 D [OAR] VrShellAnalyticsUploader: User-Agent: VrShellAnalytics2/1.0.0 [FBAN/OculusVrShell;FBAV/2.15.3;FBBV/112289701;FBBD/oculus;FBBPD/pacific;FBMF/Oculus;FBDV/Pacific;FBSV/7.1.2;FBPN/com.oculus.vrshell;]
06-20 22:16:24.716 15966 15981 I Unity   : ACCELERATION_XYZ: 0.3401839 -0.8243657 0.5399774 EULER_ANGLES_XYZ 4.50544 355.3542 354.8603 False 0.9125966 False 0.6399994 23 0.3786688
06-20 22:16:24.716 15966 15981 I Unity   :
06-20 22:16:24.716 15966 15981 I Unity   : (Filename: ./artifacts/generated/common/runtime/DebugBindings.gen.cpp Line: 51)
06-20 22:16:24.716 15966 15981 I Unity   :
06-20 22:16:24.716 15966 15981 E Unity   : NetworkClient Send when not connected to a server
06-20 22:16:24.716 15966 15981 E Unity   :
06-20 22:16:24.716 15966 15981 E Unity   : (Filename: ./artifacts/generated/common/runtime/DebugBindings.gen.cpp Line: 51)
06-20 22:16:24.716 15966 15981 E Unity   :
06-20 22:16:24.731  1879  1971 E DatabaseUtils: Writing exception to parcel
06-20 22:16:24.731  1879  1971 E DatabaseUtils: java.lang.SecurityException: Component access not allowed.
06-20 22:16:24.731  1879  1971 E DatabaseUtils:         at com.oculus.content.PermissionChecks.throwAccessException(PermissionChecks.java:91)
06-20 22:16:24.731  1879  1971 E DatabaseUtils:         at com.oculus.content.AbstractContentProvider.enforcePermissions(AbstractContentProvider.java:209)
06-20 22:16:24.731  1879  1971 E DatabaseUtils:         at com.oculus.content.AbstractContentProvider.ensureInitializedAndEnforcePermissions(AbstractContentProvider.java:215)
06-20 22:16:24.731  1879  1971 E DatabaseUtils:         at com.oculus.content.AbstractContentProvider.query(AbstractContentProvider.java:366)
06-20 22:16:24.731  1879  1971 E DatabaseUtils:         at android.content.ContentProvider$Transport.query(ContentProvider.java:239)
06-20 22:16:24.731  1879  1971 E DatabaseUtils:         at android.content.ContentProviderNative.onTransact(ContentProviderNative.java:112)
06-20 22:16:24.731  1879  1971 E DatabaseUtils:         at android.os.Binder.execTransact(Binder.java:565)
06-20 22:16:24.732 15966 15981 I Unity   : ACCELERATION_XYZ: 0.3425782 -1.494395 0.5341313 EULER_ANGLES_XYZ 4.474082 355.2268 354.8965 False 0.9125966 False 0.6399994 23 0.3996049
06-20 22:16:24.732 15966 15981 I Unity   :
06-20 22:16:24.732 15966 15981 I Unity   : (Filename: ./artifacts/generated/common/runtime/DebugBindings.gen.cpp Line: 51)
06-20 22:16:24.732 15966 15981 I Unity   :
06-20 22:16:24.732 15966 15981 E Unity   : NetworkClient Send when not connected to a server
06-20 22:16:24.732 15966 15981 E Unity   :
06-20 22:16:24.732 15966 15981 E Unity   : (Filename: ./artifacts/generated/common/runtime/DebugBindings.gen.cpp Line: 51)
06-20 22:16:24.732 15966 15981 E Unity   :
06-20 22:16:24.739  1836 16322 E FbConnectHelper: Failed to query FB auth token from Horizon
06-20 22:16:24.739  1836 16322 E FbConnectHelper: java.lang.SecurityException: Component access not allowed.
06-20 22:16:24.739  1836 16322 E FbConnectHelper:       at android.os.Parcel.readException(Parcel.java:1684)
06-20 22:16:24.739  1836 16322 E FbConnectHelper:       at android.database.DatabaseUtils.readExceptionFromParcel(DatabaseUtils.java:183)
06-20 22:16:24.739  1836 16322 E FbConnectHelper:       at android.database.DatabaseUtils.readExceptionFromParcel(DatabaseUtils.java:135)
06-20 22:16:24.739  1836 16322 E FbConnectHelper:       at android.content.ContentProviderProxy.query(ContentProviderNative.java:421)
06-20 22:16:24.739  1836 16322 E FbConnectHelper:       at android.content.ContentResolver.query(ContentResolver.java:534)
06-20 22:16:24.739  1836 16322 E FbConnectHelper:       at android.content.ContentResolver.query(ContentResolver.java:475)
06-20 22:16:24.739  1836 16322 E FbConnectHelper:       at com.oculus.fbconnecthelper.FbConnectHelper.queryFbAuthTokenFromHorizon(FbConnectHelper.java:76)
06-20 22:16:24.739  1836 16322 E FbConnectHelper:       at com.oculus.fbconnecthelper.FbConnectHelper.getFbAuthToken(FbConnectHelper.java:113)
06-20 22:16:24.739  1836 16322 E FbConnectHelper:       at com.oculus.analytics.SimpleUploader.getAccessToken(SimpleUploader.java:44)
06-20 22:16:24.739  1836 16322 E FbConnectHelper:       at com.facebook.analytics2.uploader.okhttp3.OkHttp3AnalyticsUploader.createRequest(OkHttp3AnalyticsUploader.java:119)
06-20 22:16:24.739  1836 16322 E FbConnectHelper:       at com.facebook.analytics2.uploader.okhttp3.OkHttp3AnalyticsUploader.upload(OkHttp3AnalyticsUploader.java:89)
06-20 22:16:24.739  1836 16322 E FbConnectHelper:       at com.facebook.analytics2.logger.UploadProcessor.uploadNext(UploadProcessor.java:49)
06-20 22:16:24.739  1836 16322 E FbConnectHelper:       at com.facebook.analytics2.logger.UploadJobHandler.doMaybeUploadNext(UploadJobHandler.java:183)
06-20 22:16:24.739  1836 16322 E FbConnectHelper:       at com.facebook.analytics2.logger.UploadJobHandler.handleMessage(UploadJobHandler.java:86)
06-20 22:16:24.739  1836 16322 E FbConnectHelper:       at android.os.Handler.dispatchMessage(Handler.java:102)
06-20 22:16:24.739  1836 16322 E FbConnectHelper:       at android.os.Looper.loop(Looper.java:154)
06-20 22:16:24.739  1836 16322 E FbConnectHelper:       at android.os.HandlerThread.run(HandlerThread.java:61)
06-20 22:16:24.765 15966 15981 I Unity   : ACCELERATION_XYZ: 0.6686593 0.9875784 1.351491 EULER_ANGLES_XYZ 5.966468 355.1688 354.9282 False 0.9125966 False 0.6399994 23 0.4390464
06-20 22:16:24.765 15966 15981 I Unity   :
06-20 22:16:24.765 15966 15981 I Unity   : (Filename: ./artifacts/generated/common/runtime/DebugBindings.gen.cpp Line: 51)
06-20 22:16:24.765 15966 15981 I Unity   :
06-20 22:16:24.765 15966 15981 E Unity   : NetworkClient Send when not connected to a server
06-20 22:16:24.765 15966 15981 E Unity   :
06-20 22:16:24.765 15966 15981 E Unity   : (Filename: ./artifacts/generated/common/runtime/DebugBindings.gen.cpp Line: 51)
06-20 22:16:24.765 15966 15981 E Unity   :
06-20 22:16:24.782 15966 15981 I Unity   : ACCELERATION_XYZ: 0.7724622 6.262105 0.02240926 EULER_ANGLES_XYZ 5.08722 355.3228 355.351 False 0.9724188 True 0.6200008 24 0.4993612
06-20 22:16:24.782 15966 15981 I Unity   :
06-20 22:16:24.782 15966 15981 I Unity   : (Filename: ./artifacts/generated/common/runtime/DebugBindings.gen.cpp Line: 51)
06-20 22:16:24.782 15966 15981 I Unity   :
06-20 22:16:24.783 15966 15981 E Unity   : NetworkClient Send when not connected to a server
06-20 22:16:24.783 15966 15981 E Unity   :
06-20 22:16:24.783 15966 15981 E Unity   : (Filename: ./artifacts/generated/common/runtime/DebugBindings.gen.cpp Line: 51)
06-20 22:16:24.783 15966 15981 E Unity   :
06-20 22:16:24.797 15966 15981 I Unity   : ACCELERATION_XYZ: -0.09319038 2.912304 0.8970478 EULER_ANGLES_XYZ 4.650001 355.301 355.6736 False 0.9724188 False 0.6200008 24 0.5693057
06-20 22:16:24.797 15966 15981 I Unity   :
06-20 22:16:24.797 15966 15981 I Unity   : (Filename: ./artifacts/generated/common/runtime/DebugBindings.gen.cpp Line: 51)
06-20 22:16:24.797 15966 15981 I Unity   :
06-20 22:16:24.798 15966 15981 E Unity   : NetworkClient Send when not connected to a server
06-20 22:16:24.798 15966 15981 E Unity   :
06-20 22:16:24.798 15966 15981 E Unity   : (Filename: ./artifacts/generated/common/runtime/DebugBindings.gen.cpp Line: 51)
06-20 22:16:24.798 15966 15981 E Unity   :
06-20 22:16:24.815 15966 15981 I Unity   : ACCELERATION_XYZ: -0.2340187 1.632025 0.8593532 EULER_ANGLES_XYZ 4.102964 355.2921 355.7886 False 0.9724188 False 0.6200008 24 0.6423779
06-20 22:16:24.815 15966 15981 I Unity   :
06-20 22:16:24.815 15966 15981 I Unity   : (Filename: ./artifacts/generated/common/runtime/DebugBindings.gen.cpp Line: 51)
06-20 22:16:24.815 15966 15981 I Unity   :
06-20 22:16:24.815 15966 15981 E Unity   : NetworkClient Send when not connected to a server
06-20 22:16:24.815 15966 15981 E Unity   :
06-20 22:16:24.815 15966 15981 E Unity   : (Filename: ./artifacts/generated/common/runtime/DebugBindings.gen.cpp Line: 51)
06-20 22:16:24.815 15966 15981 E Unity   :
06-20 22:16:24.832 15966 15981 I Unity   : ACCELERATION_XYZ: 0.04198351 1.601266 0.07706731 EULER_ANGLES_XYZ 3.145936 355.3512 355.9785 False 0.9724188 False 0.6200008 24 0.7127999
06-20 22:16:24.832 15966 15981 I Unity   :
06-20 22:16:24.832 15966 15981 I Unity   : (Filename: ./artifacts/generated/common/runtime/DebugBindings.gen.cpp Line: 51)
06-20 22:16:24.832 15966 15981 I Unity   :
06-20 22:16:24.832 15966 15981 E Unity   : NetworkClient Send when not connected to a server
06-20 22:16:24.832 15966 15981 E Unity   :
06-20 22:16:24.832 15966 15981 E Unity   : (Filename: ./artifacts/generated/common/runtime/DebugBindings.gen.cpp Line: 51)
06-20 22:16:24.832 15966 15981 E Unity   :
06-20 22:16:24.865 15966 15981 I Unity   : ACCELERATION_XYZ: -0.6529779 -3.546876 0.0334843 EULER_ANGLES_XYZ 2.99858 355.2402 355.9874 False 0.9724188 False 0.6200008 24 0.7762036
06-20 22:16:24.865 15966 15981 I Unity   :
06-20 22:16:24.865 15966 15981 I Unity   : (Filename: ./artifacts/generated/common/runtime/DebugBindings.gen.cpp Line: 51)
06-20 22:16:24.865 15966 15981 I Unity   :
06-20 22:16:24.865 15966 15981 E Unity   : NetworkClient Send when not connected to a server
06-20 22:16:24.865 15966 15981 E Unity   :
06-20 22:16:24.865 15966 15981 E Unity   : (Filename: ./artifacts/generated/common/runtime/DebugBindings.gen.cpp Line: 51)
06-20 22:16:24.865 15966 15981 E Unity   :
06-20 22:16:24.883 15966 15981 I Unity   : ACCELERATION_XYZ: -0.593277 -2.533556 -0.4778995 EULER_ANGLES_XYZ 3.585791 355.1384 355.7649 False 0.9724188 False 0.6200008 24 0.8299373
06-20 22:16:24.883 15966 15981 I Unity   :
06-20 22:16:24.883 15966 15981 I Unity   : (Filename: ./artifacts/generated/common/runtime/DebugBindings.gen.cpp Line: 51)
06-20 22:16:24.883 15966 15981 I Unity   :
06-20 22:16:24.883 15966 15981 E Unity   : NetworkClient Send when not connected to a server
06-20 22:16:24.883 15966 15981 E Unity   :
06-20 22:16:24.883 15966 15981 E Unity   : (Filename: ./artifacts/generated/common/runtime/DebugBindings.gen.cpp Line: 51)
06-20 22:16:24.883 15966 15981 E Unity   :
06-20 22:16:24.899 15966 15981 I Unity   : ACCELERATION_XYZ: -0.1929237 -0.1669846 -0.4989863 EULER_ANGLES_XYZ 3.821894 355.1501 355.647 False 0.9724188 False 0.6200008 24 0.8299373
06-20 22:16:24.899 15966 15981 I Unity   :
06-20 22:16:24.899 15966 15981 I Unity   : (Filename: ./artifacts/generated/common/runtime/DebugBindings.gen.cpp Line: 51)
06-20 22:16:24.899 15966 15981 I Unity   :
06-20 22:16:24.899 15966 15981 E Unity   : NetworkClient Send when not connected to a server
06-20 22:16:24.899 15966 15981 E Unity   :
06-20 22:16:24.899 15966 15981 E Unity   : (Filename: ./artifacts/generated/common/runtime/DebugBindings.gen.cpp Line: 51)
06-20 22:16:24.899 15966 15981 E Unity   :
06-20 22:16:24.915 15966 15981 I Unity   : ACCELERATION_XYZ: -0.01958492 0.8893366 -0.4794573 EULER_ANGLES_XYZ 3.810032 355.2585 355.6251 False 0.9724188 False 0.6200008 24 0.8299373
06-20 22:16:24.915 15966 15981 I Unity   :
06-20 22:16:24.915 15966 15981 I Unity   : (Filename: ./artifacts/generated/common/runtime/DebugBindings.gen.cpp Line: 51)
06-20 22:16:24.915 15966 15981 I Unity   :
06-20 22:16:24.915 15966 15981 E Unity   : NetworkClient Send when not connected to a server
06-20 22:16:24.915 15966 15981 E Unity   :
06-20 22:16:24.915 15966 15981 E Unity   : (Filename: ./artifacts/generated/common/runtime/DebugBindings.gen.cpp Line: 51)
06-20 22:16:24.915 15966 15981 E Unity   :
06-20 22:16:24.931 15966 15981 I Unity   : ACCELERATION_XYZ: -0.2329583 1.077854 -0.2232012 EULER_ANGLES_XYZ 3.750972 355.287 355.6699 False 0.9724188 False 0.6200008 24 0.8355242
06-20 22:16:24.931 15966 15981 I Unity   :
06-20 22:16:24.931 15966 15981 I Unity   : (Filename: ./artifacts/generated/common/runtime/DebugBindings.gen.cpp Line: 51)
06-20 22:16:24.931 15966 15981 I Unity   :
06-20 22:16:24.932 15966 15981 E Unity   : NetworkClient Send when not connected to a server
06-20 22:16:24.932 15966 15981 E Unity   :
06-20 22:16:24.932 15966 15981 E Unity   : (Filename: ./artifacts/generated/common/runtime/DebugBindings.gen.cpp Line: 51)
06-20 22:16:24.932 15966 15981 E Unity   :
06-20 22:16:24.965 15966 15981 I Unity   : ACCELERATION_XYZ: -0.4293327 1.519615 -0.2794544 EULER_ANGLES_XYZ 3.669468 355.3459 355.7218 False 0.9724188 False 0.6200008 24 0.8460494
06-20 22:16:24.965 15966 15981 I Unity   :
06-20 22:16:24.965 15966 15981 I Unity   : (Filename: ./artifacts/generated/common/runtime/DebugBindings.gen.cpp Line: 51)
06-20 22:16:24.965 15966 15981 I Unity   :
06-20 22:16:24.965 15966 15981 E Unity   : NetworkClient Send when not connected to a server
06-20 22:16:24.965 15966 15981 E Unity   :
06-20 22:16:24.965 15966 15981 E Unity   : (Filename: ./artifacts/generated/common/runtime/DebugBindings.gen.cpp Line: 51)
06-20 22:16:24.965 15966 15981 E Unity   :
06-20 22:16:24.982 15966 15981 I Unity   : ACCELERATION_XYZ: -0.347656 1.120751 -0.1871407 EULER_ANGLES_XYZ 3.522568 355.4011 355.6396 False 0.9724188 False 0.6200008 24 0.860339
06-20 22:16:24.982 15966 15981 I Unity   :
06-20 22:16:24.982 15966 15981 I Unity   : (Filename: ./artifacts/generated/common/runtime/DebugBindings.gen.cpp Line: 51)
06-20 22:16:24.982 15966 15981 I Unity   :
06-20 22:16:24.982 15966 15981 E Unity   : NetworkClient Send when not connected to a server
06-20 22:16:24.982 15966 15981 E Unity   :
06-20 22:16:24.982 15966 15981 E Unity   : (Filename: ./artifacts/generated/common/runtime/DebugBindings.gen.cpp Line: 51)
06-20 22:16:24.982 15966 15981 E Unity   :
06-20 22:16:24.999 15966 15981 I Unity   : ACCELERATION_XYZ: -0.3354472 0.4916191 -0.3125585 EULER_ANGLES_XYZ 3.400989 355.4768 355.4236 False 0.9724188 False 0.6200008 24 0.860339
06-20 22:16:24.999 15966 15981 I Unity   :
06-20 22:16:24.999 15966 15981 I Unity   : (Filename: ./artifacts/generated/common/runtime/DebugBindings.gen.cpp Line: 51)
06-20 22:16:24.999 15966 15981 I Unity   :
06-20 22:16:24.999 15966 15981 E Unity   : NetworkClient Send when not connected to a server
06-20 22:16:24.999 15966 15981 E Unity   :
06-20 22:16:24.999 15966 15981 E Unity   : (Filename: ./artifacts/generated/common/runtime/DebugBindings.gen.cpp Line: 51)
06-20 22:16:24.999 15966 15981 E Unity   :
06-20 22:16:25.016 15966 15981 I Unity   : ACCELERATION_XYZ: -0.4541378 0.04387379 -0.3094882 EULER_ANGLES_XYZ 3.367775 355.5041 355.2706 False 0.9724188 False 0.6200008 24 0.7784652
06-20 22:16:25.016 15966 15981 I Unity   :
06-20 22:16:25.016 15966 15981 I Unity   : (Filename: ./artifacts/generated/common/runtime/DebugBindings.gen.cpp Line: 51)
06-20 22:16:25.016 15966 15981 I Unity   :
06-20 22:16:25.016 15966 15981 E Unity   : NetworkClient Send when not connected to a server
06-20 22:16:25.016 15966 15981 E Unity   :
06-20 22:16:25.016 15966 15981 E Unity   : (Filename: ./artifacts/generated/common/runtime/DebugBindings.gen.cpp Line: 51)
06-20 22:16:25.016 15966 15981 E Unity   :
06-20 22:16:25.032 15966 15981 I Unity   : ACCELERATION_XYZ: -0.5796886 0.05106736 -0.1659872 EULER_ANGLES_XYZ 3.371752 355.4932 355.2751 False 0.9724188 False 0.6200008 24 0.6373504
06-20 22:16:25.032 15966 15981 I Unity   :
06-20 22:16:25.032 15966 15981 I Unity   : (Filename: ./artifacts/generated/common/runtime/DebugBindings.gen.cpp Line: 51)
06-20 22:16:25.032 15966 15981 I Unity   :
06-20 22:16:25.032 15966 15981 E Unity   : NetworkClient Send when not connected to a server
06-20 22:16:25.032 15966 15981 E Unity   :
06-20 22:16:25.032 15966 15981 E Unity   : (Filename: ./artifacts/generated/common/runtime/DebugBindings.gen.cpp Line: 51)
06-20 22:16:25.032 15966 15981 E Unity   :
06-20 22:16:25.066 15966 16319 I VrApi   : FPS=59,Prd=46ms,Tear=0,Early=59,Stale=0,VSnc=1,Lat=1,Fov=0,CPU2/GPU=2/2,1132/315MHz,OC=F,TA=E/0/0,SP=N/N/N,Mem=1017MHz,Free=1293MB,PSM=0,PLS=0,Temp=24.5C/0.0C,TW=0.00ms,App=0.00ms
06-20 22:16:25.067 15966 15981 I Unity   : ACCELERATION_XYZ: -0.4692961 0.780408 -0.03233796 EULER_ANGLES_XYZ 2.958987 355.4835 355.3492 False 0.9724188 False 0.6200008 24 0.6373504
06-20 22:16:25.067 15966 15981 I Unity   :
06-20 22:16:25.067 15966 15981 I Unity   : (Filename: ./artifacts/generated/common/runtime/DebugBindings.gen.cpp Line: 51)
06-20 22:16:25.067 15966 15981 I Unity   :
06-20 22:16:25.067 15966 15981 E Unity   : NetworkClient Send when not connected to a server
06-20 22:16:25.067 15966 15981 E Unity   :
06-20 22:16:25.067 15966 15981 E Unity   : (Filename: ./artifacts/generated/common/runtime/DebugBindings.gen.cpp Line: 51)
06-20 22:16:25.067 15966 15981 E Unity   :
06-20 22:16:25.078 15966 16320 I UtilPoller: GPU Util 0.233307 / CPU Util 0.591837 (avg 0.548527)
06-20 22:16:25.082 15966 15981 I Unity   : ACCELERATION_XYZ: -0.3435144 0.1948643 0.06286398 EULER_ANGLES_XYZ 2.717946 355.4792 355.3894 False 0.9724188 False 0.6200008 24 0.6373504
06-20 22:16:25.082 15966 15981 I Unity   :
06-20 22:16:25.082 15966 15981 I Unity   : (Filename: ./artifacts/generated/common/runtime/DebugBindings.gen.cpp Line: 51)
06-20 22:16:25.082 15966 15981 I Unity   :
06-20 22:16:25.082 15966 15981 E Unity   : NetworkClient Send when not connected to a server
06-20 22:16:25.082 15966 15981 E Unity   :
06-20 22:16:25.082 15966 15981 E Unity   : (Filename: ./artifacts/generated/common/runtime/DebugBindings.gen.cpp Line: 51)
06-20 22:16:25.082 15966 15981 E Unity   :
06-20 22:16:25.088  1836 16322 I art     : Waiting for a blocking GC DisableMovingGc
06-20 22:16:25.096  1836 16322 I art     : WaitForGcToComplete blocked for 8.450ms for cause DisableMovingGc
06-20 22:16:25.096  1836 16322 I art     : Starting a blocking GC DisableMovingGc
06-20 22:16:25.100 15966 15981 I Unity   : ACCELERATION_XYZ: -0.2214796 -0.3115005 -0.0110027 EULER_ANGLES_XYZ 2.531921 355.4937 355.4073 False 0.9724188 False 0.6200008 24 0.5766972
06-20 22:16:25.100 15966 15981 I Unity   :
06-20 22:16:25.100 15966 15981 I Unity   : (Filename: ./artifacts/generated/common/runtime/DebugBindings.gen.cpp Line: 51)
06-20 22:16:25.100 15966 15981 I Unity   :
06-20 22:16:25.100 15966 15981 E Unity   : NetworkClient Send when not connected to a server
06-20 22:16:25.100 15966 15981 E Unity   :
06-20 22:16:25.100 15966 15981 E Unity   : (Filename: ./artifacts/generated/common/runtime/DebugBindings.gen.cpp Line: 51)
06-20 22:16:25.100 15966 15981 E Unity   :
06-20 22:16:25.116 15966 15981 I Unity   : ACCELERATION_XYZ: -0.2375211 -0.7499762 0.03397951 EULER_ANGLES_XYZ 2.475508 355.5224 355.4398 False 0.9724188 False 0.6200008 24 0.4721576
06-20 22:16:25.116 15966 15981 I Unity   :
06-20 22:16:25.116 15966 15981 I Unity   : (Filename: ./artifacts/generated/common/runtime/DebugBindings.gen.cpp Line: 51)
06-20 22:16:25.116 15966 15981 I Unity   :
06-20 22:16:25.116 15966 15981 E Unity   : NetworkClient Send when not connected to a server
06-20 22:16:25.116 15966 15981 E Unity   :
06-20 22:16:25.116 15966 15981 E Unity   : (Filename: ./artifacts/generated/common/runtime/DebugBindings.gen.cpp Line: 51)
06-20 22:16:25.116 15966 15981 E Unity   :
06-20 22:16:25.134 15966 15981 I Unity   : ACCELERATION_XYZ: -0.2987217 -1.060139 -0.06913139 EULER_ANGLES_XYZ 2.52956 355.5167 355.4398 False 0.9724188 False 0.6200008 24 0.4721576
06-20 22:16:25.134 15966 15981 I Unity   :
06-20 22:16:25.134 15966 15981 I Unity   : (Filename: ./artifacts/generated/common/runtime/DebugBindings.gen.cpp Line: 51)
06-20 22:16:25.134 15966 15981 I Unity   :
06-20 22:16:25.134 15966 15981 E Unity   : NetworkClient Send when not connected to a server
06-20 22:16:25.134 15966 15981 E Unity   :
06-20 22:16:25.134 15966 15981 E Unity   : (Filename: ./artifacts/generated/common/runtime/DebugBindings.gen.cpp Line: 51)
06-20 22:16:25.134 15966 15981 E Unity   :
06-20 22:16:25.166 15966 15981 I Unity   : ACCELERATION_XYZ: -0.1896162 -0.2753039 -0.1086096 EULER_ANGLES_XYZ 2.530396 355.5512 355.5977 False 0.9724188 False 0.6200008 24 0.4721576
06-20 22:16:25.166 15966 15981 I Unity   :
06-20 22:16:25.166 15966 15981 I Unity   : (Filename: ./artifacts/generated/common/runtime/DebugBindings.gen.cpp Line: 51)
06-20 22:16:25.166 15966 15981 I Unity   :
06-20 22:16:25.166 15966 15981 E Unity   : NetworkClient Send when not connected to a server
06-20 22:16:25.166 15966 15981 E Unity   :
06-20 22:16:25.166 15966 15981 E Unity   : (Filename: ./artifacts/generated/common/runtime/DebugBindings.gen.cpp Line: 51)
06-20 22:16:25.166 15966 15981 E Unity   :
06-20 22:16:25.183 15966 15981 I Unity   : ACCELERATION_XYZ: -0.2239353 -0.04556274 -0.06337167 EULER_ANGLES_XYZ 2.577474 355.6186 355.7711 False 0.9724188 False 0.6200008 24 0.4272249
06-20 22:16:25.183 15966 15981 I Unity   :
06-20 22:16:25.183 15966 15981 I Unity   : (Filename: ./artifacts/generated/common/runtime/DebugBindings.gen.cpp Line: 51)
06-20 22:16:25.183 15966 15981 I Unity   :
06-20 22:16:25.183 15966 15981 E Unity   : NetworkClient Send when not connected to a server
06-20 22:16:25.183 15966 15981 E Unity   :
06-20 22:16:25.183 15966 15981 E Unity   : (Filename: ./artifacts/generated/common/runtime/DebugBindings.gen.cpp Line: 51)
06-20 22:16:25.183 15966 15981 E Unity   :
06-20 22:16:25.199 15966 15981 I Unity   : ACCELERATION_XYZ: -0.2369325 0.191843 -0.01199889 EULER_ANGLES_XYZ 2.619955 355.7039 355.938 False 0.9724188 False 0.6200008 24 0.3497806
06-20 22:16:25.199 15966 15981 I Unity   :
06-20 22:16:25.199 15966 15981 I Unity   : (Filename: ./artifacts/generated/common/runtime/DebugBindings.gen.cpp Line: 51)
06-20 22:16:25.199 15966 15981 I Unity   :
06-20 22:16:25.199 15966 15981 E Unity   : NetworkClient Send when not connected to a server
06-20 22:16:25.199 15966 15981 E Unity   :
06-20 22:16:25.199 15966 15981 E Unity   : (Filename: ./artifacts/generated/common/runtime/DebugBindings.gen.cpp Line: 51)
06-20 22:16:25.199 15966 15981 E Unity   :
06-20 22:16:25.216 15966 15981 I Unity   : ACCELERATION_XYZ: -0.2341889 0.5001145 0.1323359 EULER_ANGLES_XYZ 2.636824 355.8022 356.0748 False 0.9724188 False 0.6200008 24 0.259122
06-20 22:16:25.216 15966 15981 I Unity   :
06-20 22:16:25.216 15966 15981 I Unity   : (Filename: ./artifacts/generated/common/runtime/DebugBindings.gen.cpp Line: 51)
06-20 22:16:25.216 15966 15981 I Unity   :
06-20 22:16:25.216 15966 15981 E Unity   : NetworkClient Send when not connected to a server
06-20 22:16:25.216 15966 15981 E Unity   :
06-20 22:16:25.216 15966 15981 E Unity   : (Filename: ./artifacts/generated/common/runtime/DebugBindings.gen.cpp Line: 51)
06-20 22:16:25.216 15966 15981 E Unity   :
06-20 22:16:25.219 15981 15981 W UnityMain: type=1400 audit(0.0:282): avc: denied { read } for name="thread" dev="sysfs" ino=30576 scontext=u:r:untrusted_app:s0:c512,c768 tcontext=u:object_r:sysfs:s0 tclass=dir permissive=0
06-20 22:16:25.224  1836 16322 D [OAR] VrShellAnalyticsUploader: User-Agent: VrShellAnalytics2/1.0.0 [FBAN/OculusVrShell;FBAV/2.15.3;FBBV/112289701;FBBD/oculus;FBBPD/pacific;FBMF/Oculus;FBDV/Pacific;FBSV/7.1.2;FBPN/com.oculus.vrshell;]
06-20 22:16:25.233 15966 15981 I Unity   : ACCELERATION_XYZ: -0.4009637 0.9506198 -0.0279124 EULER_ANGLES_XYZ 2.481719 355.8762 356.2623 False 0.9724188 False 0.6200008 24 0.259122
06-20 22:16:25.233 15966 15981 I Unity   :
06-20 22:16:25.233 15966 15981 I Unity   : (Filename: ./artifacts/generated/common/runtime/DebugBindings.gen.cpp Line: 51)
06-20 22:16:25.233 15966 15981 I Unity   :
06-20 22:16:25.233 15966 15981 E Unity   : NetworkClient Send when not connected to a server
06-20 22:16:25.233 15966 15981 E Unity   :
06-20 22:16:25.233 15966 15981 E Unity   : (Filename: ./artifacts/generated/common/runtime/DebugBindings.gen.cpp Line: 51)
06-20 22:16:25.233 15966 15981 E Unity   :
06-20 22:16:25.240  1879  1970 E DatabaseUtils: Writing exception to parcel
06-20 22:16:25.240  1879  1970 E DatabaseUtils: java.lang.SecurityException: Component access not allowed.
06-20 22:16:25.240  1879  1970 E DatabaseUtils:         at com.oculus.content.PermissionChecks.throwAccessException(PermissionChecks.java:91)
06-20 22:16:25.240  1879  1970 E DatabaseUtils:         at com.oculus.content.AbstractContentProvider.enforcePermissions(AbstractContentProvider.java:209)
06-20 22:16:25.240  1879  1970 E DatabaseUtils:         at com.oculus.content.AbstractContentProvider.ensureInitializedAndEnforcePermissions(AbstractContentProvider.java:215)
06-20 22:16:25.240  1879  1970 E DatabaseUtils:         at com.oculus.content.AbstractContentProvider.query(AbstractContentProvider.java:366)
06-20 22:16:25.240  1879  1970 E DatabaseUtils:         at android.content.ContentProvider$Transport.query(ContentProvider.java:239)
06-20 22:16:25.240  1879  1970 E DatabaseUtils:         at android.content.ContentProviderNative.onTransact(ContentProviderNative.java:112)
06-20 22:16:25.240  1879  1970 E DatabaseUtils:         at android.os.Binder.execTransact(Binder.java:565)
06-20 22:16:25.246  1836 16322 E FbConnectHelper: Failed to query FB auth token from Horizon
06-20 22:16:25.246  1836 16322 E FbConnectHelper: java.lang.SecurityException: Component access not allowed.
06-20 22:16:25.246  1836 16322 E FbConnectHelper:       at android.os.Parcel.readException(Parcel.java:1684)
06-20 22:16:25.246  1836 16322 E FbConnectHelper:       at android.database.DatabaseUtils.readExceptionFromParcel(DatabaseUtils.java:183)
06-20 22:16:25.246  1836 16322 E FbConnectHelper:       at android.database.DatabaseUtils.readExceptionFromParcel(DatabaseUtils.java:135)
06-20 22:16:25.246  1836 16322 E FbConnectHelper:       at android.content.ContentProviderProxy.query(ContentProviderNative.java:421)
06-20 22:16:25.246  1836 16322 E FbConnectHelper:       at android.content.ContentResolver.query(ContentResolver.java:534)
06-20 22:16:25.246  1836 16322 E FbConnectHelper:       at android.content.ContentResolver.query(ContentResolver.java:475)
06-20 22:16:25.246  1836 16322 E FbConnectHelper:       at com.oculus.fbconnecthelper.FbConnectHelper.queryFbAuthTokenFromHorizon(FbConnectHelper.java:76)
06-20 22:16:25.246  1836 16322 E FbConnectHelper:       at com.oculus.fbconnecthelper.FbConnectHelper.getFbAuthToken(FbConnectHelper.java:113)
06-20 22:16:25.246  1836 16322 E FbConnectHelper:       at com.oculus.analytics.SimpleUploader.getAccessToken(SimpleUploader.java:44)
06-20 22:16:25.246  1836 16322 E FbConnectHelper:       at com.facebook.analytics2.uploader.okhttp3.OkHttp3AnalyticsUploader.createRequest(OkHttp3AnalyticsUploader.java:119)
06-20 22:16:25.246  1836 16322 E FbConnectHelper:       at com.facebook.analytics2.uploader.okhttp3.OkHttp3AnalyticsUploader.upload(OkHttp3AnalyticsUploader.java:89)
06-20 22:16:25.246  1836 16322 E FbConnectHelper:       at com.facebook.analytics2.logger.UploadProcessor.uploadNext(UploadProcessor.java:49)
06-20 22:16:25.246  1836 16322 E FbConnectHelper:       at com.facebook.analytics2.logger.UploadJobHandler.doMaybeUploadNext(UploadJobHandler.java:183)
06-20 22:16:25.246  1836 16322 E FbConnectHelper:       at com.facebook.analytics2.logger.UploadJobHandler.handleMessage(UploadJobHandler.java:86)
06-20 22:16:25.246  1836 16322 E FbConnectHelper:       at android.os.Handler.dispatchMessage(Handler.java:102)
06-20 22:16:25.246  1836 16322 E FbConnectHelper:       at android.os.Looper.loop(Looper.java:154)
06-20 22:16:25.246  1836 16322 E FbConnectHelper:       at android.os.HandlerThread.run(HandlerThread.java:61)
06-20 22:16:25.266 15966 15981 I Unity   : ACCELERATION_XYZ: -0.7565759 -0.3653403 -0.0833124 EULER_ANGLES_XYZ 2.470589 355.875 356.331 False 0.9724188 False 0.6200008 24 0.259122
06-20 22:16:25.266 15966 15981 I Unity   :
06-20 22:16:25.266 15966 15981 I Unity   : (Filename: ./artifacts/generated/common/runtime/DebugBindings.gen.cpp Line: 51)
06-20 22:16:25.266 15966 15981 I Unity   :
06-20 22:16:25.266 15966 15981 E Unity   : NetworkClient Send when not connected to a server
06-20 22:16:25.266 15966 15981 E Unity   :
06-20 22:16:25.266 15966 15981 E Unity   : (Filename: ./artifacts/generated/common/runtime/DebugBindings.gen.cpp Line: 51)
06-20 22:16:25.266 15966 15981 E Unity   :
06-20 22:16:25.283 15966 15981 I Unity   : ACCELERATION_XYZ: -0.7627727 0.3084069 0.2293195 EULER_ANGLES_XYZ 2.400641 355.8557 356.3052 False 0.9724188 False 0.6200008 24 0.2344628
06-20 22:16:25.283 15966 15981 I Unity   :
06-20 22:16:25.283 15966 15981 I Unity   : (Filename: ./artifacts/generated/common/runtime/DebugBindings.gen.cpp Line: 51)
06-20 22:16:25.283 15966 15981 I Unity   :
06-20 22:16:25.283 15966 15981 E Unity   : NetworkClient Send when not connected to a server
06-20 22:16:25.283 15966 15981 E Unity   :
06-20 22:16:25.283 15966 15981 E Unity   : (Filename: ./artifacts/generated/common/runtime/DebugBindings.gen.cpp Line: 51)
06-20 22:16:25.283 15966 15981 E Unity   :
06-20 22:16:25.300 15966 15981 I Unity   : ACCELERATION_XYZ: -0.7843516 0.8862715 0.06210268 EULER_ANGLES_XYZ 1.869511 355.8234 356.2079 False 0.9724188 False 0.6200008 24 0.2344628
06-20 22:16:25.300 15966 15981 I Unity   :
06-20 22:16:25.300 15966 15981 I Unity   : (Filename: ./artifacts/generated/common/runtime/DebugBindings.gen.cpp Line: 51)
06-20 22:16:25.300 15966 15981 I Unity   :
06-20 22:16:25.300 15966 15981 E Unity   : NetworkClient Send when not connected to a server
06-20 22:16:25.300 15966 15981 E Unity   :
06-20 22:16:25.300 15966 15981 E Unity   : (Filename: ./artifacts/generated/common/runtime/DebugBindings.gen.cpp Line: 51)
06-20 22:16:25.300 15966 15981 E Unity   :
06-20 22:16:25.318 15966 15981 I Unity   : ACCELERATION_XYZ: -0.8314063 -0.353735 -0.154451 EULER_ANGLES_XYZ 1.558838 355.6655 356.206 False 0.9724188 False 0.6200008 24 0.2344628
06-20 22:16:25.318 15966 15981 I Unity   :
06-20 22:16:25.318 15966 15981 I Unity   : (Filename: ./artifacts/generated/common/runtime/DebugBindings.gen.cpp Line: 51)
06-20 22:16:25.318 15966 15981 I Unity   :
06-20 22:16:25.318 15966 15981 E Unity   : NetworkClient Send when not connected to a server
06-20 22:16:25.318 15966 15981 E Unity   :
06-20 22:16:25.318 15966 15981 E Unity   : (Filename: ./artifacts/generated/common/runtime/DebugBindings.gen.cpp Line: 51)
06-20 22:16:25.318 15966 15981 E Unity   :
06-20 22:16:25.333 15966 15981 I Unity   : ACCELERATION_XYZ: -0.9959551 -2.13212 -0.3284864 EULER_ANGLES_XYZ 1.610969 355.4175 356.1827 False 0.9724188 False 0.6200008 24 0.2344628
06-20 22:16:25.333 15966 15981 I Unity   :
06-20 22:16:25.333 15966 15981 I Unity   : (Filename: ./artifacts/generated/common/runtime/DebugBindings.gen.cpp Line: 51)
06-20 22:16:25.333 15966 15981 I Unity   :
06-20 22:16:25.333 15966 15981 E Unity   : NetworkClient Send when not connected to a server
06-20 22:16:25.333 15966 15981 E Unity   :
06-20 22:16:25.333 15966 15981 E Unity   : (Filename: ./artifacts/generated/common/runtime/DebugBindings.gen.cpp Line: 51)
06-20 22:16:25.333 15966 15981 E Unity   :
06-20 22:16:25.350 15966 15981 I Unity   : ACCELERATION_XYZ: -0.8714434 -3.303282 -0.3624958 EULER_ANGLES_XYZ 2.222158 355.0773 355.8924 False 0.9724188 False 0.6200008 24 0.2633991
06-20 22:16:25.350 15966 15981 I Unity   :
06-20 22:16:25.350 15966 15981 I Unity   : (Filename: ./artifacts/generated/common/runtime/DebugBindings.gen.cpp Line: 51)
06-20 22:16:25.350 15966 15981 I Unity   :
06-20 22:16:25.350 15966 15981 E Unity   : NetworkClient Send when not connected to a server
06-20 22:16:25.350 15966 15981 E Unity   :
06-20 22:16:25.350 15966 15981 E Unity   : (Filename: ./artifacts/generated/common/runtime/DebugBindings.gen.cpp Line: 51)
06-20 22:16:25.350 15966 15981 E Unity   :
06-20 22:16:25.383 15966 15981 I Unity   : ACCELERATION_XYZ: 0.4948378 2.592677 0.2544836 EULER_ANGLES_XYZ 4.197305 354.8354 354.4886 False 1.038329 True 0.6000004 25 0.3229798
06-20 22:16:25.383 15966 15981 I Unity   :
06-20 22:16:25.383 15966 15981 I Unity   : (Filename: ./artifacts/generated/common/runtime/DebugBindings.gen.cpp Line: 51)
06-20 22:16:25.383 15966 15981 I Unity   :
06-20 22:16:25.383 15966 15981 E Unity   : NetworkClient Send when not connected to a server
06-20 22:16:25.383 15966 15981 E Unity   :
06-20 22:16:25.383 15966 15981 E Unity   : (Filename: ./artifacts/generated/common/runtime/DebugBindings.gen.cpp Line: 51)
06-20 22:16:25.383 15966 15981 E Unity   :
06-20 22:16:25.400 15966 15981 I Unity   : ACCELERATION_XYZ: 0.677101 7.106561 0.9759523 EULER_ANGLES_XYZ 3.543605 355.0901 353.8495 False 1.038329 False 0.6000004 25 0.4038729
06-20 22:16:25.400 15966 15981 I Unity   :
06-20 22:16:25.400 15966 15981 I Unity   : (Filename: ./artifacts/generated/common/runtime/DebugBindings.gen.cpp Line: 51)
06-20 22:16:25.400 15966 15981 I Unity   :
06-20 22:16:25.400 15966 15981 E Unity   : NetworkClient Send when not connected to a server
06-20 22:16:25.400 15966 15981 E Unity   :
06-20 22:16:25.400 15966 15981 E Unity   : (Filename: ./artifacts/generated/common/runtime/DebugBindings.gen.cpp Line: 51)
06-20 22:16:25.400 15966 15981 E Unity   :
06-20 22:16:25.416 15966 15981 I Unity   : ACCELERATION_XYZ: 0.2796379 6.098482 0.1698066 EULER_ANGLES_XYZ 1.994574 355.3861 353.4971 False 1.038329 False 0.6000004 25 0.497679
06-20 22:16:25.416 15966 15981 I Unity   :
06-20 22:16:25.416 15966 15981 I Unity   : (Filename: ./artifacts/generated/common/runtime/DebugBindings.gen.cpp Line: 51)
06-20 22:16:25.416 15966 15981 I Unity   :
06-20 22:16:25.416 15966 15981 E Unity   : NetworkClient Send when not connected to a server
06-20 22:16:25.416 15966 15981 E Unity   :
06-20 22:16:25.416 15966 15981 E Unity   : (Filename: ./artifacts/generated/common/runtime/DebugBindings.gen.cpp Line: 51)
06-20 22:16:25.416 15966 15981 E Unity   :
06-20 22:16:25.433 15966 15981 I Unity   : ACCELERATION_XYZ: -0.1385376 1.069197 0.4340402 EULER_ANGLES_XYZ 1.182097 355.5316 353.576 False 1.038329 False 0.6000004 25 0.5956807
06-20 22:16:25.433 15966 15981 I Unity   :
06-20 22:16:25.433 15966 15981 I Unity   : (Filename: ./artifacts/generated/common/runtime/DebugBindings.gen.cpp Line: 51)
06-20 22:16:25.433 15966 15981 I Unity   :
06-20 22:16:25.433 15966 15981 E Unity   : NetworkClient Send when not connected to a server
06-20 22:16:25.433 15966 15981 E Unity   :
06-20 22:16:25.433 15966 15981 E Unity   : (Filename: ./artifacts/generated/common/runtime/DebugBindings.gen.cpp Line: 51)
06-20 22:16:25.433 15966 15981 E Unity   :
06-20 22:16:25.467 15966 15981 I Unity   : ACCELERATION_XYZ: -0.3477656 -3.714936 -0.6809384 EULER_ANGLES_XYZ 0.1523044 355.5181 354.193 False 1.038329 False 0.6000004 25 0.6901287
06-20 22:16:25.467 15966 15981 I Unity   :
06-20 22:16:25.467 15966 15981 I Unity   : (Filename: ./artifacts/generated/common/runtime/DebugBindings.gen.cpp Line: 51)
06-20 22:16:25.467 15966 15981 I Unity   :
06-20 22:16:25.467 15966 15981 E Unity   : NetworkClient Send when not connected to a server
06-20 22:16:25.467 15966 15981 E Unity   :
06-20 22:16:25.467 15966 15981 E Unity   : (Filename: ./artifacts/generated/common/runtime/DebugBindings.gen.cpp Line: 51)
06-20 22:16:25.467 15966 15981 E Unity   :
06-20 22:16:25.484 15966 15981 I Unity   : ACCELERATION_XYZ: -0.2630253 -5.747444 0.03902633 EULER_ANGLES_XYZ 0.8106658 355.4323 354.1592 False 1.038329 False 0.6000004 25 0.7751644
06-20 22:16:25.484 15966 15981 I Unity   :
06-20 22:16:25.484 15966 15981 I Unity   : (Filename: ./artifacts/generated/common/runtime/DebugBindings.gen.cpp Line: 51)
06-20 22:16:25.484 15966 15981 I Unity   :
06-20 22:16:25.484 15966 15981 E Unity   : NetworkClient Send when not connected to a server
06-20 22:16:25.484 15966 15981 E Unity   :
06-20 22:16:25.484 15966 15981 E Unity   : (Filename: ./artifacts/generated/common/runtime/DebugBindings.gen.cpp Line: 51)
06-20 22:16:25.484 15966 15981 E Unity   :
06-20 22:16:25.500 15966 15981 I Unity   : ACCELERATION_XYZ: 0.4655013 -3.879638 0.03403073 EULER_ANGLES_XYZ 2.016793 355.3272 354.1134 False 1.038329 False 0.6000004 25 0.8472321
06-20 22:16:25.500 15966 15981 I Unity   :
06-20 22:16:25.500 15966 15981 I Unity   : (Filename: ./artifacts/generated/common/runtime/DebugBindings.gen.cpp Line: 51)
06-20 22:16:25.500 15966 15981 I Unity   :
06-20 22:16:25.500 15966 15981 E Unity   : NetworkClient Send when not connected to a server
06-20 22:16:25.500 15966 15981 E Unity   :
06-20 22:16:25.500 15966 15981 E Unity   : (Filename: ./artifacts/generated/common/runtime/DebugBindings.gen.cpp Line: 51)
06-20 22:16:25.500 15966 15981 E Unity   :
06-20 22:16:25.516 15966 15981 I Unity   : ACCELERATION_XYZ: 1.008505 -0.09188844 0.03370587 EULER_ANGLES_XYZ 2.847032 355.442 354.0978 False 1.038329 False 0.6000004 25 0.8472321
06-20 22:16:25.516 15966 15981 I Unity   :
06-20 22:16:25.516 15966 15981 I Unity   : (Filename: ./artifacts/generated/common/runtime/DebugBindings.gen.cpp Line: 51)
06-20 22:16:25.516 15966 15981 I Unity   :
