06-20 21:53:58.084 14949 14964 E Unity   : NetworkClient Send when not connected to a server
06-20 21:53:58.084 14949 14964 E Unity   :
06-20 21:53:58.084 14949 14964 E Unity   : (Filename: ./artifacts/generated/common/runtime/DebugBindings.gen.cpp Line: 51)
06-20 21:53:58.084 14949 14964 E Unity   :
06-20 21:53:58.116 14949 14964 I Unity   : ACCELERATION_XYZ: 0.03959266 0.4982328 0.04976317 EULER_ANGLES_XYZ 11.0029 0.3956511 1.546296 False 3 False 0 0 0
06-20 21:53:58.116 14949 14964 I Unity   :
06-20 21:53:58.116 14949 14964 I Unity   : (Filename: ./artifacts/generated/common/runtime/DebugBindings.gen.cpp Line: 51)
06-20 21:53:58.116 14949 14964 I Unity   :
06-20 21:53:58.116 14949 14964 E Unity   : NetworkClient Send when not connected to a server
06-20 21:53:58.116 14949 14964 E Unity   :
06-20 21:53:58.116 14949 14964 E Unity   : (Filename: ./artifacts/generated/common/runtime/DebugBindings.gen.cpp Line: 51)
06-20 21:53:58.116 14949 14964 E Unity   :
06-20 21:53:58.133 14949 14964 I Unity   : ACCELERATION_XYZ: -0.003672133 0.2886124 0.01138137 EULER_ANGLES_XYZ 11.01907 0.4217332 1.539564 False 3 False 0 0 0
06-20 21:53:58.133 14949 14964 I Unity   :
06-20 21:53:58.133 14949 14964 I Unity   : (Filename: ./artifacts/generated/common/runtime/DebugBindings.gen.cpp Line: 51)
06-20 21:53:58.133 14949 14964 I Unity   :
06-20 21:53:58.133 14949 14964 E Unity   : NetworkClient Send when not connected to a server
06-20 21:53:58.133 14949 14964 E Unity   :
06-20 21:53:58.133 14949 14964 E Unity   : (Filename: ./artifacts/generated/common/runtime/DebugBindings.gen.cpp Line: 51)
06-20 21:53:58.133 14949 14964 E Unity   :
06-20 21:53:58.149 14949 14964 I Unity   : ACCELERATION_XYZ: 0.04478172 0.3020935 0.102385 EULER_ANGLES_XYZ 11.0273 0.4606554 1.527413 False 3 False 0 0 0
06-20 21:53:58.149 14949 14964 I Unity   :
06-20 21:53:58.149 14949 14964 I Unity   : (Filename: ./artifacts/generated/common/runtime/DebugBindings.gen.cpp Line: 51)
06-20 21:53:58.149 14949 14964 I Unity   :
06-20 21:53:58.150 14949 14964 E Unity   : NetworkClient Send when not connected to a server
06-20 21:53:58.150 14949 14964 E Unity   :
06-20 21:53:58.150 14949 14964 E Unity   : (Filename: ./artifacts/generated/common/runtime/DebugBindings.gen.cpp Line: 51)
06-20 21:53:58.150 14949 14964 E Unity   :
06-20 21:53:58.166 14949 14964 I Unity   : ACCELERATION_XYZ: 0.04685147 0.2925768 0.1514591 EULER_ANGLES_XYZ 11.01774 0.4939876 1.498018 False 3 False 0 0 0
06-20 21:53:58.166 14949 14964 I Unity   :
06-20 21:53:58.166 14949 14964 I Unity   : (Filename: ./artifacts/generated/common/runtime/DebugBindings.gen.cpp Line: 51)
06-20 21:53:58.166 14949 14964 I Unity   :
06-20 21:53:58.166 14949 14964 E Unity   : NetworkClient Send when not connected to a server
06-20 21:53:58.166 14949 14964 E Unity   :
06-20 21:53:58.166 14949 14964 E Unity   : (Filename: ./artifacts/generated/common/runtime/DebugBindings.gen.cpp Line: 51)
06-20 21:53:58.166 14949 14964 E Unity   :
06-20 21:53:58.184 14949 14964 I Unity   : ACCELERATION_XYZ: -0.03845399 -0.04536343 -0.04045463 EULER_ANGLES_XYZ 11.07473 0.5238466 1.449941 False 3 False 0 0 0
06-20 21:53:58.184 14949 14964 I Unity   :
06-20 21:53:58.184 14949 14964 I Unity   : (Filename: ./artifacts/generated/common/runtime/DebugBindings.gen.cpp Line: 51)
06-20 21:53:58.184 14949 14964 I Unity   :
06-20 21:53:58.184 14949 14964 E Unity   : NetworkClient Send when not connected to a server
06-20 21:53:58.184 14949 14964 E Unity   :
06-20 21:53:58.184 14949 14964 E Unity   : (Filename: ./artifacts/generated/common/runtime/DebugBindings.gen.cpp Line: 51)
06-20 21:53:58.184 14949 14964 E Unity   :
06-20 21:53:58.216 14949 14964 I Unity   : ACCELERATION_XYZ: -0.09074854 0.1746368 -0.05785589 EULER_ANGLES_XYZ 11.29639 0.5367483 1.394872 False 3 False 0 0 0
06-20 21:53:58.216 14949 14964 I Unity   :
06-20 21:53:58.216 14949 14964 I Unity   : (Filename: ./artifacts/generated/common/runtime/DebugBindings.gen.cpp Line: 51)
06-20 21:53:58.216 14949 14964 I Unity   :
06-20 21:53:58.216 14949 14964 E Unity   : NetworkClient Send when not connected to a server
06-20 21:53:58.216 14949 14964 E Unity   :
06-20 21:53:58.216 14949 14964 E Unity   : (Filename: ./artifacts/generated/common/runtime/DebugBindings.gen.cpp Line: 51)
06-20 21:53:58.216 14949 14964 E Unity   :
06-20 21:53:58.220 14949 15001 I VrApi   : FPS=59,Prd=47ms,Tear=0,Early=59,Stale=0,VSnc=1,Lat=1,Fov=0,CPU2/GPU=3/2,1286/315MHz,OC=F,TA=E/0/0,SP=N/N/N,Mem=1017MHz,Free=1423MB,PSM=0,PLS=0,Temp=22.0C/0.0C,TW=0.00ms,App=0.00ms
06-20 21:53:58.224 14949 15002 I UtilPoller: GPU Util 0.239420 / CPU Util 0.557895 (avg 0.476734)
06-20 21:53:58.234 14949 14964 I Unity   : ACCELERATION_XYZ: -0.03302439 0.4316597 0.009175538 EULER_ANGLES_XYZ 11.33894 0.5499631 1.359957 False 3 False 0 0 0
06-20 21:53:58.234 14949 14964 I Unity   :
06-20 21:53:58.234 14949 14964 I Unity   : (Filename: ./artifacts/generated/common/runtime/DebugBindings.gen.cpp Line: 51)
06-20 21:53:58.234 14949 14964 I Unity   :
06-20 21:53:58.234 14949 14964 E Unity   : NetworkClient Send when not connected to a server
06-20 21:53:58.234 14949 14964 E Unity   :
06-20 21:53:58.234 14949 14964 E Unity   : (Filename: ./artifacts/generated/common/runtime/DebugBindings.gen.cpp Line: 51)
06-20 21:53:58.234 14949 14964 E Unity   :
06-20 21:53:58.250 14949 14964 I Unity   : ACCELERATION_XYZ: -0.05871213 0.5904446 0.05761915 EULER_ANGLES_XYZ 11.374 0.5369838 1.34978 False 3 False 0 0 0
06-20 21:53:58.250 14949 14964 I Unity   :
06-20 21:53:58.250 14949 14964 I Unity   : (Filename: ./artifacts/generated/common/runtime/DebugBindings.gen.cpp Line: 51)
06-20 21:53:58.250 14949 14964 I Unity   :
06-20 21:53:58.250 14949 14964 E Unity   : NetworkClient Send when not connected to a server
06-20 21:53:58.250 14949 14964 E Unity   :
06-20 21:53:58.250 14949 14964 E Unity   : (Filename: ./artifacts/generated/common/runtime/DebugBindings.gen.cpp Line: 51)
06-20 21:53:58.250 14949 14964 E Unity   :
06-20 21:53:58.266 14949 14964 I Unity   : ACCELERATION_XYZ: -0.01480607 0.5342979 -0.0309541 EULER_ANGLES_XYZ 11.40216 0.5487996 1.333195 False 3 False 0 0 0
06-20 21:53:58.266 14949 14964 I Unity   :
06-20 21:53:58.266 14949 14964 I Unity   : (Filename: ./artifacts/generated/common/runtime/DebugBindings.gen.cpp Line: 51)
06-20 21:53:58.266 14949 14964 I Unity   :
06-20 21:53:58.266 14949 14964 E Unity   : NetworkClient Send when not connected to a server
06-20 21:53:58.266 14949 14964 E Unity   :
06-20 21:53:58.266 14949 14964 E Unity   : (Filename: ./artifacts/generated/common/runtime/DebugBindings.gen.cpp Line: 51)
06-20 21:53:58.266 14949 14964 E Unity   :
06-20 21:53:58.300 14949 14964 I Unity   : ACCELERATION_XYZ: -0.02560634 0.4303598 -0.08697905 EULER_ANGLES_XYZ 11.44538 0.5589384 1.316665 False 3 False 0 0 0
06-20 21:53:58.300 14949 14964 I Unity   :
06-20 21:53:58.300 14949 14964 I Unity   : (Filename: ./artifacts/generated/common/runtime/DebugBindings.gen.cpp Line: 51)
06-20 21:53:58.300 14949 14964 I Unity   :
06-20 21:53:58.300 14949 14964 E Unity   : NetworkClient Send when not connected to a server
06-20 21:53:58.300 14949 14964 E Unity   :
06-20 21:53:58.300 14949 14964 E Unity   : (Filename: ./artifacts/generated/common/runtime/DebugBindings.gen.cpp Line: 51)
06-20 21:53:58.300 14949 14964 E Unity   :
06-20 21:53:58.318 14949 14964 I Unity   : ACCELERATION_XYZ: 0.00461414 0.4485092 -0.06965937 EULER_ANGLES_XYZ 11.4595 0.5616373 1.307908 False 3 False 0 0 0
06-20 21:53:58.318 14949 14964 I Unity   :
06-20 21:53:58.318 14949 14964 I Unity   : (Filename: ./artifacts/generated/common/runtime/DebugBindings.gen.cpp Line: 51)
06-20 21:53:58.318 14949 14964 I Unity   :
06-20 21:53:58.318 14949 14964 E Unity   : NetworkClient Send when not connected to a server
06-20 21:53:58.318 14949 14964 E Unity   :
06-20 21:53:58.318 14949 14964 E Unity   : (Filename: ./artifacts/generated/common/runtime/DebugBindings.gen.cpp Line: 51)
06-20 21:53:58.318 14949 14964 E Unity   :
06-20 21:53:58.336 14949 14964 I Unity   : ACCELERATION_XYZ: -0.003269762 0.4684839 -0.02300287 EULER_ANGLES_XYZ 11.46225 0.5664063 1.300195 False 3 False 0 0 0
06-20 21:53:58.336 14949 14964 I Unity   :
06-20 21:53:58.336 14949 14964 I Unity   : (Filename: ./artifacts/generated/common/runtime/DebugBindings.gen.cpp Line: 51)
06-20 21:53:58.336 14949 14964 I Unity   :
06-20 21:53:58.336 14949 14964 E Unity   : NetworkClient Send when not connected to a server
06-20 21:53:58.336 14949 14964 E Unity   :
06-20 21:53:58.336 14949 14964 E Unity   : (Filename: ./artifacts/generated/common/runtime/DebugBindings.gen.cpp Line: 51)
06-20 21:53:58.336 14949 14964 E Unity   :
06-20 21:53:58.350 14949 14964 I Unity   : ACCELERATION_XYZ: -0.02977853 0.4166889 -0.06118291 EULER_ANGLES_XYZ 11.45649 0.5723689 1.294034 False 3 False 0 0 0
06-20 21:53:58.350 14949 14964 I Unity   :
06-20 21:53:58.350 14949 14964 I Unity   : (Filename: ./artifacts/generated/common/runtime/DebugBindings.gen.cpp Line: 51)
06-20 21:53:58.350 14949 14964 I Unity   :
06-20 21:53:58.350 14949 14964 E Unity   : NetworkClient Send when not connected to a server
06-20 21:53:58.350 14949 14964 E Unity   :
06-20 21:53:58.350 14949 14964 E Unity   : (Filename: ./artifacts/generated/common/runtime/DebugBindings.gen.cpp Line: 51)
06-20 21:53:58.350 14949 14964 E Unity   :
06-20 21:53:58.367 14949 14964 I Unity   : ACCELERATION_XYZ: -0.02697893 0.320198 -0.02438814 EULER_ANGLES_XYZ 11.44134 0.5859636 1.281685 False 3 False 0 0 0
06-20 21:53:58.367 14949 14964 I Unity   :
06-20 21:53:58.367 14949 14964 I Unity   : (Filename: ./artifacts/generated/common/runtime/DebugBindings.gen.cpp Line: 51)
06-20 21:53:58.367 14949 14964 I Unity   :
06-20 21:53:58.367 14949 14964 E Unity   : NetworkClient Send when not connected to a server
06-20 21:53:58.367 14949 14964 E Unity   :
06-20 21:53:58.367 14949 14964 E Unity   : (Filename: ./artifacts/generated/common/runtime/DebugBindings.gen.cpp Line: 51)
06-20 21:53:58.367 14949 14964 E Unity   :
06-20 21:53:58.384 14949 14964 I Unity   : ACCELERATION_XYZ: -0.09262557 0.3322239 -0.002321477 EULER_ANGLES_XYZ 11.43498 0.5833685 1.276493 False 3 False 0 0 0
06-20 21:53:58.384 14949 14964 I Unity   :
06-20 21:53:58.384 14949 14964 I Unity   : (Filename: ./artifacts/generated/common/runtime/DebugBindings.gen.cpp Line: 51)
06-20 21:53:58.384 14949 14964 I Unity   :
06-20 21:53:58.384 14949 14964 E Unity   : NetworkClient Send when not connected to a server
06-20 21:53:58.384 14949 14964 E Unity   :
06-20 21:53:58.384 14949 14964 E Unity   : (Filename: ./artifacts/generated/common/runtime/DebugBindings.gen.cpp Line: 51)
06-20 21:53:58.384 14949 14964 E Unity   :
06-20 21:53:58.417 14949 14964 I Unity   : ACCELERATION_XYZ: 0.005385017 0.3382797 -0.01682361 EULER_ANGLES_XYZ 11.41808 0.5870227 1.264127 False 3 False 0 0 0
06-20 21:53:58.417 14949 14964 I Unity   :
06-20 21:53:58.417 14949 14964 I Unity   : (Filename: ./artifacts/generated/common/runtime/DebugBindings.gen.cpp Line: 51)
06-20 21:53:58.417 14949 14964 I Unity   :
06-20 21:53:58.417 14949 14964 E Unity   : NetworkClient Send when not connected to a server
06-20 21:53:58.417 14949 14964 E Unity   :
06-20 21:53:58.417 14949 14964 E Unity   : (Filename: ./artifacts/generated/common/runtime/DebugBindings.gen.cpp Line: 51)
06-20 21:53:58.417 14949 14964 E Unity   :
06-20 21:53:58.434 14949 14964 I Unity   : ACCELERATION_XYZ: -0.03219754 0.3574314 -0.02285456 EULER_ANGLES_XYZ 11.40556 0.5895841 1.260791 False 3 False 0 0 0
06-20 21:53:58.434 14949 14964 I Unity   :
06-20 21:53:58.434 14949 14964 I Unity   : (Filename: ./artifacts/generated/common/runtime/DebugBindings.gen.cpp Line: 51)
06-20 21:53:58.434 14949 14964 I Unity   :
06-20 21:53:58.434 14949 14964 E Unity   : NetworkClient Send when not connected to a server
06-20 21:53:58.434 14949 14964 E Unity   :
06-20 21:53:58.434 14949 14964 E Unity   : (Filename: ./artifacts/generated/common/runtime/DebugBindings.gen.cpp Line: 51)
06-20 21:53:58.434 14949 14964 E Unity   :
06-20 21:53:58.450 14949 14964 I Unity   : ACCELERATION_XYZ: 0.0156816 0.3896532 -0.02916886 EULER_ANGLES_XYZ 11.39533 0.5917221 1.263494 False 3 False 0 0 0
06-20 21:53:58.450 14949 14964 I Unity   :
06-20 21:53:58.450 14949 14964 I Unity   : (Filename: ./artifacts/generated/common/runtime/DebugBindings.gen.cpp Line: 51)
06-20 21:53:58.450 14949 14964 I Unity   :
06-20 21:53:58.450 14949 14964 E Unity   : NetworkClient Send when not connected to a server
06-20 21:53:58.450 14949 14964 E Unity   :
06-20 21:53:58.450 14949 14964 E Unity   : (Filename: ./artifacts/generated/common/runtime/DebugBindings.gen.cpp Line: 51)
06-20 21:53:58.450 14949 14964 E Unity   :
06-20 21:53:58.467 14949 14964 I Unity   : ACCELERATION_XYZ: 0.0267987 0.2955627 -0.0028914 EULER_ANGLES_XYZ 11.38315 0.5952021 1.268768 False 3 False 0 0 0
06-20 21:53:58.467 14949 14964 I Unity   :
06-20 21:53:58.467 14949 14964 I Unity   : (Filename: ./artifacts/generated/common/runtime/DebugBindings.gen.cpp Line: 51)
06-20 21:53:58.467 14949 14964 I Unity   :
06-20 21:53:58.467 14949 14964 E Unity   : NetworkClient Send when not connected to a server
06-20 21:53:58.467 14949 14964 E Unity   :
06-20 21:53:58.467 14949 14964 E Unity   : (Filename: ./artifacts/generated/common/runtime/DebugBindings.gen.cpp Line: 51)
06-20 21:53:58.467 14949 14964 E Unity   :
06-20 21:53:58.484 14949 14964 I Unity   : ACCELERATION_XYZ: 0.008078664 0.2006264 -0.02435662 EULER_ANGLES_XYZ 11.37185 0.6021479 1.277389 False 3 False 0 0 0
06-20 21:53:58.484 14949 14964 I Unity   :
06-20 21:53:58.484 14949 14964 I Unity   : (Filename: ./artifacts/generated/common/runtime/DebugBindings.gen.cpp Line: 51)
06-20 21:53:58.484 14949 14964 I Unity   :
06-20 21:53:58.484 14949 14964 E Unity   : NetworkClient Send when not connected to a server
06-20 21:53:58.484 14949 14964 E Unity   :
06-20 21:53:58.484 14949 14964 E Unity   : (Filename: ./artifacts/generated/common/runtime/DebugBindings.gen.cpp Line: 51)
06-20 21:53:58.484 14949 14964 E Unity   :
06-20 21:53:58.517 14949 14964 I Unity   : ACCELERATION_XYZ: -0.06104527 0.2354126 -0.01663158 EULER_ANGLES_XYZ 11.37453 0.6022912 1.278945 False 3 False 0 0 0
06-20 21:53:58.517 14949 14964 I Unity   :
06-20 21:53:58.517 14949 14964 I Unity   : (Filename: ./artifacts/generated/common/runtime/DebugBindings.gen.cpp Line: 51)
06-20 21:53:58.517 14949 14964 I Unity   :
06-20 21:53:58.517 14949 14964 E Unity   : NetworkClient Send when not connected to a server
06-20 21:53:58.517 14949 14964 E Unity   :
06-20 21:53:58.517 14949 14964 E Unity   : (Filename: ./artifacts/generated/common/runtime/DebugBindings.gen.cpp Line: 51)
06-20 21:53:58.517 14949 14964 E Unity   :
06-20 21:53:58.535 14949 14964 I Unity   : ACCELERATION_XYZ: -0.08181281 0.3043909 -0.02093376 EULER_ANGLES_XYZ 11.37326 0.5991572 1.277938 False 3 False 0 0 0
06-20 21:53:58.535 14949 14964 I Unity   :
06-20 21:53:58.535 14949 14964 I Unity   : (Filename: ./artifacts/generated/common/runtime/DebugBindings.gen.cpp Line: 51)
06-20 21:53:58.535 14949 14964 I Unity   :
06-20 21:53:58.535 14949 14964 E Unity   : NetworkClient Send when not connected to a server
06-20 21:53:58.535 14949 14964 E Unity   :
06-20 21:53:58.535 14949 14964 E Unity   : (Filename: ./artifacts/generated/common/runtime/DebugBindings.gen.cpp Line: 51)
06-20 21:53:58.535 14949 14964 E Unity   :
06-20 21:53:58.550 14949 14964 I Unity   : ACCELERATION_XYZ: -0.05324687 0.3299522 0.002600259 EULER_ANGLES_XYZ 11.37516 0.590562 1.278068 False 3 False 0 0 0
06-20 21:53:58.550 14949 14964 I Unity   :
06-20 21:53:58.550 14949 14964 I Unity   : (Filename: ./artifacts/generated/common/runtime/DebugBindings.gen.cpp Line: 51)
06-20 21:53:58.550 14949 14964 I Unity   :
06-20 21:53:58.550 14949 14964 E Unity   : NetworkClient Send when not connected to a server
06-20 21:53:58.550 14949 14964 E Unity   :
06-20 21:53:58.550 14949 14964 E Unity   : (Filename: ./artifacts/generated/common/runtime/DebugBindings.gen.cpp Line: 51)
06-20 21:53:58.550 14949 14964 E Unity   :
06-20 21:53:58.567 14949 14964 I Unity   : ACCELERATION_XYZ: -0.06324289 0.3487177 -0.04124518 EULER_ANGLES_XYZ 11.37536 0.5678028 1.273214 False 3 False 0 0 0
06-20 21:53:58.567 14949 14964 I Unity   :
06-20 21:53:58.567 14949 14964 I Unity   : (Filename: ./artifacts/generated/common/runtime/DebugBindings.gen.cpp Line: 51)
06-20 21:53:58.567 14949 14964 I Unity   :
06-20 21:53:58.567 14949 14964 E Unity   : NetworkClient Send when not connected to a server
06-20 21:53:58.567 14949 14964 E Unity   :
06-20 21:53:58.567 14949 14964 E Unity   : (Filename: ./artifacts/generated/common/runtime/DebugBindings.gen.cpp Line: 51)
06-20 21:53:58.567 14949 14964 E Unity   :
06-20 21:53:58.584 14949 14964 I Unity   : ACCELERATION_XYZ: -0.07176405 0.3161697 -0.02853874 EULER_ANGLES_XYZ 11.37323 0.5427067 1.274164 False 3 False 0 0 0
06-20 21:53:58.584 14949 14964 I Unity   :
06-20 21:53:58.584 14949 14964 I Unity   : (Filename: ./artifacts/generated/common/runtime/DebugBindings.gen.cpp Line: 51)
06-20 21:53:58.584 14949 14964 I Unity   :
06-20 21:53:58.584 14949 14964 E Unity   : NetworkClient Send when not connected to a server
06-20 21:53:58.584 14949 14964 E Unity   :
06-20 21:53:58.584 14949 14964 E Unity   : (Filename: ./artifacts/generated/common/runtime/DebugBindings.gen.cpp Line: 51)
06-20 21:53:58.584 14949 14964 E Unity   :
06-20 21:53:58.618 14949 14964 I Unity   : ACCELERATION_XYZ: 0.004375324 0.3794689 0.01072716 EULER_ANGLES_XYZ 11.36408 0.4967434 1.275944 False 3 False 0 0 0
06-20 21:53:58.618 14949 14964 I Unity   :
06-20 21:53:58.618 14949 14964 I Unity   : (Filename: ./artifacts/generated/common/runtime/DebugBindings.gen.cpp Line: 51)
06-20 21:53:58.618 14949 14964 I Unity   :
06-20 21:53:58.619 14949 14964 E Unity   : NetworkClient Send when not connected to a server
06-20 21:53:58.619 14949 14964 E Unity   :
06-20 21:53:58.619 14949 14964 E Unity   : (Filename: ./artifacts/generated/common/runtime/DebugBindings.gen.cpp Line: 51)
06-20 21:53:58.619 14949 14964 E Unity   :
06-20 21:53:58.635 14949 14964 I Unity   : ACCELERATION_XYZ: -0.01570522 0.4029903 0.03463808 EULER_ANGLES_XYZ 11.35421 0.4744403 1.279916 False 3 False 0 0 0
06-20 21:53:58.635 14949 14964 I Unity   :
06-20 21:53:58.635 14949 14964 I Unity   : (Filename: ./artifacts/generated/common/runtime/DebugBindings.gen.cpp Line: 51)
06-20 21:53:58.635 14949 14964 I Unity   :
06-20 21:53:58.635 14949 14964 E Unity   : NetworkClient Send when not connected to a server
06-20 21:53:58.635 14949 14964 E Unity   :
06-20 21:53:58.635 14949 14964 E Unity   : (Filename: ./artifacts/generated/common/runtime/DebugBindings.gen.cpp Line: 51)
06-20 21:53:58.635 14949 14964 E Unity   :
06-20 21:53:58.652 14949 14964 I Unity   : ACCELERATION_XYZ: -0.02535575 0.3613653 -0.004528676 EULER_ANGLES_XYZ 11.33843 0.4531929 1.287021 False 3 False 0 0 0
06-20 21:53:58.652 14949 14964 I Unity   :
06-20 21:53:58.652 14949 14964 I Unity   : (Filename: ./artifacts/generated/common/runtime/DebugBindings.gen.cpp Line: 51)
06-20 21:53:58.652 14949 14964 I Unity   :
06-20 21:53:58.652 14949 14964 E Unity   : NetworkClient Send when not connected to a server
06-20 21:53:58.652 14949 14964 E Unity   :
06-20 21:53:58.652 14949 14964 E Unity   : (Filename: ./artifacts/generated/common/runtime/DebugBindings.gen.cpp Line: 51)
06-20 21:53:58.652 14949 14964 E Unity   :
06-20 21:53:58.667 14949 14964 I Unity   : ACCELERATION_XYZ: 0.02175987 0.3445835 -0.01185109 EULER_ANGLES_XYZ 11.32475 0.4357969 1.290687 False 3 False 0 0 0
06-20 21:53:58.667 14949 14964 I Unity   :
06-20 21:53:58.667 14949 14964 I Unity   : (Filename: ./artifacts/generated/common/runtime/DebugBindings.gen.cpp Line: 51)
06-20 21:53:58.667 14949 14964 I Unity   :
06-20 21:53:58.668 14949 14964 E Unity   : NetworkClient Send when not connected to a server
06-20 21:53:58.668 14949 14964 E Unity   :
06-20 21:53:58.668 14949 14964 E Unity   : (Filename: ./artifacts/generated/common/runtime/DebugBindings.gen.cpp Line: 51)
06-20 21:53:58.668 14949 14964 E Unity   :
06-20 21:53:58.684 14949 14964 I Unity   : ACCELERATION_XYZ: -0.01715385 0.3345375 0.1199143 EULER_ANGLES_XYZ 11.30865 0.4097978 1.303129 False 3 False 0 0 0
06-20 21:53:58.684 14949 14964 I Unity   :
06-20 21:53:58.684 14949 14964 I Unity   : (Filename: ./artifacts/generated/common/runtime/DebugBindings.gen.cpp Line: 51)
06-20 21:53:58.684 14949 14964 I Unity   :
06-20 21:53:58.684 14949 14964 E Unity   : NetworkClient Send when not connected to a server
06-20 21:53:58.684 14949 14964 E Unity   :
06-20 21:53:58.684 14949 14964 E Unity   : (Filename: ./artifacts/generated/common/runtime/DebugBindings.gen.cpp Line: 51)
06-20 21:53:58.684 14949 14964 E Unity   :
06-20 21:53:58.686 14964 14964 W UnityMain: type=1400 audit(0.0:91): avc: denied { read } for name="thread" dev="sysfs" ino=30576 scontext=u:r:untrusted_app:s0:c512,c768 tcontext=u:object_r:sysfs:s0 tclass=dir permissive=0
06-20 21:53:58.717 14949 14964 I Unity   : ACCELERATION_XYZ: -0.0004481145 0.3152151 0.02424721 EULER_ANGLES_XYZ 11.29093 0.3720656 1.319337 False 3 False 0 0 0
06-20 21:53:58.717 14949 14964 I Unity   :
06-20 21:53:58.717 14949 14964 I Unity   : (Filename: ./artifacts/generated/common/runtime/DebugBindings.gen.cpp Line: 51)
06-20 21:53:58.717 14949 14964 I Unity   :
06-20 21:53:58.717 14949 14964 E Unity   : NetworkClient Send when not connected to a server
06-20 21:53:58.717 14949 14964 E Unity   :
06-20 21:53:58.717 14949 14964 E Unity   : (Filename: ./artifacts/generated/common/runtime/DebugBindings.gen.cpp Line: 51)
06-20 21:53:58.717 14949 14964 E Unity   :
06-20 21:53:58.735 14949 14964 I Unity   : ACCELERATION_XYZ: -0.04209776 0.3905468 0.07734191 EULER_ANGLES_XYZ 11.27534 0.3512006 1.335352 False 3 False 0 0 0
06-20 21:53:58.735 14949 14964 I Unity   :
06-20 21:53:58.735 14949 14964 I Unity   : (Filename: ./artifacts/generated/common/runtime/DebugBindings.gen.cpp Line: 51)
06-20 21:53:58.735 14949 14964 I Unity   :
06-20 21:53:58.735 14949 14964 E Unity   : NetworkClient Send when not connected to a server
06-20 21:53:58.735 14949 14964 E Unity   :
06-20 21:53:58.735 14949 14964 E Unity   : (Filename: ./artifacts/generated/common/runtime/DebugBindings.gen.cpp Line: 51)
06-20 21:53:58.735 14949 14964 E Unity   :
06-20 21:53:58.751 14949 14964 I Unity   : ACCELERATION_XYZ: -0.03331906 0.2854548 0.06270799 EULER_ANGLES_XYZ 11.26077 0.3247444 1.352019 False 3 False 0 0 0
06-20 21:53:58.751 14949 14964 I Unity   :
06-20 21:53:58.751 14949 14964 I Unity   : (Filename: ./artifacts/generated/common/runtime/DebugBindings.gen.cpp Line: 51)
06-20 21:53:58.751 14949 14964 I Unity   :
06-20 21:53:58.751 14949 14964 E Unity   : NetworkClient Send when not connected to a server
06-20 21:53:58.751 14949 14964 E Unity   :
06-20 21:53:58.751 14949 14964 E Unity   : (Filename: ./artifacts/generated/common/runtime/DebugBindings.gen.cpp Line: 51)
06-20 21:53:58.751 14949 14964 E Unity   :
06-20 21:53:58.768 14949 14964 I Unity   : ACCELERATION_XYZ: -0.07315292 0.2123184 0.02695219 EULER_ANGLES_XYZ 11.25735 0.3052189 1.35463 False 3 False 0 0 0
06-20 21:53:58.768 14949 14964 I Unity   :
06-20 21:53:58.768 14949 14964 I Unity   : (Filename: ./artifacts/generated/common/runtime/DebugBindings.gen.cpp Line: 51)
06-20 21:53:58.768 14949 14964 I Unity   :
06-20 21:53:58.768 14949 14964 E Unity   : NetworkClient Send when not connected to a server
06-20 21:53:58.768 14949 14964 E Unity   :
06-20 21:53:58.768 14949 14964 E Unity   : (Filename: ./artifacts/generated/common/runtime/DebugBindings.gen.cpp Line: 51)
06-20 21:53:58.768 14949 14964 E Unity   :
06-20 21:53:58.785 14949 14964 I Unity   : ACCELERATION_XYZ: -0.04569313 0.2152586 0.06433432 EULER_ANGLES_XYZ 11.2585 0.2751593 1.351744 False 3 False 0 0 0
06-20 21:53:58.785 14949 14964 I Unity   :
06-20 21:53:58.785 14949 14964 I Unity   : (Filename: ./artifacts/generated/common/runtime/DebugBindings.gen.cpp Line: 51)
06-20 21:53:58.785 14949 14964 I Unity   :
06-20 21:53:58.785 14949 14964 E Unity   : NetworkClient Send when not connected to a server
06-20 21:53:58.785 14949 14964 E Unity   :
06-20 21:53:58.785 14949 14964 E Unity   : (Filename: ./artifacts/generated/common/runtime/DebugBindings.gen.cpp Line: 51)
06-20 21:53:58.785 14949 14964 E Unity   :
06-20 21:53:58.818 14949 14964 I Unity   : ACCELERATION_XYZ: 0.03018057 0.3282604 0.008368419 EULER_ANGLES_XYZ 11.24861 0.2364288 1.336668 False 3 False 0 0 0
06-20 21:53:58.818 14949 14964 I Unity   :
06-20 21:53:58.818 14949 14964 I Unity   : (Filename: ./artifacts/generated/common/runtime/DebugBindings.gen.cpp Line: 51)
06-20 21:53:58.818 14949 14964 I Unity   :
06-20 21:53:58.818 14949 14964 E Unity   : NetworkClient Send when not connected to a server
06-20 21:53:58.818 14949 14964 E Unity   :
06-20 21:53:58.818 14949 14964 E Unity   : (Filename: ./artifacts/generated/common/runtime/DebugBindings.gen.cpp Line: 51)
06-20 21:53:58.818 14949 14964 E Unity   :
06-20 21:53:58.835 14949 14964 I Unity   : ACCELERATION_XYZ: 0.03212672 0.3284998 -0.04163972 EULER_ANGLES_XYZ 11.23983 0.2266277 1.330835 False 3 False 0 0 0
06-20 21:53:58.835 14949 14964 I Unity   :
06-20 21:53:58.835 14949 14964 I Unity   : (Filename: ./artifacts/generated/common/runtime/DebugBindings.gen.cpp Line: 51)
06-20 21:53:58.835 14949 14964 I Unity   :
06-20 21:53:58.835 14949 14964 E Unity   : NetworkClient Send when not connected to a server
06-20 21:53:58.835 14949 14964 E Unity   :
06-20 21:53:58.835 14949 14964 E Unity   : (Filename: ./artifacts/generated/common/runtime/DebugBindings.gen.cpp Line: 51)
06-20 21:53:58.835 14949 14964 E Unity   :
06-20 21:53:58.851 14949 14964 I Unity   : ACCELERATION_XYZ: 0.01532839 0.2614975 -0.008273154 EULER_ANGLES_XYZ 11.23824 0.2250912 1.334018 False 3 False 0 0 0
06-20 21:53:58.851 14949 14964 I Unity   :
06-20 21:53:58.851 14949 14964 I Unity   : (Filename: ./artifacts/generated/common/runtime/DebugBindings.gen.cpp Line: 51)
06-20 21:53:58.851 14949 14964 I Unity   :
06-20 21:53:58.851 14949 14964 E Unity   : NetworkClient Send when not connected to a server
06-20 21:53:58.851 14949 14964 E Unity   :
06-20 21:53:58.851 14949 14964 E Unity   : (Filename: ./artifacts/generated/common/runtime/DebugBindings.gen.cpp Line: 51)
06-20 21:53:58.851 14949 14964 E Unity   :
06-20 21:53:58.868 14949 14964 I Unity   : ACCELERATION_XYZ: -0.07166054 0.2845325 -0.08870418 EULER_ANGLES_XYZ 11.24917 0.222642 1.345505 False 3 False 0 0 0
06-20 21:53:58.868 14949 14964 I Unity   :
06-20 21:53:58.868 14949 14964 I Unity   : (Filename: ./artifacts/generated/common/runtime/DebugBindings.gen.cpp Line: 51)
06-20 21:53:58.868 14949 14964 I Unity   :
06-20 21:53:58.868 14949 14964 E Unity   : NetworkClient Send when not connected to a server
06-20 21:53:58.868 14949 14964 E Unity   :
06-20 21:53:58.868 14949 14964 E Unity   : (Filename: ./artifacts/generated/common/runtime/DebugBindings.gen.cpp Line: 51)
06-20 21:53:58.868 14949 14964 E Unity   :
06-20 21:53:58.885 14949 14964 I Unity   : ACCELERATION_XYZ: 0.004374675 0.2214813 -0.005481092 EULER_ANGLES_XYZ 11.26857 0.2156275 1.354315 False 3 False 0 0 0
06-20 21:53:58.885 14949 14964 I Unity   :
06-20 21:53:58.885 14949 14964 I Unity   : (Filename: ./artifacts/generated/common/runtime/DebugBindings.gen.cpp Line: 51)
06-20 21:53:58.885 14949 14964 I Unity   :
06-20 21:53:58.885 14949 14964 E Unity   : NetworkClient Send when not connected to a server
06-20 21:53:58.885 14949 14964 E Unity   :
06-20 21:53:58.885 14949 14964 E Unity   : (Filename: ./artifacts/generated/common/runtime/DebugBindings.gen.cpp Line: 51)
06-20 21:53:58.885 14949 14964 E Unity   :
06-20 21:53:58.919 14949 14964 I Unity   : ACCELERATION_XYZ: -0.009726194 0.3091354 0.09630384 EULER_ANGLES_XYZ 11.30821 0.1952294 1.369336 False 3 False 0 0 0
06-20 21:53:58.919 14949 14964 I Unity   :
06-20 21:53:58.919 14949 14964 I Unity   : (Filename: ./artifacts/generated/common/runtime/DebugBindings.gen.cpp Line: 51)
06-20 21:53:58.919 14949 14964 I Unity   :
06-20 21:53:58.919 14949 14964 E Unity   : NetworkClient Send when not connected to a server
06-20 21:53:58.919 14949 14964 E Unity   :
06-20 21:53:58.919 14949 14964 E Unity   : (Filename: ./artifacts/generated/common/runtime/DebugBindings.gen.cpp Line: 51)
06-20 21:53:58.919 14949 14964 E Unity   :
06-20 21:53:58.934 14949 14964 I Unity   : ACCELERATION_XYZ: 0.01682353 0.3790836 -0.04121993 EULER_ANGLES_XYZ 11.32592 0.1859908 1.375028 False 3 False 0 0 0
06-20 21:53:58.934 14949 14964 I Unity   :
06-20 21:53:58.934 14949 14964 I Unity   : (Filename: ./artifacts/generated/common/runtime/DebugBindings.gen.cpp Line: 51)
06-20 21:53:58.934 14949 14964 I Unity   :
06-20 21:53:58.935 14949 14964 E Unity   : NetworkClient Send when not connected to a server
06-20 21:53:58.935 14949 14964 E Unity   :
06-20 21:53:58.935 14949 14964 E Unity   : (Filename: ./artifacts/generated/common/runtime/DebugBindings.gen.cpp Line: 51)
06-20 21:53:58.935 14949 14964 E Unity   :
06-20 21:53:58.952 14949 14964 I Unity   : ACCELERATION_XYZ: 0.0183242 0.2242737 -0.002049594 EULER_ANGLES_XYZ 11.35822 0.1726606 1.388062 False 3 False 0 0 0
06-20 21:53:58.952 14949 14964 I Unity   :
06-20 21:53:58.952 14949 14964 I Unity   : (Filename: ./artifacts/generated/common/runtime/DebugBindings.gen.cpp Line: 51)
06-20 21:53:58.952 14949 14964 I Unity   :
06-20 21:53:58.952 14949 14964 E Unity   : NetworkClient Send when not connected to a server
06-20 21:53:58.952 14949 14964 E Unity   :
06-20 21:53:58.952 14949 14964 E Unity   : (Filename: ./artifacts/generated/common/runtime/DebugBindings.gen.cpp Line: 51)
06-20 21:53:58.952 14949 14964 E Unity   :
06-20 21:53:58.968 14949 14964 I Unity   : ACCELERATION_XYZ: 0.007218427 0.2316427 -0.03470746 EULER_ANGLES_XYZ 11.3905 0.1589068 1.400491 False 3 False 0 0 0
06-20 21:53:58.968 14949 14964 I Unity   :
06-20 21:53:58.968 14949 14964 I Unity   : (Filename: ./artifacts/generated/common/runtime/DebugBindings.gen.cpp Line: 51)
06-20 21:53:58.968 14949 14964 I Unity   :
06-20 21:53:58.968 14949 14964 E Unity   : NetworkClient Send when not connected to a server
06-20 21:53:58.968 14949 14964 E Unity   :
06-20 21:53:58.968 14949 14964 E Unity   : (Filename: ./artifacts/generated/common/runtime/DebugBindings.gen.cpp Line: 51)
06-20 21:53:58.968 14949 14964 E Unity   :
06-20 21:53:58.985 14949 14964 I Unity   : ACCELERATION_XYZ: -0.005294809 0.2724371 0.008348597 EULER_ANGLES_XYZ 11.43556 0.1467287 1.409972 False 3 False 0 0 0
06-20 21:53:58.985 14949 14964 I Unity   :
06-20 21:53:58.985 14949 14964 I Unity   : (Filename: ./artifacts/generated/common/runtime/DebugBindings.gen.cpp Line: 51)
06-20 21:53:58.985 14949 14964 I Unity   :
06-20 21:53:58.985 14949 14964 E Unity   : NetworkClient Send when not connected to a server
06-20 21:53:58.985 14949 14964 E Unity   :
06-20 21:53:58.985 14949 14964 E Unity   : (Filename: ./artifacts/generated/common/runtime/DebugBindings.gen.cpp Line: 51)
06-20 21:53:58.985 14949 14964 E Unity   :
06-20 21:53:59.019 14949 14964 I Unity   : ACCELERATION_XYZ: 0.02517295 0.4423847 -0.03162522 EULER_ANGLES_XYZ 11.48234 0.1315927 1.450528 False 3 False 0 0 0
06-20 21:53:59.019 14949 14964 I Unity   :
06-20 21:53:59.019 14949 14964 I Unity   : (Filename: ./artifacts/generated/common/runtime/DebugBindings.gen.cpp Line: 51)
06-20 21:53:59.019 14949 14964 I Unity   :
06-20 21:53:59.019 14949 14964 E Unity   : NetworkClient Send when not connected to a server
06-20 21:53:59.019 14949 14964 E Unity   :
06-20 21:53:59.019 14949 14964 E Unity   : (Filename: ./artifacts/generated/common/runtime/DebugBindings.gen.cpp Line: 51)
06-20 21:53:59.019 14949 14964 E Unity   :
06-20 21:53:59.035 14949 14964 I Unity   : ACCELERATION_XYZ: 0.001455451 0.4677925 -0.01044773 EULER_ANGLES_XYZ 11.49491 0.1205001 1.476454 False 3 False 0 0 0
06-20 21:53:59.035 14949 14964 I Unity   :
06-20 21:53:59.035 14949 14964 I Unity   : (Filename: ./artifacts/generated/common/runtime/DebugBindings.gen.cpp Line: 51)
06-20 21:53:59.035 14949 14964 I Unity   :
06-20 21:53:59.035 14949 14964 E Unity   : NetworkClient Send when not connected to a server
06-20 21:53:59.035 14949 14964 E Unity   :
06-20 21:53:59.035 14949 14964 E Unity   : (Filename: ./artifacts/generated/common/runtime/DebugBindings.gen.cpp Line: 51)
06-20 21:53:59.035 14949 14964 E Unity   :
06-20 21:53:59.052 14949 14964 I Unity   : ACCELERATION_XYZ: 0.05681598 0.4010849 -0.05251187 EULER_ANGLES_XYZ 11.49619 0.1086565 1.506104 False 3 False 0 0 0
06-20 21:53:59.052 14949 14964 I Unity   :
06-20 21:53:59.052 14949 14964 I Unity   : (Filename: ./artifacts/generated/common/runtime/DebugBindings.gen.cpp Line: 51)
06-20 21:53:59.052 14949 14964 I Unity   :
06-20 21:53:59.052 14949 14964 E Unity   : NetworkClient Send when not connected to a server
06-20 21:53:59.052 14949 14964 E Unity   :
06-20 21:53:59.052 14949 14964 E Unity   : (Filename: ./artifacts/generated/common/runtime/DebugBindings.gen.cpp Line: 51)
06-20 21:53:59.052 14949 14964 E Unity   :
06-20 21:53:59.068 14949 14964 I Unity   : ACCELERATION_XYZ: 0.02675692 0.2472801 -0.07355133 EULER_ANGLES_XYZ 11.50698 0.1032169 1.523245 False 3 False 0 0 0
06-20 21:53:59.068 14949 14964 I Unity   :
06-20 21:53:59.068 14949 14964 I Unity   : (Filename: ./artifacts/generated/common/runtime/DebugBindings.gen.cpp Line: 51)
06-20 21:53:59.068 14949 14964 I Unity   :
06-20 21:53:59.068 14949 14964 E Unity   : NetworkClient Send when not connected to a server
06-20 21:53:59.068 14949 14964 E Unity   :
06-20 21:53:59.068 14949 14964 E Unity   : (Filename: ./artifacts/generated/common/runtime/DebugBindings.gen.cpp Line: 51)
06-20 21:53:59.068 14949 14964 E Unity   :
06-20 21:53:59.085 14949 14964 I Unity   : ACCELERATION_XYZ: -0.004698355 0.1800985 -0.08589473 EULER_ANGLES_XYZ 11.52205 0.0880299 1.531852 False 3 False 0 0 0
06-20 21:53:59.085 14949 14964 I Unity   :
06-20 21:53:59.085 14949 14964 I Unity   : (Filename: ./artifacts/generated/common/runtime/DebugBindings.gen.cpp Line: 51)
06-20 21:53:59.085 14949 14964 I Unity   :
06-20 21:53:59.085 14949 14964 E Unity   : NetworkClient Send when not connected to a server
06-20 21:53:59.085 14949 14964 E Unity   :
06-20 21:53:59.085 14949 14964 E Unity   : (Filename: ./artifacts/generated/common/runtime/DebugBindings.gen.cpp Line: 51)
06-20 21:53:59.085 14949 14964 E Unity   :
06-20 21:53:59.118 14949 14964 I Unity   : ACCELERATION_XYZ: 0.0342458 0.4735155 0.02841509 EULER_ANGLES_XYZ 11.54155 0.06945492 1.547745 False 3 False 0 0 0
06-20 21:53:59.118 14949 14964 I Unity   :
06-20 21:53:59.118 14949 14964 I Unity   : (Filename: ./artifacts/generated/common/runtime/DebugBindings.gen.cpp Line: 51)
06-20 21:53:59.118 14949 14964 I Unity   :
06-20 21:53:59.118 14949 14964 E Unity   : NetworkClient Send when not connected to a server
06-20 21:53:59.118 14949 14964 E Unity   :
06-20 21:53:59.118 14949 14964 E Unity   : (Filename: ./artifacts/generated/common/runtime/DebugBindings.gen.cpp Line: 51)
06-20 21:53:59.118 14949 14964 E Unity   :
06-20 21:53:59.136 14949 14964 I Unity   : ACCELERATION_XYZ: 0.01537652 0.3676538 -0.03064332 EULER_ANGLES_XYZ 11.53996 0.06058884 1.567569 False 3 False 0 0 0
06-20 21:53:59.136 14949 14964 I Unity   :
06-20 21:53:59.136 14949 14964 I Unity   : (Filename: ./artifacts/generated/common/runtime/DebugBindings.gen.cpp Line: 51)
06-20 21:53:59.136 14949 14964 I Unity   :
06-20 21:53:59.136 14949 14964 E Unity   : NetworkClient Send when not connected to a server
06-20 21:53:59.136 14949 14964 E Unity   :
06-20 21:53:59.136 14949 14964 E Unity   : (Filename: ./artifacts/generated/common/runtime/DebugBindings.gen.cpp Line: 51)
06-20 21:53:59.136 14949 14964 E Unity   :
06-20 21:53:59.152 14949 14964 I Unity   : ACCELERATION_XYZ: -0.00559857 0.3009033 -0.04417007 EULER_ANGLES_XYZ 11.54355 0.04896378 1.586355 False 3 False 0 0 0
06-20 21:53:59.152 14949 14964 I Unity   :
06-20 21:53:59.152 14949 14964 I Unity   : (Filename: ./artifacts/generated/common/runtime/DebugBindings.gen.cpp Line: 51)
06-20 21:53:59.152 14949 14964 I Unity   :
06-20 21:53:59.152 14949 14964 E Unity   : NetworkClient Send when not connected to a server
06-20 21:53:59.152 14949 14964 E Unity   :
06-20 21:53:59.152 14949 14964 E Unity   : (Filename: ./artifacts/generated/common/runtime/DebugBindings.gen.cpp Line: 51)
06-20 21:53:59.152 14949 14964 E Unity   :
06-20 21:53:59.169 14949 14964 I Unity   : ACCELERATION_XYZ: 0.05138089 0.2021666 -0.07581744 EULER_ANGLES_XYZ 11.55269 0.04247335 1.59761 False 3 False 0 0 0
06-20 21:53:59.169 14949 14964 I Unity   :
06-20 21:53:59.169 14949 14964 I Unity   : (Filename: ./artifacts/generated/common/runtime/DebugBindings.gen.cpp Line: 51)
06-20 21:53:59.169 14949 14964 I Unity   :
06-20 21:53:59.169 14949 14964 E Unity   : NetworkClient Send when not connected to a server
06-20 21:53:59.169 14949 14964 E Unity   :
06-20 21:53:59.169 14949 14964 E Unity   : (Filename: ./artifacts/generated/common/runtime/DebugBindings.gen.cpp Line: 51)
06-20 21:53:59.169 14949 14964 E Unity   :
06-20 21:53:59.186 14949 14964 I Unity   : ACCELERATION_XYZ: 0.04912996 0.2007122 -0.1134949 EULER_ANGLES_XYZ 11.56696 0.03780688 1.608895 False 3 False 0 0 0
06-20 21:53:59.186 14949 14964 I Unity   :
06-20 21:53:59.186 14949 14964 I Unity   : (Filename: ./artifacts/generated/common/runtime/DebugBindings.gen.cpp Line: 51)
06-20 21:53:59.186 14949 14964 I Unity   :
06-20 21:53:59.186 14949 14964 E Unity   : NetworkClient Send when not connected to a server
06-20 21:53:59.186 14949 14964 E Unity   :
06-20 21:53:59.186 14949 14964 E Unity   : (Filename: ./artifacts/generated/common/runtime/DebugBindings.gen.cpp Line: 51)
06-20 21:53:59.186 14949 14964 E Unity   :
06-20 21:53:59.218 14949 14964 I Unity   : ACCELERATION_XYZ: 0.05067537 0.3833847 -0.04079521 EULER_ANGLES_XYZ 11.59328 0.02195399 1.626715 False 3 False 0 0 0
06-20 21:53:59.218 14949 14964 I Unity   :
06-20 21:53:59.218 14949 14964 I Unity   : (Filename: ./artifacts/generated/common/runtime/DebugBindings.gen.cpp Line: 51)
06-20 21:53:59.218 14949 14964 I Unity   :
06-20 21:53:59.219 14949 14964 E Unity   : NetworkClient Send when not connected to a server
06-20 21:53:59.219 14949 14964 E Unity   :
06-20 21:53:59.219 14949 14964 E Unity   : (Filename: ./artifacts/generated/common/runtime/DebugBindings.gen.cpp Line: 51)
06-20 21:53:59.219 14949 14964 E Unity   :
06-20 21:53:59.221 14949 15001 I VrApi   : FPS=31,Prd=44ms,Tear=0,Early=28,Stale=30,VSnc=1,Lat=1,Fov=0,CPU2/GPU=3/2,1286/315MHz,OC=F,TA=E/0/0,SP=N/N/N,Mem=1017MHz,Free=1422MB,PSM=0,PLS=0,Temp=22.0C/0.0C,TW=0.00ms,App=0.00ms
06-20 21:53:59.226 14949 15002 I UtilPoller: GPU Util 0.248050 / CPU Util 0.532609 (avg 0.460499)
06-20 21:53:59.235 14949 14964 I Unity   : ACCELERATION_XYZ: 0.04991143 0.3477726 -0.05587972 EULER_ANGLES_XYZ 11.60124 0.01699759 1.633684 False 3 False 0 0 0
06-20 21:53:59.235 14949 14964 I Unity   :
06-20 21:53:59.235 14949 14964 I Unity   : (Filename: ./artifacts/generated/common/runtime/DebugBindings.gen.cpp Line: 51)
06-20 21:53:59.235 14949 14964 I Unity   :
06-20 21:53:59.236 14949 14964 E Unity   : NetworkClient Send when not connected to a server
06-20 21:53:59.236 14949 14964 E Unity   :
06-20 21:53:59.236 14949 14964 E Unity   : (Filename: ./artifacts/generated/common/runtime/DebugBindings.gen.cpp Line: 51)
06-20 21:53:59.236 14949 14964 E Unity   :
06-20 21:53:59.253 14949 14964 I Unity   : ACCELERATION_XYZ: 0.0297225 0.3235216 0.008446796 EULER_ANGLES_XYZ 11.60503 0.01707193 1.632232 False 3 False 0 0 0
06-20 21:53:59.253 14949 14964 I Unity   :
06-20 21:53:59.253 14949 14964 I Unity   : (Filename: ./artifacts/generated/common/runtime/DebugBindings.gen.cpp Line: 51)
06-20 21:53:59.253 14949 14964 I Unity   :
06-20 21:53:59.253 14949 14964 E Unity   : NetworkClient Send when not connected to a server
06-20 21:53:59.253 14949 14964 E Unity   :
06-20 21:53:59.253 14949 14964 E Unity   : (Filename: ./artifacts/generated/common/runtime/DebugBindings.gen.cpp Line: 51)
06-20 21:53:59.253 14949 14964 E Unity   :
06-20 21:53:59.269 14949 14964 I Unity   : ACCELERATION_XYZ: 0.05798924 0.3462667 -0.04469275 EULER_ANGLES_XYZ 11.60822 0.01691966 1.637853 False 3 False 0 0 0
06-20 21:53:59.269 14949 14964 I Unity   :
06-20 21:53:59.269 14949 14964 I Unity   : (Filename: ./artifacts/generated/common/runtime/DebugBindings.gen.cpp Line: 51)
06-20 21:53:59.269 14949 14964 I Unity   :
06-20 21:53:59.269 14949 14964 E Unity   : NetworkClient Send when not connected to a server
06-20 21:53:59.269 14949 14964 E Unity   :
06-20 21:53:59.269 14949 14964 E Unity   : (Filename: ./artifacts/generated/common/runtime/DebugBindings.gen.cpp Line: 51)
06-20 21:53:59.269 14949 14964 E Unity   :
06-20 21:53:59.285 14949 14964 I Unity   : ACCELERATION_XYZ: 0.04721897 0.3526707 0.01571566 EULER_ANGLES_XYZ 11.60629 0.01563706 1.642027 False 3 False 0 0 0
06-20 21:53:59.285 14949 14964 I Unity   :
06-20 21:53:59.285 14949 14964 I Unity   : (Filename: ./artifacts/generated/common/runtime/DebugBindings.gen.cpp Line: 51)
06-20 21:53:59.285 14949 14964 I Unity   :
06-20 21:53:59.286 14949 14964 E Unity   : NetworkClient Send when not connected to a server
06-20 21:53:59.286 14949 14964 E Unity   :
06-20 21:53:59.286 14949 14964 E Unity   : (Filename: ./artifacts/generated/common/runtime/DebugBindings.gen.cpp Line: 51)
06-20 21:53:59.286 14949 14964 E Unity   :
06-20 21:53:59.319 14949 14964 I Unity   : ACCELERATION_XYZ: 0.02814647 0.310687 -0.02305795 EULER_ANGLES_XYZ 11.59141 0.01430906 1.646685 False 3 False 0 0 0
06-20 21:53:59.319 14949 14964 I Unity   :
06-20 21:53:59.319 14949 14964 I Unity   : (Filename: ./artifacts/generated/common/runtime/DebugBindings.gen.cpp Line: 51)
06-20 21:53:59.319 14949 14964 I Unity   :
06-20 21:53:59.319 14949 14964 E Unity   : NetworkClient Send when not connected to a server
06-20 21:53:59.319 14949 14964 E Unity   :
06-20 21:53:59.319 14949 14964 E Unity   : (Filename: ./artifacts/generated/common/runtime/DebugBindings.gen.cpp Line: 51)
06-20 21:53:59.319 14949 14964 E Unity   :
06-20 21:53:59.337 14949 14964 I Unity   : ACCELERATION_XYZ: 0.06518973 0.3481903 -0.008009895 EULER_ANGLES_XYZ 11.58157 0.01333787 1.650196 False 3 False 0 0 0
06-20 21:53:59.337 14949 14964 I Unity   :
06-20 21:53:59.337 14949 14964 I Unity   : (Filename: ./artifacts/generated/common/runtime/DebugBindings.gen.cpp Line: 51)
06-20 21:53:59.337 14949 14964 I Unity   :
06-20 21:53:59.337 14949 14964 E Unity   : NetworkClient Send when not connected to a server
06-20 21:53:59.337 14949 14964 E Unity   :
06-20 21:53:59.337 14949 14964 E Unity   : (Filename: ./artifacts/generated/common/runtime/DebugBindings.gen.cpp Line: 51)
06-20 21:53:59.337 14949 14964 E Unity   :
06-20 21:53:59.353 14949 14964 I Unity   : ACCELERATION_XYZ: 0.008279908 0.3003378 -0.02821605 EULER_ANGLES_XYZ 11.57716 0.01130555 1.651785 False 3 False 0 0 0
06-20 21:53:59.353 14949 14964 I Unity   :
06-20 21:53:59.353 14949 14964 I Unity   : (Filename: ./artifacts/generated/common/runtime/DebugBindings.gen.cpp Line: 51)
06-20 21:53:59.353 14949 14964 I Unity   :
06-20 21:53:59.353 14949 14964 E Unity   : NetworkClient Send when not connected to a server
06-20 21:53:59.353 14949 14964 E Unity   :
06-20 21:53:59.353 14949 14964 E Unity   : (Filename: ./artifacts/generated/common/runtime/DebugBindings.gen.cpp Line: 51)
06-20 21:53:59.353 14949 14964 E Unity   :
06-20 21:53:59.370 14949 14964 I Unity   : ACCELERATION_XYZ: -0.04110761 0.3469906 -0.02767964 EULER_ANGLES_XYZ 11.57136 0.0139741 1.655577 False 3 False 0 0 0
06-20 21:53:59.370 14949 14964 I Unity   :
06-20 21:53:59.370 14949 14964 I Unity   : (Filename: ./artifacts/generated/common/runtime/DebugBindings.gen.cpp Line: 51)
06-20 21:53:59.370 14949 14964 I Unity   :
06-20 21:53:59.370 14949 14964 E Unity   : NetworkClient Send when not connected to a server
06-20 21:53:59.370 14949 14964 E Unity   :
06-20 21:53:59.370 14949 14964 E Unity   : (Filename: ./artifacts/generated/common/runtime/DebugBindings.gen.cpp Line: 51)
06-20 21:53:59.370 14949 14964 E Unity   :
06-20 21:53:59.386 14949 14964 I Unity   : ACCELERATION_XYZ: 0.02551909 0.338892 -0.0222462 EULER_ANGLES_XYZ 11.56324 0.01144529 1.655473 False 3 False 0 0 0
06-20 21:53:59.386 14949 14964 I Unity   :
06-20 21:53:59.386 14949 14964 I Unity   : (Filename: ./artifacts/generated/common/runtime/DebugBindings.gen.cpp Line: 51)
06-20 21:53:59.386 14949 14964 I Unity   :
06-20 21:53:59.386 14949 14964 E Unity   : NetworkClient Send when not connected to a server
06-20 21:53:59.386 14949 14964 E Unity   :
06-20 21:53:59.386 14949 14964 E Unity   : (Filename: ./artifacts/generated/common/runtime/DebugBindings.gen.cpp Line: 51)
06-20 21:53:59.386 14949 14964 E Unity   :
06-20 21:53:59.410 14949 14999 I Clocks  : ReleaseClocks - start
06-20 21:53:59.410 14949 14999 D VrApi   : releaseSystemPerformanceStatic
06-20 21:53:59.410   643   643 D VrApiService: CPU_CLUSTER_0: No client requests exists, release clocks
06-20 21:53:59.412   643   643 D VrApiService: CPU_CLUSTER_1: No client requests exists, release clocks
06-20 21:53:59.413   643   643 D VrApiService: GPU: No client requests exists, release clocks
06-20 21:53:59.414   643   643 D VrApiService: CPUBW: No client requests exists, release clocks
06-20 21:53:59.414   643   643 D VrApiService: GPUBW: No client requests exists, release clocks
06-20 21:53:59.416 14949 14999 I Clocks  : ReleaseClocks - end (5.8 ms)
06-20 21:53:59.416 14949 14999 I Clocks  : LockClocks( cpu=2, gpu=2 ) - start
06-20 21:53:59.416 14949 14999 D VrApi   : Available levels: {GPU MIN, GPU MAX, CPU MIN, CPU MAX}
06-20 21:53:59.416 14949 14999 D VrApi   : -> / 0
06-20 21:53:59.417 14949 14999 D VrApi   : -> / 5
06-20 21:53:59.417 14949 14999 D VrApi   : -> / 0
06-20 21:53:59.417 14949 14999 D VrApi   : -> / 5
06-20 21:53:59.417 14949 14999 I Clocks  : CPU levels [0, 5]
06-20 21:53:59.417 14949 14999 I Clocks  : GPU levels [0, 5]
06-20 21:53:59.417 14949 14999 D VrApi   : setSystemPerformance cpu: 2 gpu: 2
06-20 21:53:59.417   643  2123 D VrApiService: CPU_CLUSTER_0: Client 14949 sends freq request [11, 11]
06-20 21:53:59.417   643  2123 D VrApiService: CPU_CLUSTER_0: Next Perf Level = (11, 11)
06-20 21:53:59.420   643  2123 D VrApiService: CPU_CLUSTER_1: Client 14949 sends freq request [11, 11]
06-20 21:53:59.420   643  2123 D VrApiService: CPU_CLUSTER_1: Next Perf Level = (11, 11)
06-20 21:53:59.421 14949 14964 I Unity   : ACCELERATION_XYZ: 0.02582305 0.3260164 -0.05793532 EULER_ANGLES_XYZ 11.53647 0.01743006 1.659596 False 3 False 0 0 0
06-20 21:53:59.421 14949 14964 I Unity   :
06-20 21:53:59.421 14949 14964 I Unity   : (Filename: ./artifacts/generated/common/runtime/DebugBindings.gen.cpp Line: 51)
06-20 21:53:59.421 14949 14964 I Unity   :
06-20 21:53:59.421 14949 14964 E Unity   : NetworkClient Send when not connected to a server
06-20 21:53:59.421 14949 14964 E Unity   :
06-20 21:53:59.421 14949 14964 E Unity   : (Filename: ./artifacts/generated/common/runtime/DebugBindings.gen.cpp Line: 51)
06-20 21:53:59.421 14949 14964 E Unity   :
06-20 21:53:59.422   643  2123 D VrApiService: CPUBW: Client 14949 sends freq request [8, 11]
06-20 21:53:59.422   643  2123 D VrApiService: CPUBW: Next Perf Level = (8, 11)
06-20 21:53:59.425   643  2123 D VrApiService: GPUBW: Client 14949 sends freq request [9, 11]
06-20 21:53:59.425   643  2123 D VrApiService: GPUBW: Next Perf Level = (9, 11)
06-20 21:53:59.426   643  2123 D VrApiService: GPU: Client 14949 sends freq request [2, 2]
06-20 21:53:59.426   643  2123 D VrApiService: GPU: Next Perf Level = (2, 2)
06-20 21:53:59.426 14949 14999 I Clocks  : LockClocks( cpu=2, gpu=2 ) - end (10.0 ms)
06-20 21:53:59.436 14949 14964 I Unity   : ACCELERATION_XYZ: 0.01695985 0.2725658 -0.04238981 EULER_ANGLES_XYZ 11.52937 0.02210291 1.657761 False 3 False 0 0 0
06-20 21:53:59.436 14949 14964 I Unity   :
06-20 21:53:59.436 14949 14964 I Unity   : (Filename: ./artifacts/generated/common/runtime/DebugBindings.gen.cpp Line: 51)
06-20 21:53:59.436 14949 14964 I Unity   :
06-20 21:53:59.436 14949 14964 E Unity   : NetworkClient Send when not connected to a server
06-20 21:53:59.436 14949 14964 E Unity   :
06-20 21:53:59.436 14949 14964 E Unity   : (Filename: ./artifacts/generated/common/runtime/DebugBindings.gen.cpp Line: 51)
06-20 21:53:59.436 14949 14964 E Unity   :
06-20 21:53:59.453 14949 14964 I Unity   : ACCELERATION_XYZ: -0.02399654 0.3835516 -0.01925373 EULER_ANGLES_XYZ 11.5229 0.02327918 1.651165 False 3 False 0 0 0
06-20 21:53:59.453 14949 14964 I Unity   :
06-20 21:53:59.453 14949 14964 I Unity   : (Filename: ./artifacts/generated/common/runtime/DebugBindings.gen.cpp Line: 51)
06-20 21:53:59.453 14949 14964 I Unity   :
06-20 21:53:59.453 14949 14964 E Unity   : NetworkClient Send when not connected to a server
06-20 21:53:59.453 14949 14964 E Unity   :
06-20 21:53:59.453 14949 14964 E Unity   : (Filename: ./artifacts/generated/common/runtime/DebugBindings.gen.cpp Line: 51)
06-20 21:53:59.453 14949 14964 E Unity   :
06-20 21:53:59.470 14949 14964 I Unity   : ACCELERATION_XYZ: 0.03398494 0.3933258 0.03862229 EULER_ANGLES_XYZ 11.50943 0.02390902 1.641706 False 3 False 0 0 0
06-20 21:53:59.470 14949 14964 I Unity   :
06-20 21:53:59.470 14949 14964 I Unity   : (Filename: ./artifacts/generated/common/runtime/DebugBindings.gen.cpp Line: 51)
06-20 21:53:59.470 14949 14964 I Unity   :
06-20 21:53:59.470 14949 14964 E Unity   : NetworkClient Send when not connected to a server
06-20 21:53:59.470 14949 14964 E Unity   :
06-20 21:53:59.470 14949 14964 E Unity   : (Filename: ./artifacts/generated/common/runtime/DebugBindings.gen.cpp Line: 51)
06-20 21:53:59.470 14949 14964 E Unity   :
06-20 21:53:59.486 14949 14964 I Unity   : ACCELERATION_XYZ: 0.02840047 0.3086643 -0.0294582 EULER_ANGLES_XYZ 11.49612 0.02856524 1.635783 False 3 False 0 0 0
06-20 21:53:59.486 14949 14964 I Unity   :
