06-20 21:54:08.107 14949 14964 E Unity   :
06-20 21:54:08.107 14949 14964 E Unity   : (Filename: ./artifacts/generated/common/runtime/DebugBindings.gen.cpp Line: 51)
06-20 21:54:08.107 14949 14964 E Unity   :
06-20 21:54:08.140 14949 14964 I Unity   : ACCELERATION_XYZ: 0.1734065 0.1749592 0.06108848 EULER_ANGLES_XYZ 12.96676 357.0401 2.496257 False 1.191959 False 0.5600004 10 2.589125E-29
06-20 21:54:08.140 14949 14964 I Unity   :
06-20 21:54:08.140 14949 14964 I Unity   : (Filename: ./artifacts/generated/common/runtime/DebugBindings.gen.cpp Line: 51)
06-20 21:54:08.140 14949 14964 I Unity   :
06-20 21:54:08.140 14949 14964 E Unity   : NetworkClient Send when not connected to a server
06-20 21:54:08.140 14949 14964 E Unity   :
06-20 21:54:08.140 14949 14964 E Unity   : (Filename: ./artifacts/generated/common/runtime/DebugBindings.gen.cpp Line: 51)
06-20 21:54:08.140 14949 14964 E Unity   :
06-20 21:54:08.157 14949 14964 I Unity   : ACCELERATION_XYZ: 0.1269946 0.3452044 0.08682591 EULER_ANGLES_XYZ 12.98271 357.0249 2.499279 False 1.191959 False 0.5600004 10 7.074478E-31
06-20 21:54:08.157 14949 14964 I Unity   :
06-20 21:54:08.157 14949 14964 I Unity   : (Filename: ./artifacts/generated/common/runtime/DebugBindings.gen.cpp Line: 51)
06-20 21:54:08.157 14949 14964 I Unity   :
06-20 21:54:08.157 14949 14964 E Unity   : NetworkClient Send when not connected to a server
06-20 21:54:08.157 14949 14964 E Unity   :
06-20 21:54:08.157 14949 14964 E Unity   : (Filename: ./artifacts/generated/common/runtime/DebugBindings.gen.cpp Line: 51)
06-20 21:54:08.157 14949 14964 E Unity   :
06-20 21:54:08.174 14949 14964 I Unity   : ACCELERATION_XYZ: 0.1249873 0.616312 0.2443109 EULER_ANGLES_XYZ 12.98882 357.007 2.510542 False 1.191959 False 0.5600004 10 1.749062E-32
06-20 21:54:08.174 14949 14964 I Unity   :
06-20 21:54:08.174 14949 14964 I Unity   : (Filename: ./artifacts/generated/common/runtime/DebugBindings.gen.cpp Line: 51)
06-20 21:54:08.174 14949 14964 I Unity   :
06-20 21:54:08.174 14949 14964 E Unity   : NetworkClient Send when not connected to a server
06-20 21:54:08.174 14949 14964 E Unity   :
06-20 21:54:08.174 14949 14964 E Unity   : (Filename: ./artifacts/generated/common/runtime/DebugBindings.gen.cpp Line: 51)
06-20 21:54:08.174 14949 14964 E Unity   :
06-20 21:54:08.191 14949 14964 I Unity   : ACCELERATION_XYZ: 0.05782125 0.6186199 0.2164425 EULER_ANGLES_XYZ 12.97112 356.9857 2.519764 False 1.191959 False 0.5600004 10 3.912783E-34
06-20 21:54:08.191 14949 14964 I Unity   :
06-20 21:54:08.191 14949 14964 I Unity   : (Filename: ./artifacts/generated/common/runtime/DebugBindings.gen.cpp Line: 51)
06-20 21:54:08.191 14949 14964 I Unity   :
06-20 21:54:08.191 14949 14964 E Unity   : NetworkClient Send when not connected to a server
06-20 21:54:08.191 14949 14964 E Unity   :
06-20 21:54:08.191 14949 14964 E Unity   : (Filename: ./artifacts/generated/common/runtime/DebugBindings.gen.cpp Line: 51)
06-20 21:54:08.191 14949 14964 E Unity   :
06-20 21:54:08.207 14949 14964 I Unity   : ACCELERATION_XYZ: 0.1274886 0.3441982 0.01547433 EULER_ANGLES_XYZ 12.95795 356.9755 2.522129 False 1.191959 False 0.5600004 10 7.92023E-36
06-20 21:54:08.207 14949 14964 I Unity   :
06-20 21:54:08.207 14949 14964 I Unity   : (Filename: ./artifacts/generated/common/runtime/DebugBindings.gen.cpp Line: 51)
06-20 21:54:08.207 14949 14964 I Unity   :
06-20 21:54:08.207 14949 14964 E Unity   : NetworkClient Send when not connected to a server
06-20 21:54:08.207 14949 14964 E Unity   :
06-20 21:54:08.207 14949 14964 E Unity   : (Filename: ./artifacts/generated/common/runtime/DebugBindings.gen.cpp Line: 51)
06-20 21:54:08.207 14949 14964 E Unity   :
06-20 21:54:08.221 14949 15001 I VrApi   : FPS=60,Prd=45ms,Tear=0,Early=60,Stale=0,VSnc=1,Lat=1,Fov=0,CPU2/GPU=2/2,1132/315MHz,OC=F,TA=E/0/0,SP=N/N/N,Mem=1017MHz,Free=1422MB,PSM=0,PLS=0,Temp=22.2C/0.0C,TW=0.00ms,App=0.00ms
06-20 21:54:08.224 14949 14964 I Unity   : ACCELERATION_XYZ: 0.05269822 0.1258526 -0.05094375 EULER_ANGLES_XYZ 12.96823 356.9716 2.512058 False 1.191959 False 0.5600004 10 1.450639E-37
06-20 21:54:08.224 14949 14964 I Unity   :
06-20 21:54:08.224 14949 14964 I Unity   : (Filename: ./artifacts/generated/common/runtime/DebugBindings.gen.cpp Line: 51)
06-20 21:54:08.224 14949 14964 I Unity   :
06-20 21:54:08.224 14949 14964 E Unity   : NetworkClient Send when not connected to a server
06-20 21:54:08.224 14949 14964 E Unity   :
06-20 21:54:08.224 14949 14964 E Unity   : (Filename: ./artifacts/generated/common/runtime/DebugBindings.gen.cpp Line: 51)
06-20 21:54:08.224 14949 14964 E Unity   :
06-20 21:54:08.251 14949 15002 I UtilPoller: GPU Util 0.259393 / CPU Util 0.600000 (avg 0.532653)
06-20 21:54:08.258 14949 14964 I Unity   : ACCELERATION_XYZ: 0.04843599 0.1526766 0.04832693 EULER_ANGLES_XYZ 13.06823 356.9718 2.473121 False 1.191959 False 0.5600004 10 2.404101E-39
06-20 21:54:08.258 14949 14964 I Unity   :
06-20 21:54:08.258 14949 14964 I Unity   : (Filename: ./artifacts/generated/common/runtime/DebugBindings.gen.cpp Line: 51)
06-20 21:54:08.258 14949 14964 I Unity   :
06-20 21:54:08.258 14949 14964 E Unity   : NetworkClient Send when not connected to a server
06-20 21:54:08.258 14949 14964 E Unity   :
06-20 21:54:08.258 14949 14964 E Unity   : (Filename: ./artifacts/generated/common/runtime/DebugBindings.gen.cpp Line: 51)
06-20 21:54:08.258 14949 14964 E Unity   :
06-20 21:54:08.274 14949 14964 I Unity   : ACCELERATION_XYZ: -0.04603643 0.459301 0.1959366 EULER_ANGLES_XYZ 13.10044 356.9733 2.468002 False 1.191959 False 0.5600004 10 3.605121E-41
06-20 21:54:08.274 14949 14964 I Unity   :
06-20 21:54:08.274 14949 14964 I Unity   : (Filename: ./artifacts/generated/common/runtime/DebugBindings.gen.cpp Line: 51)
06-20 21:54:08.274 14949 14964 I Unity   :
06-20 21:54:08.274 14949 14964 E Unity   : NetworkClient Send when not connected to a server
06-20 21:54:08.274 14949 14964 E Unity   :
06-20 21:54:08.274 14949 14964 E Unity   : (Filename: ./artifacts/generated/common/runtime/DebugBindings.gen.cpp Line: 51)
06-20 21:54:08.274 14949 14964 E Unity   :
06-20 21:54:08.290 14949 14964 I Unity   : ACCELERATION_XYZ: 0.03268622 0.4894037 0.1832667 EULER_ANGLES_XYZ 13.10723 356.9689 2.467978 False 1.191959 False 0.5600004 10 4.890532E-43
06-20 21:54:08.290 14949 14964 I Unity   :
06-20 21:54:08.290 14949 14964 I Unity   : (Filename: ./artifacts/generated/common/runtime/DebugBindings.gen.cpp Line: 51)
06-20 21:54:08.290 14949 14964 I Unity   :
06-20 21:54:08.290 14949 14964 E Unity   : NetworkClient Send when not connected to a server
06-20 21:54:08.290 14949 14964 E Unity   :
06-20 21:54:08.290 14949 14964 E Unity   : (Filename: ./artifacts/generated/common/runtime/DebugBindings.gen.cpp Line: 51)
06-20 21:54:08.290 14949 14964 E Unity   :
06-20 21:54:08.308 14949 14964 I Unity   : ACCELERATION_XYZ: -0.1295462 0.5021811 0.1658331 EULER_ANGLES_XYZ 13.09897 356.9506 2.472269 False 1.191959 False 0.5600004 10 5.605194E-45
06-20 21:54:08.308 14949 14964 I Unity   :
06-20 21:54:08.308 14949 14964 I Unity   : (Filename: ./artifacts/generated/common/runtime/DebugBindings.gen.cpp Line: 51)
06-20 21:54:08.308 14949 14964 I Unity   :
06-20 21:54:08.308 14949 14964 E Unity   : NetworkClient Send when not connected to a server
06-20 21:54:08.308 14949 14964 E Unity   :
06-20 21:54:08.308 14949 14964 E Unity   : (Filename: ./artifacts/generated/common/runtime/DebugBindings.gen.cpp Line: 51)
06-20 21:54:08.308 14949 14964 E Unity   :
06-20 21:54:08.325 14949 14964 I Unity   : ACCELERATION_XYZ: -0.03279764 0.2811565 0.1249201 EULER_ANGLES_XYZ 13.08421 356.9267 2.471831 False 1.191959 False 0.5600004 10 0
06-20 21:54:08.325 14949 14964 I Unity   :
06-20 21:54:08.325 14949 14964 I Unity   : (Filename: ./artifacts/generated/common/runtime/DebugBindings.gen.cpp Line: 51)
06-20 21:54:08.325 14949 14964 I Unity   :
06-20 21:54:08.325 14949 14964 E Unity   : NetworkClient Send when not connected to a server
06-20 21:54:08.325 14949 14964 E Unity   :
06-20 21:54:08.325 14949 14964 E Unity   : (Filename: ./artifacts/generated/common/runtime/DebugBindings.gen.cpp Line: 51)
06-20 21:54:08.325 14949 14964 E Unity   :
06-20 21:54:08.359 14949 14964 I Unity   : ACCELERATION_XYZ: -0.02938054 0.08168507 0.04630538 EULER_ANGLES_XYZ 13.15627 356.8249 2.467141 False 1.191959 False 0.5600004 10 0
06-20 21:54:08.359 14949 14964 I Unity   :
06-20 21:54:08.359 14949 14964 I Unity   : (Filename: ./artifacts/generated/common/runtime/DebugBindings.gen.cpp Line: 51)
06-20 21:54:08.359 14949 14964 I Unity   :
06-20 21:54:08.359 14949 14964 E Unity   : NetworkClient Send when not connected to a server
06-20 21:54:08.359 14949 14964 E Unity   :
06-20 21:54:08.359 14949 14964 E Unity   : (Filename: ./artifacts/generated/common/runtime/DebugBindings.gen.cpp Line: 51)
06-20 21:54:08.359 14949 14964 E Unity   :
06-20 21:54:08.374 14949 14964 I Unity   : ACCELERATION_XYZ: 0.021296 0.1305971 -0.01222096 EULER_ANGLES_XYZ 13.21751 356.771 2.459378 False 1.191959 False 0.5600004 10 0
06-20 21:54:08.374 14949 14964 I Unity   :
06-20 21:54:08.374 14949 14964 I Unity   : (Filename: ./artifacts/generated/common/runtime/DebugBindings.gen.cpp Line: 51)
06-20 21:54:08.374 14949 14964 I Unity   :
06-20 21:54:08.374 14949 14964 E Unity   : NetworkClient Send when not connected to a server
06-20 21:54:08.374 14949 14964 E Unity   :
06-20 21:54:08.374 14949 14964 E Unity   : (Filename: ./artifacts/generated/common/runtime/DebugBindings.gen.cpp Line: 51)
06-20 21:54:08.374 14949 14964 E Unity   :
06-20 21:54:08.391 14949 14964 I Unity   : ACCELERATION_XYZ: -0.05061642 0.2313652 0.006987888 EULER_ANGLES_XYZ 13.2927 356.7235 2.465948 False 1.191959 False 0.5600004 10 0
06-20 21:54:08.391 14949 14964 I Unity   :
06-20 21:54:08.391 14949 14964 I Unity   : (Filename: ./artifacts/generated/common/runtime/DebugBindings.gen.cpp Line: 51)
06-20 21:54:08.391 14949 14964 I Unity   :
06-20 21:54:08.391 14949 14964 E Unity   : NetworkClient Send when not connected to a server
06-20 21:54:08.391 14949 14964 E Unity   :
06-20 21:54:08.391 14949 14964 E Unity   : (Filename: ./artifacts/generated/common/runtime/DebugBindings.gen.cpp Line: 51)
06-20 21:54:08.391 14949 14964 E Unity   :
06-20 21:54:08.407 14949 14964 I Unity   : ACCELERATION_XYZ: 0.0399929 0.377161 0.01705088 EULER_ANGLES_XYZ 13.3361 356.6784 2.47893 False 1.191959 False 0.5600004 10 0
06-20 21:54:08.407 14949 14964 I Unity   :
06-20 21:54:08.407 14949 14964 I Unity   : (Filename: ./artifacts/generated/common/runtime/DebugBindings.gen.cpp Line: 51)
06-20 21:54:08.407 14949 14964 I Unity   :
06-20 21:54:08.407 14949 14964 E Unity   : NetworkClient Send when not connected to a server
06-20 21:54:08.407 14949 14964 E Unity   :
06-20 21:54:08.407 14949 14964 E Unity   : (Filename: ./artifacts/generated/common/runtime/DebugBindings.gen.cpp Line: 51)
06-20 21:54:08.407 14949 14964 E Unity   :
06-20 21:54:08.425 14949 14964 I Unity   : ACCELERATION_XYZ: 0.02029796 0.4911308 0.08380435 EULER_ANGLES_XYZ 13.36817 356.6376 2.494561 False 1.191959 False 0.5600004 10 0
06-20 21:54:08.425 14949 14964 I Unity   :
06-20 21:54:08.425 14949 14964 I Unity   : (Filename: ./artifacts/generated/common/runtime/DebugBindings.gen.cpp Line: 51)
06-20 21:54:08.425 14949 14964 I Unity   :
06-20 21:54:08.425 14949 14964 E Unity   : NetworkClient Send when not connected to a server
06-20 21:54:08.425 14949 14964 E Unity   :
06-20 21:54:08.425 14949 14964 E Unity   : (Filename: ./artifacts/generated/common/runtime/DebugBindings.gen.cpp Line: 51)
06-20 21:54:08.425 14949 14964 E Unity   :
06-20 21:54:08.458 14949 14964 I Unity   : ACCELERATION_XYZ: 0.01714091 0.435975 -0.04231178 EULER_ANGLES_XYZ 13.40264 356.5583 2.504983 False 1.191959 False 0.5600004 10 0
06-20 21:54:08.458 14949 14964 I Unity   :
06-20 21:54:08.458 14949 14964 I Unity   : (Filename: ./artifacts/generated/common/runtime/DebugBindings.gen.cpp Line: 51)
06-20 21:54:08.458 14949 14964 I Unity   :
06-20 21:54:08.458 14949 14964 E Unity   : NetworkClient Send when not connected to a server
06-20 21:54:08.458 14949 14964 E Unity   :
06-20 21:54:08.458 14949 14964 E Unity   : (Filename: ./artifacts/generated/common/runtime/DebugBindings.gen.cpp Line: 51)
06-20 21:54:08.458 14949 14964 E Unity   :
06-20 21:54:08.474 14949 14964 I Unity   : ACCELERATION_XYZ: 0.002203585 0.3227758 -0.06639592 EULER_ANGLES_XYZ 13.42003 356.5254 2.499925 False 1.191959 False 0.5600004 10 0
06-20 21:54:08.474 14949 14964 I Unity   :
06-20 21:54:08.474 14949 14964 I Unity   : (Filename: ./artifacts/generated/common/runtime/DebugBindings.gen.cpp Line: 51)
06-20 21:54:08.474 14949 14964 I Unity   :
06-20 21:54:08.474 14949 14964 E Unity   : NetworkClient Send when not connected to a server
06-20 21:54:08.474 14949 14964 E Unity   :
06-20 21:54:08.474 14949 14964 E Unity   : (Filename: ./artifacts/generated/common/runtime/DebugBindings.gen.cpp Line: 51)
06-20 21:54:08.474 14949 14964 E Unity   :
06-20 21:54:08.491 14949 14964 I Unity   : ACCELERATION_XYZ: 0.004470776 0.3053693 0.04982074 EULER_ANGLES_XYZ 13.43708 356.4689 2.494588 False 1.191959 False 0.5600004 10 0
06-20 21:54:08.491 14949 14964 I Unity   :
06-20 21:54:08.491 14949 14964 I Unity   : (Filename: ./artifacts/generated/common/runtime/DebugBindings.gen.cpp Line: 51)
06-20 21:54:08.491 14949 14964 I Unity   :
06-20 21:54:08.491 14949 14964 E Unity   : NetworkClient Send when not connected to a server
06-20 21:54:08.491 14949 14964 E Unity   :
06-20 21:54:08.491 14949 14964 E Unity   : (Filename: ./artifacts/generated/common/runtime/DebugBindings.gen.cpp Line: 51)
06-20 21:54:08.491 14949 14964 E Unity   :
06-20 21:54:08.508 14949 14964 I Unity   : ACCELERATION_XYZ: 0.02058084 0.2613974 -0.005614627 EULER_ANGLES_XYZ 13.45759 356.4245 2.49907 False 1.191959 False 0.5600004 10 0
06-20 21:54:08.508 14949 14964 I Unity   :
06-20 21:54:08.508 14949 14964 I Unity   : (Filename: ./artifacts/generated/common/runtime/DebugBindings.gen.cpp Line: 51)
06-20 21:54:08.508 14949 14964 I Unity   :
06-20 21:54:08.508 14949 14964 E Unity   : NetworkClient Send when not connected to a server
06-20 21:54:08.508 14949 14964 E Unity   :
06-20 21:54:08.508 14949 14964 E Unity   : (Filename: ./artifacts/generated/common/runtime/DebugBindings.gen.cpp Line: 51)
06-20 21:54:08.508 14949 14964 E Unity   :
06-20 21:54:08.524 14949 14964 I Unity   : ACCELERATION_XYZ: 0.007855017 0.3516206 -0.01021838 EULER_ANGLES_XYZ 13.46828 356.3693 2.499834 False 1.191959 False 0.5600004 10 0
06-20 21:54:08.524 14949 14964 I Unity   :
06-20 21:54:08.524 14949 14964 I Unity   : (Filename: ./artifacts/generated/common/runtime/DebugBindings.gen.cpp Line: 51)
06-20 21:54:08.524 14949 14964 I Unity   :
06-20 21:54:08.524 14949 14964 E Unity   : NetworkClient Send when not connected to a server
06-20 21:54:08.524 14949 14964 E Unity   :
06-20 21:54:08.524 14949 14964 E Unity   : (Filename: ./artifacts/generated/common/runtime/DebugBindings.gen.cpp Line: 51)
06-20 21:54:08.524 14949 14964 E Unity   :
06-20 21:54:08.559 14949 14964 I Unity   : ACCELERATION_XYZ: 0.02557159 0.3575964 0.01484981 EULER_ANGLES_XYZ 13.46034 356.2697 2.467412 False 1.191959 False 0.5600004 10 0
06-20 21:54:08.559 14949 14964 I Unity   :
06-20 21:54:08.559 14949 14964 I Unity   : (Filename: ./artifacts/generated/common/runtime/DebugBindings.gen.cpp Line: 51)
06-20 21:54:08.559 14949 14964 I Unity   :
06-20 21:54:08.559 14949 14964 E Unity   : NetworkClient Send when not connected to a server
06-20 21:54:08.559 14949 14964 E Unity   :
06-20 21:54:08.559 14949 14964 E Unity   : (Filename: ./artifacts/generated/common/runtime/DebugBindings.gen.cpp Line: 51)
06-20 21:54:08.559 14949 14964 E Unity   :
06-20 21:54:08.574 14949 14964 I Unity   : ACCELERATION_XYZ: -0.002963675 0.2780542 -0.03560928 EULER_ANGLES_XYZ 13.47459 356.2296 2.44817 False 1.191959 False 0.5600004 10 0
06-20 21:54:08.574 14949 14964 I Unity   :
06-20 21:54:08.574 14949 14964 I Unity   : (Filename: ./artifacts/generated/common/runtime/DebugBindings.gen.cpp Line: 51)
06-20 21:54:08.574 14949 14964 I Unity   :
06-20 21:54:08.574 14949 14964 E Unity   : NetworkClient Send when not connected to a server
06-20 21:54:08.574 14949 14964 E Unity   :
06-20 21:54:08.574 14949 14964 E Unity   : (Filename: ./artifacts/generated/common/runtime/DebugBindings.gen.cpp Line: 51)
06-20 21:54:08.574 14949 14964 E Unity   :
06-20 21:54:08.591 14949 14964 I Unity   : ACCELERATION_XYZ: 0.08083244 0.2966413 -0.08513603 EULER_ANGLES_XYZ 13.4966 356.2008 2.440473 False 1.191959 False 0.5600004 10 0
06-20 21:54:08.591 14949 14964 I Unity   :
06-20 21:54:08.591 14949 14964 I Unity   : (Filename: ./artifacts/generated/common/runtime/DebugBindings.gen.cpp Line: 51)
06-20 21:54:08.591 14949 14964 I Unity   :
06-20 21:54:08.591 14949 14964 E Unity   : NetworkClient Send when not connected to a server
06-20 21:54:08.591 14949 14964 E Unity   :
06-20 21:54:08.591 14949 14964 E Unity   : (Filename: ./artifacts/generated/common/runtime/DebugBindings.gen.cpp Line: 51)
06-20 21:54:08.591 14949 14964 E Unity   :
06-20 21:54:08.609 14949 14964 I Unity   : ACCELERATION_XYZ: 0.1313697 0.1683035 -0.1502059 EULER_ANGLES_XYZ 13.53855 356.1664 2.444647 False 1.191959 False 0.5600004 10 0
06-20 21:54:08.609 14949 14964 I Unity   :
06-20 21:54:08.609 14949 14964 I Unity   : (Filename: ./artifacts/generated/common/runtime/DebugBindings.gen.cpp Line: 51)
06-20 21:54:08.609 14949 14964 I Unity   :
06-20 21:54:08.609 14949 14964 E Unity   : NetworkClient Send when not connected to a server
06-20 21:54:08.609 14949 14964 E Unity   :
06-20 21:54:08.609 14949 14964 E Unity   : (Filename: ./artifacts/generated/common/runtime/DebugBindings.gen.cpp Line: 51)
06-20 21:54:08.609 14949 14964 E Unity   :
06-20 21:54:08.625 14949 14964 I Unity   : ACCELERATION_XYZ: 0.00890241 0.2219839 -0.07817164 EULER_ANGLES_XYZ 13.5713 356.1469 2.451407 False 1.191959 False 0.5600004 10 0
06-20 21:54:08.625 14949 14964 I Unity   :
06-20 21:54:08.625 14949 14964 I Unity   : (Filename: ./artifacts/generated/common/runtime/DebugBindings.gen.cpp Line: 51)
06-20 21:54:08.625 14949 14964 I Unity   :
06-20 21:54:08.625 14949 14964 E Unity   : NetworkClient Send when not connected to a server
06-20 21:54:08.625 14949 14964 E Unity   :
06-20 21:54:08.625 14949 14964 E Unity   : (Filename: ./artifacts/generated/common/runtime/DebugBindings.gen.cpp Line: 51)
06-20 21:54:08.625 14949 14964 E Unity   :
06-20 21:54:08.659 14949 14964 I Unity   : ACCELERATION_XYZ: 0.02107552 0.4500771 0.02090303 EULER_ANGLES_XYZ 13.61255 356.1128 2.443025 False 1.191959 False 0.5600004 10 0
06-20 21:54:08.659 14949 14964 I Unity   :
06-20 21:54:08.659 14949 14964 I Unity   : (Filename: ./artifacts/generated/common/runtime/DebugBindings.gen.cpp Line: 51)
06-20 21:54:08.659 14949 14964 I Unity   :
06-20 21:54:08.659 14949 14964 E Unity   : NetworkClient Send when not connected to a server
06-20 21:54:08.659 14949 14964 E Unity   :
06-20 21:54:08.659 14949 14964 E Unity   : (Filename: ./artifacts/generated/common/runtime/DebugBindings.gen.cpp Line: 51)
06-20 21:54:08.659 14949 14964 E Unity   :
06-20 21:54:08.675 14949 14964 I Unity   : ACCELERATION_XYZ: 0.06643157 0.3196287 0.003958866 EULER_ANGLES_XYZ 13.62198 356.0961 2.444532 False 1.191959 False 0.5600004 10 0
06-20 21:54:08.675 14949 14964 I Unity   :
06-20 21:54:08.675 14949 14964 I Unity   : (Filename: ./artifacts/generated/common/runtime/DebugBindings.gen.cpp Line: 51)
06-20 21:54:08.675 14949 14964 I Unity   :
06-20 21:54:08.675 14949 14964 E Unity   : NetworkClient Send when not connected to a server
06-20 21:54:08.675 14949 14964 E Unity   :
06-20 21:54:08.675 14949 14964 E Unity   : (Filename: ./artifacts/generated/common/runtime/DebugBindings.gen.cpp Line: 51)
06-20 21:54:08.675 14949 14964 E Unity   :
06-20 21:54:08.691 14949 14964 I Unity   : ACCELERATION_XYZ: 0.08391835 0.2362537 -0.05343447 EULER_ANGLES_XYZ 13.63797 356.0864 2.453692 False 1.191959 False 0.5600004 10 0
06-20 21:54:08.691 14949 14964 I Unity   :
06-20 21:54:08.691 14949 14964 I Unity   : (Filename: ./artifacts/generated/common/runtime/DebugBindings.gen.cpp Line: 51)
06-20 21:54:08.691 14949 14964 I Unity   :
06-20 21:54:08.691 14949 14964 E Unity   : NetworkClient Send when not connected to a server
06-20 21:54:08.691 14949 14964 E Unity   :
06-20 21:54:08.691 14949 14964 E Unity   : (Filename: ./artifacts/generated/common/runtime/DebugBindings.gen.cpp Line: 51)
06-20 21:54:08.691 14949 14964 E Unity   :
06-20 21:54:08.696 14964 14964 W UnityMain: type=1400 audit(0.0:101): avc: denied { read } for name="thread" dev="sysfs" ino=30576 scontext=u:r:untrusted_app:s0:c512,c768 tcontext=u:object_r:sysfs:s0 tclass=dir permissive=0
06-20 21:54:08.709 14949 14964 I Unity   : ACCELERATION_XYZ: 0.1044216 0.07832718 -0.1286019 EULER_ANGLES_XYZ 13.67507 356.0761 2.460288 False 1.191959 False 0.5600004 10 0
06-20 21:54:08.709 14949 14964 I Unity   :
06-20 21:54:08.709 14949 14964 I Unity   : (Filename: ./artifacts/generated/common/runtime/DebugBindings.gen.cpp Line: 51)
06-20 21:54:08.709 14949 14964 I Unity   :
06-20 21:54:08.709 14949 14964 E Unity   : NetworkClient Send when not connected to a server
06-20 21:54:08.709 14949 14964 E Unity   :
06-20 21:54:08.709 14949 14964 E Unity   : (Filename: ./artifacts/generated/common/runtime/DebugBindings.gen.cpp Line: 51)
06-20 21:54:08.709 14949 14964 E Unity   :
06-20 21:54:08.725 14949 14964 I Unity   : ACCELERATION_XYZ: 0.1178025 0.1325083 -0.2171348 EULER_ANGLES_XYZ 13.72127 356.0736 2.463398 False 1.191959 False 0.5600004 10 0
06-20 21:54:08.725 14949 14964 I Unity   :
06-20 21:54:08.725 14949 14964 I Unity   : (Filename: ./artifacts/generated/common/runtime/DebugBindings.gen.cpp Line: 51)
06-20 21:54:08.725 14949 14964 I Unity   :
06-20 21:54:08.726 14949 14964 E Unity   : NetworkClient Send when not connected to a server
06-20 21:54:08.726 14949 14964 E Unity   :
06-20 21:54:08.726 14949 14964 E Unity   : (Filename: ./artifacts/generated/common/runtime/DebugBindings.gen.cpp Line: 51)
06-20 21:54:08.726 14949 14964 E Unity   :
06-20 21:54:08.758 14949 14964 I Unity   : ACCELERATION_XYZ: 0.1234478 0.5306806 -0.1243322 EULER_ANGLES_XYZ 13.76409 356.0913 2.484974 False 1.191959 False 0.5600004 10 0
06-20 21:54:08.758 14949 14964 I Unity   :
06-20 21:54:08.758 14949 14964 I Unity   : (Filename: ./artifacts/generated/common/runtime/DebugBindings.gen.cpp Line: 51)
06-20 21:54:08.758 14949 14964 I Unity   :
06-20 21:54:08.758 14949 14964 E Unity   : NetworkClient Send when not connected to a server
06-20 21:54:08.758 14949 14964 E Unity   :
06-20 21:54:08.758 14949 14964 E Unity   : (Filename: ./artifacts/generated/common/runtime/DebugBindings.gen.cpp Line: 51)
06-20 21:54:08.758 14949 14964 E Unity   :
06-20 21:54:08.776 14949 14964 I Unity   : ACCELERATION_XYZ: 0.1631554 0.4679632 -0.1338785 EULER_ANGLES_XYZ 13.76752 356.1039 2.497771 False 1.191959 False 0.5600004 10 0
06-20 21:54:08.776 14949 14964 I Unity   :
06-20 21:54:08.776 14949 14964 I Unity   : (Filename: ./artifacts/generated/common/runtime/DebugBindings.gen.cpp Line: 51)
06-20 21:54:08.776 14949 14964 I Unity   :
06-20 21:54:08.776 14949 14964 E Unity   : NetworkClient Send when not connected to a server
06-20 21:54:08.776 14949 14964 E Unity   :
06-20 21:54:08.776 14949 14964 E Unity   : (Filename: ./artifacts/generated/common/runtime/DebugBindings.gen.cpp Line: 51)
06-20 21:54:08.776 14949 14964 E Unity   :
06-20 21:54:08.791 14949 14964 I Unity   : ACCELERATION_XYZ: 0.05025943 0.4118147 -0.1804439 EULER_ANGLES_XYZ 13.78004 356.121 2.52378 False 1.191959 False 0.5600004 10 0
06-20 21:54:08.791 14949 14964 I Unity   :
06-20 21:54:08.791 14949 14964 I Unity   : (Filename: ./artifacts/generated/common/runtime/DebugBindings.gen.cpp Line: 51)
06-20 21:54:08.791 14949 14964 I Unity   :
06-20 21:54:08.792 14949 14964 E Unity   : NetworkClient Send when not connected to a server
06-20 21:54:08.792 14949 14964 E Unity   :
06-20 21:54:08.792 14949 14964 E Unity   : (Filename: ./artifacts/generated/common/runtime/DebugBindings.gen.cpp Line: 51)
06-20 21:54:08.792 14949 14964 E Unity   :
06-20 21:54:08.808 14949 14964 I Unity   : ACCELERATION_XYZ: -0.0315237 0.357975 -0.147027 EULER_ANGLES_XYZ 13.78648 356.1279 2.538248 False 1.191959 False 0.5600004 10 0
06-20 21:54:08.808 14949 14964 I Unity   :
06-20 21:54:08.808 14949 14964 I Unity   : (Filename: ./artifacts/generated/common/runtime/DebugBindings.gen.cpp Line: 51)
06-20 21:54:08.808 14949 14964 I Unity   :
06-20 21:54:08.808 14949 14964 E Unity   : NetworkClient Send when not connected to a server
06-20 21:54:08.808 14949 14964 E Unity   :
06-20 21:54:08.808 14949 14964 E Unity   : (Filename: ./artifacts/generated/common/runtime/DebugBindings.gen.cpp Line: 51)
06-20 21:54:08.808 14949 14964 E Unity   :
06-20 21:54:08.827 14949 14964 I Unity   : ACCELERATION_XYZ: -0.04899651 0.3526334 -0.08911759 EULER_ANGLES_XYZ 13.78566 356.1279 2.543617 False 1.191959 False 0.5600004 10 0
06-20 21:54:08.827 14949 14964 I Unity   :
06-20 21:54:08.827 14949 14964 I Unity   : (Filename: ./artifacts/generated/common/runtime/DebugBindings.gen.cpp Line: 51)
06-20 21:54:08.827 14949 14964 I Unity   :
06-20 21:54:08.827 14949 14964 E Unity   : NetworkClient Send when not connected to a server
06-20 21:54:08.827 14949 14964 E Unity   :
06-20 21:54:08.827 14949 14964 E Unity   : (Filename: ./artifacts/generated/common/runtime/DebugBindings.gen.cpp Line: 51)
06-20 21:54:08.827 14949 14964 E Unity   :
06-20 21:54:08.858 14949 14964 I Unity   : ACCELERATION_XYZ: -0.01836053 0.4272413 -0.02128585 EULER_ANGLES_XYZ 13.75967 356.1098 2.529401 False 1.191959 False 0.5600004 10 0
06-20 21:54:08.858 14949 14964 I Unity   :
06-20 21:54:08.858 14949 14964 I Unity   : (Filename: ./artifacts/generated/common/runtime/DebugBindings.gen.cpp Line: 51)
06-20 21:54:08.858 14949 14964 I Unity   :
06-20 21:54:08.858 14949 14964 E Unity   : NetworkClient Send when not connected to a server
06-20 21:54:08.858 14949 14964 E Unity   :
06-20 21:54:08.858 14949 14964 E Unity   : (Filename: ./artifacts/generated/common/runtime/DebugBindings.gen.cpp Line: 51)
06-20 21:54:08.858 14949 14964 E Unity   :
06-20 21:54:08.875 14949 14964 I Unity   : ACCELERATION_XYZ: -0.01821346 0.3899364 0.0055334 EULER_ANGLES_XYZ 13.7379 356.0869 2.536119 False 1.191959 False 0.5600004 10 0
06-20 21:54:08.875 14949 14964 I Unity   :
06-20 21:54:08.875 14949 14964 I Unity   : (Filename: ./artifacts/generated/common/runtime/DebugBindings.gen.cpp Line: 51)
06-20 21:54:08.875 14949 14964 I Unity   :
06-20 21:54:08.875 14949 14964 E Unity   : NetworkClient Send when not connected to a server
06-20 21:54:08.875 14949 14964 E Unity   :
06-20 21:54:08.875 14949 14964 E Unity   : (Filename: ./artifacts/generated/common/runtime/DebugBindings.gen.cpp Line: 51)
06-20 21:54:08.875 14949 14964 E Unity   :
06-20 21:54:08.892 14949 14964 I Unity   : ACCELERATION_XYZ: 0.0807213 0.3308821 -0.008153504 EULER_ANGLES_XYZ 13.71199 356.0785 2.544994 False 1.191959 False 0.5600004 10 0
06-20 21:54:08.892 14949 14964 I Unity   :
06-20 21:54:08.892 14949 14964 I Unity   : (Filename: ./artifacts/generated/common/runtime/DebugBindings.gen.cpp Line: 51)
06-20 21:54:08.892 14949 14964 I Unity   :
06-20 21:54:08.892 14949 14964 E Unity   : NetworkClient Send when not connected to a server
06-20 21:54:08.892 14949 14964 E Unity   :
06-20 21:54:08.892 14949 14964 E Unity   : (Filename: ./artifacts/generated/common/runtime/DebugBindings.gen.cpp Line: 51)
06-20 21:54:08.892 14949 14964 E Unity   :
06-20 21:54:08.909 14949 14964 I Unity   : ACCELERATION_XYZ: 0.1037371 0.3158264 -0.06362391 EULER_ANGLES_XYZ 13.68948 356.067 2.543824 False 1.191959 False 0.5600004 10 0
06-20 21:54:08.909 14949 14964 I Unity   :
06-20 21:54:08.909 14949 14964 I Unity   : (Filename: ./artifacts/generated/common/runtime/DebugBindings.gen.cpp Line: 51)
06-20 21:54:08.909 14949 14964 I Unity   :
06-20 21:54:08.909 14949 14964 E Unity   : NetworkClient Send when not connected to a server
06-20 21:54:08.909 14949 14964 E Unity   :
06-20 21:54:08.909 14949 14964 E Unity   : (Filename: ./artifacts/generated/common/runtime/DebugBindings.gen.cpp Line: 51)
06-20 21:54:08.909 14949 14964 E Unity   :
06-20 21:54:08.925 14949 14964 I Unity   : ACCELERATION_XYZ: 0.09261009 0.3105259 -0.0500326 EULER_ANGLES_XYZ 13.67161 356.0619 2.540605 False 1.191959 False 0.5600004 10 0
06-20 21:54:08.925 14949 14964 I Unity   :
06-20 21:54:08.925 14949 14964 I Unity   : (Filename: ./artifacts/generated/common/runtime/DebugBindings.gen.cpp Line: 51)
06-20 21:54:08.925 14949 14964 I Unity   :
06-20 21:54:08.925 14949 14964 E Unity   : NetworkClient Send when not connected to a server
06-20 21:54:08.925 14949 14964 E Unity   :
06-20 21:54:08.925 14949 14964 E Unity   : (Filename: ./artifacts/generated/common/runtime/DebugBindings.gen.cpp Line: 51)
06-20 21:54:08.925 14949 14964 E Unity   :
06-20 21:54:08.958 14949 14964 I Unity   : ACCELERATION_XYZ: 0.04790178 0.3383684 0.01495754 EULER_ANGLES_XYZ 13.62044 356.0715 2.546083 False 1.191959 False 0.5600004 10 0
06-20 21:54:08.958 14949 14964 I Unity   :
06-20 21:54:08.958 14949 14964 I Unity   : (Filename: ./artifacts/generated/common/runtime/DebugBindings.gen.cpp Line: 51)
06-20 21:54:08.958 14949 14964 I Unity   :
06-20 21:54:08.959 14949 14964 E Unity   : NetworkClient Send when not connected to a server
06-20 21:54:08.959 14949 14964 E Unity   :
06-20 21:54:08.959 14949 14964 E Unity   : (Filename: ./artifacts/generated/common/runtime/DebugBindings.gen.cpp Line: 51)
06-20 21:54:08.959 14949 14964 E Unity   :
06-20 21:54:08.976 14949 14964 I Unity   : ACCELERATION_XYZ: 0.05372518 0.360014 0.04520264 EULER_ANGLES_XYZ 13.59257 356.08 2.554397 False 1.191959 False 0.5600004 10 0
06-20 21:54:08.976 14949 14964 I Unity   :
06-20 21:54:08.976 14949 14964 I Unity   : (Filename: ./artifacts/generated/common/runtime/DebugBindings.gen.cpp Line: 51)
06-20 21:54:08.976 14949 14964 I Unity   :
06-20 21:54:08.976 14949 14964 E Unity   : NetworkClient Send when not connected to a server
06-20 21:54:08.976 14949 14964 E Unity   :
06-20 21:54:08.976 14949 14964 E Unity   : (Filename: ./artifacts/generated/common/runtime/DebugBindings.gen.cpp Line: 51)
06-20 21:54:08.976 14949 14964 E Unity   :
06-20 21:54:08.992 14949 14964 I Unity   : ACCELERATION_XYZ: 0.06969981 0.3753032 0.06468973 EULER_ANGLES_XYZ 13.55585 356.0841 2.548259 False 1.191959 False 0.5600004 10 0
06-20 21:54:08.992 14949 14964 I Unity   :
06-20 21:54:08.992 14949 14964 I Unity   : (Filename: ./artifacts/generated/common/runtime/DebugBindings.gen.cpp Line: 51)
06-20 21:54:08.992 14949 14964 I Unity   :
06-20 21:54:08.992 14949 14964 E Unity   : NetworkClient Send when not connected to a server
06-20 21:54:08.992 14949 14964 E Unity   :
06-20 21:54:08.992 14949 14964 E Unity   : (Filename: ./artifacts/generated/common/runtime/DebugBindings.gen.cpp Line: 51)
06-20 21:54:08.992 14949 14964 E Unity   :
06-20 21:54:09.009 14949 14964 I Unity   : ACCELERATION_XYZ: 0.00832158 0.2986975 0.02706779 EULER_ANGLES_XYZ 13.52467 356.0864 2.536453 False 1.191959 False 0.5600004 10 0
06-20 21:54:09.009 14949 14964 I Unity   :
06-20 21:54:09.009 14949 14964 I Unity   : (Filename: ./artifacts/generated/common/runtime/DebugBindings.gen.cpp Line: 51)
06-20 21:54:09.009 14949 14964 I Unity   :
06-20 21:54:09.009 14949 14964 E Unity   : NetworkClient Send when not connected to a server
06-20 21:54:09.009 14949 14964 E Unity   :
06-20 21:54:09.009 14949 14964 E Unity   : (Filename: ./artifacts/generated/common/runtime/DebugBindings.gen.cpp Line: 51)
06-20 21:54:09.009 14949 14964 E Unity   :
06-20 21:54:09.026 14949 14964 I Unity   : ACCELERATION_XYZ: 0.08318008 0.2888641 -0.03619222 EULER_ANGLES_XYZ 13.48041 356.1041 2.507326 False 1.191959 False 0.5600004 10 0
06-20 21:54:09.026 14949 14964 I Unity   :
06-20 21:54:09.026 14949 14964 I Unity   : (Filename: ./artifacts/generated/common/runtime/DebugBindings.gen.cpp Line: 51)
06-20 21:54:09.026 14949 14964 I Unity   :
06-20 21:54:09.027 14949 14964 E Unity   : NetworkClient Send when not connected to a server
06-20 21:54:09.027 14949 14964 E Unity   :
06-20 21:54:09.027 14949 14964 E Unity   : (Filename: ./artifacts/generated/common/runtime/DebugBindings.gen.cpp Line: 51)
06-20 21:54:09.027 14949 14964 E Unity   :
06-20 21:54:09.059 14949 14964 I Unity   : ACCELERATION_XYZ: 0.07437608 0.255908 0.04300676 EULER_ANGLES_XYZ 13.45484 356.1466 2.489434 False 1.191959 False 0.5600004 10 0
06-20 21:54:09.059 14949 14964 I Unity   :
06-20 21:54:09.059 14949 14964 I Unity   : (Filename: ./artifacts/generated/common/runtime/DebugBindings.gen.cpp Line: 51)
06-20 21:54:09.059 14949 14964 I Unity   :
06-20 21:54:09.059 14949 14964 E Unity   : NetworkClient Send when not connected to a server
06-20 21:54:09.059 14949 14964 E Unity   :
06-20 21:54:09.059 14949 14964 E Unity   : (Filename: ./artifacts/generated/common/runtime/DebugBindings.gen.cpp Line: 51)
06-20 21:54:09.059 14949 14964 E Unity   :
06-20 21:54:09.075 14949 14964 I Unity   : ACCELERATION_XYZ: 0.02169524 0.2950974 0.1055568 EULER_ANGLES_XYZ 13.44157 356.1773 2.488249 False 1.191959 False 0.5600004 10 0
06-20 21:54:09.075 14949 14964 I Unity   :
06-20 21:54:09.075 14949 14964 I Unity   : (Filename: ./artifacts/generated/common/runtime/DebugBindings.gen.cpp Line: 51)
06-20 21:54:09.075 14949 14964 I Unity   :
06-20 21:54:09.076 14949 14964 E Unity   : NetworkClient Send when not connected to a server
06-20 21:54:09.076 14949 14964 E Unity   :
06-20 21:54:09.076 14949 14964 E Unity   : (Filename: ./artifacts/generated/common/runtime/DebugBindings.gen.cpp Line: 51)
06-20 21:54:09.076 14949 14964 E Unity   :
06-20 21:54:09.093 14949 14964 I Unity   : ACCELERATION_XYZ: -0.04846228 0.2434044 0.04855172 EULER_ANGLES_XYZ 13.42456 356.2075 2.476353 False 1.191959 False 0.5600004 10 0
06-20 21:54:09.093 14949 14964 I Unity   :
06-20 21:54:09.093 14949 14964 I Unity   : (Filename: ./artifacts/generated/common/runtime/DebugBindings.gen.cpp Line: 51)
06-20 21:54:09.093 14949 14964 I Unity   :
06-20 21:54:09.093 14949 14964 E Unity   : NetworkClient Send when not connected to a server
06-20 21:54:09.093 14949 14964 E Unity   :
06-20 21:54:09.093 14949 14964 E Unity   : (Filename: ./artifacts/generated/common/runtime/DebugBindings.gen.cpp Line: 51)
06-20 21:54:09.093 14949 14964 E Unity   :
06-20 21:54:09.109 14949 14964 I Unity   : ACCELERATION_XYZ: -0.05695178 0.309123 0.1398599 EULER_ANGLES_XYZ 13.41389 356.2292 2.461558 False 1.191959 False 0.5600004 10 0
06-20 21:54:09.109 14949 14964 I Unity   :
06-20 21:54:09.109 14949 14964 I Unity   : (Filename: ./artifacts/generated/common/runtime/DebugBindings.gen.cpp Line: 51)
06-20 21:54:09.109 14949 14964 I Unity   :
06-20 21:54:09.109 14949 14964 E Unity   : NetworkClient Send when not connected to a server
06-20 21:54:09.109 14949 14964 E Unity   :
06-20 21:54:09.109 14949 14964 E Unity   : (Filename: ./artifacts/generated/common/runtime/DebugBindings.gen.cpp Line: 51)
06-20 21:54:09.109 14949 14964 E Unity   :
06-20 21:54:09.127 14949 14964 I Unity   : ACCELERATION_XYZ: -0.01156162 0.2392235 0.1126989 EULER_ANGLES_XYZ 13.40959 356.2668 2.447259 False 1.191959 False 0.5600004 10 0
06-20 21:54:09.127 14949 14964 I Unity   :
06-20 21:54:09.127 14949 14964 I Unity   : (Filename: ./artifacts/generated/common/runtime/DebugBindings.gen.cpp Line: 51)
06-20 21:54:09.127 14949 14964 I Unity   :
06-20 21:54:09.127 14949 14964 E Unity   : NetworkClient Send when not connected to a server
06-20 21:54:09.127 14949 14964 E Unity   :
06-20 21:54:09.127 14949 14964 E Unity   : (Filename: ./artifacts/generated/common/runtime/DebugBindings.gen.cpp Line: 51)
06-20 21:54:09.127 14949 14964 E Unity   :
06-20 21:54:09.159 14949 14964 I Unity   : ACCELERATION_XYZ: -0.04235464 0.2482271 0.06434429 EULER_ANGLES_XYZ 13.43616 356.3097 2.438028 False 1.191959 False 0.5600004 10 0
06-20 21:54:09.159 14949 14964 I Unity   :
06-20 21:54:09.159 14949 14964 I Unity   : (Filename: ./artifacts/generated/common/runtime/DebugBindings.gen.cpp Line: 51)
06-20 21:54:09.159 14949 14964 I Unity   :
06-20 21:54:09.159 14949 14964 E Unity   : NetworkClient Send when not connected to a server
06-20 21:54:09.159 14949 14964 E Unity   :
06-20 21:54:09.159 14949 14964 E Unity   : (Filename: ./artifacts/generated/common/runtime/DebugBindings.gen.cpp Line: 51)
06-20 21:54:09.159 14949 14964 E Unity   :
06-20 21:54:09.166 14949 14949 D InputHooksJava: HOME BUTTON 0
06-20 21:54:09.166 14949 14949 I InputHooks: InputHooks::nativeSetHomeButtonDown(60069.480469): 1698898178
06-20 21:54:09.166 14949 14949 I RecenterTimer: (60069.4814) StartTimer(1.00 0.50)
06-20 21:54:09.176 14949 14964 I Unity   : ACCELERATION_XYZ: 0.04674468 0.2511539 0.04249374 EULER_ANGLES_XYZ 13.45117 356.334 2.432126 False 1.191959 False 0.5600004 10 0
06-20 21:54:09.176 14949 14964 I Unity   :
06-20 21:54:09.176 14949 14964 I Unity   : (Filename: ./artifacts/generated/common/runtime/DebugBindings.gen.cpp Line: 51)
06-20 21:54:09.176 14949 14964 I Unity   :
06-20 21:54:09.176 14949 14964 E Unity   : NetworkClient Send when not connected to a server
06-20 21:54:09.176 14949 14964 E Unity   :
06-20 21:54:09.176 14949 14964 E Unity   : (Filename: ./artifacts/generated/common/runtime/DebugBindings.gen.cpp Line: 51)
06-20 21:54:09.176 14949 14964 E Unity   :
06-20 21:54:09.192 14949 14964 I Unity   : ACCELERATION_XYZ: -0.05267292 0.2953892 -0.04548951 EULER_ANGLES_XYZ 13.47299 356.3524 2.411786 False 1.191959 False 0.5600004 10 0
06-20 21:54:09.192 14949 14964 I Unity   :
06-20 21:54:09.192 14949 14964 I Unity   : (Filename: ./artifacts/generated/common/runtime/DebugBindings.gen.cpp Line: 51)
06-20 21:54:09.192 14949 14964 I Unity   :
06-20 21:54:09.193 14949 14964 E Unity   : NetworkClient Send when not connected to a server
06-20 21:54:09.193 14949 14964 E Unity   :
06-20 21:54:09.193 14949 14964 E Unity   : (Filename: ./artifacts/generated/common/runtime/DebugBindings.gen.cpp Line: 51)
06-20 21:54:09.193 14949 14964 E Unity   :
06-20 21:54:09.209 14949 14964 I Unity   : ACCELERATION_XYZ: -0.05295268 0.3757458 0.07491145 EULER_ANGLES_XYZ 13.47351 356.3676 2.398336 False 1.191959 False 0.5600004 10 0
06-20 21:54:09.209 14949 14964 I Unity   :
06-20 21:54:09.209 14949 14964 I Unity   : (Filename: ./artifacts/generated/common/runtime/DebugBindings.gen.cpp Line: 51)
06-20 21:54:09.209 14949 14964 I Unity   :
06-20 21:54:09.209 14949 14964 E Unity   : NetworkClient Send when not connected to a server
06-20 21:54:09.209 14949 14964 E Unity   :
06-20 21:54:09.209 14949 14964 E Unity   : (Filename: ./artifacts/generated/common/runtime/DebugBindings.gen.cpp Line: 51)
06-20 21:54:09.209 14949 14964 E Unity   :
06-20 21:54:09.223 14949 15001 I VrApi   : FPS=60,Prd=45ms,Tear=0,Early=60,Stale=0,VSnc=1,Lat=1,Fov=0,CPU2/GPU=2/2,1132/315MHz,OC=F,TA=E/0/0,SP=N/N/N,Mem=1017MHz,Free=1422MB,PSM=0,PLS=0,Temp=22.2C/0.0C,TW=0.00ms,App=0.00ms
06-20 21:54:09.226 14949 14964 I Unity   : ACCELERATION_XYZ: -0.06299974 0.4404593 0.09203181 EULER_ANGLES_XYZ 13.47206 356.384 2.392003 False 1.191959 False 0.5600004 10 0
06-20 21:54:09.226 14949 14964 I Unity   :
06-20 21:54:09.226 14949 14964 I Unity   : (Filename: ./artifacts/generated/common/runtime/DebugBindings.gen.cpp Line: 51)
06-20 21:54:09.226 14949 14964 I Unity   :
06-20 21:54:09.226 14949 14964 E Unity   : NetworkClient Send when not connected to a server
06-20 21:54:09.226 14949 14964 E Unity   :
06-20 21:54:09.226 14949 14964 E Unity   : (Filename: ./artifacts/generated/common/runtime/DebugBindings.gen.cpp Line: 51)
06-20 21:54:09.226 14949 14964 E Unity   :
06-20 21:54:09.253 14949 15002 I UtilPoller: GPU Util 0.259448 / CPU Util 0.595960 (avg 0.504804)
06-20 21:54:09.259 14949 14964 I Unity   : ACCELERATION_XYZ: -0.01740625 0.2275009 0.001907298 EULER_ANGLES_XYZ 13.47178 356.4093 2.382662 False 1.191959 False 0.5600004 10 0
06-20 21:54:09.259 14949 14964 I Unity   :
06-20 21:54:09.259 14949 14964 I Unity   : (Filename: ./artifacts/generated/common/runtime/DebugBindings.gen.cpp Line: 51)
06-20 21:54:09.259 14949 14964 I Unity   :
06-20 21:54:09.260 14949 14964 E Unity   : NetworkClient Send when not connected to a server
06-20 21:54:09.260 14949 14964 E Unity   :
06-20 21:54:09.260 14949 14964 E Unity   : (Filename: ./artifacts/generated/common/runtime/DebugBindings.gen.cpp Line: 51)
06-20 21:54:09.260 14949 14964 E Unity   :
06-20 21:54:09.276 14949 14964 I Unity   : ACCELERATION_XYZ: -0.003313679 0.2302189 -0.04542936 EULER_ANGLES_XYZ 13.47721 356.4398 2.36599 False 1.191959 False 0.5600004 10 0
06-20 21:54:09.276 14949 14964 I Unity   :
06-20 21:54:09.276 14949 14964 I Unity   : (Filename: ./artifacts/generated/common/runtime/DebugBindings.gen.cpp Line: 51)
06-20 21:54:09.276 14949 14964 I Unity   :
06-20 21:54:09.276 14949 14964 E Unity   : NetworkClient Send when not connected to a server
06-20 21:54:09.276 14949 14964 E Unity   :
06-20 21:54:09.276 14949 14964 E Unity   : (Filename: ./artifacts/generated/common/runtime/DebugBindings.gen.cpp Line: 51)
06-20 21:54:09.276 14949 14964 E Unity   :
06-20 21:54:09.293 14949 14964 I Unity   : ACCELERATION_XYZ: 0.04606226 0.3099461 -0.0717673 EULER_ANGLES_XYZ 13.48547 356.465 2.356435 False 1.191959 False 0.5600004 10 0
06-20 21:54:09.293 14949 14964 I Unity   :
06-20 21:54:09.293 14949 14964 I Unity   : (Filename: ./artifacts/generated/common/runtime/DebugBindings.gen.cpp Line: 51)
06-20 21:54:09.293 14949 14964 I Unity   :
06-20 21:54:09.293 14949 14964 E Unity   : NetworkClient Send when not connected to a server
06-20 21:54:09.293 14949 14964 E Unity   :
06-20 21:54:09.293 14949 14964 E Unity   : (Filename: ./artifacts/generated/common/runtime/DebugBindings.gen.cpp Line: 51)
06-20 21:54:09.293 14949 14964 E Unity   :
06-20 21:54:09.314 14949 14964 I Unity   : ACCELERATION_XYZ: -0.03660794 0.3638258 0.007874847 EULER_ANGLES_XYZ 13.49875 356.4985 2.351568 False 1.191959 False 0.5600004 10 0
06-20 21:54:09.314 14949 14964 I Unity   :
06-20 21:54:09.314 14949 14964 I Unity   : (Filename: ./artifacts/generated/common/runtime/DebugBindings.gen.cpp Line: 51)
06-20 21:54:09.314 14949 14964 I Unity   :
06-20 21:54:09.314 14949 14964 E Unity   : NetworkClient Send when not connected to a server
06-20 21:54:09.314 14949 14964 E Unity   :
06-20 21:54:09.314 14949 14964 E Unity   : (Filename: ./artifacts/generated/common/runtime/DebugBindings.gen.cpp Line: 51)
06-20 21:54:09.314 14949 14964 E Unity   :
06-20 21:54:09.330 14949 14964 I Unity   : ACCELERATION_XYZ: 0.03160465 0.3586111 0.01164613 EULER_ANGLES_XYZ 13.50833 356.5307 2.353487 False 1.191959 False 0.5600004 10 0
06-20 21:54:09.330 14949 14964 I Unity   :
06-20 21:54:09.330 14949 14964 I Unity   : (Filename: ./artifacts/generated/common/runtime/DebugBindings.gen.cpp Line: 51)
06-20 21:54:09.330 14949 14964 I Unity   :
06-20 21:54:09.330 14949 14964 E Unity   : NetworkClient Send when not connected to a server
06-20 21:54:09.330 14949 14964 E Unity   :
06-20 21:54:09.330 14949 14964 E Unity   : (Filename: ./artifacts/generated/common/runtime/DebugBindings.gen.cpp Line: 51)
06-20 21:54:09.330 14949 14964 E Unity   :
06-20 21:54:09.344 14949 14964 I Unity   : ACCELERATION_XYZ: -0.05533374 0.2835655 0.05008514 EULER_ANGLES_XYZ 13.52242 356.5601 2.356999 False 1.191959 False 0.5600004 10 0
06-20 21:54:09.344 14949 14964 I Unity   :
06-20 21:54:09.344 14949 14964 I Unity   : (Filename: ./artifacts/generated/common/runtime/DebugBindings.gen.cpp Line: 51)
06-20 21:54:09.344 14949 14964 I Unity   :
06-20 21:54:09.344 14949 14964 E Unity   : NetworkClient Send when not connected to a server
06-20 21:54:09.344 14949 14964 E Unity   :
06-20 21:54:09.344 14949 14964 E Unity   : (Filename: ./artifacts/generated/common/runtime/DebugBindings.gen.cpp Line: 51)
06-20 21:54:09.344 14949 14964 E Unity   :
06-20 21:54:09.355 14949 14949 D InputHooksJava: HOME BUTTON 1
06-20 21:54:09.355 14949 14949 I InputHooks: InputHooks::nativeSetHomeButtonUp(60069.671875): 1698898178
06-20 21:54:09.368 14949 14964 I SystemUtils: SystemUtils_StartSystemActivity: confirmQuit (null)
06-20 21:54:09.369 14949 14964 D SystemUtils: Package com.oculus.systemactivities exists on device
06-20 21:54:09.369 14949 14964 I SystemUtils: Package com.oculus.systemactivities : INSTALLED
06-20 21:54:09.376 14949 14964 I Unity   : ACCELERATION_XYZ: -0.04427406 0.2062407 -0.07136468 EULER_ANGLES_XYZ 13.57213 356.6262 2.347486 False 1.191959 False 0.5600004 10 0
06-20 21:54:09.376 14949 14964 I Unity   :
06-20 21:54:09.376 14949 14964 I Unity   : (Filename: ./artifacts/generated/common/runtime/DebugBindings.gen.cpp Line: 51)
06-20 21:54:09.376 14949 14964 I Unity   :
06-20 21:54:09.377 14949 14964 E Unity   : NetworkClient Send when not connected to a server
06-20 21:54:09.377 14949 14964 E Unity   :
06-20 21:54:09.377 14949 14964 E Unity   : (Filename: ./artifacts/generated/common/runtime/DebugBindings.gen.cpp Line: 51)
06-20 21:54:09.377 14949 14964 E Unity   :
06-20 21:54:09.395 14949 14964 I Unity   : ACCELERATION_XYZ: -0.07327767 0.3799963 -0.01586043 EULER_ANGLES_XYZ 13.5861 356.6541 2.359159 False 1.191959 False 0.5600004 10 0
06-20 21:54:09.395 14949 14964 I Unity   :
06-20 21:54:09.395 14949 14964 I Unity   : (Filename: ./artifacts/generated/common/runtime/DebugBindings.gen.cpp Line: 51)
06-20 21:54:09.395 14949 14964 I Unity   :
06-20 21:54:09.396 14949 14964 E Unity   : NetworkClient Send when not connected to a server
06-20 21:54:09.396 14949 14964 E Unity   :
06-20 21:54:09.396 14949 14964 E Unity   : (Filename: ./artifacts/generated/common/runtime/DebugBindings.gen.cpp Line: 51)
06-20 21:54:09.396 14949 14964 E Unity   :
06-20 21:54:09.408 14949 15000 I ScreenCapture: TakeScreenshot forAnytimeUI=true
06-20 21:54:09.411 14949 15000 I DistortionMesh: LoadDistortionMeshFromMemory
06-20 21:54:09.411 14949 14964 I Unity   : ACCELERATION_XYZ: -0.09863258 0.4348669 0.04076561 EULER_ANGLES_XYZ 13.59269 356.6745 2.369534 False 1.191959 False 0.5600004 10 0
06-20 21:54:09.411 14949 14964 I Unity   :
06-20 21:54:09.411 14949 14964 I Unity   : (Filename: ./artifacts/generated/common/runtime/DebugBindings.gen.cpp Line: 51)
06-20 21:54:09.411 14949 14964 I Unity   :
06-20 21:54:09.411 14949 14964 E Unity   : NetworkClient Send when not connected to a server
06-20 21:54:09.411 14949 14964 E Unity   :
06-20 21:54:09.411 14949 14964 E Unity   : (Filename: ./artifacts/generated/common/runtime/DebugBindings.gen.cpp Line: 51)
06-20 21:54:09.411 14949 14964 E Unity   :
06-20 21:54:09.414 14949 15000 I TimeWarpProgs: [0xc80e7c3c] Built layerProgram 0x408007 (texture type 0) in 1.9 ms
06-20 21:54:09.415 14949 15000 I ScreenCapture: PublishScreenshot forAnytimeUI=true
06-20 21:54:09.438 14949 15000 V Screenshot: SendScreenshotToShell
06-20 21:54:09.554 14949 15000 D SystemUtils: broadcastImageToShell intent_pkg: WiP.Demo.resettingTest jpg_size: 299107
06-20 21:54:09.557 14949 15000 I Vsync   : Vsync 3604189: 10 x 16.71 ms (59.87 Hz, at 60069.872)
06-20 21:54:09.557 14949 15000 I TimeWarp: Adjusting 3604189.57 > 3604181 to 3604190
06-20 21:54:09.564  1978  1978 D [OAR] SystemUXBroadcastReceiver: action: com.oculus.vrshell.intent.action.UPDATE_APP_SCREENSHOT
06-20 21:54:09.566  1978  1978 D [OAR] HomeDialog: screenshot update package: WiP.Demo.resettingTest size: 299107
06-20 21:54:09.576 14949 14964 I Unity   : ACCELERATION_XYZ: -0.1114227 0.2634935 0.009361476 EULER_ANGLES_XYZ 13.75749 356.8336 2.302717 False 1.191959 False 0.5600004 10 0
06-20 21:54:09.576 14949 14964 I Unity   :
06-20 21:54:09.576 14949 14964 I Unity   : (Filename: ./artifacts/generated/common/runtime/DebugBindings.gen.cpp Line: 51)
06-20 21:54:09.576 14949 14964 I Unity   :
06-20 21:54:09.577 14949 14964 E Unity   : NetworkClient Send when not connected to a server
06-20 21:54:09.577 14949 14964 E Unity   :
06-20 21:54:09.577 14949 14964 E Unity   : (Filename: ./artifacts/generated/common/runtime/DebugBindings.gen.cpp Line: 51)
06-20 21:54:09.577 14949 14964 E Unity   :
06-20 21:54:09.578 14949 14964 I Unity   : ACCELERATION_XYZ: -0.1114227 0.2634935 0.009361476 EULER_ANGLES_XYZ 13.75749 356.8336 2.302717 False 1.191959 False 0.5600004 10 0
06-20 21:54:09.578 14949 14964 I Unity   :
06-20 21:54:09.578 14949 14964 I Unity   : (Filename: ./artifacts/generated/common/runtime/DebugBindings.gen.cpp Line: 51)
06-20 21:54:09.578 14949 14964 I Unity   :
06-20 21:54:09.578 14949 14964 E Unity   : NetworkClient Send when not connected to a server
06-20 21:54:09.578 14949 14964 E Unity   :
06-20 21:54:09.578 14949 14964 E Unity   : (Filename: ./artifacts/generated/common/runtime/DebugBindings.gen.cpp Line: 51)
06-20 21:54:09.578 14949 14964 E Unity   :
06-20 21:54:09.579 14949 14964 I Unity   : ACCELERATION_XYZ: -0.1114227 0.2634935 0.009361476 EULER_ANGLES_XYZ 13.75749 356.8336 2.302717 False 1.191959 False 0.5600004 10 0
06-20 21:54:09.579 14949 14964 I Unity   :
06-20 21:54:09.579 14949 14964 I Unity   : (Filename: ./artifacts/generated/common/runtime/DebugBindings.gen.cpp Line: 51)
06-20 21:54:09.579 14949 14964 I Unity   :
06-20 21:54:09.579 14949 14964 E Unity   : NetworkClient Send when not connected to a server
06-20 21:54:09.579 14949 14964 E Unity   :
06-20 21:54:09.579 14949 14964 E Unity   : (Filename: ./artifacts/generated/common/runtime/DebugBindings.gen.cpp Line: 51)
06-20 21:54:09.579 14949 14964 E Unity   :
06-20 21:54:09.580 14949 14964 I Unity   : ACCELERATION_XYZ: -0.1114227 0.2634935 0.009361476 EULER_ANGLES_XYZ 13.75749 356.8336 2.302717 False 1.191959 False 0.5600004 10 0
06-20 21:54:09.580 14949 14964 I Unity   :
06-20 21:54:09.580 14949 14964 I Unity   : (Filename: ./artifacts/generated/common/runtime/DebugBindings.gen.cpp Line: 51)
06-20 21:54:09.580 14949 14964 I Unity   :
06-20 21:54:09.580 14949 14964 E Unity   : NetworkClient Send when not connected to a server
06-20 21:54:09.580 14949 14964 E Unity   :
