06-20 21:57:00.111 14949 14964 E Unity   : NetworkClient Send when not connected to a server
06-20 21:57:00.111 14949 14964 E Unity   :
06-20 21:57:00.111 14949 14964 E Unity   : (Filename: ./artifacts/generated/common/runtime/DebugBindings.gen.cpp Line: 51)
06-20 21:57:00.111 14949 14964 E Unity   :
06-20 21:57:00.128 14949 14964 I Unity   : ACCELERATION_XYZ: 0.07856613 0.5236655 0.003712626 EULER_ANGLES_XYZ 10.94423 355.4084 3.605348 False 0.3592834 False 1.02 19 0.0007706359
06-20 21:57:00.128 14949 14964 I Unity   :
06-20 21:57:00.128 14949 14964 I Unity   : (Filename: ./artifacts/generated/common/runtime/DebugBindings.gen.cpp Line: 51)
06-20 21:57:00.128 14949 14964 I Unity   :
06-20 21:57:00.128 14949 14964 E Unity   : NetworkClient Send when not connected to a server
06-20 21:57:00.128 14949 14964 E Unity   :
06-20 21:57:00.128 14949 14964 E Unity   : (Filename: ./artifacts/generated/common/runtime/DebugBindings.gen.cpp Line: 51)
06-20 21:57:00.128 14949 14964 E Unity   :
06-20 21:57:00.144 14949 14964 I Unity   : ACCELERATION_XYZ: 0.0257837 0.4350548 0.03451306 EULER_ANGLES_XYZ 10.91611 355.4024 3.614921 False 0.3592834 False 1.02 19 0.0006309525
06-20 21:57:00.144 14949 14964 I Unity   :
06-20 21:57:00.144 14949 14964 I Unity   : (Filename: ./artifacts/generated/common/runtime/DebugBindings.gen.cpp Line: 51)
06-20 21:57:00.144 14949 14964 I Unity   :
06-20 21:57:00.144 14949 14964 E Unity   : NetworkClient Send when not connected to a server
06-20 21:57:00.144 14949 14964 E Unity   :
06-20 21:57:00.144 14949 14964 E Unity   : (Filename: ./artifacts/generated/common/runtime/DebugBindings.gen.cpp Line: 51)
06-20 21:57:00.144 14949 14964 E Unity   :
06-20 21:57:00.161 14949 14964 I Unity   : ACCELERATION_XYZ: 0.02183069 0.1454496 0.002739504 EULER_ANGLES_XYZ 10.86977 355.3937 3.6043 False 0.3592834 False 1.02 19 0.0004674268
06-20 21:57:00.161 14949 14964 I Unity   :
06-20 21:57:00.161 14949 14964 I Unity   : (Filename: ./artifacts/generated/common/runtime/DebugBindings.gen.cpp Line: 51)
06-20 21:57:00.161 14949 14964 I Unity   :
06-20 21:57:00.161 14949 14964 E Unity   : NetworkClient Send when not connected to a server
06-20 21:57:00.161 14949 14964 E Unity   :
06-20 21:57:00.161 14949 14964 E Unity   : (Filename: ./artifacts/generated/common/runtime/DebugBindings.gen.cpp Line: 51)
06-20 21:57:00.161 14949 14964 E Unity   :
06-20 21:57:00.178 14949 14964 I Unity   : ACCELERATION_XYZ: 0.009327651 -0.04146481 -0.06098595 EULER_ANGLES_XYZ 10.84331 355.3846 3.580508 False 0.3592834 False 1.02 19 0.0003133287
06-20 21:57:00.178 14949 14964 I Unity   :
06-20 21:57:00.178 14949 14964 I Unity   : (Filename: ./artifacts/generated/common/runtime/DebugBindings.gen.cpp Line: 51)
06-20 21:57:00.178 14949 14964 I Unity   :
06-20 21:57:00.178 14949 14964 E Unity   : NetworkClient Send when not connected to a server
06-20 21:57:00.178 14949 14964 E Unity   :
06-20 21:57:00.178 14949 14964 E Unity   : (Filename: ./artifacts/generated/common/runtime/DebugBindings.gen.cpp Line: 51)
06-20 21:57:00.178 14949 14964 E Unity   :
06-20 21:57:00.211 14949 14964 I Unity   : ACCELERATION_XYZ: 0.0286552 -0.03887463 -0.07642692 EULER_ANGLES_XYZ 10.88801 355.3822 3.49867 False 0.3592834 False 1.02 19 0.0001900449
06-20 21:57:00.211 14949 14964 I Unity   :
06-20 21:57:00.211 14949 14964 I Unity   : (Filename: ./artifacts/generated/common/runtime/DebugBindings.gen.cpp Line: 51)
06-20 21:57:00.211 14949 14964 I Unity   :
06-20 21:57:00.211 14949 14964 E Unity   : NetworkClient Send when not connected to a server
06-20 21:57:00.211 14949 14964 E Unity   :
06-20 21:57:00.211 14949 14964 E Unity   : (Filename: ./artifacts/generated/common/runtime/DebugBindings.gen.cpp Line: 51)
06-20 21:57:00.211 14949 14964 E Unity   :
06-20 21:57:00.228 14949 14964 I Unity   : ACCELERATION_XYZ: -0.04943744 0.113081 -0.08564979 EULER_ANGLES_XYZ 10.94551 355.3861 3.456871 False 0.3592834 False 1.02 19 0.0001042994
06-20 21:57:00.228 14949 14964 I Unity   :
06-20 21:57:00.228 14949 14964 I Unity   : (Filename: ./artifacts/generated/common/runtime/DebugBindings.gen.cpp Line: 51)
06-20 21:57:00.228 14949 14964 I Unity   :
06-20 21:57:00.228 14949 14964 E Unity   : NetworkClient Send when not connected to a server
06-20 21:57:00.228 14949 14964 E Unity   :
06-20 21:57:00.228 14949 14964 E Unity   : (Filename: ./artifacts/generated/common/runtime/DebugBindings.gen.cpp Line: 51)
06-20 21:57:00.228 14949 14964 E Unity   :
06-20 21:57:00.244 14949 14964 I Unity   : ACCELERATION_XYZ: -0.02250868 0.3629227 -0.03668401 EULER_ANGLES_XYZ 10.99063 355.3957 3.422153 False 0.3592834 False 1.02 19 5.179372E-05
06-20 21:57:00.244 14949 14964 I Unity   :
06-20 21:57:00.244 14949 14964 I Unity   : (Filename: ./artifacts/generated/common/runtime/DebugBindings.gen.cpp Line: 51)
06-20 21:57:00.244 14949 14964 I Unity   :
06-20 21:57:00.244 14949 14964 E Unity   : NetworkClient Send when not connected to a server
06-20 21:57:00.244 14949 14964 E Unity   :
06-20 21:57:00.244 14949 14964 E Unity   : (Filename: ./artifacts/generated/common/runtime/DebugBindings.gen.cpp Line: 51)
06-20 21:57:00.244 14949 14964 E Unity   :
06-20 21:57:00.262 14949 14964 I Unity   : ACCELERATION_XYZ: -0.02025083 0.59793 0.07746197 EULER_ANGLES_XYZ 11.01012 355.4158 3.41723 False 0.3592834 False 1.02 19 2.327243E-05
06-20 21:57:00.262 14949 14964 I Unity   :
06-20 21:57:00.262 14949 14964 I Unity   : (Filename: ./artifacts/generated/common/runtime/DebugBindings.gen.cpp Line: 51)
06-20 21:57:00.262 14949 14964 I Unity   :
06-20 21:57:00.262 14949 14964 E Unity   : NetworkClient Send when not connected to a server
06-20 21:57:00.262 14949 14964 E Unity   :
06-20 21:57:00.262 14949 14964 E Unity   : (Filename: ./artifacts/generated/common/runtime/DebugBindings.gen.cpp Line: 51)
06-20 21:57:00.262 14949 14964 E Unity   :
06-20 21:57:00.278 14949 14964 I Unity   : ACCELERATION_XYZ: -0.04064985 0.7168828 0.06889156 EULER_ANGLES_XYZ 11.01423 355.4268 3.396008 False 0.3592834 False 1.02 19 9.461851E-06
06-20 21:57:00.278 14949 14964 I Unity   :
06-20 21:57:00.278 14949 14964 I Unity   : (Filename: ./artifacts/generated/common/runtime/DebugBindings.gen.cpp Line: 51)
06-20 21:57:00.278 14949 14964 I Unity   :
06-20 21:57:00.278 14949 14964 E Unity   : NetworkClient Send when not connected to a server
06-20 21:57:00.278 14949 14964 E Unity   :
06-20 21:57:00.278 14949 14964 E Unity   : (Filename: ./artifacts/generated/common/runtime/DebugBindings.gen.cpp Line: 51)
06-20 21:57:00.278 14949 14964 E Unity   :
06-20 21:57:00.302 14949 14949 D InputHooksJava: HOME BUTTON 1
06-20 21:57:00.302 14949 14949 I InputHooks: InputHooks::nativeSetHomeButtonUp(60240.617188): 1698898178
06-20 21:57:00.303 14949 14964 I SystemUtils: SystemUtils_StartSystemActivity: confirmQuit (null)
06-20 21:57:00.304 14949 14964 D SystemUtils: Package com.oculus.systemactivities exists on device
06-20 21:57:00.304 14949 14964 I SystemUtils: Package com.oculus.systemactivities : INSTALLED
06-20 21:57:00.311 14949 14964 I Unity   : ACCELERATION_XYZ: -0.1461467 0.2594157 -0.006359105 EULER_ANGLES_XYZ 11.02043 355.4393 3.327555 False 0.3592834 False 1.02 19 3.480874E-06
06-20 21:57:00.311 14949 14964 I Unity   :
06-20 21:57:00.311 14949 14964 I Unity   : (Filename: ./artifacts/generated/common/runtime/DebugBindings.gen.cpp Line: 51)
06-20 21:57:00.311 14949 14964 I Unity   :
06-20 21:57:00.312 14949 14964 E Unity   : NetworkClient Send when not connected to a server
06-20 21:57:00.312 14949 14964 E Unity   :
06-20 21:57:00.312 14949 14964 E Unity   : (Filename: ./artifacts/generated/common/runtime/DebugBindings.gen.cpp Line: 51)
06-20 21:57:00.312 14949 14964 E Unity   :
06-20 21:57:00.328 14949 14964 I Unity   : ACCELERATION_XYZ: -0.07508539 0.2490177 -0.07154085 EULER_ANGLES_XYZ 11.02423 355.4487 3.293657 False 0.3592834 False 1.02 19 1.158697E-06
06-20 21:57:00.328 14949 14964 I Unity   :
06-20 21:57:00.328 14949 14964 I Unity   : (Filename: ./artifacts/generated/common/runtime/DebugBindings.gen.cpp Line: 51)
06-20 21:57:00.328 14949 14964 I Unity   :
06-20 21:57:00.328 14949 14964 E Unity   : NetworkClient Send when not connected to a server
06-20 21:57:00.328 14949 14964 E Unity   :
06-20 21:57:00.328 14949 14964 E Unity   : (Filename: ./artifacts/generated/common/runtime/DebugBindings.gen.cpp Line: 51)
06-20 21:57:00.328 14949 14964 E Unity   :
06-20 21:57:00.335 14949 14964 I SystemUtils: Using Anytime UI for cmd: confirmQuit
06-20 21:57:00.336 14949 14964 D SystemUtils: sendBroadcastIntent - action: 'com.oculus.vrshell.intent.action.LAUNCH' data: 'systemux://dialog/exit'intent_pkg: WiP.Demo.resettingTest
06-20 21:57:00.337 14949 14964 D SystemUtils: VR Shell isn't running.
06-20 21:57:00.343 14949 15275 I ScreenCapture: TakeScreenshot forAnytimeUI=true
06-20 21:57:00.345 14949 14964 I Unity   : ACCELERATION_XYZ: -0.0642301 0.2917833 0.06491123 EULER_ANGLES_XYZ 11.03071 355.4673 3.26989 False 0.3592834 False 1.02 19 3.489966E-07
06-20 21:57:00.345 14949 14964 I Unity   :
06-20 21:57:00.345 14949 14964 I Unity   : (Filename: ./artifacts/generated/common/runtime/DebugBindings.gen.cpp Line: 51)
06-20 21:57:00.345 14949 14964 I Unity   :
06-20 21:57:00.345 14949 14964 E Unity   : NetworkClient Send when not connected to a server
06-20 21:57:00.345 14949 14964 E Unity   :
06-20 21:57:00.345 14949 14964 E Unity   : (Filename: ./artifacts/generated/common/runtime/DebugBindings.gen.cpp Line: 51)
06-20 21:57:00.345 14949 14964 E Unity   :
06-20 21:57:00.345 14949 15275 I DistortionMesh: LoadDistortionMeshFromMemory
06-20 21:57:00.347  1836  1836 D [OAR] ShellControlBroadcastReceiver: onReceive with appPtr 3724773888 and action com.oculus.vrshell.intent.action.LAUNCH
06-20 21:57:00.348 14949 15275 I TimeWarpProgs: [0xc80e7c3c] Built layerProgram 0x408007 (texture type 0) in 1.6 ms
06-20 21:57:00.349 14949 15275 I ScreenCapture: PublishScreenshot forAnytimeUI=true
06-20 21:57:00.352  1254 14715 I ActivityManager: START u0 {act=com.oculus.vrshell.intent.action.LAUNCH flg=0x10000000 cmp=com.oculus.vrshell/.MainActivity (has extras)} from uid 10021 on display 0
06-20 21:57:00.357  1254 14715 D ActivityTrigger: ActivityTrigger activityPauseTrigger
06-20 21:57:00.373 14949 15275 V Screenshot: SendScreenshotToShell
06-20 21:57:00.481 14949 15275 D SystemUtils: broadcastImageToShell intent_pkg: WiP.Demo.resettingTest jpg_size: 246128
06-20 21:57:00.484 14949 15275 I Vsync   : Vsync 3614447: 10 x 16.71 ms (59.86 Hz, at 60240.799)
06-20 21:57:00.484 14949 15275 I TimeWarp: Adjusting 3614447.09 > 3614439 to 3614447
06-20 21:57:00.490  1978  1978 D [OAR] SystemUXBroadcastReceiver: action: com.oculus.vrshell.intent.action.UPDATE_APP_SCREENSHOT
06-20 21:57:00.492  1978  1978 D [OAR] HomeDialog: screenshot update package: WiP.Demo.resettingTest size: 246128
06-20 21:57:00.500 14949 14964 I Unity   : Network layer will still work after application suspends
06-20 21:57:00.500 14949 14964 I Unity   :
06-20 21:57:00.500 14949 14964 I Unity   : (Filename:  Line: 208)
06-20 21:57:00.500 14949 14964 I Unity   :
06-20 21:57:00.501 14949 14964 D OVRPlugin: Leaving VR mode.
06-20 21:57:00.502 14949 14964 I VrApi   : ---------- vrapi_LeaveVrMode [start] ----------
06-20 21:57:00.502 14949 14964 I TrackingServiceClient: OVR::TrackingService::ClientSetInterface
06-20 21:57:00.502 14949 14964 D TrackingServiceClient: onClientDisconnect
06-20 21:57:00.502 14949 14964 D TrackingServiceConnectionNative: onClientDisconnect
06-20 21:57:00.502  1568  1592 I TrackingService: Unregistering client by ITrackingService.unregisterClient
06-20 21:57:00.502  1568  1592 I TrackingService: TrackingServiceHost Unregistering client: pid 14949
06-20 21:57:00.503 14949 14964 D BinderConnection: Disconnecting from TrackingService service
06-20 21:57:00.503 14949 14964 D TrackingServiceConnectionNative: onDisconnected
06-20 21:57:00.503 14949 14964 D TrackingServiceClient: TrackingServiceConnection mConnectedRemotes.clear()
06-20 21:57:00.503 14949 14964 I TrackingServiceClient: OVR::TrackingService::ClientSetInterface
06-20 21:57:00.503 14949 14964 I InputDeviceManager: ovrInputDeviceManager::Shutdown
06-20 21:57:00.503 14949 14964 D InputHooksJava: Disabling Java Input Hooks
06-20 21:57:00.504 14949 14964 D BatteryReceiver: Unregistering battery receiver
06-20 21:57:00.509 14949 14964 D VrApi   : targetSDKVersion 24
06-20 21:57:00.512 14949 14964 I VrApi   : DEVICE MODEL NUMBER = Pacific
06-20 21:57:00.512 14949 14964 I VrApi   : DEVICE HARDWARE = pacific
06-20 21:57:00.512 14949 14964 I VrApi   : DEVICE BUILD NAME = user-27130.12430.180
06-20 21:57:00.512 14949 14964 I VrApi   : DEVICE BUILD TYPE = user
06-20 21:57:00.512 14949 14964 I VrApi   : DEVICE OS VERSION = 7.1.2
06-20 21:57:00.512 14949 14964 I VrApi   : VRAPI VERSION = 1.1.15.0-109915910-109915910 May 23 2018 12:05:24 Development RELEASE
06-20 21:57:00.512 14949 14964 I VrApi   : VRAPI LOADER VERSION = 1.1.13.0
06-20 21:57:00.513 14949 14964 I VrApi   : APP NAME = Resetting Test Phase Demo
06-20 21:57:00.513 14949 14964 I VrApi   : APP VERSION = 1.0 versionCode 1 internalVersionName <none>
06-20 21:57:00.513 14949 14964 I VrApi   : APP VR TYPE = vr_only
06-20 21:57:00.513 14949 14964 I VrApi   : APP PACKAGE NAME = WiP.Demo.resettingTest
06-20 21:57:00.513 14949 14964 I VrApi   : APP ACTIVITY CLASS = com.unity3d.player.UnityPlayerActivity
06-20 21:57:00.517  1879  1970 I SDKLoggingService: Unable to find AppId for package (WiP.Demo.resettingTest)
06-20 21:57:00.521 14949 14964 I VrApi   : OVR::Stats thread stopped
06-20 21:57:00.522 14949 15274 I Clocks  : ReleaseClocks - start
06-20 21:57:00.522 14949 15274 D VrApi   : releaseSystemPerformanceStatic
06-20 21:57:00.522   643   643 D VrApiService: CPU_CLUSTER_0: No client requests exists, release clocks
06-20 21:57:00.523   643   643 D VrApiService: CPU_CLUSTER_1: No client requests exists, release clocks
06-20 21:57:00.524   643   643 D VrApiService: GPU: No client requests exists, release clocks
06-20 21:57:00.524   643   643 D VrApiService: CPUBW: No client requests exists, release clocks
06-20 21:57:00.525   643   643 D VrApiService: GPUBW: No client requests exists, release clocks
06-20 21:57:00.526 14949 15274 I Clocks  : ReleaseClocks - end (4.0 ms)
06-20 21:57:00.526 14949 14964 I TimeWarp: ------------- ~TimeWarpLocal() Start -------------
06-20 21:57:00.526 14949 14964 I TimeWarp: pthread_join() called
06-20 21:57:00.527 14949 15275 I TimeWarp: ShutdownRequest received
06-20 21:57:00.527 14949 15275 I TimeWarp: WarpThreadShutdown()
06-20 21:57:00.529 14949 15275 I TimeWarp: [0xc80e7bcc] Destroying 1 layer programs (texture type 0)
06-20 21:57:00.529 14949 15275 I TimeWarp: [0xc80e7c3c] Destroying 3 layer programs (texture type 0)
06-20 21:57:00.529 14949 15275 I DirectRender: 0xc80dfe08 DirectRender::Shutdown
06-20 21:57:00.530 14949 15275 I DirectRender: Restoring EGL_RENDER_BUFFER to 12420
06-20 21:57:00.532 14949 15275 I DirectRender: VrSurfaceManager::Shutdown
06-20 21:57:00.537 14949 15275 I TimeWarp: WarpThreadShutdown() - End
06-20 21:57:00.537 14949 15275 I TimeWarp: Exiting WarpThreadLoop()
06-20 21:57:00.537 14949 14964 I TimeWarp: pthread_join() returned
06-20 21:57:00.537 14949 14964 I TimeWarp: eglDestroySurface()