06-20 21:56:51.619 14949 14964 I Unity   : ACCELERATION_XYZ: 0.02399345 0.086133 0.05986434 EULER_ANGLES_XYZ 11.57598 359.813 2.815304 False 0.3326799 False 1.059999 15 9.102739E-18
06-20 21:56:51.619 14949 14964 I Unity   :
06-20 21:56:51.619 14949 14964 I Unity   : (Filename: ./artifacts/generated/common/runtime/DebugBindings.gen.cpp Line: 51)
06-20 21:56:51.619 14949 14964 I Unity   :
06-20 21:56:51.619 14949 14964 E Unity   : NetworkClient Send when not connected to a server
06-20 21:56:51.619 14949 14964 E Unity   :
06-20 21:56:51.619 14949 14964 E Unity   : (Filename: ./artifacts/generated/common/runtime/DebugBindings.gen.cpp Line: 51)
06-20 21:56:51.619 14949 14964 E Unity   :
06-20 21:56:51.624 14949 15274 I Clocks  : LockClocks( cpu=2, gpu=2 ) - start
06-20 21:56:51.624 14949 14964 I TimeWarp: EGLContextScopeGuard: context=0xcb70bd00 display=0x1 draw=0xcb0e1200 read=0xcb0e1200
06-20 21:56:51.625 14949 15274 D VrApi   : Available levels: {GPU MIN, GPU MAX, CPU MIN, CPU MAX}
06-20 21:56:51.625 14949 15274 D VrApi   : -> / 0
06-20 21:56:51.625 14949 15274 D VrApi   : -> / 5
06-20 21:56:51.625 14949 15274 D VrApi   : -> / 0
06-20 21:56:51.625 14949 15274 D VrApi   : -> / 5
06-20 21:56:51.625 14949 15274 I Clocks  : CPU levels [0, 5]
06-20 21:56:51.625 14949 15274 I Clocks  : GPU levels [0, 5]
06-20 21:56:51.625 14949 15274 D VrApi   : setSystemPerformance cpu: 2 gpu: 2
06-20 21:56:51.625   643   810 D VrApiService: CPU_CLUSTER_0: Client 14949 sends freq request [11, 11]
06-20 21:56:51.626   643   810 D VrApiService: CPU_CLUSTER_0: Next Perf Level = (11, 11)
06-20 21:56:51.626 14949 14964 I TimeWarpProgs: [0xc80e7bcc] Built layerProgram 0x448007 (texture type 0) in 1.5 ms
06-20 21:56:51.626 14949 14964 I TimeWarp: Restoring EGLContext to 0xcb70bd00
06-20 21:56:51.626 14949 15275 I TimeWarp: Waited 0.030 seconds for first call to warp swap.
06-20 21:56:51.626 14949 15275 I TimeWarp: Waited 0.000 seconds for first vsync.
06-20 21:56:51.628   643   810 D VrApiService: CPU_CLUSTER_1: Client 14949 sends freq request [11, 11]
06-20 21:56:51.628   643   810 D VrApiService: CPU_CLUSTER_1: Next Perf Level = (11, 11)
06-20 21:56:51.632   643   810 D VrApiService: CPUBW: Client 14949 sends freq request [8, 11]
06-20 21:56:51.632   643   810 D VrApiService: CPUBW: Next Perf Level = (8, 11)
06-20 21:56:51.634   643   810 D VrApiService: GPUBW: Client 14949 sends freq request [9, 11]
06-20 21:56:51.634   643   810 D VrApiService: GPUBW: Next Perf Level = (9, 11)
06-20 21:56:51.634   643   810 D VrApiService: GPU: Client 14949 sends freq request [2, 2]
06-20 21:56:51.634   643   810 D VrApiService: GPU: Next Perf Level = (2, 2)
06-20 21:56:51.634 14949 15274 I Clocks  : LockClocks( cpu=2, gpu=2 ) - end (10.1 ms)
06-20 21:56:51.647 14949 14964 I Unity   : ACCELERATION_XYZ: -0.09504078 0.2348128 0.02218879 EULER_ANGLES_XYZ 11.55425 359.8287 2.824397 False 0.3326799 False 1.059999 15 7.471983E-19
06-20 21:56:51.647 14949 14964 I Unity   :
06-20 21:56:51.647 14949 14964 I Unity   : (Filename: ./artifacts/generated/common/runtime/DebugBindings.gen.cpp Line: 51)
06-20 21:56:51.647 14949 14964 I Unity   :
06-20 21:56:51.647 14949 14964 E Unity   : NetworkClient Send when not connected to a server
06-20 21:56:51.647 14949 14964 E Unity   :
06-20 21:56:51.647 14949 14964 E Unity   : (Filename: ./artifacts/generated/common/runtime/DebugBindings.gen.cpp Line: 51)
06-20 21:56:51.647 14949 14964 E Unity   :
06-20 21:56:51.666 14949 14964 I Unity   : ACCELERATION_XYZ: 0.03234145 0.3415184 0.06723191 EULER_ANGLES_XYZ 11.5416 359.8322 2.833749 False 0.3326799 False 1.059999 15 5.549696E-20
06-20 21:56:51.666 14949 14964 I Unity   :
06-20 21:56:51.666 14949 14964 I Unity   : (Filename: ./artifacts/generated/common/runtime/DebugBindings.gen.cpp Line: 51)
06-20 21:56:51.666 14949 14964 I Unity   :
06-20 21:56:51.667 14949 14964 E Unity   : NetworkClient Send when not connected to a server
06-20 21:56:51.667 14949 14964 E Unity   :
06-20 21:56:51.667 14949 14964 E Unity   : (Filename: ./artifacts/generated/common/runtime/DebugBindings.gen.cpp Line: 51)
06-20 21:56:51.667 14949 14964 E Unity   :
06-20 21:56:51.678 14949 14964 I Unity   : ACCELERATION_XYZ: 0.01526448 0.294219 -0.04167375 EULER_ANGLES_XYZ 11.53156 359.8315 2.837789 False 0.3326799 False 1.059999 15 3.72972E-21
06-20 21:56:51.678 14949 14964 I Unity   :
06-20 21:56:51.678 14949 14964 I Unity   : (Filename: ./artifacts/generated/common/runtime/DebugBindings.gen.cpp Line: 51)
06-20 21:56:51.678 14949 14964 I Unity   :
06-20 21:56:51.678 14949 14964 E Unity   : NetworkClient Send when not connected to a server
06-20 21:56:51.678 14949 14964 E Unity   :
06-20 21:56:51.678 14949 14964 E Unity   : (Filename: ./artifacts/generated/common/runtime/DebugBindings.gen.cpp Line: 51)
06-20 21:56:51.678 14949 14964 E Unity   :
06-20 21:56:51.683 14964 14964 W UnityMain: type=1400 audit(0.0:121): avc: denied { read } for name="thread" dev="sysfs" ino=30576 scontext=u:r:untrusted_app:s0:c512,c768 tcontext=u:object_r:sysfs:s0 tclass=dir permissive=0
06-20 21:56:51.707 14949 14964 I Unity   : ACCELERATION_XYZ: -0.04351911 0.2882395 -0.03443817 EULER_ANGLES_XYZ 11.51692 359.8228 2.844435 False 0.3326799 False 1.059999 15 2.268051E-22
06-20 21:56:51.707 14949 14964 I Unity   :
06-20 21:56:51.707 14949 14964 I Unity   : (Filename: ./artifacts/generated/common/runtime/DebugBindings.gen.cpp Line: 51)
06-20 21:56:51.707 14949 14964 I Unity   :
06-20 21:56:51.708 14949 14964 E Unity   : NetworkClient Send when not connected to a server
06-20 21:56:51.708 14949 14964 E Unity   :
06-20 21:56:51.708 14949 14964 E Unity   : (Filename: ./artifacts/generated/common/runtime/DebugBindings.gen.cpp Line: 51)
06-20 21:56:51.708 14949 14964 E Unity   :
06-20 21:56:51.725 14949 14964 I Unity   : ACCELERATION_XYZ: 0.04206407 0.3095541 -0.06225227 EULER_ANGLES_XYZ 11.50951 359.8243 2.846985 False 0.3326799 False 1.059999 15 1.247955E-23
06-20 21:56:51.725 14949 14964 I Unity   :
06-20 21:56:51.725 14949 14964 I Unity   : (Filename: ./artifacts/generated/common/runtime/DebugBindings.gen.cpp Line: 51)
06-20 21:56:51.725 14949 14964 I Unity   :
06-20 21:56:51.725 14949 14964 E Unity   : NetworkClient Send when not connected to a server
06-20 21:56:51.725 14949 14964 E Unity   :
06-20 21:56:51.725 14949 14964 E Unity   : (Filename: ./artifacts/generated/common/runtime/DebugBindings.gen.cpp Line: 51)
06-20 21:56:51.725 14949 14964 E Unity   :
06-20 21:56:51.741 14949 14964 I Unity   : ACCELERATION_XYZ: 0.02929837 0.36133 -0.03310091 EULER_ANGLES_XYZ 11.49571 359.8258 2.849996 False 0.3326799 False 1.059999 15 6.213191E-25
06-20 21:56:51.741 14949 14964 I Unity   :
06-20 21:56:51.741 14949 14964 I Unity   : (Filename: ./artifacts/generated/common/runtime/DebugBindings.gen.cpp Line: 51)
06-20 21:56:51.741 14949 14964 I Unity   :
06-20 21:56:51.741 14949 14964 E Unity   : NetworkClient Send when not connected to a server
06-20 21:56:51.741 14949 14964 E Unity   :
06-20 21:56:51.741 14949 14964 E Unity   : (Filename: ./artifacts/generated/common/runtime/DebugBindings.gen.cpp Line: 51)
06-20 21:56:51.741 14949 14964 E Unity   :
06-20 21:56:51.758 14949 14964 I Unity   : ACCELERATION_XYZ: -0.016535 0.5031481 0.02433145 EULER_ANGLES_XYZ 11.46988 359.8326 2.856375 False 0.3326799 False 1.059999 15 2.798981E-26
06-20 21:56:51.758 14949 14964 I Unity   :
06-20 21:56:51.758 14949 14964 I Unity   : (Filename: ./artifacts/generated/common/runtime/DebugBindings.gen.cpp Line: 51)
06-20 21:56:51.758 14949 14964 I Unity   :
06-20 21:56:51.758 14949 14964 E Unity   : NetworkClient Send when not connected to a server
06-20 21:56:51.758 14949 14964 E Unity   :
06-20 21:56:51.758 14949 14964 E Unity   : (Filename: ./artifacts/generated/common/runtime/DebugBindings.gen.cpp Line: 51)
06-20 21:56:51.758 14949 14964 E Unity   :
06-20 21:56:51.793 14949 14964 I Unity   : ACCELERATION_XYZ: 0.04648205 0.3434019 -0.0007213322 EULER_ANGLES_XYZ 11.37622 359.8579 2.851786 False 0.3326799 False 1.059999 15 1.14093E-27
06-20 21:56:51.793 14949 14964 I Unity   :
06-20 21:56:51.793 14949 14964 I Unity   : (Filename: ./artifacts/generated/common/runtime/DebugBindings.gen.cpp Line: 51)
06-20 21:56:51.793 14949 14964 I Unity   :
06-20 21:56:51.793 14949 14964 E Unity   : NetworkClient Send when not connected to a server
06-20 21:56:51.793 14949 14964 E Unity   :
06-20 21:56:51.793 14949 14964 E Unity   : (Filename: ./artifacts/generated/common/runtime/DebugBindings.gen.cpp Line: 51)
06-20 21:56:51.793 14949 14964 E Unity   :
06-20 21:56:51.808 14949 14964 I Unity   : ACCELERATION_XYZ: -0.02775658 0.08347894 -0.06133899 EULER_ANGLES_XYZ 11.36004 359.8687 2.834813 False 0.3326799 False 1.059999 15 4.208114E-29
06-20 21:56:51.808 14949 14964 I Unity   :
06-20 21:56:51.808 14949 14964 I Unity   : (Filename: ./artifacts/generated/common/runtime/DebugBindings.gen.cpp Line: 51)
06-20 21:56:51.808 14949 14964 I Unity   :
06-20 21:56:51.808 14949 14964 E Unity   : NetworkClient Send when not connected to a server
06-20 21:56:51.808 14949 14964 E Unity   :
06-20 21:56:51.808 14949 14964 E Unity   : (Filename: ./artifacts/generated/common/runtime/DebugBindings.gen.cpp Line: 51)
06-20 21:56:51.808 14949 14964 E Unity   :
06-20 21:56:51.824 14949 14964 I Unity   : ACCELERATION_XYZ: -0.008588537 0.1545238 -0.07148968 EULER_ANGLES_XYZ 11.35065 359.8787 2.818439 False 0.3326799 False 1.059999 15 1.404383E-30
06-20 21:56:51.824 14949 14964 I Unity   :
06-20 21:56:51.824 14949 14964 I Unity   : (Filename: ./artifacts/generated/common/runtime/DebugBindings.gen.cpp Line: 51)
06-20 21:56:51.824 14949 14964 I Unity   :
06-20 21:56:51.824 14949 14964 E Unity   : NetworkClient Send when not connected to a server
06-20 21:56:51.824 14949 14964 E Unity   :
06-20 21:56:51.824 14949 14964 E Unity   : (Filename: ./artifacts/generated/common/runtime/DebugBindings.gen.cpp Line: 51)
06-20 21:56:51.824 14949 14964 E Unity   :
06-20 21:56:51.841 14949 14964 I Unity   : ACCELERATION_XYZ: 0.01600988 0.3183432 -0.05015502 EULER_ANGLES_XYZ 11.34896 359.8862 2.818514 False 0.3326799 False 1.059999 15 4.240853E-32
06-20 21:56:51.841 14949 14964 I Unity   :
06-20 21:56:51.841 14949 14964 I Unity   : (Filename: ./artifacts/generated/common/runtime/DebugBindings.gen.cpp Line: 51)
06-20 21:56:51.841 14949 14964 I Unity   :
06-20 21:56:51.841 14949 14964 E Unity   : NetworkClient Send when not connected to a server
06-20 21:56:51.841 14949 14964 E Unity   :
06-20 21:56:51.841 14949 14964 E Unity   : (Filename: ./artifacts/generated/common/runtime/DebugBindings.gen.cpp Line: 51)
06-20 21:56:51.841 14949 14964 E Unity   :
06-20 21:56:51.858 14949 14964 I Unity   : ACCELERATION_XYZ: -0.04359438 0.3341084 0.08905084 EULER_ANGLES_XYZ 11.34415 359.8958 2.821298 False 0.3326799 False 1.059999 15 1.158763E-33
06-20 21:56:51.858 14949 14964 I Unity   :
06-20 21:56:51.858 14949 14964 I Unity   : (Filename: ./artifacts/generated/common/runtime/DebugBindings.gen.cpp Line: 51)
06-20 21:56:51.858 14949 14964 I Unity   :
06-20 21:56:51.858 14949 14964 E Unity   : NetworkClient Send when not connected to a server
06-20 21:56:51.858 14949 14964 E Unity   :
06-20 21:56:51.858 14949 14964 E Unity   : (Filename: ./artifacts/generated/common/runtime/DebugBindings.gen.cpp Line: 51)
06-20 21:56:51.858 14949 14964 E Unity   :
06-20 21:56:51.891 14949 14964 I Unity   : ACCELERATION_XYZ: -0.03927617 0.2176819 0.03402833 EULER_ANGLES_XYZ 11.33264 359.9246 2.832886 False 0.3326799 False 1.059999 15 2.864873E-35
06-20 21:56:51.891 14949 14964 I Unity   :
06-20 21:56:51.891 14949 14964 I Unity   : (Filename: ./artifacts/generated/common/runtime/DebugBindings.gen.cpp Line: 51)
06-20 21:56:51.891 14949 14964 I Unity   :
06-20 21:56:51.891 14949 14964 E Unity   : NetworkClient Send when not connected to a server
06-20 21:56:51.891 14949 14964 E Unity   :
06-20 21:56:51.891 14949 14964 E Unity   : (Filename: ./artifacts/generated/common/runtime/DebugBindings.gen.cpp Line: 51)
06-20 21:56:51.891 14949 14964 E Unity   :
06-20 21:56:51.909 14949 14964 I Unity   : ACCELERATION_XYZ: -0.07763609 0.1962166 0.02935788 EULER_ANGLES_XYZ 11.33284 359.9384 2.835546 False 0.3326799 False 1.059999 15 6.408936E-37
06-20 21:56:51.909 14949 14964 I Unity   :
06-20 21:56:51.909 14949 14964 I Unity   : (Filename: ./artifacts/generated/common/runtime/DebugBindings.gen.cpp Line: 51)
06-20 21:56:51.909 14949 14964 I Unity   :
06-20 21:56:51.909 14949 14964 E Unity   : NetworkClient Send when not connected to a server
06-20 21:56:51.909 14949 14964 E Unity   :
06-20 21:56:51.909 14949 14964 E Unity   : (Filename: ./artifacts/generated/common/runtime/DebugBindings.gen.cpp Line: 51)
06-20 21:56:51.909 14949 14964 E Unity   :
06-20 21:56:51.924 14949 14964 I Unity   : ACCELERATION_XYZ: -0.1188433 0.257782 0.004228241 EULER_ANGLES_XYZ 11.3485 359.9446 2.835967 False 0.3326799 False 1.059999 15 1.297287E-38
06-20 21:56:51.924 14949 14964 I Unity   :
06-20 21:56:51.924 14949 14964 I Unity   : (Filename: ./artifacts/generated/common/runtime/DebugBindings.gen.cpp Line: 51)
06-20 21:56:51.924 14949 14964 I Unity   :
06-20 21:56:51.925 14949 14964 E Unity   : NetworkClient Send when not connected to a server
06-20 21:56:51.925 14949 14964 E Unity   :
06-20 21:56:51.925 14949 14964 E Unity   : (Filename: ./artifacts/generated/common/runtime/DebugBindings.gen.cpp Line: 51)
06-20 21:56:51.925 14949 14964 E Unity   :
06-20 21:56:51.941 14949 14964 I Unity   : ACCELERATION_XYZ: -0.1470344 0.2272291 0.04930528 EULER_ANGLES_XYZ 11.38089 359.9327 2.836739 False 0.3326799 False 1.059999 15 2.37607E-40
06-20 21:56:51.941 14949 14964 I Unity   :
06-20 21:56:51.941 14949 14964 I Unity   : (Filename: ./artifacts/generated/common/runtime/DebugBindings.gen.cpp Line: 51)
06-20 21:56:51.941 14949 14964 I Unity   :
06-20 21:56:51.941 14949 14964 E Unity   : NetworkClient Send when not connected to a server
06-20 21:56:51.941 14949 14964 E Unity   :
06-20 21:56:51.941 14949 14964 E Unity   : (Filename: ./artifacts/generated/common/runtime/DebugBindings.gen.cpp Line: 51)
06-20 21:56:51.941 14949 14964 E Unity   :
06-20 21:56:51.959 14949 14964 I Unity   : ACCELERATION_XYZ: -0.1857693 0.2456713 4.41093E-05 EULER_ANGLES_XYZ 11.41182 359.9184 2.832951 False 0.3326799 False 1.059999 15 3.937649E-42
06-20 21:56:51.959 14949 14964 I Unity   :
06-20 21:56:51.959 14949 14964 I Unity   : (Filename: ./artifacts/generated/common/runtime/DebugBindings.gen.cpp Line: 51)
06-20 21:56:51.959 14949 14964 I Unity   :
06-20 21:56:51.959 14949 14964 E Unity   : NetworkClient Send when not connected to a server
06-20 21:56:51.959 14949 14964 E Unity   :
06-20 21:56:51.959 14949 14964 E Unity   : (Filename: ./artifacts/generated/common/runtime/DebugBindings.gen.cpp Line: 51)
06-20 21:56:51.959 14949 14964 E Unity   :
06-20 21:56:51.992 14949 14964 I Unity   : ACCELERATION_XYZ: -0.0739197 0.3610077 0.01179664 EULER_ANGLES_XYZ 11.45679 359.8724 2.818173 False 0.3326799 False 1.059999 15 5.885454E-44
06-20 21:56:51.992 14949 14964 I Unity   :
06-20 21:56:51.992 14949 14964 I Unity   : (Filename: ./artifacts/generated/common/runtime/DebugBindings.gen.cpp Line: 51)
06-20 21:56:51.992 14949 14964 I Unity   :
06-20 21:56:51.992 14949 14964 E Unity   : NetworkClient Send when not connected to a server
06-20 21:56:51.992 14949 14964 E Unity   :
06-20 21:56:51.992 14949 14964 E Unity   : (Filename: ./artifacts/generated/common/runtime/DebugBindings.gen.cpp Line: 51)
06-20 21:56:51.992 14949 14964 E Unity   :
06-20 21:56:52.009 14949 14964 I Unity   : ACCELERATION_XYZ: -0.07563031 0.4287939 0.0209982 EULER_ANGLES_XYZ 11.46859 359.8451 2.820649 False 0.3326799 False 1.059999 15 1.401298E-45
06-20 21:56:52.009 14949 14964 I Unity   :
06-20 21:56:52.009 14949 14964 I Unity   : (Filename: ./artifacts/generated/common/runtime/DebugBindings.gen.cpp Line: 51)
06-20 21:56:52.009 14949 14964 I Unity   :
06-20 21:56:52.009 14949 14964 E Unity   : NetworkClient Send when not connected to a server
06-20 21:56:52.009 14949 14964 E Unity   :
06-20 21:56:52.009 14949 14964 E Unity   : (Filename: ./artifacts/generated/common/runtime/DebugBindings.gen.cpp Line: 51)
06-20 21:56:52.009 14949 14964 E Unity   :
06-20 21:56:52.025 14949 14964 I Unity   : ACCELERATION_XYZ: -0.07125923 0.3328009 0.01353968 EULER_ANGLES_XYZ 11.47733 359.8101 2.820439 False 0.3326799 False 1.059999 15 0
06-20 21:56:52.025 14949 14964 I Unity   :
06-20 21:56:52.025 14949 14964 I Unity   : (Filename: ./artifacts/generated/common/runtime/DebugBindings.gen.cpp Line: 51)
06-20 21:56:52.025 14949 14964 I Unity   :
06-20 21:56:52.025 14949 14964 E Unity   : NetworkClient Send when not connected to a server
06-20 21:56:52.025 14949 14964 E Unity   :
06-20 21:56:52.025 14949 14964 E Unity   : (Filename: ./artifacts/generated/common/runtime/DebugBindings.gen.cpp Line: 51)
06-20 21:56:52.025 14949 14964 E Unity   :
06-20 21:56:52.042 14949 14964 I Unity   : ACCELERATION_XYZ: -0.01720374 0.2296419 -0.08509137 EULER_ANGLES_XYZ 11.49299 359.7819 2.820878 False 0.3326799 False 1.059999 15 0
06-20 21:56:52.042 14949 14964 I Unity   :
06-20 21:56:52.042 14949 14964 I Unity   : (Filename: ./artifacts/generated/common/runtime/DebugBindings.gen.cpp Line: 51)
06-20 21:56:52.042 14949 14964 I Unity   :
06-20 21:56:52.042 14949 14964 E Unity   : NetworkClient Send when not connected to a server
06-20 21:56:52.042 14949 14964 E Unity   :
06-20 21:56:52.042 14949 14964 E Unity   : (Filename: ./artifacts/generated/common/runtime/DebugBindings.gen.cpp Line: 51)
06-20 21:56:52.042 14949 14964 E Unity   :
06-20 21:56:52.058 14949 14964 I Unity   : ACCELERATION_XYZ: 0.01673373 0.318429 -0.02653839 EULER_ANGLES_XYZ 11.51612 359.7564 2.821246 False 0.3326799 False 1.059999 15 0
06-20 21:56:52.058 14949 14964 I Unity   :
06-20 21:56:52.058 14949 14964 I Unity   : (Filename: ./artifacts/generated/common/runtime/DebugBindings.gen.cpp Line: 51)
06-20 21:56:52.058 14949 14964 I Unity   :
06-20 21:56:52.059 14949 14964 E Unity   : NetworkClient Send when not connected to a server
06-20 21:56:52.059 14949 14964 E Unity   :
06-20 21:56:52.059 14949 14964 E Unity   : (Filename: ./artifacts/generated/common/runtime/DebugBindings.gen.cpp Line: 51)
06-20 21:56:52.059 14949 14964 E Unity   :
06-20 21:56:52.092 14949 14964 I Unity   : ACCELERATION_XYZ: 0.01000341 0.4426231 -0.002946555 EULER_ANGLES_XYZ 11.5369 359.717 2.837328 False 0.3326799 False 1.059999 15 0
06-20 21:56:52.092 14949 14964 I Unity   :
06-20 21:56:52.092 14949 14964 I Unity   : (Filename: ./artifacts/generated/common/runtime/DebugBindings.gen.cpp Line: 51)
06-20 21:56:52.092 14949 14964 I Unity   :
06-20 21:56:52.092 14949 14964 E Unity   : NetworkClient Send when not connected to a server
06-20 21:56:52.092 14949 14964 E Unity   :
06-20 21:56:52.092 14949 14964 E Unity   : (Filename: ./artifacts/generated/common/runtime/DebugBindings.gen.cpp Line: 51)
06-20 21:56:52.092 14949 14964 E Unity   :
06-20 21:56:52.108 14949 14964 I Unity   : ACCELERATION_XYZ: 0.02688627 0.4320755 0.05431547 EULER_ANGLES_XYZ 11.5362 359.7021 2.843823 False 0.3326799 False 1.059999 15 0
06-20 21:56:52.108 14949 14964 I Unity   :
06-20 21:56:52.108 14949 14964 I Unity   : (Filename: ./artifacts/generated/common/runtime/DebugBindings.gen.cpp Line: 51)
06-20 21:56:52.108 14949 14964 I Unity   :
06-20 21:56:52.108 14949 14964 E Unity   : NetworkClient Send when not connected to a server
06-20 21:56:52.108 14949 14964 E Unity   :
06-20 21:56:52.108 14949 14964 E Unity   : (Filename: ./artifacts/generated/common/runtime/DebugBindings.gen.cpp Line: 51)
06-20 21:56:52.108 14949 14964 E Unity   :
06-20 21:56:52.125 14949 14964 I Unity   : ACCELERATION_XYZ: -0.05440914 0.2984619 0.008189877 EULER_ANGLES_XYZ 11.53347 359.6925 2.8501 False 0.3326799 False 1.059999 15 0
06-20 21:56:52.125 14949 14964 I Unity   :
06-20 21:56:52.125 14949 14964 I Unity   : (Filename: ./artifacts/generated/common/runtime/DebugBindings.gen.cpp Line: 51)
06-20 21:56:52.125 14949 14964 I Unity   :
06-20 21:56:52.125 14949 14964 E Unity   : NetworkClient Send when not connected to a server
06-20 21:56:52.125 14949 14964 E Unity   :
06-20 21:56:52.125 14949 14964 E Unity   : (Filename: ./artifacts/generated/common/runtime/DebugBindings.gen.cpp Line: 51)
06-20 21:56:52.125 14949 14964 E Unity   :
06-20 21:56:52.143 14949 14964 I Unity   : ACCELERATION_XYZ: -0.03951843 0.1734676 -0.0478436 EULER_ANGLES_XYZ 11.53746 359.6861 2.851389 False 0.3326799 False 1.059999 15 0
06-20 21:56:52.143 14949 14964 I Unity   :
06-20 21:56:52.143 14949 14964 I Unity   : (Filename: ./artifacts/generated/common/runtime/DebugBindings.gen.cpp Line: 51)
06-20 21:56:52.143 14949 14964 I Unity   :
06-20 21:56:52.143 14949 14964 E Unity   : NetworkClient Send when not connected to a server
06-20 21:56:52.143 14949 14964 E Unity   :
06-20 21:56:52.143 14949 14964 E Unity   : (Filename: ./artifacts/generated/common/runtime/DebugBindings.gen.cpp Line: 51)
06-20 21:56:52.143 14949 14964 E Unity   :
06-20 21:56:52.159 14949 14964 I Unity   : ACCELERATION_XYZ: 0.01313484 0.2675028 -0.008852452 EULER_ANGLES_XYZ 11.55232 359.676 2.852402 False 0.3326799 False 1.059999 15 0
06-20 21:56:52.159 14949 14964 I Unity   :
06-20 21:56:52.159 14949 14964 I Unity   : (Filename: ./artifacts/generated/common/runtime/DebugBindings.gen.cpp Line: 51)
06-20 21:56:52.159 14949 14964 I Unity   :
06-20 21:56:52.159 14949 14964 E Unity   : NetworkClient Send when not connected to a server
06-20 21:56:52.159 14949 14964 E Unity   :
06-20 21:56:52.159 14949 14964 E Unity   : (Filename: ./artifacts/generated/common/runtime/DebugBindings.gen.cpp Line: 51)
06-20 21:56:52.159 14949 14964 E Unity   :
06-20 21:56:52.192 14949 14964 I Unity   : ACCELERATION_XYZ: -0.05546358 0.4757033 0.05858335 EULER_ANGLES_XYZ 11.54505 359.6524 2.860326 False 0.3326799 False 1.059999 15 0
06-20 21:56:52.192 14949 14964 I Unity   :
06-20 21:56:52.192 14949 14964 I Unity   : (Filename: ./artifacts/generated/common/runtime/DebugBindings.gen.cpp Line: 51)
06-20 21:56:52.192 14949 14964 I Unity   :
06-20 21:56:52.192 14949 14964 E Unity   : NetworkClient Send when not connected to a server
06-20 21:56:52.192 14949 14964 E Unity   :
06-20 21:56:52.192 14949 14964 E Unity   : (Filename: ./artifacts/generated/common/runtime/DebugBindings.gen.cpp Line: 51)
06-20 21:56:52.192 14949 14964 E Unity   :
06-20 21:56:52.209 14949 14964 I Unity   : ACCELERATION_XYZ: -0.04731181 0.3090181 -0.03601975 EULER_ANGLES_XYZ 11.53803 359.6436 2.860473 False 0.3326799 False 1.059999 15 0
06-20 21:56:52.209 14949 14964 I Unity   :
06-20 21:56:52.209 14949 14964 I Unity   : (Filename: ./artifacts/generated/common/runtime/DebugBindings.gen.cpp Line: 51)
06-20 21:56:52.209 14949 14964 I Unity   :
06-20 21:56:52.209 14949 14964 E Unity   : NetworkClient Send when not connected to a server
06-20 21:56:52.209 14949 14964 E Unity   :
06-20 21:56:52.209 14949 14964 E Unity   : (Filename: ./artifacts/generated/common/runtime/DebugBindings.gen.cpp Line: 51)
06-20 21:56:52.209 14949 14964 E Unity   :
06-20 21:56:52.225 14949 14964 I Unity   : ACCELERATION_XYZ: -0.02122825 0.1753025 -0.09525316 EULER_ANGLES_XYZ 11.54817 359.6306 2.860469 False 0.3326799 False 1.059999 15 0
06-20 21:56:52.225 14949 14964 I Unity   :
06-20 21:56:52.225 14949 14964 I Unity   : (Filename: ./artifacts/generated/common/runtime/DebugBindings.gen.cpp Line: 51)
06-20 21:56:52.225 14949 14964 I Unity   :
06-20 21:56:52.225 14949 14964 E Unity   : NetworkClient Send when not connected to a server
06-20 21:56:52.225 14949 14964 E Unity   :
06-20 21:56:52.225 14949 14964 E Unity   : (Filename: ./artifacts/generated/common/runtime/DebugBindings.gen.cpp Line: 51)
06-20 21:56:52.225 14949 14964 E Unity   :
06-20 21:56:52.242 14949 14964 I Unity   : ACCELERATION_XYZ: -0.0574524 0.1023808 -0.04121846 EULER_ANGLES_XYZ 11.58924 359.6174 2.861956 False 0.3326799 False 1.059999 15 0
06-20 21:56:52.242 14949 14964 I Unity   :
06-20 21:56:52.242 14949 14964 I Unity   : (Filename: ./artifacts/generated/common/runtime/DebugBindings.gen.cpp Line: 51)
06-20 21:56:52.242 14949 14964 I Unity   :
06-20 21:56:52.242 14949 14964 E Unity   : NetworkClient Send when not connected to a server
06-20 21:56:52.242 14949 14964 E Unity   :
06-20 21:56:52.242 14949 14964 E Unity   : (Filename: ./artifacts/generated/common/runtime/DebugBindings.gen.cpp Line: 51)
06-20 21:56:52.242 14949 14964 E Unity   :
06-20 21:56:52.259 14949 14964 I Unity   : ACCELERATION_XYZ: -0.1094619 0.3796749 0.03273962 EULER_ANGLES_XYZ 11.61087 359.6102 2.860513 False 0.3326799 False 1.059999 15 0
06-20 21:56:52.259 14949 14964 I Unity   :
06-20 21:56:52.259 14949 14964 I Unity   : (Filename: ./artifacts/generated/common/runtime/DebugBindings.gen.cpp Line: 51)
06-20 21:56:52.259 14949 14964 I Unity   :
06-20 21:56:52.259 14949 14964 E Unity   : NetworkClient Send when not connected to a server
06-20 21:56:52.259 14949 14964 E Unity   :
06-20 21:56:52.259 14949 14964 E Unity   : (Filename: ./artifacts/generated/common/runtime/DebugBindings.gen.cpp Line: 51)
06-20 21:56:52.259 14949 14964 E Unity   :
06-20 21:56:52.292 14949 14964 I Unity   : ACCELERATION_XYZ: -0.2182783 0.4449454 0.1127526 EULER_ANGLES_XYZ 11.58206 359.553 2.831426 False 0.3326799 False 1.059999 15 0
06-20 21:56:52.292 14949 14964 I Unity   :
06-20 21:56:52.292 14949 14964 I Unity   : (Filename: ./artifacts/generated/common/runtime/DebugBindings.gen.cpp Line: 51)
06-20 21:56:52.292 14949 14964 I Unity   :
06-20 21:56:52.293 14949 14964 E Unity   : NetworkClient Send when not connected to a server
06-20 21:56:52.293 14949 14964 E Unity   :
06-20 21:56:52.293 14949 14964 E Unity   : (Filename: ./artifacts/generated/common/runtime/DebugBindings.gen.cpp Line: 51)
06-20 21:56:52.293 14949 14964 E Unity   :
06-20 21:56:52.309 14949 14964 I Unity   : ACCELERATION_XYZ: -0.09685484 0.1897669 0.005770009 EULER_ANGLES_XYZ 11.58685 359.5054 2.813772 False 0.3326799 False 1.059999 15 0
06-20 21:56:52.309 14949 14964 I Unity   :
06-20 21:56:52.309 14949 14964 I Unity   : (Filename: ./artifacts/generated/common/runtime/DebugBindings.gen.cpp Line: 51)
06-20 21:56:52.309 14949 14964 I Unity   :
06-20 21:56:52.309 14949 14964 E Unity   : NetworkClient Send when not connected to a server
06-20 21:56:52.309 14949 14964 E Unity   :
06-20 21:56:52.309 14949 14964 E Unity   : (Filename: ./artifacts/generated/common/runtime/DebugBindings.gen.cpp Line: 51)
06-20 21:56:52.309 14949 14964 E Unity   :
06-20 21:56:52.326 14949 14964 I Unity   : ACCELERATION_XYZ: -0.04514534 0.5103436 0.2258566 EULER_ANGLES_XYZ 11.55352 359.4403 2.801711 False 0.3326799 False 1.059999 15 0
06-20 21:56:52.326 14949 14964 I Unity   :
06-20 21:56:52.326 14949 14964 I Unity   : (Filename: ./artifacts/generated/common/runtime/DebugBindings.gen.cpp Line: 51)
06-20 21:56:52.326 14949 14964 I Unity   :
06-20 21:56:52.326 14949 14964 E Unity   : NetworkClient Send when not connected to a server
06-20 21:56:52.326 14949 14964 E Unity   :
06-20 21:56:52.326 14949 14964 E Unity   : (Filename: ./artifacts/generated/common/runtime/DebugBindings.gen.cpp Line: 51)
06-20 21:56:52.326 14949 14964 E Unity   :
06-20 21:56:52.342 14949 14964 I Unity   : ACCELERATION_XYZ: -0.09174345 0.9159489 0.3400446 EULER_ANGLES_XYZ 11.31792 359.3192 2.712653 False 0.3326799 False 1.059999 15 0
06-20 21:56:52.342 14949 14964 I Unity   :
06-20 21:56:52.342 14949 14964 I Unity   : (Filename: ./artifacts/generated/common/runtime/DebugBindings.gen.cpp Line: 51)
06-20 21:56:52.342 14949 14964 I Unity   :
06-20 21:56:52.343 14949 14964 E Unity   : NetworkClient Send when not connected to a server
06-20 21:56:52.343 14949 14964 E Unity   :
06-20 21:56:52.343 14949 14964 E Unity   : (Filename: ./artifacts/generated/common/runtime/DebugBindings.gen.cpp Line: 51)
06-20 21:56:52.343 14949 14964 E Unity   :
06-20 21:56:52.359 14949 14964 I Unity   : ACCELERATION_XYZ: -0.09173137 0.004812241 -0.3017814 EULER_ANGLES_XYZ 11.35348 359.2874 2.707018 False 0.3326799 False 1.059999 15 0
06-20 21:56:52.359 14949 14964 I Unity   :
06-20 21:56:52.359 14949 14964 I Unity   : (Filename: ./artifacts/generated/common/runtime/DebugBindings.gen.cpp Line: 51)
06-20 21:56:52.359 14949 14964 I Unity   :
06-20 21:56:52.359 14949 14964 E Unity   : NetworkClient Send when not connected to a server
06-20 21:56:52.359 14949 14964 E Unity   :
06-20 21:56:52.359 14949 14964 E Unity   : (Filename: ./artifacts/generated/common/runtime/DebugBindings.gen.cpp Line: 51)
06-20 21:56:52.359 14949 14964 E Unity   :
06-20 21:56:52.377 14949 14964 I Unity   : ACCELERATION_XYZ: 0.03578239 -0.1237688 -0.2765094 EULER_ANGLES_XYZ 11.38409 359.2113 2.699945 False 0.3326799 False 1.059999 15 0
06-20 21:56:52.377 14949 14964 I Unity   :
06-20 21:56:52.377 14949 14964 I Unity   : (Filename: ./artifacts/generated/common/runtime/DebugBindings.gen.cpp Line: 51)
06-20 21:56:52.377 14949 14964 I Unity   :
06-20 21:56:52.377 14949 14964 E Unity   : NetworkClient Send when not connected to a server
06-20 21:56:52.377 14949 14964 E Unity   :
06-20 21:56:52.377 14949 14964 E Unity   : (Filename: ./artifacts/generated/common/runtime/DebugBindings.gen.cpp Line: 51)
06-20 21:56:52.377 14949 14964 E Unity   :
06-20 21:56:52.409 14949 14964 I Unity   : ACCELERATION_XYZ: 0.09475633 0.6742821 0.1529615 EULER_ANGLES_XYZ 11.22796 359.1012 2.646614 False 0.3326799 False 1.059999 15 0
06-20 21:56:52.409 14949 14964 I Unity   :
06-20 21:56:52.409 14949 14964 I Unity   : (Filename: ./artifacts/generated/common/runtime/DebugBindings.gen.cpp Line: 51)
06-20 21:56:52.409 14949 14964 I Unity   :
06-20 21:56:52.409 14949 14964 E Unity   : NetworkClient Send when not connected to a server
06-20 21:56:52.409 14949 14964 E Unity   :
06-20 21:56:52.409 14949 14964 E Unity   : (Filename: ./artifacts/generated/common/runtime/DebugBindings.gen.cpp Line: 51)
06-20 21:56:52.409 14949 14964 E Unity   :
06-20 21:56:52.426 14949 14964 I Unity   : ACCELERATION_XYZ: 0.08980776 0.3593569 -0.09751637 EULER_ANGLES_XYZ 11.15787 359.0714 2.627137 False 0.3326799 False 1.059999 15 0
06-20 21:56:52.426 14949 14964 I Unity   :
06-20 21:56:52.426 14949 14964 I Unity   : (Filename: ./artifacts/generated/common/runtime/DebugBindings.gen.cpp Line: 51)
06-20 21:56:52.426 14949 14964 I Unity   :
06-20 21:56:52.426 14949 14964 E Unity   : NetworkClient Send when not connected to a server
06-20 21:56:52.426 14949 14964 E Unity   :
06-20 21:56:52.426 14949 14964 E Unity   : (Filename: ./artifacts/generated/common/runtime/DebugBindings.gen.cpp Line: 51)
06-20 21:56:52.426 14949 14964 E Unity   :
06-20 21:56:52.442 14949 14964 I Unity   : ACCELERATION_XYZ: 0.08986543 0.09486771 -0.2622539 EULER_ANGLES_XYZ 11.1486 359.0675 2.622629 False 0.3326799 False 1.059999 15 0
06-20 21:56:52.442 14949 14964 I Unity   :
06-20 21:56:52.442 14949 14964 I Unity   : (Filename: ./artifacts/generated/common/runtime/DebugBindings.gen.cpp Line: 51)
06-20 21:56:52.442 14949 14964 I Unity   :
06-20 21:56:52.443 14949 14964 E Unity   : NetworkClient Send when not connected to a server
06-20 21:56:52.443 14949 14964 E Unity   :
06-20 21:56:52.443 14949 14964 E Unity   : (Filename: ./artifacts/generated/common/runtime/DebugBindings.gen.cpp Line: 51)
06-20 21:56:52.443 14949 14964 E Unity   :
06-20 21:56:52.459 14949 14964 I Unity   : ACCELERATION_XYZ: 0.07077569 0.1724596 -0.2753758 EULER_ANGLES_XYZ 11.12517 359.0534 2.611419 False 0.3326799 False 1.059999 15 0
06-20 21:56:52.459 14949 14964 I Unity   :
06-20 21:56:52.459 14949 14964 I Unity   : (Filename: ./artifacts/generated/common/runtime/DebugBindings.gen.cpp Line: 51)
06-20 21:56:52.459 14949 14964 I Unity   :
06-20 21:56:52.459 14949 14964 E Unity   : NetworkClient Send when not connected to a server
06-20 21:56:52.459 14949 14964 E Unity   :
06-20 21:56:52.459 14949 14964 E Unity   : (Filename: ./artifacts/generated/common/runtime/DebugBindings.gen.cpp Line: 51)
06-20 21:56:52.459 14949 14964 E Unity   :
06-20 21:56:52.494 14949 14964 I Unity   : ACCELERATION_XYZ: 0.1220295 0.322299 -0.09069858 EULER_ANGLES_XYZ 11.09089 359.0488 2.598791 False 0.3326799 False 1.059999 15 0
06-20 21:56:52.494 14949 14964 I Unity   :
06-20 21:56:52.494 14949 14964 I Unity   : (Filename: ./artifacts/generated/common/runtime/DebugBindings.gen.cpp Line: 51)
06-20 21:56:52.494 14949 14964 I Unity   :
06-20 21:56:52.494 14949 14964 E Unity   : NetworkClient Send when not connected to a server
06-20 21:56:52.494 14949 14964 E Unity   :
06-20 21:56:52.494 14949 14964 E Unity   : (Filename: ./artifacts/generated/common/runtime/DebugBindings.gen.cpp Line: 51)
06-20 21:56:52.494 14949 14964 E Unity   :
06-20 21:56:52.509 14949 14964 I Unity   : ACCELERATION_XYZ: 0.1079464 0.2230253 -0.09507263 EULER_ANGLES_XYZ 11.08833 359.0625 2.603178 False 0.3326799 False 1.059999 15 0
06-20 21:56:52.509 14949 14964 I Unity   :
06-20 21:56:52.509 14949 14964 I Unity   : (Filename: ./artifacts/generated/common/runtime/DebugBindings.gen.cpp Line: 51)
06-20 21:56:52.509 14949 14964 I Unity   :
06-20 21:56:52.509 14949 14964 E Unity   : NetworkClient Send when not connected to a server
06-20 21:56:52.509 14949 14964 E Unity   :
06-20 21:56:52.509 14949 14964 E Unity   : (Filename: ./artifacts/generated/common/runtime/DebugBindings.gen.cpp Line: 51)
06-20 21:56:52.509 14949 14964 E Unity   :
06-20 21:56:52.526 14949 14964 I Unity   : ACCELERATION_XYZ: -0.02202079 0.3297958 -0.08359048 EULER_ANGLES_XYZ 11.08908 359.087 2.619067 False 0.3326799 False 1.059999 15 0
06-20 21:56:52.526 14949 14964 I Unity   :
06-20 21:56:52.526 14949 14964 I Unity   : (Filename: ./artifacts/generated/common/runtime/DebugBindings.gen.cpp Line: 51)
06-20 21:56:52.526 14949 14964 I Unity   :
06-20 21:56:52.526 14949 14964 E Unity   : NetworkClient Send when not connected to a server
06-20 21:56:52.526 14949 14964 E Unity   :
06-20 21:56:52.526 14949 14964 E Unity   : (Filename: ./artifacts/generated/common/runtime/DebugBindings.gen.cpp Line: 51)
06-20 21:56:52.526 14949 14964 E Unity   :
06-20 21:56:52.546 14949 14964 I Unity   : ACCELERATION_XYZ: -0.01581974 0.3189726 -0.02794448 EULER_ANGLES_XYZ 11.08245 359.1125 2.650795 False 0.3326799 False 1.059999 15 0
06-20 21:56:52.546 14949 14964 I Unity   :
06-20 21:56:52.546 14949 14964 I Unity   : (Filename: ./artifacts/generated/common/runtime/DebugBindings.gen.cpp Line: 51)
06-20 21:56:52.546 14949 14964 I Unity   :
06-20 21:56:52.546 14949 14964 E Unity   : NetworkClient Send when not connected to a server
06-20 21:56:52.546 14949 14964 E Unity   :
06-20 21:56:52.546 14949 14964 E Unity   : (Filename: ./artifacts/generated/common/runtime/DebugBindings.gen.cpp Line: 51)
06-20 21:56:52.546 14949 14964 E Unity   :
06-20 21:56:52.560 14949 14964 I Unity   : ACCELERATION_XYZ: -0.09055145 0.325633 0.06007098 EULER_ANGLES_XYZ 11.07568 359.1212 2.671508 False 0.3326799 False 1.059999 15 0
06-20 21:56:52.560 14949 14964 I Unity   :
06-20 21:56:52.560 14949 14964 I Unity   : (Filename: ./artifacts/generated/common/runtime/DebugBindings.gen.cpp Line: 51)
06-20 21:56:52.560 14949 14964 I Unity   :
06-20 21:56:52.560 14949 14964 E Unity   : NetworkClient Send when not connected to a server
06-20 21:56:52.560 14949 14964 E Unity   :
06-20 21:56:52.560 14949 14964 E Unity   : (Filename: ./artifacts/generated/common/runtime/DebugBindings.gen.cpp Line: 51)
06-20 21:56:52.560 14949 14964 E Unity   :
06-20 21:56:52.593 14949 14964 I Unity   : ACCELERATION_XYZ: -0.09957407 0.1705742 -0.0008640359 EULER_ANGLES_XYZ 11.1004 359.0967 2.711907 False 0.3326799 False 1.059999 15 0
06-20 21:56:52.593 14949 14964 I Unity   :
06-20 21:56:52.593 14949 14964 I Unity   : (Filename: ./artifacts/generated/common/runtime/DebugBindings.gen.cpp Line: 51)
06-20 21:56:52.593 14949 14964 I Unity   :
06-20 21:56:52.593 14949 14964 E Unity   : NetworkClient Send when not connected to a server
06-20 21:56:52.593 14949 14964 E Unity   :
06-20 21:56:52.593 14949 14964 E Unity   : (Filename: ./artifacts/generated/common/runtime/DebugBindings.gen.cpp Line: 51)
06-20 21:56:52.593 14949 14964 E Unity   :
06-20 21:56:52.610 14949 14964 I Unity   : ACCELERATION_XYZ: -0.1025332 0.1762638 -0.02632154 EULER_ANGLES_XYZ 11.12475 359.0577 2.700563 False 0.3326799 False 1.059999 15 0
06-20 21:56:52.610 14949 14964 I Unity   :
06-20 21:56:52.610 14949 14964 I Unity   : (Filename: ./artifacts/generated/common/runtime/DebugBindings.gen.cpp Line: 51)
06-20 21:56:52.610 14949 14964 I Unity   :
06-20 21:56:52.610 14949 14964 E Unity   : NetworkClient Send when not connected to a server
06-20 21:56:52.610 14949 14964 E Unity   :
06-20 21:56:52.610 14949 14964 E Unity   : (Filename: ./artifacts/generated/common/runtime/DebugBindings.gen.cpp Line: 51)
06-20 21:56:52.610 14949 14964 E Unity   :
06-20 21:56:52.619 14949 15276 I VrApi   : FPS=0,Prd=0ms,Tear=0,Early=0,Stale=0,VSnc=1,Lat=1,Fov=0,CPU2/GPU=2/2,1132/315MHz,OC=F,TA=E/0/0,SP=N/N/N,Mem=1017MHz,Free=1309MB,PSM=0,PLS=0,Temp=22.5C/0.0C,TW=0.00ms,App=0.00ms
06-20 21:56:52.621 14949 15277 I UtilPoller: GPU Util 0.239472 / CPU Util 0.928295 (avg 0.658319)
06-20 21:56:52.627 14949 14964 I Unity   : ACCELERATION_XYZ: -0.05717336 0.2227335 0.00545443 EULER_ANGLES_XYZ 11.14261 359.0043 2.662684 False 0.3326799 False 1.059999 15 0
06-20 21:56:52.627 14949 14964 I Unity   :
06-20 21:56:52.627 14949 14964 I Unity   : (Filename: ./artifacts/generated/common/runtime/DebugBindings.gen.cpp Line: 51)
06-20 21:56:52.627 14949 14964 I Unity   :
06-20 21:56:52.627 14949 14964 E Unity   : NetworkClient Send when not connected to a server
06-20 21:56:52.627 14949 14964 E Unity   :
06-20 21:56:52.627 14949 14964 E Unity   : (Filename: ./artifacts/generated/common/runtime/DebugBindings.gen.cpp Line: 51)
06-20 21:56:52.627 14949 14964 E Unity   :
06-20 21:56:52.643 14949 14964 I Unity   : ACCELERATION_XYZ: -0.01216124 0.3671532 0.0376162 EULER_ANGLES_XYZ 11.14923 358.9471 2.638155 False 0.3326799 False 1.059999 15 0
06-20 21:56:52.643 14949 14964 I Unity   :
06-20 21:56:52.643 14949 14964 I Unity   : (Filename: ./artifacts/generated/common/runtime/DebugBindings.gen.cpp Line: 51)
06-20 21:56:52.643 14949 14964 I Unity   :
06-20 21:56:52.643 14949 14964 E Unity   : NetworkClient Send when not connected to a server
06-20 21:56:52.643 14949 14964 E Unity   :
06-20 21:56:52.643 14949 14964 E Unity   : (Filename: ./artifacts/generated/common/runtime/DebugBindings.gen.cpp Line: 51)
06-20 21:56:52.643 14949 14964 E Unity   :
06-20 21:56:52.662 14949 14964 I Unity   : ACCELERATION_XYZ: 0.0397651 0.4004803 0.03650069 EULER_ANGLES_XYZ 11.15209 358.9091 2.622905 False 0.3326799 False 1.059999 15 0
06-20 21:56:52.662 14949 14964 I Unity   :
06-20 21:56:52.662 14949 14964 I Unity   : (Filename: ./artifacts/generated/common/runtime/DebugBindings.gen.cpp Line: 51)
06-20 21:56:52.662 14949 14964 I Unity   :
06-20 21:56:52.662 14949 14964 E Unity   : NetworkClient Send when not connected to a server
06-20 21:56:52.662 14949 14964 E Unity   :
06-20 21:56:52.662 14949 14964 E Unity   : (Filename: ./artifacts/generated/common/runtime/DebugBindings.gen.cpp Line: 51)
06-20 21:56:52.662 14949 14964 E Unity   :
06-20 21:56:52.693 14949 14964 I Unity   : ACCELERATION_XYZ: 0.1073677 0.3440657 -0.001994476 EULER_ANGLES_XYZ 11.15139 358.8486 2.591691 False 0.3326799 False 1.059999 15 0
06-20 21:56:52.693 14949 14964 I Unity   :
06-20 21:56:52.693 14949 14964 I Unity   : (Filename: ./artifacts/generated/common/runtime/DebugBindings.gen.cpp Line: 51)
06-20 21:56:52.693 14949 14964 I Unity   :
06-20 21:56:52.693 14949 14964 E Unity   : NetworkClient Send when not connected to a server
06-20 21:56:52.693 14949 14964 E Unity   :
06-20 21:56:52.693 14949 14964 E Unity   : (Filename: ./artifacts/generated/common/runtime/DebugBindings.gen.cpp Line: 51)
06-20 21:56:52.693 14949 14964 E Unity   :
06-20 21:56:52.696 14964 14964 W UnityMain: type=1400 audit(0.0:122): avc: denied { read } for name="thread" dev="sysfs" ino=30576 scontext=u:r:untrusted_app:s0:c512,c768 tcontext=u:object_r:sysfs:s0 tclass=dir permissive=0
06-20 21:56:52.710 14949 14964 I Unity   : ACCELERATION_XYZ: 0.1231445 0.3071795 -0.0579877 EULER_ANGLES_XYZ 11.14082 358.832 2.569849 False 0.3326799 False 1.059999 15 0
06-20 21:56:52.710 14949 14964 I Unity   :
06-20 21:56:52.710 14949 14964 I Unity   : (Filename: ./artifacts/generated/common/runtime/DebugBindings.gen.cpp Line: 51)
06-20 21:56:52.710 14949 14964 I Unity   :
06-20 21:56:52.710 14949 14964 E Unity   : NetworkClient Send when not connected to a server
06-20 21:56:52.710 14949 14964 E Unity   :
06-20 21:56:52.710 14949 14964 E Unity   : (Filename: ./artifacts/generated/common/runtime/DebugBindings.gen.cpp Line: 51)
06-20 21:56:52.710 14949 14964 E Unity   :
06-20 21:56:52.728 14949 14964 I Unity   : ACCELERATION_XYZ: 0.06056134 0.2933559 -0.06219834 EULER_ANGLES_XYZ 11.12382 358.8175 2.526978 False 0.3326799 False 1.059999 15 0
06-20 21:56:52.728 14949 14964 I Unity   :
06-20 21:56:52.728 14949 14964 I Unity   : (Filename: ./artifacts/generated/common/runtime/DebugBindings.gen.cpp Line: 51)
06-20 21:56:52.728 14949 14964 I Unity   :
06-20 21:56:52.728 14949 14964 E Unity   : NetworkClient Send when not connected to a server
06-20 21:56:52.728 14949 14964 E Unity   :
06-20 21:56:52.728 14949 14964 E Unity   : (Filename: ./artifacts/generated/common/runtime/DebugBindings.gen.cpp Line: 51)
06-20 21:56:52.728 14949 14964 E Unity   :
06-20 21:56:52.743 14949 14964 I Unity   : ACCELERATION_XYZ: 0.08405208 0.2811404 0.0009923931 EULER_ANGLES_XYZ 11.12027 358.824 2.497578 False 0.3326799 False 1.059999 15 0
06-20 21:56:52.743 14949 14964 I Unity   :
06-20 21:56:52.743 14949 14964 I Unity   : (Filename: ./artifacts/generated/common/runtime/DebugBindings.gen.cpp Line: 51)
06-20 21:56:52.743 14949 14964 I Unity   :
06-20 21:56:52.743 14949 14964 E Unity   : NetworkClient Send when not connected to a server
06-20 21:56:52.743 14949 14964 E Unity   :
06-20 21:56:52.743 14949 14964 E Unity   : (Filename: ./artifacts/generated/common/runtime/DebugBindings.gen.cpp Line: 51)
06-20 21:56:52.743 14949 14964 E Unity   :
06-20 21:56:52.760 14949 14964 I Unity   : ACCELERATION_XYZ: 0.1218968 0.198184 -0.01705029 EULER_ANGLES_XYZ 11.11426 358.8536 2.431905 False 0.3326799 False 1.059999 15 0
06-20 21:56:52.760 14949 14964 I Unity   :
06-20 21:56:52.760 14949 14964 I Unity   : (Filename: ./artifacts/generated/common/runtime/DebugBindings.gen.cpp Line: 51)
06-20 21:56:52.760 14949 14964 I Unity   :
06-20 21:56:52.760 14949 14964 E Unity   : NetworkClient Send when not connected to a server
06-20 21:56:52.760 14949 14964 E Unity   :
06-20 21:56:52.760 14949 14964 E Unity   : (Filename: ./artifacts/generated/common/runtime/DebugBindings.gen.cpp Line: 51)
06-20 21:56:52.760 14949 14964 E Unity   :
06-20 21:56:52.778 14949 14964 I Unity   : ACCELERATION_XYZ: -0.01514391 0.2211123 -0.03185983 EULER_ANGLES_XYZ 11.12656 358.8827 2.392591 False 0.3326799 False 1.059999 15 0
06-20 21:56:52.778 14949 14964 I Unity   :
06-20 21:56:52.778 14949 14964 I Unity   : (Filename: ./artifacts/generated/common/runtime/DebugBindings.gen.cpp Line: 51)
06-20 21:56:52.778 14949 14964 I Unity   :
06-20 21:56:52.778 14949 14964 E Unity   : NetworkClient Send when not connected to a server
06-20 21:56:52.778 14949 14964 E Unity   :
06-20 21:56:52.778 14949 14964 E Unity   : (Filename: ./artifacts/generated/common/runtime/DebugBindings.gen.cpp Line: 51)
06-20 21:56:52.778 14949 14964 E Unity   :
06-20 21:56:52.810 14949 14964 I Unity   : ACCELERATION_XYZ: -0.0968608 0.3624887 0.06679203 EULER_ANGLES_XYZ 11.1409 358.9442 2.35681 False 0.3326799 False 1.059999 15 0
06-20 21:56:52.810 14949 14964 I Unity   :
06-20 21:56:52.810 14949 14964 I Unity   : (Filename: ./artifacts/generated/common/runtime/DebugBindings.gen.cpp Line: 51)
06-20 21:56:52.810 14949 14964 I Unity   :
06-20 21:56:52.810 14949 14964 E Unity   : NetworkClient Send when not connected to a server
06-20 21:56:52.810 14949 14964 E Unity   :
06-20 21:56:52.810 14949 14964 E Unity   : (Filename: ./artifacts/generated/common/runtime/DebugBindings.gen.cpp Line: 51)
06-20 21:56:52.810 14949 14964 E Unity   :
06-20 21:56:52.827 14949 14964 I Unity   : ACCELERATION_XYZ: -0.1620446 0.4356633 0.07382916 EULER_ANGLES_XYZ 11.13734 358.9649 2.348647 False 0.3326799 False 1.059999 15 0
06-20 21:56:52.827 14949 14964 I Unity   :
06-20 21:56:52.827 14949 14964 I Unity   : (Filename: ./artifacts/generated/common/runtime/DebugBindings.gen.cpp Line: 51)
06-20 21:56:52.827 14949 14964 I Unity   :
06-20 21:56:52.827 14949 14964 E Unity   : NetworkClient Send when not connected to a server
06-20 21:56:52.827 14949 14964 E Unity   :
06-20 21:56:52.827 14949 14964 E Unity   : (Filename: ./artifacts/generated/common/runtime/DebugBindings.gen.cpp Line: 51)
06-20 21:56:52.827 14949 14964 E Unity   :
06-20 21:56:52.843 14949 14964 I Unity   : ACCELERATION_XYZ: -0.1942794 0.310791 0.09712405 EULER_ANGLES_XYZ 11.13179 358.9817 2.340388 False 0.3326799 False 1.059999 15 0
06-20 21:56:52.843 14949 14964 I Unity   :
06-20 21:56:52.843 14949 14964 I Unity   : (Filename: ./artifacts/generated/common/runtime/DebugBindings.gen.cpp Line: 51)
06-20 21:56:52.843 14949 14964 I Unity   :
06-20 21:56:52.844 14949 14964 E Unity   : NetworkClient Send when not connected to a server
06-20 21:56:52.844 14949 14964 E Unity   :
06-20 21:56:52.844 14949 14964 E Unity   : (Filename: ./artifacts/generated/common/runtime/DebugBindings.gen.cpp Line: 51)
06-20 21:56:52.844 14949 14964 E Unity   :
06-20 21:56:52.860 14949 14964 I Unity   : ACCELERATION_XYZ: -0.2071629 0.1947632 0.08218656 EULER_ANGLES_XYZ 11.12935 358.9886 2.328132 False 0.3326799 False 1.059999 15 0
06-20 21:56:52.860 14949 14964 I Unity   :
06-20 21:56:52.860 14949 14964 I Unity   : (Filename: ./artifacts/generated/common/runtime/DebugBindings.gen.cpp Line: 51)
06-20 21:56:52.860 14949 14964 I Unity   :
06-20 21:56:52.860 14949 14964 E Unity   : NetworkClient Send when not connected to a server
06-20 21:56:52.860 14949 14964 E Unity   :
06-20 21:56:52.860 14949 14964 E Unity   : (Filename: ./artifacts/generated/common/runtime/DebugBindings.gen.cpp Line: 51)
06-20 21:56:52.860 14949 14964 E Unity   :
06-20 21:56:52.877 14949 14964 I Unity   : ACCELERATION_XYZ: -0.22487 0.1614189 0.1426397 EULER_ANGLES_XYZ 11.13733 358.9813 2.318135 False 0.3326799 False 1.059999 15 0
06-20 21:56:52.877 14949 14964 I Unity   :
06-20 21:56:52.877 14949 14964 I Unity   : (Filename: ./artifacts/generated/common/runtime/DebugBindings.gen.cpp Line: 51)
06-20 21:56:52.877 14949 14964 I Unity   :
06-20 21:56:52.877 14949 14964 E Unity   : NetworkClient Send when not connected to a server
06-20 21:56:52.877 14949 14964 E Unity   :
06-20 21:56:52.877 14949 14964 E Unity   : (Filename: ./artifacts/generated/common/runtime/DebugBindings.gen.cpp Line: 51)
06-20 21:56:52.877 14949 14964 E Unity   :
06-20 21:56:52.911 14949 14964 I Unity   : ACCELERATION_XYZ: -0.1850021 0.3450975 0.02915654 EULER_ANGLES_XYZ 11.1818 358.9239 2.271306 False 0.3326799 False 1.059999 15 0
06-20 21:56:52.911 14949 14964 I Unity   :
06-20 21:56:52.911 14949 14964 I Unity   : (Filename: ./artifacts/generated/common/runtime/DebugBindings.gen.cpp Line: 51)
06-20 21:56:52.911 14949 14964 I Unity   :
06-20 21:56:52.911 14949 14964 E Unity   : NetworkClient Send when not connected to a server
06-20 21:56:52.911 14949 14964 E Unity   :
06-20 21:56:52.911 14949 14964 E Unity   : (Filename: ./artifacts/generated/common/runtime/DebugBindings.gen.cpp Line: 51)
06-20 21:56:52.911 14949 14964 E Unity   :
06-20 21:56:52.927 14949 14964 I Unity   : ACCELERATION_XYZ: -0.1090366 0.4721365 0.05902959 EULER_ANGLES_XYZ 11.19658 358.8893 2.266417 False 0.3326799 False 1.059999 15 0
06-20 21:56:52.927 14949 14964 I Unity   :
06-20 21:56:52.927 14949 14964 I Unity   : (Filename: ./artifacts/generated/common/runtime/DebugBindings.gen.cpp Line: 51)
06-20 21:56:52.927 14949 14964 I Unity   :
06-20 21:56:52.927 14949 14964 E Unity   : NetworkClient Send when not connected to a server
06-20 21:56:52.927 14949 14964 E Unity   :
06-20 21:56:52.927 14949 14964 E Unity   : (Filename: ./artifacts/generated/common/runtime/DebugBindings.gen.cpp Line: 51)
06-20 21:56:52.927 14949 14964 E Unity   :
06-20 21:56:52.944 14949 14964 I Unity   : ACCELERATION_XYZ: -0.02787788 0.4486637 0.00853519 EULER_ANGLES_XYZ 11.20565 358.8556 2.265744 False 0.3326799 False 1.059999 15 0
06-20 21:56:52.944 14949 14964 I Unity   :
06-20 21:56:52.944 14949 14964 I Unity   : (Filename: ./artifacts/generated/common/runtime/DebugBindings.gen.cpp Line: 51)
06-20 21:56:52.944 14949 14964 I Unity   :
06-20 21:56:52.944 14949 14964 E Unity   : NetworkClient Send when not connected to a server
06-20 21:56:52.944 14949 14964 E Unity   :
06-20 21:56:52.944 14949 14964 E Unity   : (Filename: ./artifacts/generated/common/runtime/DebugBindings.gen.cpp Line: 51)
06-20 21:56:52.944 14949 14964 E Unity   :
06-20 21:56:52.961 14949 14964 I Unity   : ACCELERATION_XYZ: -0.04823017 0.434043 0.07526481 EULER_ANGLES_XYZ 11.20524 358.8323 2.27332 False 0.3326799 False 1.059999 15 0
06-20 21:56:52.961 14949 14964 I Unity   :
06-20 21:56:52.961 14949 14964 I Unity   : (Filename: ./artifacts/generated/common/runtime/DebugBindings.gen.cpp Line: 51)
06-20 21:56:52.961 14949 14964 I Unity   :
06-20 21:56:52.962 14949 14964 E Unity   : NetworkClient Send when not connected to a server
06-20 21:56:52.962 14949 14964 E Unity   :
06-20 21:56:52.962 14949 14964 E Unity   : (Filename: ./artifacts/generated/common/runtime/DebugBindings.gen.cpp Line: 51)
06-20 21:56:52.962 14949 14964 E Unity   :
06-20 21:56:52.977 14949 14964 I Unity   : ACCELERATION_XYZ: -0.01579991 0.3266297 0.03419529 EULER_ANGLES_XYZ 11.20027 358.8214 2.279531 False 0.3326799 False 1.059999 15 0
06-20 21:56:52.977 14949 14964 I Unity   :
06-20 21:56:52.977 14949 14964 I Unity   : (Filename: ./artifacts/generated/common/runtime/DebugBindings.gen.cpp Line: 51)
06-20 21:56:52.977 14949 14964 I Unity   :
