06-20 22:24:41.852 16630 16645 I Unity   :
06-20 22:24:41.852 16630 16645 I Unity   : (Filename: ./artifacts/generated/common/runtime/DebugBindings.gen.cpp Line: 51)
06-20 22:24:41.852 16630 16645 I Unity   :
06-20 22:24:41.852 16630 16645 E Unity   : NetworkClient Send when not connected to a server
06-20 22:24:41.852 16630 16645 E Unity   :
06-20 22:24:41.852 16630 16645 E Unity   : (Filename: ./artifacts/generated/common/runtime/DebugBindings.gen.cpp Line: 51)
06-20 22:24:41.852 16630 16645 E Unity   :
06-20 22:24:41.867 16630 16645 I Unity   : ACCELERATION_XYZ: -0.1717788 -0.08702183 -0.08707493 EULER_ANGLES_XYZ 356.7394 10.40563 1.651664 False 0.9724129 False 0.6200027 28 2.296557E-05
06-20 22:24:41.867 16630 16645 I Unity   :
06-20 22:24:41.867 16630 16645 I Unity   : (Filename: ./artifacts/generated/common/runtime/DebugBindings.gen.cpp Line: 51)
06-20 22:24:41.867 16630 16645 I Unity   :
06-20 22:24:41.867 16630 16645 E Unity   : NetworkClient Send when not connected to a server
06-20 22:24:41.867 16630 16645 E Unity   :
06-20 22:24:41.867 16630 16645 E Unity   : (Filename: ./artifacts/generated/common/runtime/DebugBindings.gen.cpp Line: 51)
06-20 22:24:41.867 16630 16645 E Unity   :
06-20 22:24:41.884 16630 16645 I Unity   : ACCELERATION_XYZ: -0.1203092 -0.197752 -0.04341415 EULER_ANGLES_XYZ 356.7323 10.43075 1.681779 False 0.9724129 False 0.6200027 28 1.03191E-05
06-20 22:24:41.884 16630 16645 I Unity   :
06-20 22:24:41.884 16630 16645 I Unity   : (Filename: ./artifacts/generated/common/runtime/DebugBindings.gen.cpp Line: 51)
06-20 22:24:41.884 16630 16645 I Unity   :
06-20 22:24:41.884 16630 16645 E Unity   : NetworkClient Send when not connected to a server
06-20 22:24:41.884 16630 16645 E Unity   :
06-20 22:24:41.884 16630 16645 E Unity   : (Filename: ./artifacts/generated/common/runtime/DebugBindings.gen.cpp Line: 51)
06-20 22:24:41.884 16630 16645 E Unity   :
06-20 22:24:41.901 16630 16645 I Unity   : ACCELERATION_XYZ: -0.07163748 0.08804225 0.04061832 EULER_ANGLES_XYZ 356.7322 10.43674 1.727213 False 0.9724129 False 0.6200027 28 4.195507E-06
06-20 22:24:41.901 16630 16645 I Unity   :
06-20 22:24:41.901 16630 16645 I Unity   : (Filename: ./artifacts/generated/common/runtime/DebugBindings.gen.cpp Line: 51)
06-20 22:24:41.901 16630 16645 I Unity   :
06-20 22:24:41.901 16630 16645 E Unity   : NetworkClient Send when not connected to a server
06-20 22:24:41.901 16630 16645 E Unity   :
06-20 22:24:41.901 16630 16645 E Unity   : (Filename: ./artifacts/generated/common/runtime/DebugBindings.gen.cpp Line: 51)
06-20 22:24:41.901 16630 16645 E Unity   :
06-20 22:24:41.919 16630 16645 I Unity   : ACCELERATION_XYZ: -0.08775422 0.2022886 0.0150676 EULER_ANGLES_XYZ 356.7271 10.44437 1.78851 False 0.9724129 False 0.6200027 28 1.543464E-06
06-20 22:24:41.919 16630 16645 I Unity   :
06-20 22:24:41.919 16630 16645 I Unity   : (Filename: ./artifacts/generated/common/runtime/DebugBindings.gen.cpp Line: 51)
06-20 22:24:41.919 16630 16645 I Unity   :
06-20 22:24:41.919 16630 16645 E Unity   : NetworkClient Send when not connected to a server
06-20 22:24:41.919 16630 16645 E Unity   :
06-20 22:24:41.919 16630 16645 E Unity   : (Filename: ./artifacts/generated/common/runtime/DebugBindings.gen.cpp Line: 51)
06-20 22:24:41.919 16630 16645 E Unity   :
06-20 22:24:41.951 16630 16645 I Unity   : ACCELERATION_XYZ: 0.01872577 0.1988049 0.001611482 EULER_ANGLES_XYZ 356.7605 10.41894 1.835889 False 0.9724129 False 0.6200027 28 5.137813E-07
06-20 22:24:41.951 16630 16645 I Unity   :
06-20 22:24:41.951 16630 16645 I Unity   : (Filename: ./artifacts/generated/common/runtime/DebugBindings.gen.cpp Line: 51)
06-20 22:24:41.951 16630 16645 I Unity   :
06-20 22:24:41.952 16630 16645 E Unity   : NetworkClient Send when not connected to a server
06-20 22:24:41.952 16630 16645 E Unity   :
06-20 22:24:41.952 16630 16645 E Unity   : (Filename: ./artifacts/generated/common/runtime/DebugBindings.gen.cpp Line: 51)
06-20 22:24:41.952 16630 16645 E Unity   :
06-20 22:24:41.967 16630 16645 I Unity   : ACCELERATION_XYZ: 0.09636152 0.1928568 -0.02112851 EULER_ANGLES_XYZ 356.7897 10.39581 1.838147 False 0.9724129 False 0.6200027 28 1.547496E-07
06-20 22:24:41.967 16630 16645 I Unity   :
06-20 22:24:41.967 16630 16645 I Unity   : (Filename: ./artifacts/generated/common/runtime/DebugBindings.gen.cpp Line: 51)
06-20 22:24:41.967 16630 16645 I Unity   :
06-20 22:24:41.967 16630 16645 E Unity   : NetworkClient Send when not connected to a server
06-20 22:24:41.967 16630 16645 E Unity   :
06-20 22:24:41.967 16630 16645 E Unity   : (Filename: ./artifacts/generated/common/runtime/DebugBindings.gen.cpp Line: 51)
06-20 22:24:41.967 16630 16645 E Unity   :
06-20 22:24:41.984 16630 16645 I Unity   : ACCELERATION_XYZ: 0.0757336 0.4145546 0.01463855 EULER_ANGLES_XYZ 356.8011 10.37804 1.805212 False 0.9724129 False 0.6200027 28 4.217454E-08
06-20 22:24:41.984 16630 16645 I Unity   :
06-20 22:24:41.984 16630 16645 I Unity   : (Filename: ./artifacts/generated/common/runtime/DebugBindings.gen.cpp Line: 51)
06-20 22:24:41.984 16630 16645 I Unity   :
06-20 22:24:41.984 16630 16645 E Unity   : NetworkClient Send when not connected to a server
06-20 22:24:41.984 16630 16645 E Unity   :
06-20 22:24:41.984 16630 16645 E Unity   : (Filename: ./artifacts/generated/common/runtime/DebugBindings.gen.cpp Line: 51)
06-20 22:24:41.984 16630 16645 E Unity   :
06-20 22:24:42.002 16630 16645 I Unity   : ACCELERATION_XYZ: 0.1040554 0.3913841 -0.1217809 EULER_ANGLES_XYZ 356.7984 10.36616 1.759673 False 0.9724129 False 0.6200027 28 1.040018E-08
06-20 22:24:42.002 16630 16645 I Unity   :
06-20 22:24:42.002 16630 16645 I Unity   : (Filename: ./artifacts/generated/common/runtime/DebugBindings.gen.cpp Line: 51)
06-20 22:24:42.002 16630 16645 I Unity   :
06-20 22:24:42.002 16630 16645 E Unity   : NetworkClient Send when not connected to a server
06-20 22:24:42.002 16630 16645 E Unity   :
06-20 22:24:42.002 16630 16645 E Unity   : (Filename: ./artifacts/generated/common/runtime/DebugBindings.gen.cpp Line: 51)
06-20 22:24:42.002 16630 16645 E Unity   :
06-20 22:24:42.035 16630 16645 I Unity   : ACCELERATION_XYZ: 0.02706341 0.135849 -0.1217703 EULER_ANGLES_XYZ 356.7983 10.3685 1.681141 False 0.9724129 False 0.6200027 28 2.320602E-09
06-20 22:24:42.035 16630 16645 I Unity   :
06-20 22:24:42.035 16630 16645 I Unity   : (Filename: ./artifacts/generated/common/runtime/DebugBindings.gen.cpp Line: 51)
06-20 22:24:42.035 16630 16645 I Unity   :
06-20 22:24:42.035 16630 16645 E Unity   : NetworkClient Send when not connected to a server
06-20 22:24:42.035 16630 16645 E Unity   :
06-20 22:24:42.035 16630 16645 E Unity   : (Filename: ./artifacts/generated/common/runtime/DebugBindings.gen.cpp Line: 51)
06-20 22:24:42.035 16630 16645 E Unity   :
06-20 22:24:42.051 16630 16645 I Unity   : ACCELERATION_XYZ: 0.01601721 0.06507301 -0.1830401 EULER_ANGLES_XYZ 356.826 10.38234 1.648065 False 0.9724129 False 0.6200027 28 4.685222E-10
06-20 22:24:42.051 16630 16645 I Unity   :
06-20 22:24:42.051 16630 16645 I Unity   : (Filename: ./artifacts/generated/common/runtime/DebugBindings.gen.cpp Line: 51)
06-20 22:24:42.051 16630 16645 I Unity   :
06-20 22:24:42.051 16630 16645 E Unity   : NetworkClient Send when not connected to a server
06-20 22:24:42.051 16630 16645 E Unity   :
06-20 22:24:42.051 16630 16645 E Unity   : (Filename: ./artifacts/generated/common/runtime/DebugBindings.gen.cpp Line: 51)
06-20 22:24:42.051 16630 16645 E Unity   :
06-20 22:24:42.067 16630 16645 I Unity   : ACCELERATION_XYZ: -0.07188748 0.1943512 -0.1973515 EULER_ANGLES_XYZ 356.8541 10.39333 1.630668 False 0.9724129 False 0.6200027 28 8.559122E-11
06-20 22:24:42.067 16630 16645 I Unity   :
06-20 22:24:42.067 16630 16645 I Unity   : (Filename: ./artifacts/generated/common/runtime/DebugBindings.gen.cpp Line: 51)
06-20 22:24:42.067 16630 16645 I Unity   :
06-20 22:24:42.068 16630 16645 E Unity   : NetworkClient Send when not connected to a server
06-20 22:24:42.068 16630 16645 E Unity   :
06-20 22:24:42.068 16630 16645 E Unity   : (Filename: ./artifacts/generated/common/runtime/DebugBindings.gen.cpp Line: 51)
06-20 22:24:42.068 16630 16645 E Unity   :
06-20 22:24:42.084 16630 16645 I Unity   : ACCELERATION_XYZ: -0.05724371 0.3712187 -0.1168671 EULER_ANGLES_XYZ 356.8702 10.3983 1.613093 False 0.9724129 False 0.6200027 28 1.414836E-11
06-20 22:24:42.084 16630 16645 I Unity   :
06-20 22:24:42.084 16630 16645 I Unity   : (Filename: ./artifacts/generated/common/runtime/DebugBindings.gen.cpp Line: 51)
06-20 22:24:42.084 16630 16645 I Unity   :
06-20 22:24:42.084 16630 16645 E Unity   : NetworkClient Send when not connected to a server
06-20 22:24:42.084 16630 16645 E Unity   :
06-20 22:24:42.084 16630 16645 E Unity   : (Filename: ./artifacts/generated/common/runtime/DebugBindings.gen.cpp Line: 51)
06-20 22:24:42.084 16630 16645 E Unity   :
06-20 22:24:42.101 16630 16645 I Unity   : ACCELERATION_XYZ: -0.1403386 0.4421577 -0.1568911 EULER_ANGLES_XYZ 356.8729 10.39857 1.59864 False 0.9724129 False 0.6200027 28 2.11618E-12
06-20 22:24:42.101 16630 16645 I Unity   :
06-20 22:24:42.101 16630 16645 I Unity   : (Filename: ./artifacts/generated/common/runtime/DebugBindings.gen.cpp Line: 51)
06-20 22:24:42.101 16630 16645 I Unity   :
06-20 22:24:42.101 16630 16645 E Unity   : NetworkClient Send when not connected to a server
06-20 22:24:42.101 16630 16645 E Unity   :
06-20 22:24:42.101 16630 16645 E Unity   : (Filename: ./artifacts/generated/common/runtime/DebugBindings.gen.cpp Line: 51)
06-20 22:24:42.101 16630 16645 E Unity   :
06-20 22:24:42.118 16630 16645 I Unity   : ACCELERATION_XYZ: -0.1144968 0.4945059 -0.07638162 EULER_ANGLES_XYZ 356.8688 10.39294 1.588611 False 0.9724129 False 0.6200027 28 2.863971E-13
06-20 22:24:42.118 16630 16645 I Unity   :
06-20 22:24:42.118 16630 16645 I Unity   : (Filename: ./artifacts/generated/common/runtime/DebugBindings.gen.cpp Line: 51)
06-20 22:24:42.118 16630 16645 I Unity   :
06-20 22:24:42.118 16630 16645 E Unity   : NetworkClient Send when not connected to a server
06-20 22:24:42.118 16630 16645 E Unity   :
06-20 22:24:42.118 16630 16645 E Unity   : (Filename: ./artifacts/generated/common/runtime/DebugBindings.gen.cpp Line: 51)
06-20 22:24:42.118 16630 16645 E Unity   :
06-20 22:24:42.152 16630 16645 I Unity   : ACCELERATION_XYZ: -0.07874569 0.5262804 -0.04972444 EULER_ANGLES_XYZ 356.809 10.36281 1.599976 False 0.9724129 False 0.6200027 28 3.507148E-14
06-20 22:24:42.152 16630 16645 I Unity   :
06-20 22:24:42.152 16630 16645 I Unity   : (Filename: ./artifacts/generated/common/runtime/DebugBindings.gen.cpp Line: 51)
06-20 22:24:42.152 16630 16645 I Unity   :
06-20 22:24:42.152 16630 16645 E Unity   : NetworkClient Send when not connected to a server
06-20 22:24:42.152 16630 16645 E Unity   :
06-20 22:24:42.152 16630 16645 E Unity   : (Filename: ./artifacts/generated/common/runtime/DebugBindings.gen.cpp Line: 51)
06-20 22:24:42.152 16630 16645 E Unity   :
06-20 22:24:42.168 16630 16645 I Unity   : ACCELERATION_XYZ: -0.08955166 0.497014 -0.05198976 EULER_ANGLES_XYZ 356.7614 10.33264 1.631998 False 0.9724129 False 0.6200027 28 3.886058E-15
06-20 22:24:42.168 16630 16645 I Unity   :
06-20 22:24:42.168 16630 16645 I Unity   : (Filename: ./artifacts/generated/common/runtime/DebugBindings.gen.cpp Line: 51)
06-20 22:24:42.168 16630 16645 I Unity   :
06-20 22:24:42.168 16630 16645 E Unity   : NetworkClient Send when not connected to a server
06-20 22:24:42.168 16630 16645 E Unity   :
06-20 22:24:42.168 16630 16645 E Unity   : (Filename: ./artifacts/generated/common/runtime/DebugBindings.gen.cpp Line: 51)
06-20 22:24:42.168 16630 16645 E Unity   :
06-20 22:24:42.185 16630 16645 I Unity   : ACCELERATION_XYZ: -0.1124872 0.3219414 -0.07408945 EULER_ANGLES_XYZ 356.7255 10.2956 1.6705 False 0.9724129 False 0.6200027 28 3.896135E-16
06-20 22:24:42.185 16630 16645 I Unity   :
06-20 22:24:42.185 16630 16645 I Unity   : (Filename: ./artifacts/generated/common/runtime/DebugBindings.gen.cpp Line: 51)
06-20 22:24:42.185 16630 16645 I Unity   :
06-20 22:24:42.185 16630 16645 E Unity   : NetworkClient Send when not connected to a server
06-20 22:24:42.185 16630 16645 E Unity   :
06-20 22:24:42.185 16630 16645 E Unity   : (Filename: ./artifacts/generated/common/runtime/DebugBindings.gen.cpp Line: 51)
06-20 22:24:42.185 16630 16645 E Unity   :
06-20 22:24:42.201 16630 16645 I Unity   : ACCELERATION_XYZ: -0.09908246 0.356472 0.03987182 EULER_ANGLES_XYZ 356.6777 10.22344 1.72827 False 0.9724129 False 0.6200027 28 3.534502E-17
06-20 22:24:42.201 16630 16645 I Unity   :
06-20 22:24:42.201 16630 16645 I Unity   : (Filename: ./artifacts/generated/common/runtime/DebugBindings.gen.cpp Line: 51)
06-20 22:24:42.201 16630 16645 I Unity   :
06-20 22:24:42.201 16630 16645 E Unity   : NetworkClient Send when not connected to a server
06-20 22:24:42.201 16630 16645 E Unity   :
06-20 22:24:42.201 16630 16645 E Unity   : (Filename: ./artifacts/generated/common/runtime/DebugBindings.gen.cpp Line: 51)
06-20 22:24:42.201 16630 16645 E Unity   :
06-20 22:24:42.218 16630 16645 I Unity   : ACCELERATION_XYZ: -0.08213664 0.3298407 0.06026396 EULER_ANGLES_XYZ 356.6279 10.15855 1.760015 False 0.9724129 False 0.6200027 28 2.901296E-18
06-20 22:24:42.218 16630 16645 I Unity   :
06-20 22:24:42.218 16630 16645 I Unity   : (Filename: ./artifacts/generated/common/runtime/DebugBindings.gen.cpp Line: 51)
06-20 22:24:42.218 16630 16645 I Unity   :
06-20 22:24:42.218 16630 16645 E Unity   : NetworkClient Send when not connected to a server
06-20 22:24:42.218 16630 16645 E Unity   :
06-20 22:24:42.218 16630 16645 E Unity   : (Filename: ./artifacts/generated/common/runtime/DebugBindings.gen.cpp Line: 51)
06-20 22:24:42.218 16630 16645 E Unity   :
06-20 22:24:42.251 16630 16645 I Unity   : ACCELERATION_XYZ: -0.06812195 0.2188063 0.125038 EULER_ANGLES_XYZ 356.5061 9.970872 1.779027 False 0.9724129 False 0.6200027 28 2.154932E-19
06-20 22:24:42.251 16630 16645 I Unity   :
06-20 22:24:42.251 16630 16645 I Unity   : (Filename: ./artifacts/generated/common/runtime/DebugBindings.gen.cpp Line: 51)
06-20 22:24:42.251 16630 16645 I Unity   :
06-20 22:24:42.252 16630 16645 E Unity   : NetworkClient Send when not connected to a server
06-20 22:24:42.252 16630 16645 E Unity   :
06-20 22:24:42.252 16630 16645 E Unity   : (Filename: ./artifacts/generated/common/runtime/DebugBindings.gen.cpp Line: 51)
06-20 22:24:42.252 16630 16645 E Unity   :
06-20 22:24:42.269 16630 16645 I Unity   : ACCELERATION_XYZ: -0.05731476 0.0489912 0.1789327 EULER_ANGLES_XYZ 356.4703 9.861505 1.778854 False 0.9724129 False 0.6200027 28 1.448254E-20
06-20 22:24:42.269 16630 16645 I Unity   :
06-20 22:24:42.269 16630 16645 I Unity   : (Filename: ./artifacts/generated/common/runtime/DebugBindings.gen.cpp Line: 51)
06-20 22:24:42.269 16630 16645 I Unity   :
06-20 22:24:42.269 16630 16645 E Unity   : NetworkClient Send when not connected to a server
06-20 22:24:42.269 16630 16645 E Unity   :
06-20 22:24:42.269 16630 16645 E Unity   : (Filename: ./artifacts/generated/common/runtime/DebugBindings.gen.cpp Line: 51)
06-20 22:24:42.269 16630 16645 E Unity   :
06-20 22:24:42.285 16630 16645 I Unity   : ACCELERATION_XYZ: -0.01610792 -0.05620575 0.1293149 EULER_ANGLES_XYZ 356.4684 9.741963 1.785386 False 0.9724129 False 0.6200027 28 8.806951E-22
06-20 22:24:42.285 16630 16645 I Unity   :
06-20 22:24:42.285 16630 16645 I Unity   : (Filename: ./artifacts/generated/common/runtime/DebugBindings.gen.cpp Line: 51)
06-20 22:24:42.285 16630 16645 I Unity   :
06-20 22:24:42.285 16630 16645 E Unity   : NetworkClient Send when not connected to a server
06-20 22:24:42.285 16630 16645 E Unity   :
06-20 22:24:42.285 16630 16645 E Unity   : (Filename: ./artifacts/generated/common/runtime/DebugBindings.gen.cpp Line: 51)
06-20 22:24:42.285 16630 16645 E Unity   :
06-20 22:24:42.301 16630 16645 I Unity   : ACCELERATION_XYZ: 0.05556697 -0.1404552 0.08590895 EULER_ANGLES_XYZ 356.5136 9.662566 1.759174 False 0.9724129 False 0.6200027 28 4.845916E-23
06-20 22:24:42.301 16630 16645 I Unity   :
06-20 22:24:42.301 16630 16645 I Unity   : (Filename: ./artifacts/generated/common/runtime/DebugBindings.gen.cpp Line: 51)
06-20 22:24:42.301 16630 16645 I Unity   :
06-20 22:24:42.302 16630 16645 E Unity   : NetworkClient Send when not connected to a server
06-20 22:24:42.302 16630 16645 E Unity   :
06-20 22:24:42.302 16630 16645 E Unity   : (Filename: ./artifacts/generated/common/runtime/DebugBindings.gen.cpp Line: 51)
06-20 22:24:42.302 16630 16645 E Unity   :
06-20 22:24:42.318 16630 16645 I Unity   : ACCELERATION_XYZ: 0.08707543 -0.2184305 0.02691301 EULER_ANGLES_XYZ 356.6409 9.535152 1.72304 False 0.9724129 False 0.6200027 28 2.412658E-24
06-20 22:24:42.318 16630 16645 I Unity   :
06-20 22:24:42.318 16630 16645 I Unity   : (Filename: ./artifacts/generated/common/runtime/DebugBindings.gen.cpp Line: 51)
06-20 22:24:42.318 16630 16645 I Unity   :
06-20 22:24:42.319 16630 16645 E Unity   : NetworkClient Send when not connected to a server
06-20 22:24:42.319 16630 16645 E Unity   :
06-20 22:24:42.319 16630 16645 E Unity   : (Filename: ./artifacts/generated/common/runtime/DebugBindings.gen.cpp Line: 51)
06-20 22:24:42.319 16630 16645 E Unity   :
06-20 22:24:42.351 16630 16645 I Unity   : ACCELERATION_XYZ: 0.05740182 -0.0874052 0.01034199 EULER_ANGLES_XYZ 357.0294 9.358479 1.672351 False 0.9724129 False 0.6200027 28 1.086889E-25
06-20 22:24:42.351 16630 16645 I Unity   :
06-20 22:24:42.351 16630 16645 I Unity   : (Filename: ./artifacts/generated/common/runtime/DebugBindings.gen.cpp Line: 51)
06-20 22:24:42.351 16630 16645 I Unity   :
06-20 22:24:42.352 16630 16645 E Unity   : NetworkClient Send when not connected to a server
06-20 22:24:42.352 16630 16645 E Unity   :
06-20 22:24:42.352 16630 16645 E Unity   : (Filename: ./artifacts/generated/common/runtime/DebugBindings.gen.cpp Line: 51)
06-20 22:24:42.352 16630 16645 E Unity   :
06-20 22:24:42.368 16630 16645 I Unity   : ACCELERATION_XYZ: 0.02438682 0.1380243 -0.05840912 EULER_ANGLES_XYZ 357.2151 9.296039 1.652722 False 0.9724129 False 0.6200027 28 4.430413E-27
06-20 22:24:42.368 16630 16645 I Unity   :
06-20 22:24:42.368 16630 16645 I Unity   : (Filename: ./artifacts/generated/common/runtime/DebugBindings.gen.cpp Line: 51)
06-20 22:24:42.368 16630 16645 I Unity   :
06-20 22:24:42.369 16630 16645 E Unity   : NetworkClient Send when not connected to a server
06-20 22:24:42.369 16630 16645 E Unity   :
06-20 22:24:42.369 16630 16645 E Unity   : (Filename: ./artifacts/generated/common/runtime/DebugBindings.gen.cpp Line: 51)
06-20 22:24:42.369 16630 16645 E Unity   :
06-20 22:24:42.386 16630 16645 I Unity   : ACCELERATION_XYZ: 0.04022496 0.2521114 -0.08656304 EULER_ANGLES_XYZ 357.3779 9.28213 1.618019 False 0.9724129 False 0.6200027 28 1.634078E-28
06-20 22:24:42.386 16630 16645 I Unity   :
06-20 22:24:42.386 16630 16645 I Unity   : (Filename: ./artifacts/generated/common/runtime/DebugBindings.gen.cpp Line: 51)
06-20 22:24:42.386 16630 16645 I Unity   :
06-20 22:24:42.386 16630 16645 E Unity   : NetworkClient Send when not connected to a server
06-20 22:24:42.386 16630 16645 E Unity   :
06-20 22:24:42.386 16630 16645 E Unity   : (Filename: ./artifacts/generated/common/runtime/DebugBindings.gen.cpp Line: 51)
06-20 22:24:42.386 16630 16645 E Unity   :
06-20 22:24:42.402 16630 16645 I Unity   : ACCELERATION_XYZ: 0.08225277 0.2816286 -0.09330529 EULER_ANGLES_XYZ 357.5371 9.260378 1.593659 False 0.9724129 False 0.6200027 28 5.453548E-30
06-20 22:24:42.402 16630 16645 I Unity   :
06-20 22:24:42.402 16630 16645 I Unity   : (Filename: ./artifacts/generated/common/runtime/DebugBindings.gen.cpp Line: 51)
06-20 22:24:42.402 16630 16645 I Unity   :
06-20 22:24:42.402 16630 16645 E Unity   : NetworkClient Send when not connected to a server
06-20 22:24:42.402 16630 16645 E Unity   :
06-20 22:24:42.402 16630 16645 E Unity   : (Filename: ./artifacts/generated/common/runtime/DebugBindings.gen.cpp Line: 51)
06-20 22:24:42.402 16630 16645 E Unity   :
06-20 22:24:42.419 16630 16645 I Unity   : ACCELERATION_XYZ: 0.01034641 0.3120813 -0.2002193 EULER_ANGLES_XYZ 357.6732 9.258798 1.555674 False 0.9724129 False 0.6200027 28 1.646854E-31
06-20 22:24:42.419 16630 16645 I Unity   :
06-20 22:24:42.419 16630 16645 I Unity   : (Filename: ./artifacts/generated/common/runtime/DebugBindings.gen.cpp Line: 51)
06-20 22:24:42.419 16630 16645 I Unity   :
06-20 22:24:42.419 16630 16645 E Unity   : NetworkClient Send when not connected to a server
06-20 22:24:42.419 16630 16645 E Unity   :
06-20 22:24:42.419 16630 16645 E Unity   : (Filename: ./artifacts/generated/common/runtime/DebugBindings.gen.cpp Line: 51)
06-20 22:24:42.419 16630 16645 E Unity   :
06-20 22:24:42.452 16630 16645 I Unity   : ACCELERATION_XYZ: 0.0604607 0.3547401 -0.07829115 EULER_ANGLES_XYZ 357.9443 9.250367 1.489821 False 0.9724129 False 0.6200027 28 4.499876E-33
06-20 22:24:42.452 16630 16645 I Unity   :
06-20 22:24:42.452 16630 16645 I Unity   : (Filename: ./artifacts/generated/common/runtime/DebugBindings.gen.cpp Line: 51)
06-20 22:24:42.452 16630 16645 I Unity   :
06-20 22:24:42.452 16630 16645 E Unity   : NetworkClient Send when not connected to a server
06-20 22:24:42.452 16630 16645 E Unity   :
06-20 22:24:42.452 16630 16645 E Unity   : (Filename: ./artifacts/generated/common/runtime/DebugBindings.gen.cpp Line: 51)
06-20 22:24:42.452 16630 16645 E Unity   :
06-20 22:24:42.469 16630 16645 I Unity   : ACCELERATION_XYZ: 0.03460043 0.439187 -0.08015451 EULER_ANGLES_XYZ 358.0261 9.258848 1.469618 False 0.9724129 False 0.6200027 28 1.11254E-34
06-20 22:24:42.469 16630 16645 I Unity   :
06-20 22:24:42.469 16630 16645 I Unity   : (Filename: ./artifacts/generated/common/runtime/DebugBindings.gen.cpp Line: 51)
06-20 22:24:42.469 16630 16645 I Unity   :
06-20 22:24:42.469 16630 16645 E Unity   : NetworkClient Send when not connected to a server
06-20 22:24:42.469 16630 16645 E Unity   :
06-20 22:24:42.469 16630 16645 E Unity   : (Filename: ./artifacts/generated/common/runtime/DebugBindings.gen.cpp Line: 51)
06-20 22:24:42.469 16630 16645 E Unity   :
06-20 22:24:42.485 16630 16645 I Unity   : ACCELERATION_XYZ: -0.07401405 0.3673 -0.01182264 EULER_ANGLES_XYZ 358.083 9.242679 1.452289 False 0.9724129 False 0.6200027 28 2.488859E-36
06-20 22:24:42.485 16630 16645 I Unity   :
06-20 22:24:42.485 16630 16645 I Unity   : (Filename: ./artifacts/generated/common/runtime/DebugBindings.gen.cpp Line: 51)
06-20 22:24:42.485 16630 16645 I Unity   :
06-20 22:24:42.486 16630 16645 E Unity   : NetworkClient Send when not connected to a server
06-20 22:24:42.486 16630 16645 E Unity   :
06-20 22:24:42.486 16630 16645 E Unity   : (Filename: ./artifacts/generated/common/runtime/DebugBindings.gen.cpp Line: 51)
06-20 22:24:42.486 16630 16645 E Unity   :
06-20 22:24:42.503 16630 16645 I Unity   : ACCELERATION_XYZ: -0.08970784 0.3657932 -0.01748863 EULER_ANGLES_XYZ 358.1546 9.231194 1.427996 False 0.9724129 False 0.6200027 28 5.037956E-38
06-20 22:24:42.503 16630 16645 I Unity   :
06-20 22:24:42.503 16630 16645 I Unity   : (Filename: ./artifacts/generated/common/runtime/DebugBindings.gen.cpp Line: 51)
06-20 22:24:42.503 16630 16645 I Unity   :
06-20 22:24:42.503 16630 16645 E Unity   : NetworkClient Send when not connected to a server
06-20 22:24:42.503 16630 16645 E Unity   :
06-20 22:24:42.503 16630 16645 E Unity   : (Filename: ./artifacts/generated/common/runtime/DebugBindings.gen.cpp Line: 51)
06-20 22:24:42.503 16630 16645 E Unity   :
06-20 22:24:42.519 16630 16645 I Unity   : ACCELERATION_XYZ: -0.08385745 0.3750229 -0.01867343 EULER_ANGLES_XYZ 358.2189 9.206033 1.398844 False 0.9724129 False 0.6200027 28 9.227368E-40
06-20 22:24:42.519 16630 16645 I Unity   :
06-20 22:24:42.519 16630 16645 I Unity   : (Filename: ./artifacts/generated/common/runtime/DebugBindings.gen.cpp Line: 51)
06-20 22:24:42.519 16630 16645 I Unity   :
06-20 22:24:42.519 16630 16645 E Unity   : NetworkClient Send when not connected to a server
06-20 22:24:42.519 16630 16645 E Unity   :
06-20 22:24:42.519 16630 16645 E Unity   : (Filename: ./artifacts/generated/common/runtime/DebugBindings.gen.cpp Line: 51)
06-20 22:24:42.519 16630 16645 E Unity   :
06-20 22:24:42.552 16630 16645 I Unity   : ACCELERATION_XYZ: -0.05253771 0.3274479 -0.01539117 EULER_ANGLES_XYZ 358.3483 9.135927 1.349015 False 0.9724129 False 0.6200027 28 1.529237E-41
06-20 22:24:42.552 16630 16645 I Unity   :
06-20 22:24:42.552 16630 16645 I Unity   : (Filename: ./artifacts/generated/common/runtime/DebugBindings.gen.cpp Line: 51)
06-20 22:24:42.552 16630 16645 I Unity   :
06-20 22:24:42.552 16630 16645 E Unity   : NetworkClient Send when not connected to a server
06-20 22:24:42.552 16630 16645 E Unity   :
06-20 22:24:42.552 16630 16645 E Unity   : (Filename: ./artifacts/generated/common/runtime/DebugBindings.gen.cpp Line: 51)
06-20 22:24:42.552 16630 16645 E Unity   :
06-20 22:24:42.570 16630 16645 I Unity   : ACCELERATION_XYZ: -0.01919122 0.2407455 -0.09230482 EULER_ANGLES_XYZ 358.4219 9.089742 1.318105 False 0.9724129 False 0.6200027 28 2.298129E-43
06-20 22:24:42.570 16630 16645 I Unity   :
06-20 22:24:42.570 16630 16645 I Unity   : (Filename: ./artifacts/generated/common/runtime/DebugBindings.gen.cpp Line: 51)
06-20 22:24:42.570 16630 16645 I Unity   :
06-20 22:24:42.570 16630 16645 E Unity   : NetworkClient Send when not connected to a server
06-20 22:24:42.570 16630 16645 E Unity   :
06-20 22:24:42.570 16630 16645 E Unity   : (Filename: ./artifacts/generated/common/runtime/DebugBindings.gen.cpp Line: 51)
06-20 22:24:42.570 16630 16645 E Unity   :
06-20 22:24:42.586 16630 16645 I Unity   : ACCELERATION_XYZ: -0.04395095 0.2297277 -0.09411617 EULER_ANGLES_XYZ 358.4877 9.057943 1.300214 False 0.9724129 False 0.6200027 28 2.802597E-45
06-20 22:24:42.586 16630 16645 I Unity   :
06-20 22:24:42.586 16630 16645 I Unity   : (Filename: ./artifacts/generated/common/runtime/DebugBindings.gen.cpp Line: 51)
06-20 22:24:42.586 16630 16645 I Unity   :
06-20 22:24:42.586 16630 16645 E Unity   : NetworkClient Send when not connected to a server
06-20 22:24:42.586 16630 16645 E Unity   :
06-20 22:24:42.586 16630 16645 E Unity   : (Filename: ./artifacts/generated/common/runtime/DebugBindings.gen.cpp Line: 51)
06-20 22:24:42.586 16630 16645 E Unity   :
06-20 22:24:42.602 16630 16645 I Unity   : ACCELERATION_XYZ: -0.00517517 0.2989693 -0.051537 EULER_ANGLES_XYZ 358.5713 9.014285 1.25137 False 0.9724129 False 0.6200027 28 0
06-20 22:24:42.602 16630 16645 I Unity   :
06-20 22:24:42.602 16630 16645 I Unity   : (Filename: ./artifacts/generated/common/runtime/DebugBindings.gen.cpp Line: 51)
06-20 22:24:42.602 16630 16645 I Unity   :
06-20 22:24:42.603 16630 16645 E Unity   : NetworkClient Send when not connected to a server
06-20 22:24:42.603 16630 16645 E Unity   :
06-20 22:24:42.603 16630 16645 E Unity   : (Filename: ./artifacts/generated/common/runtime/DebugBindings.gen.cpp Line: 51)
06-20 22:24:42.603 16630 16645 E Unity   :
06-20 22:24:42.612 16630 16630 D InputHooksJava: HOME BUTTON 0
06-20 22:24:42.613 16630 16630 I InputHooks: InputHooks::nativeSetHomeButtonDown(61880.820312): 1698898178
06-20 22:24:42.613 16630 16630 I RecenterTimer: (61880.8212) StartTimer(1.00 0.50)
06-20 22:24:42.620 16630 16645 I Unity   : ACCELERATION_XYZ: -0.001569635 0.2414656 -0.008484283 EULER_ANGLES_XYZ 358.674 8.9793 1.226463 False 0.9724129 False 0.6200027 28 0
06-20 22:24:42.620 16630 16645 I Unity   :
06-20 22:24:42.620 16630 16645 I Unity   : (Filename: ./artifacts/generated/common/runtime/DebugBindings.gen.cpp Line: 51)
06-20 22:24:42.620 16630 16645 I Unity   :
06-20 22:24:42.620 16630 16645 E Unity   : NetworkClient Send when not connected to a server
06-20 22:24:42.620 16630 16645 E Unity   :
06-20 22:24:42.620 16630 16645 E Unity   : (Filename: ./artifacts/generated/common/runtime/DebugBindings.gen.cpp Line: 51)
06-20 22:24:42.620 16630 16645 E Unity   :
06-20 22:24:42.652 16630 16645 I Unity   : ACCELERATION_XYZ: -0.02750202 0.2589474 0.005047234 EULER_ANGLES_XYZ 358.8465 8.923305 1.168867 False 0.9724129 False 0.6200027 28 0
06-20 22:24:42.652 16630 16645 I Unity   :
06-20 22:24:42.652 16630 16645 I Unity   : (Filename: ./artifacts/generated/common/runtime/DebugBindings.gen.cpp Line: 51)
06-20 22:24:42.652 16630 16645 I Unity   :
06-20 22:24:42.653 16630 16645 E Unity   : NetworkClient Send when not connected to a server
06-20 22:24:42.653 16630 16645 E Unity   :
06-20 22:24:42.653 16630 16645 E Unity   : (Filename: ./artifacts/generated/common/runtime/DebugBindings.gen.cpp Line: 51)
06-20 22:24:42.653 16630 16645 E Unity   :
06-20 22:24:42.669 16630 16645 I Unity   : ACCELERATION_XYZ: -0.04671561 0.3056936 -0.02368896 EULER_ANGLES_XYZ 358.9324 8.889607 1.139296 False 0.9724129 False 0.6200027 28 0
06-20 22:24:42.669 16630 16645 I Unity   :
06-20 22:24:42.669 16630 16645 I Unity   : (Filename: ./artifacts/generated/common/runtime/DebugBindings.gen.cpp Line: 51)
06-20 22:24:42.669 16630 16645 I Unity   :
06-20 22:24:42.669 16630 16645 E Unity   : NetworkClient Send when not connected to a server
06-20 22:24:42.669 16630 16645 E Unity   :
06-20 22:24:42.669 16630 16645 E Unity   : (Filename: ./artifacts/generated/common/runtime/DebugBindings.gen.cpp Line: 51)
06-20 22:24:42.669 16630 16645 E Unity   :
06-20 22:24:42.686 16630 16645 I Unity   : ACCELERATION_XYZ: -0.04679815 0.2958899 0.002526563 EULER_ANGLES_XYZ 359.0067 8.873307 1.100381 False 0.9724129 False 0.6200027 28 0
06-20 22:24:42.686 16630 16645 I Unity   :
06-20 22:24:42.686 16630 16645 I Unity   : (Filename: ./artifacts/generated/common/runtime/DebugBindings.gen.cpp Line: 51)
06-20 22:24:42.686 16630 16645 I Unity   :
06-20 22:24:42.686 16630 16645 E Unity   : NetworkClient Send when not connected to a server
06-20 22:24:42.686 16630 16645 E Unity   :
06-20 22:24:42.686 16630 16645 E Unity   : (Filename: ./artifacts/generated/common/runtime/DebugBindings.gen.cpp Line: 51)
06-20 22:24:42.686 16630 16645 E Unity   :
06-20 22:24:42.687 16630 16959 I VrApi   : FPS=60,Prd=45ms,Tear=0,Early=60,Stale=0,VSnc=1,Lat=1,Fov=0,CPU2/GPU=2/2,1132/315MHz,OC=F,TA=E/0/0,SP=N/N/N,Mem=1017MHz,Free=1289MB,PSM=0,PLS=0,Temp=25.0C/0.0C,TW=0.00ms,App=0.00ms
06-20 22:24:42.703 16630 16645 I Unity   : ACCELERATION_XYZ: -0.1077949 0.2740593 0.008651156 EULER_ANGLES_XYZ 359.0759 8.837728 1.065364 False 0.9724129 False 0.6200027 28 0
06-20 22:24:42.703 16630 16645 I Unity   :
06-20 22:24:42.703 16630 16645 I Unity   : (Filename: ./artifacts/generated/common/runtime/DebugBindings.gen.cpp Line: 51)
06-20 22:24:42.703 16630 16645 I Unity   :
06-20 22:24:42.703 16630 16645 E Unity   : NetworkClient Send when not connected to a server
06-20 22:24:42.703 16630 16645 E Unity   :
06-20 22:24:42.703 16630 16645 E Unity   : (Filename: ./artifacts/generated/common/runtime/DebugBindings.gen.cpp Line: 51)
06-20 22:24:42.703 16630 16645 E Unity   :
06-20 22:24:42.713 16630 16960 I UtilPoller: GPU Util 0.234067 / CPU Util 0.531915 (avg 0.495218)
06-20 22:24:42.719 16630 16645 I Unity   : ACCELERATION_XYZ: -0.1015735 0.360795 0.07847288 EULER_ANGLES_XYZ 359.1493 8.788629 1.014322 False 0.9724129 False 0.6200027 28 0
06-20 22:24:42.719 16630 16645 I Unity   :
06-20 22:24:42.719 16630 16645 I Unity   : (Filename: ./artifacts/generated/common/runtime/DebugBindings.gen.cpp Line: 51)
06-20 22:24:42.719 16630 16645 I Unity   :
06-20 22:24:42.720 16630 16645 E Unity   : NetworkClient Send when not connected to a server
06-20 22:24:42.720 16630 16645 E Unity   :
06-20 22:24:42.720 16630 16645 E Unity   : (Filename: ./artifacts/generated/common/runtime/DebugBindings.gen.cpp Line: 51)
06-20 22:24:42.720 16630 16645 E Unity   :
06-20 22:24:42.755 16630 16645 I Unity   : ACCELERATION_XYZ: -0.07136479 0.2071896 0.03322312 EULER_ANGLES_XYZ 359.3521 8.660433 0.8888416 False 0.9724129 False 0.6200027 28 0
06-20 22:24:42.755 16630 16645 I Unity   :
06-20 22:24:42.755 16630 16645 I Unity   : (Filename: ./artifacts/generated/common/runtime/DebugBindings.gen.cpp Line: 51)
06-20 22:24:42.755 16630 16645 I Unity   :
06-20 22:24:42.755 16630 16645 E Unity   : NetworkClient Send when not connected to a server
06-20 22:24:42.755 16630 16645 E Unity   :
06-20 22:24:42.755 16630 16645 E Unity   : (Filename: ./artifacts/generated/common/runtime/DebugBindings.gen.cpp Line: 51)
06-20 22:24:42.755 16630 16645 E Unity   :
06-20 22:24:42.769 16630 16645 I Unity   : ACCELERATION_XYZ: -0.05907778 0.2745199 0.04808695 EULER_ANGLES_XYZ 359.4372 8.611622 0.8608264 False 0.9724129 False 0.6200027 28 0
06-20 22:24:42.769 16630 16645 I Unity   :
06-20 22:24:42.769 16630 16645 I Unity   : (Filename: ./artifacts/generated/common/runtime/DebugBindings.gen.cpp Line: 51)
06-20 22:24:42.769 16630 16645 I Unity   :
06-20 22:24:42.770 16630 16645 E Unity   : NetworkClient Send when not connected to a server
06-20 22:24:42.770 16630 16645 E Unity   :
06-20 22:24:42.770 16630 16645 E Unity   : (Filename: ./artifacts/generated/common/runtime/DebugBindings.gen.cpp Line: 51)
06-20 22:24:42.770 16630 16645 E Unity   :
06-20 22:24:42.786 16630 16645 I Unity   : ACCELERATION_XYZ: -0.1091807 0.2725792 0.05164644 EULER_ANGLES_XYZ 359.5157 8.539292 0.8230228 False 0.9724129 False 0.6200027 28 0
06-20 22:24:42.786 16630 16645 I Unity   :
06-20 22:24:42.786 16630 16645 I Unity   : (Filename: ./artifacts/generated/common/runtime/DebugBindings.gen.cpp Line: 51)
06-20 22:24:42.786 16630 16645 I Unity   :
06-20 22:24:42.786 16630 16645 E Unity   : NetworkClient Send when not connected to a server
06-20 22:24:42.786 16630 16645 E Unity   :
06-20 22:24:42.786 16630 16645 E Unity   : (Filename: ./artifacts/generated/common/runtime/DebugBindings.gen.cpp Line: 51)
06-20 22:24:42.786 16630 16645 E Unity   :
06-20 22:24:42.790 16645 16645 W UnityMain: type=1400 audit(0.0:406): avc: denied { read } for name="thread" dev="sysfs" ino=30576 scontext=u:r:untrusted_app:s0:c512,c768 tcontext=u:object_r:sysfs:s0 tclass=dir permissive=0
06-20 22:24:42.803 16630 16645 I Unity   : ACCELERATION_XYZ: -0.04113794 0.2938957 0.006222336 EULER_ANGLES_XYZ 359.5707 8.464579 0.7868462 False 0.9724129 False 0.6200027 28 0
06-20 22:24:42.803 16630 16645 I Unity   :
06-20 22:24:42.803 16630 16645 I Unity   : (Filename: ./artifacts/generated/common/runtime/DebugBindings.gen.cpp Line: 51)
06-20 22:24:42.803 16630 16645 I Unity   :
06-20 22:24:42.803 16630 16645 E Unity   : NetworkClient Send when not connected to a server
06-20 22:24:42.803 16630 16645 E Unity   :
06-20 22:24:42.803 16630 16645 E Unity   : (Filename: ./artifacts/generated/common/runtime/DebugBindings.gen.cpp Line: 51)
06-20 22:24:42.803 16630 16645 E Unity   :
06-20 22:24:42.822 16630 16645 I Unity   : ACCELERATION_XYZ: -0.0659907 0.3606167 -0.07095554 EULER_ANGLES_XYZ 359.6426 8.376626 0.7605785 False 0.9724129 False 0.6200027 28 0
06-20 22:24:42.822 16630 16645 I Unity   :
06-20 22:24:42.822 16630 16645 I Unity   : (Filename: ./artifacts/generated/common/runtime/DebugBindings.gen.cpp Line: 51)
06-20 22:24:42.822 16630 16645 I Unity   :
06-20 22:24:42.822 16630 16645 E Unity   : NetworkClient Send when not connected to a server
06-20 22:24:42.822 16630 16645 E Unity   :
06-20 22:24:42.822 16630 16645 E Unity   : (Filename: ./artifacts/generated/common/runtime/DebugBindings.gen.cpp Line: 51)
06-20 22:24:42.822 16630 16645 E Unity   :
06-20 22:24:42.831 16630 16630 D InputHooksJava: HOME BUTTON 1
06-20 22:24:42.832 16630 16630 I InputHooks: InputHooks::nativeSetHomeButtonUp(61881.039062): 1698898178
06-20 22:24:42.843 16630 16645 I SystemUtils: SystemUtils_StartSystemActivity: confirmQuit (null)
06-20 22:24:42.845 16630 16645 D SystemUtils: Package com.oculus.systemactivities exists on device
06-20 22:24:42.845 16630 16645 I SystemUtils: Package com.oculus.systemactivities : INSTALLED
06-20 22:24:42.853 16630 16645 I Unity   : ACCELERATION_XYZ: -0.05470012 0.2642975 -0.008590048 EULER_ANGLES_XYZ 359.8015 8.154437 0.712042 False 0.9724129 False 0.6200027 28 0
06-20 22:24:42.853 16630 16645 I Unity   :
06-20 22:24:42.853 16630 16645 I Unity   : (Filename: ./artifacts/generated/common/runtime/DebugBindings.gen.cpp Line: 51)
06-20 22:24:42.853 16630 16645 I Unity   :
06-20 22:24:42.853 16630 16645 E Unity   : NetworkClient Send when not connected to a server
06-20 22:24:42.853 16630 16645 E Unity   :
06-20 22:24:42.853 16630 16645 E Unity   : (Filename: ./artifacts/generated/common/runtime/DebugBindings.gen.cpp Line: 51)
06-20 22:24:42.853 16630 16645 E Unity   :
06-20 22:24:42.870 16630 16645 I Unity   : ACCELERATION_XYZ: -0.1255824 0.3774796 0.006925937 EULER_ANGLES_XYZ 359.8581 8.035434 0.6675637 False 0.9724129 False 0.6200027 28 0
06-20 22:24:42.870 16630 16645 I Unity   :
06-20 22:24:42.870 16630 16645 I Unity   : (Filename: ./artifacts/generated/common/runtime/DebugBindings.gen.cpp Line: 51)
06-20 22:24:42.870 16630 16645 I Unity   :
06-20 22:24:42.870 16630 16645 E Unity   : NetworkClient Send when not connected to a server
06-20 22:24:42.870 16630 16645 E Unity   :
06-20 22:24:42.870 16630 16645 E Unity   : (Filename: ./artifacts/generated/common/runtime/DebugBindings.gen.cpp Line: 51)
06-20 22:24:42.870 16630 16645 E Unity   :
06-20 22:24:42.877 16630 16645 I SystemUtils: Using Anytime UI for cmd: confirmQuit
06-20 22:24:42.877 16630 16645 D SystemUtils: sendBroadcastIntent - action: 'com.oculus.vrshell.intent.action.LAUNCH' data: 'systemux://dialog/exit'intent_pkg: WiP.Demo.resettingTest
06-20 22:24:42.879 16630 16645 D SystemUtils: VR Shell isn't running.
06-20 22:24:42.885 16630 16958 I ScreenCapture: TakeScreenshot forAnytimeUI=true
06-20 22:24:42.887 16630 16645 I Unity   : ACCELERATION_XYZ: -0.1038176 0.5314493 0.06316667 EULER_ANGLES_XYZ 359.8626 7.891607 0.5976584 False 0.9724129 False 0.6200027 28 0
06-20 22:24:42.887 16630 16645 I Unity   :
06-20 22:24:42.887 16630 16645 I Unity   : (Filename: ./artifacts/generated/common/runtime/DebugBindings.gen.cpp Line: 51)
06-20 22:24:42.887 16630 16645 I Unity   :
06-20 22:24:42.887 16630 16645 E Unity   : NetworkClient Send when not connected to a server
06-20 22:24:42.887 16630 16645 E Unity   :
06-20 22:24:42.887 16630 16645 E Unity   : (Filename: ./artifacts/generated/common/runtime/DebugBindings.gen.cpp Line: 51)
06-20 22:24:42.887 16630 16645 E Unity   :
06-20 22:24:42.887 16630 16958 I DistortionMesh: LoadDistortionMeshFromMemory
06-20 22:24:42.888  1836  1836 D [OAR] ShellControlBroadcastReceiver: onReceive with appPtr 3724773888 and action com.oculus.vrshell.intent.action.LAUNCH
06-20 22:24:42.891 16630 16958 I TimeWarpProgs: [0xc7bb5c3c] Built layerProgram 0x408007 (texture type 0) in 1.9 ms
06-20 22:24:42.891 16630 16958 I ScreenCapture: PublishScreenshot forAnytimeUI=true
06-20 22:24:42.892  1254 14838 I ActivityManager: START u0 {act=com.oculus.vrshell.intent.action.LAUNCH flg=0x10000000 cmp=com.oculus.vrshell/.MainActivity (has extras)} from uid 10021 on display 0
06-20 22:24:42.899  1254 14838 D ActivityTrigger: ActivityTrigger activityPauseTrigger
06-20 22:24:42.915 16630 16958 V Screenshot: SendScreenshotToShell
06-20 22:24:43.000 16630 16958 D SystemUtils: broadcastImageToShell intent_pkg: WiP.Demo.resettingTest jpg_size: 35491
06-20 22:24:43.003 16630 16958 I Vsync   : Vsync 3712870:  8 x 16.71 ms (59.86 Hz, at 61881.211)
06-20 22:24:43.003 16630 16958 I TimeWarp: Adjusting 3712870.69 > 3712864 to 3712871
06-20 22:24:43.004  1978  1978 D [OAR] SystemUXBroadcastReceiver: action: com.oculus.vrshell.intent.action.UPDATE_APP_SCREENSHOT
06-20 22:24:43.005  1978  1978 D [OAR] HomeDialog: screenshot update package: WiP.Demo.resettingTest size: 35491
06-20 22:24:43.025 16630 16645 I Unity   : Network layer will still work after application suspends
06-20 22:24:43.025 16630 16645 I Unity   :
06-20 22:24:43.025 16630 16645 I Unity   : (Filename:  Line: 208)
06-20 22:24:43.025 16630 16645 I Unity   :
06-20 22:24:43.025 16630 16645 D OVRPlugin: Leaving VR mode.
06-20 22:24:43.026 16630 16645 I VrApi   : ---------- vrapi_LeaveVrMode [start] ----------
06-20 22:24:43.026 16630 16645 I TrackingServiceClient: OVR::TrackingService::ClientSetInterface
06-20 22:24:43.027 16630 16645 D TrackingServiceClient: onClientDisconnect
06-20 22:24:43.027 16630 16645 D TrackingServiceConnectionNative: onClientDisconnect
06-20 22:24:43.028  1568  1602 I TrackingService: Unregistering client by ITrackingService.unregisterClient
06-20 22:24:43.028  1568  1602 I TrackingService: TrackingServiceHost Unregistering client: pid 16630
06-20 22:24:43.031 16630 16645 D BinderConnection: Disconnecting from TrackingService service
06-20 22:24:43.031 16630 16645 D TrackingServiceConnectionNative: onDisconnected
06-20 22:24:43.031 16630 16645 D TrackingServiceClient: TrackingServiceConnection mConnectedRemotes.clear()
06-20 22:24:43.031 16630 16645 I TrackingServiceClient: OVR::TrackingService::ClientSetInterface
06-20 22:24:43.031 16630 16645 I InputDeviceManager: ovrInputDeviceManager::Shutdown
06-20 22:24:43.032 16630 16645 D InputHooksJava: Disabling Java Input Hooks
06-20 22:24:43.034 16630 16645 D BatteryReceiver: Unregistering battery receiver
06-20 22:24:43.042 16630 16645 D VrApi   : targetSDKVersion 24
06-20 22:24:43.044 16630 16645 I VrApi   : DEVICE MODEL NUMBER = Pacific
06-20 22:24:43.044 16630 16645 I VrApi   : DEVICE HARDWARE = pacific
06-20 22:24:43.044 16630 16645 I VrApi   : DEVICE BUILD NAME = user-27130.12430.180
06-20 22:24:43.045 16630 16645 I VrApi   : DEVICE BUILD TYPE = user
06-20 22:24:43.045 16630 16645 I VrApi   : DEVICE OS VERSION = 7.1.2
06-20 22:24:43.045 16630 16645 I VrApi   : VRAPI VERSION = 1.1.15.0-109915910-109915910 May 23 2018 12:05:24 Development RELEASE
06-20 22:24:43.045 16630 16645 I VrApi   : VRAPI LOADER VERSION = 1.1.13.0
06-20 22:24:43.045 16630 16645 I VrApi   : APP NAME = Resetting Test Phase Demo
06-20 22:24:43.045 16630 16645 I VrApi   : APP VERSION = 1.0 versionCode 1 internalVersionName <none>
06-20 22:24:43.045 16630 16645 I VrApi   : APP VR TYPE = vr_only
06-20 22:24:43.045 16630 16645 I VrApi   : APP PACKAGE NAME = WiP.Demo.resettingTest
06-20 22:24:43.045 16630 16645 I VrApi   : APP ACTIVITY CLASS = com.unity3d.player.UnityPlayerActivity
06-20 22:24:43.051  1879  2010 I SDKLoggingService: Unable to find AppId for package (WiP.Demo.resettingTest)
06-20 22:24:43.057 16630 16645 I VrApi   : OVR::Stats thread stopped
06-20 22:24:43.057 16630 16957 I Clocks  : ReleaseClocks - start
06-20 22:24:43.057 16630 16957 D VrApi   : releaseSystemPerformanceStatic
06-20 22:24:43.057   643   643 D VrApiService: CPU_CLUSTER_0: No client requests exists, release clocks
06-20 22:24:43.058   643   643 D VrApiService: CPU_CLUSTER_1: No client requests exists, release clocks
06-20 22:24:43.059   643   643 D VrApiService: GPU: No client requests exists, release clocks
06-20 22:24:43.060   643   643 D VrApiService: CPUBW: No client requests exists, release clocks
06-20 22:24:43.060   643   643 D VrApiService: GPUBW: No client requests exists, release clocks
06-20 22:24:43.061 16630 16957 I Clocks  : ReleaseClocks - end (3.9 ms)
06-20 22:24:43.061 16630 16645 I TimeWarp: ------------- ~TimeWarpLocal() Start -------------
06-20 22:24:43.061 16630 16645 I TimeWarp: pthread_join() called
06-20 22:24:43.069 16630 16958 I TimeWarp: ShutdownRequest received
06-20 22:24:43.069 16630 16958 I TimeWarp: WarpThreadShutdown()
06-20 22:24:43.072 16630 16958 I TimeWarp: [0xc7bb5bcc] Destroying 1 layer programs (texture type 0)
06-20 22:24:43.072 16630 16958 I TimeWarp: [0xc7bb5c3c] Destroying 3 layer programs (texture type 0)
06-20 22:24:43.072 16630 16958 I DirectRender: 0xc7bade08 DirectRender::Shutdown
06-20 22:24:43.073 16630 16958 I DirectRender: Restoring EGL_RENDER_BUFFER to 12420
06-20 22:24:43.075 16630 16958 I DirectRender: VrSurfaceManager::Shutdown
06-20 22:24:43.083 16630 16958 I TimeWarp: WarpThreadShutdown() - End
06-20 22:24:43.083 16630 16958 I TimeWarp: Exiting WarpThreadLoop()
06-20 22:24:43.084 16630 16645 I TimeWarp: pthread_join() returned
06-20 22:24:43.084 16630 16645 I TimeWarp: eglDestroySurface()
06-20 22:24:43.084 16630 16645 I TimeWarp: OVR::Clocks thread stopped
06-20 22:24:43.084 16630 16645 I Vsync   : ---------------- Vsync::Shutdown ----------------
06-20 22:24:43.084 16630 16645 I Vsync   : Measured display refresh rate = 59.85 Hz
06-20 22:24:43.084 16630 16645 I Vsync   : Closed /sys/class/graphics/fb0/vsync_event
06-20 22:24:43.084 16630 16645 I TimeWarp: ------------- ~TimeWarpLocal() End -------------
06-20 22:24:43.084 16630 16645 I VrApi   : ---------- vrapi_LeaveVrMode [end] ----------
06-20 22:24:43.084 16630 16645 D OVRPlugin: Unregistering utility receivers.
06-20 22:24:43.085 16630 16645 D UnityVolumeReceiver: Unregistering volume receiver
06-20 22:24:43.086 16630 16645 D HeadsetReceiver: Unregistering headset receiver
06-20 22:24:43.086 16630 16645 D UnityBatteryReceiver: Unregistering battery receiver
06-20 22:24:43.096   587   587 E SurfaceFlinger: Invalid crop rect: r = 2560 (> 1440)
06-20 22:24:43.112  1836  1836 D [OAR] MainActivity: onNewIntent()
06-20 22:24:43.112  1836  1836 I ShellJNI: 0xde038a00 nativeNewIntent
06-20 22:24:43.113  1836  1963 I [OAR] Shell: 0xde038a00 msg: intent
06-20 22:24:43.113  1836  1963 I [OAR] SystemUXController: System UX, targetComponent = systemux://dialog/exit, uri = , returnComponent = WiP.Demo.resettingTest
06-20 22:24:43.113  1836  1963 I [OAR] DialogController: Dialog parsed URI, scheme = systemux, host = dialog, port = 0, path = exit
06-20 22:24:43.113  1836  1963 I [OAR] DialogController: Queuing pending dialog systemux://dialog/exit
06-20 22:24:43.113  1836  1963 I [OAR] SystemUXController: Registering pending Dialog launch for 3 - overwriting existing launch? false.
06-20 22:24:43.115  1978  2233 I Adreno  : QUALCOMM build                   : 63d4008, I83a540a04a
06-20 22:24:43.115  1978  2233 I Adreno  : Build Date                       : 03/01/18
06-20 22:24:43.115  1978  2233 I Adreno  : OpenGL ES Shader Compiler Version: EV031.23.01.00
06-20 22:24:43.115  1978  2233 I Adreno  : Local Branch                     :
06-20 22:24:43.115  1978  2233 I Adreno  : Remote Branch                    : refs/tags/AU_LINUX_ANDROID_LA.UM.5.5.R1.07.01.02.269.060
06-20 22:24:43.115  1978  2233 I Adreno  : Remote Branch                    : NONE
06-20 22:24:43.115  1978  2233 I Adreno  : Reconstruct Branch               : NOTHING
06-20 22:24:43.115  1254  1264 D ActivityManager: allowing audio play for pkg:com.oculus.vrshell
06-20 22:24:43.116  1836 15569 E Parcel  : Reading a NULL string not supported here.
06-20 22:24:43.117  1836 15569 E Parcel  : Reading a NULL string not supported here.
06-20 22:24:43.117  1836 15569 E Parcel  : Reading a NULL string not supported here.
06-20 22:24:43.117  1836 15568 E Parcel  : Reading a NULL string not supported here.
06-20 22:24:43.117  1836 15569 E Parcel  : Reading a NULL string not supported here.
06-20 22:24:43.117  1836 14855 E Parcel  : Reading a NULL string not supported here.
06-20 22:24:43.117  1836 14855 E Parcel  : Reading a NULL string not supported here.
06-20 22:24:43.117  1836 16071 E Parcel  : Reading a NULL string not supported here.
06-20 22:24:43.117  1836 14855 E Parcel  : Reading a NULL string not supported here.
06-20 22:24:43.117  1836 16071 E Parcel  : Reading a NULL string not supported here.
06-20 22:24:43.117  1836 14855 E Parcel  : Reading a NULL string not supported here.
06-20 22:24:43.117  1836 16071 E Parcel  : Reading a NULL string not supported here.
06-20 22:24:43.117  1836 14855 E Parcel  : Reading a NULL string not supported here.
06-20 22:24:43.117  1836 16071 E Parcel  : Reading a NULL string not supported here.
06-20 22:24:43.117  1836 14855 E Parcel  : Reading a NULL string not supported here.
06-20 22:24:43.117  1836 16071 E Parcel  : Reading a NULL string not supported here.
06-20 22:24:43.117  1836 14855 E Parcel  : Reading a NULL string not supported here.
06-20 22:24:43.117  1836 16071 E Parcel  : Reading a NULL string not supported here.
06-20 22:24:43.117  1836 14855 E Parcel  : Reading a NULL string not supported here.
06-20 22:24:43.117  1836 16071 E Parcel  : Reading a NULL string not supported here.
06-20 22:24:43.117  1836 14855 E Parcel  : Reading a NULL string not supported here.
06-20 22:24:43.117  1836 16071 E Parcel  : Reading a NULL string not supported here.
06-20 22:24:43.117  1836 14855 E Parcel  : Reading a NULL string not supported here.
06-20 22:24:43.117  1836 16071 E Parcel  : Reading a NULL string not supported here.
06-20 22:24:43.117  1836 14855 E Parcel  : Reading a NULL string not supported here.
06-20 22:24:43.117  1836 16071 E Parcel  : Reading a NULL string not supported here.
06-20 22:24:43.117  1836 15064 E Parcel  : Reading a NULL string not supported here.
06-20 22:24:43.117  1836 16071 E Parcel  : Reading a NULL string not supported here.
06-20 22:24:43.118  1836 15064 E Parcel  : Reading a NULL string not supported here.
06-20 22:24:43.118  1836 15437 E Parcel  : Reading a NULL string not supported here.
06-20 22:24:43.118 16630 16832 E Parcel  : Reading a NULL string not supported here.
06-20 22:24:43.118 16630 16646 E Parcel  : Reading a NULL string not supported here.
06-20 22:24:43.118  1836 15064 E Parcel  : Reading a NULL string not supported here.
06-20 22:24:43.118  1836 15064 E Parcel  : Reading a NULL string not supported here.
06-20 22:24:43.118  1836 15064 E Parcel  : Reading a NULL string not supported here.
06-20 22:24:43.118  1836 15437 E Parcel  : Reading a NULL string not supported here.
06-20 22:24:43.119  1836 15437 E Parcel  : Reading a NULL string not supported here.
06-20 22:24:43.119  1836 15064 E Parcel  : Reading a NULL string not supported here.
06-20 22:24:43.119  1836 14855 E Parcel  : Reading a NULL string not supported here.
06-20 22:24:43.119  1836 15437 E Parcel  : Reading a NULL string not supported here.
06-20 22:24:43.119  1836 15567 E Parcel  : Reading a NULL string not supported here.
