06-26 00:53:48.478 17455 17470 E Unity   : (Filename: ./artifacts/generated/common/runtime/DebugBindings.gen.cpp Line: 51)
06-26 00:53:48.478 17455 17470 E Unity   :
06-26 00:53:48.510 17455 17470 I Unity   : ACCELERATION_XYZ: 0.07703719 -2.091428 0.7888548 EULER_ANGLES_XYZ 4.019732 143.839 0.9164944 0.8581244 0.6599998 9 1.716249 10.03 10.12
06-26 00:53:48.510 17455 17470 I Unity   :
06-26 00:53:48.510 17455 17470 I Unity   : (Filename: ./artifacts/generated/common/runtime/DebugBindings.gen.cpp Line: 51)
06-26 00:53:48.510 17455 17470 I Unity   :
06-26 00:53:48.511 17455 17470 E Unity   : NetworkClient Send when not connected to a server
06-26 00:53:48.511 17455 17470 E Unity   :
06-26 00:53:48.511 17455 17470 E Unity   : (Filename: ./artifacts/generated/common/runtime/DebugBindings.gen.cpp Line: 51)
06-26 00:53:48.511 17455 17470 E Unity   :
06-26 00:53:48.527 17455 17470 I Unity   : ACCELERATION_XYZ: -0.3368461 -2.821817 1.038215 EULER_ANGLES_XYZ 4.264651 144.064 0.8755884 0.8581244 0.6599998 9 1.716249 10.39 10.14
06-26 00:53:48.527 17455 17470 I Unity   :
06-26 00:53:48.527 17455 17470 I Unity   : (Filename: ./artifacts/generated/common/runtime/DebugBindings.gen.cpp Line: 51)
06-26 00:53:48.527 17455 17470 I Unity   :
06-26 00:53:48.527 17455 17470 E Unity   : NetworkClient Send when not connected to a server
06-26 00:53:48.527 17455 17470 E Unity   :
06-26 00:53:48.527 17455 17470 E Unity   : (Filename: ./artifacts/generated/common/runtime/DebugBindings.gen.cpp Line: 51)
06-26 00:53:48.527 17455 17470 E Unity   :
06-26 00:53:48.545 17455 17470 I Unity   : ACCELERATION_XYZ: 0.01954807 -2.209978 0.4417306 EULER_ANGLES_XYZ 5.608863 144.3882 0.6571999 0.8581244 0.6599998 9 1.716249 10.39 10.16
06-26 00:53:48.545 17455 17470 I Unity   :
06-26 00:53:48.545 17455 17470 I Unity   : (Filename: ./artifacts/generated/common/runtime/DebugBindings.gen.cpp Line: 51)
06-26 00:53:48.545 17455 17470 I Unity   :
06-26 00:53:48.545 17455 17470 E Unity   : NetworkClient Send when not connected to a server
06-26 00:53:48.545 17455 17470 E Unity   :
06-26 00:53:48.545 17455 17470 E Unity   : (Filename: ./artifacts/generated/common/runtime/DebugBindings.gen.cpp Line: 51)
06-26 00:53:48.545 17455 17470 E Unity   :
06-26 00:53:48.560 17455 17470 I Unity   : ACCELERATION_XYZ: 0.640165 2.883156 -0.8983294 EULER_ANGLES_XYZ 6.266339 144.7108 0.1799642 2.336247 0.3999996 10 4.672494 10.43 10.18
06-26 00:53:48.560 17455 17470 I Unity   :
06-26 00:53:48.560 17455 17470 I Unity   : (Filename: ./artifacts/generated/common/runtime/DebugBindings.gen.cpp Line: 51)
06-26 00:53:48.560 17455 17470 I Unity   :
06-26 00:53:48.561 17455 17470 E Unity   : NetworkClient Send when not connected to a server
06-26 00:53:48.561 17455 17470 E Unity   :
06-26 00:53:48.561 17455 17470 E Unity   : (Filename: ./artifacts/generated/common/runtime/DebugBindings.gen.cpp Line: 51)
06-26 00:53:48.561 17455 17470 E Unity   :
06-26 00:53:48.595 17455 17470 I Unity   : ACCELERATION_XYZ: 0.866889 3.673941 -0.5411347 EULER_ANGLES_XYZ 6.705693 145.0989 359.816 2.336247 0.3999996 10 4.672494 10.43 10.2
06-26 00:53:48.595 17455 17470 I Unity   :
06-26 00:53:48.595 17455 17470 I Unity   : (Filename: ./artifacts/generated/common/runtime/DebugBindings.gen.cpp Line: 51)
06-26 00:53:48.595 17455 17470 I Unity   :
06-26 00:53:48.595 17455 17470 E Unity   : NetworkClient Send when not connected to a server
06-26 00:53:48.595 17455 17470 E Unity   :
06-26 00:53:48.595 17455 17470 E Unity   : (Filename: ./artifacts/generated/common/runtime/DebugBindings.gen.cpp Line: 51)
06-26 00:53:48.595 17455 17470 E Unity   :
06-26 00:53:48.611 17455 17470 I Unity   : ACCELERATION_XYZ: 0.1061832 2.135045 0.2744043 EULER_ANGLES_XYZ 6.762893 145.1711 359.718 2.336247 0.3999996 10 4.672494 10.43 10.22
06-26 00:53:48.611 17455 17470 I Unity   :
06-26 00:53:48.611 17455 17470 I Unity   : (Filename: ./artifacts/generated/common/runtime/DebugBindings.gen.cpp Line: 51)
06-26 00:53:48.611 17455 17470 I Unity   :
06-26 00:53:48.611 17455 17470 E Unity   : NetworkClient Send when not connected to a server
06-26 00:53:48.611 17455 17470 E Unity   :
06-26 00:53:48.611 17455 17470 E Unity   : (Filename: ./artifacts/generated/common/runtime/DebugBindings.gen.cpp Line: 51)
06-26 00:53:48.611 17455 17470 E Unity   :
06-26 00:53:48.628 17455 17470 I Unity   : ACCELERATION_XYZ: -0.2009417 1.284711 0.3616314 EULER_ANGLES_XYZ 6.622079 145.249 359.7314 2.336247 0.3999996 10 4.672494 10.43 10.24
06-26 00:53:48.628 17455 17470 I Unity   :
06-26 00:53:48.628 17455 17470 I Unity   : (Filename: ./artifacts/generated/common/runtime/DebugBindings.gen.cpp Line: 51)
06-26 00:53:48.628 17455 17470 I Unity   :
06-26 00:53:48.628 17455 17470 E Unity   : NetworkClient Send when not connected to a server
06-26 00:53:48.628 17455 17470 E Unity   :
06-26 00:53:48.628 17455 17470 E Unity   : (Filename: ./artifacts/generated/common/runtime/DebugBindings.gen.cpp Line: 51)
06-26 00:53:48.628 17455 17470 E Unity   :
06-26 00:53:48.647 17455 17470 I Unity   : ACCELERATION_XYZ: -0.48868 0.5498705 0.4942722 EULER_ANGLES_XYZ 6.470696 145.3031 359.835 2.336247 0.3999996 10 4.672494 10.43 10.26
06-26 00:53:48.647 17455 17470 I Unity   :
06-26 00:53:48.647 17455 17470 I Unity   : (Filename: ./artifacts/generated/common/runtime/DebugBindings.gen.cpp Line: 51)
06-26 00:53:48.647 17455 17470 I Unity   :
06-26 00:53:48.647 17455 17470 E Unity   : NetworkClient Send when not connected to a server
06-26 00:53:48.647 17455 17470 E Unity   :
06-26 00:53:48.647 17455 17470 E Unity   : (Filename: ./artifacts/generated/common/runtime/DebugBindings.gen.cpp Line: 51)
06-26 00:53:48.647 17455 17470 E Unity   :
06-26 00:53:48.661 17455 17470 I Unity   : ACCELERATION_XYZ: -0.2236678 0.1680851 0.2664347 EULER_ANGLES_XYZ 6.361862 145.3969 0.0553235 2.336247 0.3999996 10 4.579975 10.43 10.28
06-26 00:53:48.661 17455 17470 I Unity   :
06-26 00:53:48.661 17455 17470 I Unity   : (Filename: ./artifacts/generated/common/runtime/DebugBindings.gen.cpp Line: 51)
06-26 00:53:48.661 17455 17470 I Unity   :
06-26 00:53:48.661 17455 17470 E Unity   : NetworkClient Send when not connected to a server
06-26 00:53:48.661 17455 17470 E Unity   :
06-26 00:53:48.661 17455 17470 E Unity   : (Filename: ./artifacts/generated/common/runtime/DebugBindings.gen.cpp Line: 51)
06-26 00:53:48.661 17455 17470 E Unity   :
06-26 00:53:48.694 17455 17470 I Unity   : ACCELERATION_XYZ: 0.001384953 -0.04463863 -0.03481785 EULER_ANGLES_XYZ 6.162485 145.3469 0.5492612 2.336247 0.3999996 10 4.400392 10.43 10.3
06-26 00:53:48.694 17455 17470 I Unity   :
06-26 00:53:48.694 17455 17470 I Unity   : (Filename: ./artifacts/generated/common/runtime/DebugBindings.gen.cpp Line: 51)
06-26 00:53:48.694 17455 17470 I Unity   :
06-26 00:53:48.695 17455 17470 E Unity   : NetworkClient Send when not connected to a server
06-26 00:53:48.695 17455 17470 E Unity   :
06-26 00:53:48.695 17455 17470 E Unity   : (Filename: ./artifacts/generated/common/runtime/DebugBindings.gen.cpp Line: 51)
06-26 00:53:48.695 17455 17470 E Unity   :
06-26 00:53:48.711 17455 17470 I Unity   : ACCELERATION_XYZ: -0.1312183 -0.2423716 -0.08605811 EULER_ANGLES_XYZ 6.075542 145.238 0.750043 2.336247 0.3999996 10 4.144135 10.43 10.32
06-26 00:53:48.711 17455 17470 I Unity   :
06-26 00:53:48.711 17455 17470 I Unity   : (Filename: ./artifacts/generated/common/runtime/DebugBindings.gen.cpp Line: 51)
06-26 00:53:48.711 17455 17470 I Unity   :
06-26 00:53:48.712 17455 17470 E Unity   : NetworkClient Send when not connected to a server
06-26 00:53:48.712 17455 17470 E Unity   :
06-26 00:53:48.712 17455 17470 E Unity   : (Filename: ./artifacts/generated/common/runtime/DebugBindings.gen.cpp Line: 51)
06-26 00:53:48.712 17455 17470 E Unity   :
06-26 00:53:48.728 17455 17470 I Unity   : ACCELERATION_XYZ: -0.3553856 -0.4506149 -0.1422612 EULER_ANGLES_XYZ 5.942787 145.1392 0.8250189 2.336247 0.3999996 10 3.825519 10.43 10.34
06-26 00:53:48.728 17455 17470 I Unity   :
06-26 00:53:48.728 17455 17470 I Unity   : (Filename: ./artifacts/generated/common/runtime/DebugBindings.gen.cpp Line: 51)
06-26 00:53:48.728 17455 17470 I Unity   :
06-26 00:53:48.729 17455 17470 E Unity   : NetworkClient Send when not connected to a server
06-26 00:53:48.729 17455 17470 E Unity   :
06-26 00:53:48.729 17455 17470 E Unity   : (Filename: ./artifacts/generated/common/runtime/DebugBindings.gen.cpp Line: 51)
06-26 00:53:48.729 17455 17470 E Unity   :
06-26 00:53:48.744 17455 17470 I Unity   : ACCELERATION_XYZ: -0.7335557 -0.6718788 -0.05817448 EULER_ANGLES_XYZ 5.801231 145.0668 0.7723633 2.336247 0.3999996 10 3.461475 10.43 10.36
06-26 00:53:48.744 17455 17470 I Unity   :
06-26 00:53:48.744 17455 17470 I Unity   : (Filename: ./artifacts/generated/common/runtime/DebugBindings.gen.cpp Line: 51)
06-26 00:53:48.744 17455 17470 I Unity   :
06-26 00:53:48.744 17455 17470 E Unity   : NetworkClient Send when not connected to a server
06-26 00:53:48.744 17455 17470 E Unity   :
06-26 00:53:48.744 17455 17470 E Unity   : (Filename: ./artifacts/generated/common/runtime/DebugBindings.gen.cpp Line: 51)
06-26 00:53:48.744 17455 17470 E Unity   :
06-26 00:53:48.761 17455 17470 I Unity   : ACCELERATION_XYZ: -0.9201002 -0.8170662 -0.006008685 EULER_ANGLES_XYZ 5.81179 145.0851 0.6210402 2.336247 0.3999996 10 4.672494 10.43 10.38
06-26 00:53:48.761 17455 17470 I Unity   :
06-26 00:53:48.761 17455 17470 I Unity   : (Filename: ./artifacts/generated/common/runtime/DebugBindings.gen.cpp Line: 51)
06-26 00:53:48.761 17455 17470 I Unity   :
06-26 00:53:48.761 17455 17470 E Unity   : NetworkClient Send when not connected to a server
06-26 00:53:48.761 17455 17470 E Unity   :
06-26 00:53:48.761 17455 17470 E Unity   : (Filename: ./artifacts/generated/common/runtime/DebugBindings.gen.cpp Line: 51)
06-26 00:53:48.761 17455 17470 E Unity   :
06-26 00:53:48.779 17455 17470 I Unity   : ACCELERATION_XYZ: -0.8321116 -0.3555384 -0.1597323 EULER_ANGLES_XYZ 5.852118 145.1185 0.3299927 2.336247 0.3999996 10 4.672494 10.43 10.4
06-26 00:53:48.779 17455 17470 I Unity   :
06-26 00:53:48.779 17455 17470 I Unity   : (Filename: ./artifacts/generated/common/runtime/DebugBindings.gen.cpp Line: 51)
06-26 00:53:48.779 17455 17470 I Unity   :
06-26 00:53:48.779 17455 17470 E Unity   : NetworkClient Send when not connected to a server
06-26 00:53:48.779 17455 17470 E Unity   :
06-26 00:53:48.779 17455 17470 E Unity   : (Filename: ./artifacts/generated/common/runtime/DebugBindings.gen.cpp Line: 51)
06-26 00:53:48.779 17455 17470 E Unity   :
06-26 00:53:48.811 17455 17470 I Unity   : ACCELERATION_XYZ: -0.3586591 1.258765 -0.4781597 EULER_ANGLES_XYZ 6.043543 145.3264 359.82 2.336247 0.3999996 10 4.672494 10.43 10.42
06-26 00:53:48.811 17455 17470 I Unity   :
06-26 00:53:48.811 17455 17470 I Unity   : (Filename: ./artifacts/generated/common/runtime/DebugBindings.gen.cpp Line: 51)
06-26 00:53:48.811 17455 17470 I Unity   :
06-26 00:53:48.811 17455 17470 E Unity   : NetworkClient Send when not connected to a server
06-26 00:53:48.811 17455 17470 E Unity   :
06-26 00:53:48.811 17455 17470 E Unity   : (Filename: ./artifacts/generated/common/runtime/DebugBindings.gen.cpp Line: 51)
06-26 00:53:48.811 17455 17470 E Unity   :
06-26 00:53:48.828 17455 17470 I Unity   : ACCELERATION_XYZ: -0.1247457 1.804635 -0.5258262 EULER_ANGLES_XYZ 5.846861 145.4331 359.7563 2.336247 0.3999996 10 4.672494 10.43 10.44
06-26 00:53:48.828 17455 17470 I Unity   :
06-26 00:53:48.828 17455 17470 I Unity   : (Filename: ./artifacts/generated/common/runtime/DebugBindings.gen.cpp Line: 51)
06-26 00:53:48.828 17455 17470 I Unity   :
06-26 00:53:48.828 17455 17470 E Unity   : NetworkClient Send when not connected to a server
06-26 00:53:48.828 17455 17470 E Unity   :
06-26 00:53:48.828 17455 17470 E Unity   : (Filename: ./artifacts/generated/common/runtime/DebugBindings.gen.cpp Line: 51)
06-26 00:53:48.828 17455 17470 E Unity   :
06-26 00:53:48.846 17455 17470 I Unity   : ACCELERATION_XYZ: -0.1285037 1.628556 -0.4117335 EULER_ANGLES_XYZ 5.531501 145.5245 359.901 2.336247 0.3999996 10 4.672494 10.43 10.46
06-26 00:53:48.846 17455 17470 I Unity   :
06-26 00:53:48.846 17455 17470 I Unity   : (Filename: ./artifacts/generated/common/runtime/DebugBindings.gen.cpp Line: 51)
06-26 00:53:48.846 17455 17470 I Unity   :
06-26 00:53:48.846 17455 17470 E Unity   : NetworkClient Send when not connected to a server
06-26 00:53:48.846 17455 17470 E Unity   :
06-26 00:53:48.846 17455 17470 E Unity   : (Filename: ./artifacts/generated/common/runtime/DebugBindings.gen.cpp Line: 51)
06-26 00:53:48.846 17455 17470 E Unity   :
06-26 00:53:48.861 17455 17470 I Unity   : ACCELERATION_XYZ: -0.2205063 0.9225997 -0.3359556 EULER_ANGLES_XYZ 5.204371 145.632 0.07596897 2.336247 0.3999996 10 4.672494 10.43 10.48
06-26 00:53:48.861 17455 17470 I Unity   :
06-26 00:53:48.861 17455 17470 I Unity   : (Filename: ./artifacts/generated/common/runtime/DebugBindings.gen.cpp Line: 51)
06-26 00:53:48.861 17455 17470 I Unity   :
06-26 00:53:48.861 17455 17470 E Unity   : NetworkClient Send when not connected to a server
06-26 00:53:48.861 17455 17470 E Unity   :
06-26 00:53:48.861 17455 17470 E Unity   : (Filename: ./artifacts/generated/common/runtime/DebugBindings.gen.cpp Line: 51)
06-26 00:53:48.861 17455 17470 E Unity   :
06-26 00:53:48.896 17455 17470 I Unity   : ACCELERATION_XYZ: -0.4108854 -0.2142849 -0.2612793 EULER_ANGLES_XYZ 4.720619 145.9244 0.5769975 2.336247 0.3999996 10 4.672494 10.43 10.5
06-26 00:53:48.896 17455 17470 I Unity   :
06-26 00:53:48.896 17455 17470 I Unity   : (Filename: ./artifacts/generated/common/runtime/DebugBindings.gen.cpp Line: 51)
06-26 00:53:48.896 17455 17470 I Unity   :
06-26 00:53:48.896 17455 17470 E Unity   : NetworkClient Send when not connected to a server
06-26 00:53:48.896 17455 17470 E Unity   :
06-26 00:53:48.896 17455 17470 E Unity   : (Filename: ./artifacts/generated/common/runtime/DebugBindings.gen.cpp Line: 51)
06-26 00:53:48.896 17455 17470 E Unity   :
06-26 00:53:48.911 17455 17470 I Unity   : ACCELERATION_XYZ: -0.3542174 -0.7589273 -0.3539859 EULER_ANGLES_XYZ 4.671428 146.0403 0.7723709 2.336247 0.3999996 10 4.672494 10.43 10.52
06-26 00:53:48.911 17455 17470 I Unity   :
06-26 00:53:48.911 17455 17470 I Unity   : (Filename: ./artifacts/generated/common/runtime/DebugBindings.gen.cpp Line: 51)
06-26 00:53:48.911 17455 17470 I Unity   :
06-26 00:53:48.912 17455 17470 E Unity   : NetworkClient Send when not connected to a server
06-26 00:53:48.912 17455 17470 E Unity   :
06-26 00:53:48.912 17455 17470 E Unity   : (Filename: ./artifacts/generated/common/runtime/DebugBindings.gen.cpp Line: 51)
06-26 00:53:48.912 17455 17470 E Unity   :
06-26 00:53:48.928 17455 17470 I Unity   : ACCELERATION_XYZ: -0.3236155 -0.8213587 -0.383301 EULER_ANGLES_XYZ 4.739131 146.1549 0.9168935 2.336247 0.3999996 10 4.672494 10.43 10.54
06-26 00:53:48.928 17455 17470 I Unity   :
06-26 00:53:48.928 17455 17470 I Unity   : (Filename: ./artifacts/generated/common/runtime/DebugBindings.gen.cpp Line: 51)
06-26 00:53:48.928 17455 17470 I Unity   :
06-26 00:53:48.928 17455 17470 E Unity   : NetworkClient Send when not connected to a server
06-26 00:53:48.928 17455 17470 E Unity   :
06-26 00:53:48.928 17455 17470 E Unity   : (Filename: ./artifacts/generated/common/runtime/DebugBindings.gen.cpp Line: 51)
06-26 00:53:48.928 17455 17470 E Unity   :
06-26 00:53:48.933 17455 17564 I VrApi   : FPS=59,Prd=45ms,Tear=0,Early=58,Stale=0,VSnc=1,Lat=1,Fov=0,CPU2/GPU=2/2,1132/315MHz,OC=F,TA=E/0/0,SP=N/N/N,Mem=1017MHz,Free=1087MB,PSM=0,PLS=0,Temp=24.5C/0.0C,TW=0.00ms,App=0.00ms
06-26 00:53:48.941 17455 17565 I UtilPoller: GPU Util 0.254314 / CPU Util 0.571429 (avg 0.491213)
06-26 00:53:48.945 17455 17470 I Unity   : ACCELERATION_XYZ: -0.3881024 -0.694788 -0.3061019 EULER_ANGLES_XYZ 4.890224 146.226 0.9658397 2.336247 0.3999996 10 4.672494 10.43 10.56
06-26 00:53:48.945 17455 17470 I Unity   :
06-26 00:53:48.945 17455 17470 I Unity   : (Filename: ./artifacts/generated/common/runtime/DebugBindings.gen.cpp Line: 51)
06-26 00:53:48.945 17455 17470 I Unity   :
06-26 00:53:48.945 17455 17470 E Unity   : NetworkClient Send when not connected to a server
06-26 00:53:48.945 17455 17470 E Unity   :
06-26 00:53:48.945 17455 17470 E Unity   : (Filename: ./artifacts/generated/common/runtime/DebugBindings.gen.cpp Line: 51)
06-26 00:53:48.945 17455 17470 E Unity   :
06-26 00:53:48.963 17455 17470 I Unity   : ACCELERATION_XYZ: -0.324166 -0.1812115 -0.3866015 EULER_ANGLES_XYZ 4.987608 146.2869 0.9085678 2.336247 0.3999996 10 4.57997 10.43 10.58
06-26 00:53:48.963 17455 17470 I Unity   :
06-26 00:53:48.963 17455 17470 I Unity   : (Filename: ./artifacts/generated/common/runtime/DebugBindings.gen.cpp Line: 51)
06-26 00:53:48.963 17455 17470 I Unity   :
06-26 00:53:48.963 17455 17470 E Unity   : NetworkClient Send when not connected to a server
06-26 00:53:48.963 17455 17470 E Unity   :
06-26 00:53:48.963 17455 17470 E Unity   : (Filename: ./artifacts/generated/common/runtime/DebugBindings.gen.cpp Line: 51)
06-26 00:53:48.963 17455 17470 E Unity   :
06-26 00:53:48.978 17455 17470 I Unity   : ACCELERATION_XYZ: -0.3814111 0.1156635 -0.3751639 EULER_ANGLES_XYZ 5.051926 146.3508 0.8563255 2.336247 0.3999996 10 4.400387 10.43 10.6
06-26 00:53:48.978 17455 17470 I Unity   :
06-26 00:53:48.978 17455 17470 I Unity   : (Filename: ./artifacts/generated/common/runtime/DebugBindings.gen.cpp Line: 51)
06-26 00:53:48.978 17455 17470 I Unity   :
06-26 00:53:48.978 17455 17470 E Unity   : NetworkClient Send when not connected to a server
06-26 00:53:48.978 17455 17470 E Unity   :
06-26 00:53:48.978 17455 17470 E Unity   : (Filename: ./artifacts/generated/common/runtime/DebugBindings.gen.cpp Line: 51)
06-26 00:53:48.978 17455 17470 E Unity   :
06-26 00:53:49.011 17455 17470 I Unity   : ACCELERATION_XYZ: -0.3990401 0.1580286 -0.2134458 EULER_ANGLES_XYZ 5.212106 146.5668 0.7429343 2.336247 0.3999996 10 4.144127 10.43 10.62
06-26 00:53:49.011 17455 17470 I Unity   :
06-26 00:53:49.011 17455 17470 I Unity   : (Filename: ./artifacts/generated/common/runtime/DebugBindings.gen.cpp Line: 51)
06-26 00:53:49.011 17455 17470 I Unity   :
06-26 00:53:49.012 17455 17470 E Unity   : NetworkClient Send when not connected to a server
06-26 00:53:49.012 17455 17470 E Unity   :
06-26 00:53:49.012 17455 17470 E Unity   : (Filename: ./artifacts/generated/common/runtime/DebugBindings.gen.cpp Line: 51)
06-26 00:53:49.012 17455 17470 E Unity   :
06-26 00:53:49.028 17455 17470 I Unity   : ACCELERATION_XYZ: -0.3742362 0.1744347 -0.08959609 EULER_ANGLES_XYZ 5.271047 146.6671 0.7064492 2.336247 0.3999996 10 3.825512 10.43 10.64
06-26 00:53:49.028 17455 17470 I Unity   :
06-26 00:53:49.028 17455 17470 I Unity   : (Filename: ./artifacts/generated/common/runtime/DebugBindings.gen.cpp Line: 51)
06-26 00:53:49.028 17455 17470 I Unity   :
06-26 00:53:49.028 17455 17470 E Unity   : NetworkClient Send when not connected to a server
06-26 00:53:49.028 17455 17470 E Unity   :
06-26 00:53:49.028 17455 17470 E Unity   : (Filename: ./artifacts/generated/common/runtime/DebugBindings.gen.cpp Line: 51)
06-26 00:53:49.028 17455 17470 E Unity   :
06-26 00:53:49.046 17455 17470 I Unity   : ACCELERATION_XYZ: -0.3446938 0.5259142 -0.1588958 EULER_ANGLES_XYZ 5.301188 146.7828 0.6940759 2.336247 0.3999996 10 3.461465 10.43 10.66
06-26 00:53:49.046 17455 17470 I Unity   :
06-26 00:53:49.046 17455 17470 I Unity   : (Filename: ./artifacts/generated/common/runtime/DebugBindings.gen.cpp Line: 51)
06-26 00:53:49.046 17455 17470 I Unity   :
06-26 00:53:49.046 17455 17470 E Unity   : NetworkClient Send when not connected to a server
06-26 00:53:49.046 17455 17470 E Unity   :
06-26 00:53:49.046 17455 17470 E Unity   : (Filename: ./artifacts/generated/common/runtime/DebugBindings.gen.cpp Line: 51)
06-26 00:53:49.046 17455 17470 E Unity   :
06-26 00:53:49.062 17455 17470 I Unity   : ACCELERATION_XYZ: -0.1599568 0.6671237 -0.1497625 EULER_ANGLES_XYZ 5.278489 146.8645 0.6813874 2.336247 0.3999996 10 3.070044 10.43 10.68
06-26 00:53:49.062 17455 17470 I Unity   :
06-26 00:53:49.062 17455 17470 I Unity   : (Filename: ./artifacts/generated/common/runtime/DebugBindings.gen.cpp Line: 51)
06-26 00:53:49.062 17455 17470 I Unity   :
06-26 00:53:49.062 17455 17470 E Unity   : NetworkClient Send when not connected to a server
06-26 00:53:49.062 17455 17470 E Unity   :
06-26 00:53:49.062 17455 17470 E Unity   : (Filename: ./artifacts/generated/common/runtime/DebugBindings.gen.cpp Line: 51)
06-26 00:53:49.062 17455 17470 E Unity   :
06-26 00:53:49.080 17455 17470 I Unity   : ACCELERATION_XYZ: -0.1067286 0.5699043 -0.09999176 EULER_ANGLES_XYZ 5.250743 146.9962 0.6336095 2.336247 0.3999996 10 2.668967 10.43 10.7
06-26 00:53:49.080 17455 17470 I Unity   :
06-26 00:53:49.080 17455 17470 I Unity   : (Filename: ./artifacts/generated/common/runtime/DebugBindings.gen.cpp Line: 51)
06-26 00:53:49.080 17455 17470 I Unity   :
06-26 00:53:49.081 17455 17470 E Unity   : NetworkClient Send when not connected to a server
06-26 00:53:49.081 17455 17470 E Unity   :
06-26 00:53:49.081 17455 17470 E Unity   : (Filename: ./artifacts/generated/common/runtime/DebugBindings.gen.cpp Line: 51)
06-26 00:53:49.081 17455 17470 E Unity   :
06-26 00:53:49.112 17455 17470 I Unity   : ACCELERATION_XYZ: -0.01759113 0.312375 -0.07925614 EULER_ANGLES_XYZ 5.183342 147.155 0.6490059 2.336247 0.3999996 10 2.274344 10.43 10.72
06-26 00:53:49.112 17455 17470 I Unity   :
06-26 00:53:49.112 17455 17470 I Unity   : (Filename: ./artifacts/generated/common/runtime/DebugBindings.gen.cpp Line: 51)
06-26 00:53:49.112 17455 17470 I Unity   :
06-26 00:53:49.112 17455 17470 E Unity   : NetworkClient Send when not connected to a server
06-26 00:53:49.112 17455 17470 E Unity   :
06-26 00:53:49.112 17455 17470 E Unity   : (Filename: ./artifacts/generated/common/runtime/DebugBindings.gen.cpp Line: 51)
06-26 00:53:49.112 17455 17470 E Unity   :
06-26 00:53:49.130 17455 17470 I Unity   : ACCELERATION_XYZ: -0.0217138 0.3196878 -0.1109112 EULER_ANGLES_XYZ 5.143895 147.2396 0.6608515 2.336247 0.3999996 10 1.899691 10.43 10.74
06-26 00:53:49.130 17455 17470 I Unity   :
06-26 00:53:49.130 17455 17470 I Unity   : (Filename: ./artifacts/generated/common/runtime/DebugBindings.gen.cpp Line: 51)
06-26 00:53:49.130 17455 17470 I Unity   :
06-26 00:53:49.130 17455 17470 E Unity   : NetworkClient Send when not connected to a server
06-26 00:53:49.130 17455 17470 E Unity   :
06-26 00:53:49.130 17455 17470 E Unity   : (Filename: ./artifacts/generated/common/runtime/DebugBindings.gen.cpp Line: 51)
06-26 00:53:49.130 17455 17470 E Unity   :
06-26 00:53:49.145 17455 17470 I Unity   : ACCELERATION_XYZ: 0.03275051 0.3272943 -0.07079916 EULER_ANGLES_XYZ 5.113327 147.3354 0.6663302 2.336247 0.3999996 10 1.555335 10.43 10.76
06-26 00:53:49.145 17455 17470 I Unity   :
06-26 00:53:49.145 17455 17470 I Unity   : (Filename: ./artifacts/generated/common/runtime/DebugBindings.gen.cpp Line: 51)
06-26 00:53:49.145 17455 17470 I Unity   :
06-26 00:53:49.145 17455 17470 E Unity   : NetworkClient Send when not connected to a server
06-26 00:53:49.145 17455 17470 E Unity   :
06-26 00:53:49.145 17455 17470 E Unity   : (Filename: ./artifacts/generated/common/runtime/DebugBindings.gen.cpp Line: 51)
06-26 00:53:49.145 17455 17470 E Unity   :
06-26 00:53:49.162 17455 17470 I Unity   : ACCELERATION_XYZ: 0.1333064 0.2467194 -0.1376776 EULER_ANGLES_XYZ 5.100904 147.4315 0.6343595 2.336247 0.3999996 10 1.248185 10.43 10.78
06-26 00:53:49.162 17455 17470 I Unity   :
06-26 00:53:49.162 17455 17470 I Unity   : (Filename: ./artifacts/generated/common/runtime/DebugBindings.gen.cpp Line: 51)
06-26 00:53:49.162 17455 17470 I Unity   :
06-26 00:53:49.162 17455 17470 E Unity   : NetworkClient Send when not connected to a server
06-26 00:53:49.162 17455 17470 E Unity   :
06-26 00:53:49.162 17455 17470 E Unity   : (Filename: ./artifacts/generated/common/runtime/DebugBindings.gen.cpp Line: 51)
06-26 00:53:49.162 17455 17470 E Unity   :
06-26 00:53:49.179 17455 17470 I Unity   : ACCELERATION_XYZ: -0.01205452 0.02481556 -0.006408772 EULER_ANGLES_XYZ 5.111655 147.5417 0.5857934 2.336247 0.3999996 10 0.9818563 10.43 10.8
06-26 00:53:49.179 17455 17470 I Unity   :
06-26 00:53:49.179 17455 17470 I Unity   : (Filename: ./artifacts/generated/common/runtime/DebugBindings.gen.cpp Line: 51)
06-26 00:53:49.179 17455 17470 I Unity   :
06-26 00:53:49.179 17455 17470 E Unity   : NetworkClient Send when not connected to a server
06-26 00:53:49.179 17455 17470 E Unity   :
06-26 00:53:49.179 17455 17470 E Unity   : (Filename: ./artifacts/generated/common/runtime/DebugBindings.gen.cpp Line: 51)
06-26 00:53:49.179 17455 17470 E Unity   :
06-26 00:53:49.197 17470 17470 W UnityMain: type=1400 audit(0.0:1452): avc: denied { read } for name="thread" dev="sysfs" ino=30576 scontext=u:r:untrusted_app:s0:c512,c768 tcontext=u:object_r:sysfs:s0 tclass=dir permissive=0
06-26 00:53:49.212 17455 17470 I Unity   : ACCELERATION_XYZ: -0.01116415 0.01718903 0.02779339 EULER_ANGLES_XYZ 5.262068 147.7922 0.5055178 2.336247 0.3999996 10 0.7570617 10.43 10.82
06-26 00:53:49.212 17455 17470 I Unity   :
06-26 00:53:49.212 17455 17470 I Unity   : (Filename: ./artifacts/generated/common/runtime/DebugBindings.gen.cpp Line: 51)
06-26 00:53:49.212 17455 17470 I Unity   :
06-26 00:53:49.212 17455 17470 E Unity   : NetworkClient Send when not connected to a server
06-26 00:53:49.212 17455 17470 E Unity   :
06-26 00:53:49.212 17455 17470 E Unity   : (Filename: ./artifacts/generated/common/runtime/DebugBindings.gen.cpp Line: 51)
06-26 00:53:49.212 17455 17470 E Unity   :
06-26 00:53:49.228 17455 17470 I Unity   : ACCELERATION_XYZ: -0.01180274 0.3677988 0.0550211 EULER_ANGLES_XYZ 5.306654 147.8958 0.488332 2.336247 0.3999996 10 0.5721745 10.43 10.84
06-26 00:53:49.228 17455 17470 I Unity   :
06-26 00:53:49.228 17455 17470 I Unity   : (Filename: ./artifacts/generated/common/runtime/DebugBindings.gen.cpp Line: 51)
06-26 00:53:49.228 17455 17470 I Unity   :
06-26 00:53:49.229 17455 17470 E Unity   : NetworkClient Send when not connected to a server
06-26 00:53:49.229 17455 17470 E Unity   :
06-26 00:53:49.229 17455 17470 E Unity   : (Filename: ./artifacts/generated/common/runtime/DebugBindings.gen.cpp Line: 51)
06-26 00:53:49.229 17455 17470 E Unity   :
06-26 00:53:49.246 17455 17470 I Unity   : ACCELERATION_XYZ: 0.04684 0.5401344 0.08125022 EULER_ANGLES_XYZ 5.342091 147.9962 0.4753293 2.336247 0.3999996 10 0.4238772 10.43 10.86
06-26 00:53:49.246 17455 17470 I Unity   :
06-26 00:53:49.246 17455 17470 I Unity   : (Filename: ./artifacts/generated/common/runtime/DebugBindings.gen.cpp Line: 51)
06-26 00:53:49.246 17455 17470 I Unity   :
06-26 00:53:49.247 17455 17470 E Unity   : NetworkClient Send when not connected to a server
06-26 00:53:49.247 17455 17470 E Unity   :
06-26 00:53:49.247 17455 17470 E Unity   : (Filename: ./artifacts/generated/common/runtime/DebugBindings.gen.cpp Line: 51)
06-26 00:53:49.247 17455 17470 E Unity   :
06-26 00:53:49.262 17455 17470 I Unity   : ACCELERATION_XYZ: 0.08963364 0.4653683 0.1491167 EULER_ANGLES_XYZ 5.348712 148.0533 0.467838 2.336247 0.3999996 10 0.3077978 10.43 10.88
06-26 00:53:49.262 17455 17470 I Unity   :
06-26 00:53:49.262 17455 17470 I Unity   : (Filename: ./artifacts/generated/common/runtime/DebugBindings.gen.cpp Line: 51)
06-26 00:53:49.262 17455 17470 I Unity   :
06-26 00:53:49.262 17455 17470 E Unity   : NetworkClient Send when not connected to a server
06-26 00:53:49.262 17455 17470 E Unity   :
06-26 00:53:49.262 17455 17470 E Unity   : (Filename: ./artifacts/generated/common/runtime/DebugBindings.gen.cpp Line: 51)
06-26 00:53:49.262 17455 17470 E Unity   :
06-26 00:53:49.280 17455 17470 I Unity   : ACCELERATION_XYZ: 0.1603704 0.4959393 0.1034521 EULER_ANGLES_XYZ 5.352665 148.1383 0.467114 2.336247 0.3999996 10 0.2190813 10.43 10.9
06-26 00:53:49.280 17455 17470 I Unity   :
06-26 00:53:49.280 17455 17470 I Unity   : (Filename: ./artifacts/generated/common/runtime/DebugBindings.gen.cpp Line: 51)
06-26 00:53:49.280 17455 17470 I Unity   :
06-26 00:53:49.280 17455 17470 E Unity   : NetworkClient Send when not connected to a server
06-26 00:53:49.280 17455 17470 E Unity   :
06-26 00:53:49.280 17455 17470 E Unity   : (Filename: ./artifacts/generated/common/runtime/DebugBindings.gen.cpp Line: 51)
06-26 00:53:49.280 17455 17470 E Unity   :
06-26 00:53:49.313 17455 17470 I Unity   : ACCELERATION_XYZ: 0.2292996 0.52244 0.003463112 EULER_ANGLES_XYZ 5.287173 148.267 0.4622198 2.336247 0.3999996 10 0.1528478 10.43 10.92
06-26 00:53:49.313 17455 17470 I Unity   :
06-26 00:53:49.313 17455 17470 I Unity   : (Filename: ./artifacts/generated/common/runtime/DebugBindings.gen.cpp Line: 51)
06-26 00:53:49.313 17455 17470 I Unity   :
06-26 00:53:49.313 17455 17470 E Unity   : NetworkClient Send when not connected to a server
06-26 00:53:49.313 17455 17470 E Unity   :
06-26 00:53:49.313 17455 17470 E Unity   : (Filename: ./artifacts/generated/common/runtime/DebugBindings.gen.cpp Line: 51)
06-26 00:53:49.313 17455 17470 E Unity   :
06-26 00:53:49.329 17455 17470 I Unity   : ACCELERATION_XYZ: 0.2308954 0.4983492 -0.0552035 EULER_ANGLES_XYZ 5.255865 148.3158 0.4878834 2.336247 0.3999996 10 0.1045267 10.43 10.94
06-26 00:53:49.329 17455 17470 I Unity   :
06-26 00:53:49.329 17455 17470 I Unity   : (Filename: ./artifacts/generated/common/runtime/DebugBindings.gen.cpp Line: 51)
06-26 00:53:49.329 17455 17470 I Unity   :
06-26 00:53:49.329 17455 17470 E Unity   : NetworkClient Send when not connected to a server
06-26 00:53:49.329 17455 17470 E Unity   :
06-26 00:53:49.329 17455 17470 E Unity   : (Filename: ./artifacts/generated/common/runtime/DebugBindings.gen.cpp Line: 51)
06-26 00:53:49.329 17455 17470 E Unity   :
06-26 00:53:49.346 17455 17470 I Unity   : ACCELERATION_XYZ: 0.2722327 0.4595327 -0.009028353 EULER_ANGLES_XYZ 5.197087 148.3699 0.5232939 2.336247 0.3999996 10 0.07006629 10.43 10.96
06-26 00:53:49.346 17455 17470 I Unity   :
06-26 00:53:49.346 17455 17470 I Unity   : (Filename: ./artifacts/generated/common/runtime/DebugBindings.gen.cpp Line: 51)
06-26 00:53:49.346 17455 17470 I Unity   :
06-26 00:53:49.346 17455 17470 E Unity   : NetworkClient Send when not connected to a server
06-26 00:53:49.346 17455 17470 E Unity   :
06-26 00:53:49.346 17455 17470 E Unity   : (Filename: ./artifacts/generated/common/runtime/DebugBindings.gen.cpp Line: 51)
06-26 00:53:49.346 17455 17470 E Unity   :
06-26 00:53:49.362 17455 17470 I Unity   : ACCELERATION_XYZ: 0.3131118 0.3615808 0.02373389 EULER_ANGLES_XYZ 5.150991 148.4038 0.536494 2.336247 0.3999996 10 0.04603683 10.43 10.98
06-26 00:53:49.362 17455 17470 I Unity   :
06-26 00:53:49.362 17455 17470 I Unity   : (Filename: ./artifacts/generated/common/runtime/DebugBindings.gen.cpp Line: 51)
06-26 00:53:49.362 17455 17470 I Unity   :
06-26 00:53:49.362 17455 17470 E Unity   : NetworkClient Send when not connected to a server
06-26 00:53:49.362 17455 17470 E Unity   :
06-26 00:53:49.362 17455 17470 E Unity   : (Filename: ./artifacts/generated/common/runtime/DebugBindings.gen.cpp Line: 51)
06-26 00:53:49.362 17455 17470 E Unity   :
06-26 00:53:49.379 17455 17470 I Unity   : ACCELERATION_XYZ: 0.3111248 0.3081989 -0.03889862 EULER_ANGLES_XYZ 5.11267 148.4083 0.545733 2.336247 0.3999996 10 0.02964938 10.43 11
06-26 00:53:49.379 17455 17470 I Unity   :
06-26 00:53:49.379 17455 17470 I Unity   : (Filename: ./artifacts/generated/common/runtime/DebugBindings.gen.cpp Line: 51)
06-26 00:53:49.379 17455 17470 I Unity   :
06-26 00:53:49.379 17455 17470 E Unity   : NetworkClient Send when not connected to a server
06-26 00:53:49.379 17455 17470 E Unity   :
06-26 00:53:49.379 17455 17470 E Unity   : (Filename: ./artifacts/generated/common/runtime/DebugBindings.gen.cpp Line: 51)
06-26 00:53:49.379 17455 17470 E Unity   :
06-26 00:53:49.412 17455 17470 I Unity   : ACCELERATION_XYZ: 0.3404571 0.0004291534 0.03067047 EULER_ANGLES_XYZ 5.079377 148.4087 0.5680194 2.336247 0.3999996 10 0.01871717 10.43 11.02
06-26 00:53:49.412 17455 17470 I Unity   :
06-26 00:53:49.412 17455 17470 I Unity   : (Filename: ./artifacts/generated/common/runtime/DebugBindings.gen.cpp Line: 51)
06-26 00:53:49.412 17455 17470 I Unity   :
06-26 00:53:49.412 17455 17470 E Unity   : NetworkClient Send when not connected to a server
06-26 00:53:49.412 17455 17470 E Unity   :
06-26 00:53:49.412 17455 17470 E Unity   : (Filename: ./artifacts/generated/common/runtime/DebugBindings.gen.cpp Line: 51)
06-26 00:53:49.412 17455 17470 E Unity   :
06-26 00:53:49.429 17455 17470 I Unity   : ACCELERATION_XYZ: 0.3283432 -0.03982544 0.0002871901 EULER_ANGLES_XYZ 5.076482 148.3896 0.5832951 2.336247 0.3999996 10 0.01158187 10.43 11.04
06-26 00:53:49.429 17455 17470 I Unity   :
06-26 00:53:49.429 17455 17470 I Unity   : (Filename: ./artifacts/generated/common/runtime/DebugBindings.gen.cpp Line: 51)
06-26 00:53:49.429 17455 17470 I Unity   :
06-26 00:53:49.429 17455 17470 E Unity   : NetworkClient Send when not connected to a server
06-26 00:53:49.429 17455 17470 E Unity   :
06-26 00:53:49.429 17455 17470 E Unity   : (Filename: ./artifacts/generated/common/runtime/DebugBindings.gen.cpp Line: 51)
06-26 00:53:49.429 17455 17470 E Unity   :
06-26 00:53:49.446 17455 17470 I Unity   : ACCELERATION_XYZ: 0.2048145 0.1894102 -0.03042652 EULER_ANGLES_XYZ 5.078995 148.3648 0.5931929 2.336247 0.3999996 10 0.007024756 10.43 11.06
06-26 00:53:49.446 17455 17470 I Unity   :
06-26 00:53:49.446 17455 17470 I Unity   : (Filename: ./artifacts/generated/common/runtime/DebugBindings.gen.cpp Line: 51)
06-26 00:53:49.446 17455 17470 I Unity   :
06-26 00:53:49.446 17455 17470 E Unity   : NetworkClient Send when not connected to a server
06-26 00:53:49.446 17455 17470 E Unity   :
06-26 00:53:49.446 17455 17470 E Unity   : (Filename: ./artifacts/generated/common/runtime/DebugBindings.gen.cpp Line: 51)
06-26 00:53:49.446 17455 17470 E Unity   :
06-26 00:53:49.463 17455 17470 I Unity   : ACCELERATION_XYZ: 0.2609867 0.3970108 -0.04289827 EULER_ANGLES_XYZ 5.071891 148.3478 0.5942251 2.336247 0.3999996 10 0.00417636 10.43 11.08
06-26 00:53:49.463 17455 17470 I Unity   :
06-26 00:53:49.463 17455 17470 I Unity   : (Filename: ./artifacts/generated/common/runtime/DebugBindings.gen.cpp Line: 51)
06-26 00:53:49.463 17455 17470 I Unity   :
06-26 00:53:49.463 17455 17470 E Unity   : NetworkClient Send when not connected to a server
06-26 00:53:49.463 17455 17470 E Unity   :
06-26 00:53:49.463 17455 17470 E Unity   : (Filename: ./artifacts/generated/common/runtime/DebugBindings.gen.cpp Line: 51)
06-26 00:53:49.463 17455 17470 E Unity   :
06-26 00:53:49.480 17455 17470 I Unity   : ACCELERATION_XYZ: 0.1066744 0.3138618 -0.01263641 EULER_ANGLES_XYZ 5.054792 148.3313 0.598189 2.336247 0.3999996 10 0.002433767 10.43 11.1
06-26 00:53:49.480 17455 17470 I Unity   :
06-26 00:53:49.480 17455 17470 I Unity   : (Filename: ./artifacts/generated/common/runtime/DebugBindings.gen.cpp Line: 51)
06-26 00:53:49.480 17455 17470 I Unity   :
06-26 00:53:49.480 17455 17470 E Unity   : NetworkClient Send when not connected to a server
06-26 00:53:49.480 17455 17470 E Unity   :
06-26 00:53:49.480 17455 17470 E Unity   : (Filename: ./artifacts/generated/common/runtime/DebugBindings.gen.cpp Line: 51)
06-26 00:53:49.480 17455 17470 E Unity   :
06-26 00:53:49.513 17455 17470 I Unity   : ACCELERATION_XYZ: 0.1102021 0.276866 0.02106862 EULER_ANGLES_XYZ 5.036616 148.3311 0.6152058 2.336247 0.3999996 10 0.001390189 10.43 11.12
06-26 00:53:49.513 17455 17470 I Unity   :
06-26 00:53:49.513 17455 17470 I Unity   : (Filename: ./artifacts/generated/common/runtime/DebugBindings.gen.cpp Line: 51)
06-26 00:53:49.513 17455 17470 I Unity   :
06-26 00:53:49.513 17455 17470 E Unity   : NetworkClient Send when not connected to a server
06-26 00:53:49.513 17455 17470 E Unity   :
06-26 00:53:49.513 17455 17470 E Unity   : (Filename: ./artifacts/generated/common/runtime/DebugBindings.gen.cpp Line: 51)
06-26 00:53:49.513 17455 17470 E Unity   :
06-26 00:53:49.530 17455 17470 I Unity   : ACCELERATION_XYZ: 0.1101966 0.1706276 0.02354881 EULER_ANGLES_XYZ 5.040408 148.3506 0.6282274 2.336247 0.3999996 10 0.0007783646 10.43 11.14
06-26 00:53:49.530 17455 17470 I Unity   :
06-26 00:53:49.530 17455 17470 I Unity   : (Filename: ./artifacts/generated/common/runtime/DebugBindings.gen.cpp Line: 51)
06-26 00:53:49.530 17455 17470 I Unity   :
06-26 00:53:49.530 17455 17470 E Unity   : NetworkClient Send when not connected to a server
06-26 00:53:49.530 17455 17470 E Unity   :
06-26 00:53:49.530 17455 17470 E Unity   : (Filename: ./artifacts/generated/common/runtime/DebugBindings.gen.cpp Line: 51)
06-26 00:53:49.530 17455 17470 E Unity   :
06-26 00:53:49.547 17455 17470 I Unity   : ACCELERATION_XYZ: 0.05213232 0.2384224 0.1030116 EULER_ANGLES_XYZ 5.053982 148.3884 0.6371629 2.336247 0.3999996 10 0.0004271754 10.43 11.16
06-26 00:53:49.547 17455 17470 I Unity   :
06-26 00:53:49.547 17455 17470 I Unity   : (Filename: ./artifacts/generated/common/runtime/DebugBindings.gen.cpp Line: 51)
06-26 00:53:49.547 17455 17470 I Unity   :
06-26 00:53:49.547 17455 17470 E Unity   : NetworkClient Send when not connected to a server
06-26 00:53:49.547 17455 17470 E Unity   :
06-26 00:53:49.547 17455 17470 E Unity   : (Filename: ./artifacts/generated/common/runtime/DebugBindings.gen.cpp Line: 51)
06-26 00:53:49.547 17455 17470 E Unity   :
06-26 00:53:49.563 17455 17470 I Unity   : ACCELERATION_XYZ: 0.09177681 0.2399988 0.0246416 EULER_ANGLES_XYZ 5.057553 148.4192 0.6442397 2.336247 0.3999996 10 0.0002297967 10.43 11.18
06-26 00:53:49.563 17455 17470 I Unity   :
06-26 00:53:49.563 17455 17470 I Unity   : (Filename: ./artifacts/generated/common/runtime/DebugBindings.gen.cpp Line: 51)
06-26 00:53:49.563 17455 17470 I Unity   :
06-26 00:53:49.563 17455 17470 E Unity   : NetworkClient Send when not connected to a server
06-26 00:53:49.563 17455 17470 E Unity   :
06-26 00:53:49.563 17455 17470 E Unity   : (Filename: ./artifacts/generated/common/runtime/DebugBindings.gen.cpp Line: 51)
06-26 00:53:49.563 17455 17470 E Unity   :
06-26 00:53:49.579 17455 17470 I Unity   : ACCELERATION_XYZ: 0.1949683 0.3109483 0.04287093 EULER_ANGLES_XYZ 5.058158 148.4464 0.6410791 2.336247 0.3999996 10 0.00012117 10.43 11.2
06-26 00:53:49.579 17455 17470 I Unity   :
06-26 00:53:49.579 17455 17470 I Unity   : (Filename: ./artifacts/generated/common/runtime/DebugBindings.gen.cpp Line: 51)
06-26 00:53:49.579 17455 17470 I Unity   :
06-26 00:53:49.580 17455 17470 E Unity   : NetworkClient Send when not connected to a server
06-26 00:53:49.580 17455 17470 E Unity   :
06-26 00:53:49.580 17455 17470 E Unity   : (Filename: ./artifacts/generated/common/runtime/DebugBindings.gen.cpp Line: 51)
06-26 00:53:49.580 17455 17470 E Unity   :
06-26 00:53:49.614 17455 17470 I Unity   : ACCELERATION_XYZ: 0.2037651 0.1726246 0.007062636 EULER_ANGLES_XYZ 5.065736 148.5104 0.6116509 2.336247 0.3999996 10 6.262689E-05 10.43 11.22
06-26 00:53:49.614 17455 17470 I Unity   :
06-26 00:53:49.614 17455 17470 I Unity   : (Filename: ./artifacts/generated/common/runtime/DebugBindings.gen.cpp Line: 51)
06-26 00:53:49.614 17455 17470 I Unity   :
06-26 00:53:49.614 17455 17470 E Unity   : NetworkClient Send when not connected to a server
06-26 00:53:49.614 17455 17470 E Unity   :
06-26 00:53:49.614 17455 17470 E Unity   : (Filename: ./artifacts/generated/common/runtime/DebugBindings.gen.cpp Line: 51)
06-26 00:53:49.614 17455 17470 E Unity   :
06-26 00:53:49.617 17455 17455 D InputHooksJava: HOME BUTTON 0
06-26 00:53:49.617 17455 17455 I InputHooks: InputHooks::nativeSetHomeButtonDown(502763.406250): 1698898178
06-26 00:53:49.617 17455 17455 I RecenterTimer: (502763.4208) StartTimer(1.00 0.50)
06-26 00:53:49.630 17455 17470 I Unity   : ACCELERATION_XYZ: 0.2198301 0.227334 -0.02392066 EULER_ANGLES_XYZ 5.071194 148.5396 0.5943601 2.336247 0.3999996 10 3.172784E-05 10.43 11.24
06-26 00:53:49.630 17455 17470 I Unity   :
06-26 00:53:49.630 17455 17470 I Unity   : (Filename: ./artifacts/generated/common/runtime/DebugBindings.gen.cpp Line: 51)
06-26 00:53:49.630 17455 17470 I Unity   :
06-26 00:53:49.630 17455 17470 E Unity   : NetworkClient Send when not connected to a server
06-26 00:53:49.630 17455 17470 E Unity   :
06-26 00:53:49.630 17455 17470 E Unity   : (Filename: ./artifacts/generated/common/runtime/DebugBindings.gen.cpp Line: 51)
06-26 00:53:49.630 17455 17470 E Unity   :
06-26 00:53:49.646 17455 17470 I Unity   : ACCELERATION_XYZ: 0.147828 0.287509 0.06962345 EULER_ANGLES_XYZ 5.068655 148.5556 0.5832084 2.336247 0.3999996 10 1.575558E-05 10.43 11.26
06-26 00:53:49.646 17455 17470 I Unity   :
06-26 00:53:49.646 17455 17470 I Unity   : (Filename: ./artifacts/generated/common/runtime/DebugBindings.gen.cpp Line: 51)
06-26 00:53:49.646 17455 17470 I Unity   :
06-26 00:53:49.647 17455 17470 E Unity   : NetworkClient Send when not connected to a server
06-26 00:53:49.647 17455 17470 E Unity   :
06-26 00:53:49.647 17455 17470 E Unity   : (Filename: ./artifacts/generated/common/runtime/DebugBindings.gen.cpp Line: 51)
06-26 00:53:49.647 17455 17470 E Unity   :
06-26 00:53:49.663 17455 17470 I Unity   : ACCELERATION_XYZ: 0.2615773 0.338686 -0.04608146 EULER_ANGLES_XYZ 5.06661 148.5748 0.5754933 2.336247 0.3999996 10 7.669062E-06 10.43 11.28
06-26 00:53:49.663 17455 17470 I Unity   :
06-26 00:53:49.663 17455 17470 I Unity   : (Filename: ./artifacts/generated/common/runtime/DebugBindings.gen.cpp Line: 51)
06-26 00:53:49.663 17455 17470 I Unity   :
06-26 00:53:49.663 17455 17470 E Unity   : NetworkClient Send when not connected to a server
06-26 00:53:49.663 17455 17470 E Unity   :
06-26 00:53:49.663 17455 17470 E Unity   : (Filename: ./artifacts/generated/common/runtime/DebugBindings.gen.cpp Line: 51)
06-26 00:53:49.663 17455 17470 E Unity   :
06-26 00:53:49.680 17455 17470 I Unity   : ACCELERATION_XYZ: 0.1826577 0.33321 -0.06892796 EULER_ANGLES_XYZ 5.060013 148.5892 0.5661075 2.336247 0.3999996 10 3.659014E-06 10.43 11.3
06-26 00:53:49.680 17455 17470 I Unity   :
06-26 00:53:49.680 17455 17470 I Unity   : (Filename: ./artifacts/generated/common/runtime/DebugBindings.gen.cpp Line: 51)
06-26 00:53:49.680 17455 17470 I Unity   :
06-26 00:53:49.680 17455 17470 E Unity   : NetworkClient Send when not connected to a server
06-26 00:53:49.680 17455 17470 E Unity   :
06-26 00:53:49.680 17455 17470 E Unity   : (Filename: ./artifacts/generated/common/runtime/DebugBindings.gen.cpp Line: 51)
06-26 00:53:49.680 17455 17470 E Unity   :
06-26 00:53:49.713 17455 17470 I Unity   : ACCELERATION_XYZ: 0.06934168 0.224371 0.05391161 EULER_ANGLES_XYZ 5.087659 148.6127 0.5639506 2.336247 0.3999996 10 1.711197E-06 10.43 11.32
06-26 00:53:49.713 17455 17470 I Unity   :
06-26 00:53:49.713 17455 17470 I Unity   : (Filename: ./artifacts/generated/common/runtime/DebugBindings.gen.cpp Line: 51)
06-26 00:53:49.713 17455 17470 I Unity   :
06-26 00:53:49.714 17455 17470 E Unity   : NetworkClient Send when not connected to a server
06-26 00:53:49.714 17455 17470 E Unity   :
06-26 00:53:49.714 17455 17470 E Unity   : (Filename: ./artifacts/generated/common/runtime/DebugBindings.gen.cpp Line: 51)
06-26 00:53:49.714 17455 17470 E Unity   :
06-26 00:53:49.731 17455 17470 I Unity   : ACCELERATION_XYZ: 0.06711054 0.2974148 -0.01445859 EULER_ANGLES_XYZ 5.114048 148.6264 0.5753617 2.336247 0.3999996 10 7.844227E-07 10.43 11.34
06-26 00:53:49.731 17455 17470 I Unity   :
06-26 00:53:49.731 17455 17470 I Unity   : (Filename: ./artifacts/generated/common/runtime/DebugBindings.gen.cpp Line: 51)
06-26 00:53:49.731 17455 17470 I Unity   :
06-26 00:53:49.731 17455 17470 E Unity   : NetworkClient Send when not connected to a server
06-26 00:53:49.731 17455 17470 E Unity   :
06-26 00:53:49.731 17455 17470 E Unity   : (Filename: ./artifacts/generated/common/runtime/DebugBindings.gen.cpp Line: 51)
06-26 00:53:49.731 17455 17470 E Unity   :
06-26 00:53:49.747 17455 17470 I Unity   : ACCELERATION_XYZ: 0.06956747 0.3047199 -0.05200505 EULER_ANGLES_XYZ 5.13037 148.6341 0.580839 2.336247 0.3999996 10 3.524638E-07 10.43 11.36
06-26 00:53:49.747 17455 17470 I Unity   :
06-26 00:53:49.747 17455 17470 I Unity   : (Filename: ./artifacts/generated/common/runtime/DebugBindings.gen.cpp Line: 51)
06-26 00:53:49.747 17455 17470 I Unity   :
06-26 00:53:49.747 17455 17470 E Unity   : NetworkClient Send when not connected to a server
06-26 00:53:49.747 17455 17470 E Unity   :
06-26 00:53:49.747 17455 17470 E Unity   : (Filename: ./artifacts/generated/common/runtime/DebugBindings.gen.cpp Line: 51)
06-26 00:53:49.747 17455 17470 E Unity   :
06-26 00:53:49.763 17455 17470 I Unity   : ACCELERATION_XYZ: 0.09062783 0.3631544 -0.02791034 EULER_ANGLES_XYZ 5.137401 148.6429 0.5973083 2.336247 0.3999996 10 1.552361E-07 10.43 11.38
06-26 00:53:49.763 17455 17470 I Unity   :
06-26 00:53:49.763 17455 17470 I Unity   : (Filename: ./artifacts/generated/common/runtime/DebugBindings.gen.cpp Line: 51)
06-26 00:53:49.763 17455 17470 I Unity   :
06-26 00:53:49.763 17455 17470 E Unity   : NetworkClient Send when not connected to a server
06-26 00:53:49.763 17455 17470 E Unity   :
06-26 00:53:49.763 17455 17470 E Unity   : (Filename: ./artifacts/generated/common/runtime/DebugBindings.gen.cpp Line: 51)
06-26 00:53:49.763 17455 17470 E Unity   :
06-26 00:53:49.780 17455 17470 I Unity   : ACCELERATION_XYZ: 0.03198467 0.2716045 -0.02077677 EULER_ANGLES_XYZ 5.143806 148.6512 0.6101567 2.336247 0.3999996 10 6.701705E-08 10.43 11.4
06-26 00:53:49.780 17455 17470 I Unity   :
06-26 00:53:49.780 17455 17470 I Unity   : (Filename: ./artifacts/generated/common/runtime/DebugBindings.gen.cpp Line: 51)
06-26 00:53:49.780 17455 17470 I Unity   :
06-26 00:53:49.780 17455 17470 E Unity   : NetworkClient Send when not connected to a server
06-26 00:53:49.780 17455 17470 E Unity   :
06-26 00:53:49.780 17455 17470 E Unity   : (Filename: ./artifacts/generated/common/runtime/DebugBindings.gen.cpp Line: 51)
06-26 00:53:49.780 17455 17470 E Unity   :
06-26 00:53:49.795 17455 17455 D InputHooksJava: HOME BUTTON 1
06-26 00:53:49.795 17455 17455 I InputHooks: InputHooks::nativeSetHomeButtonUp(502763.593750): 1698898178
06-26 00:53:49.803 17455 17470 I SystemUtils: SystemUtils_StartSystemActivity: confirmQuit (null)
06-26 00:53:49.805 17455 17470 D SystemUtils: Package com.oculus.systemactivities exists on device
06-26 00:53:49.805 17455 17470 I SystemUtils: Package com.oculus.systemactivities : INSTALLED
06-26 00:53:49.814 17455 17470 I Unity   : ACCELERATION_XYZ: -0.02529284 0.2575989 -0.01194591 EULER_ANGLES_XYZ 5.170944 148.6649 0.62077 2.336247 0.3999996 10 2.835906E-08 10.43 11.42
06-26 00:53:49.814 17455 17470 I Unity   :
06-26 00:53:49.814 17455 17470 I Unity   : (Filename: ./artifacts/generated/common/runtime/DebugBindings.gen.cpp Line: 51)
06-26 00:53:49.814 17455 17470 I Unity   :
06-26 00:53:49.814 17455 17470 E Unity   : NetworkClient Send when not connected to a server
06-26 00:53:49.814 17455 17470 E Unity   :
06-26 00:53:49.814 17455 17470 E Unity   : (Filename: ./artifacts/generated/common/runtime/DebugBindings.gen.cpp Line: 51)
06-26 00:53:49.814 17455 17470 E Unity   :
06-26 00:53:49.831 17455 17470 I Unity   : ACCELERATION_XYZ: -0.01869464 0.2470932 -0.02086432 EULER_ANGLES_XYZ 5.182708 148.6908 0.6141912 2.336247 0.3999996 10 1.176285E-08 10.43 11.44
06-26 00:53:49.831 17455 17470 I Unity   :
06-26 00:53:49.831 17455 17470 I Unity   : (Filename: ./artifacts/generated/common/runtime/DebugBindings.gen.cpp Line: 51)
06-26 00:53:49.831 17455 17470 I Unity   :
06-26 00:53:49.831 17455 17470 E Unity   : NetworkClient Send when not connected to a server
06-26 00:53:49.831 17455 17470 E Unity   :
06-26 00:53:49.831 17455 17470 E Unity   : (Filename: ./artifacts/generated/common/runtime/DebugBindings.gen.cpp Line: 51)
06-26 00:53:49.831 17455 17470 E Unity   :
06-26 00:53:49.846 17455 17562 I ScreenCapture: TakeScreenshot forAnytimeUI=true
06-26 00:53:49.847 17455 17470 I Unity   : ACCELERATION_XYZ: -0.001869082 0.3960819 -0.08499431 EULER_ANGLES_XYZ 5.183009 148.7221 0.5946479 2.336247 0.3999996 10 4.782415E-09 10.43 11.46
06-26 00:53:49.847 17455 17470 I Unity   :
06-26 00:53:49.847 17455 17470 I Unity   : (Filename: ./artifacts/generated/common/runtime/DebugBindings.gen.cpp Line: 51)
06-26 00:53:49.847 17455 17470 I Unity   :
06-26 00:53:49.848 17455 17470 E Unity   : NetworkClient Send when not connected to a server
06-26 00:53:49.848 17455 17470 E Unity   :
06-26 00:53:49.848 17455 17470 E Unity   : (Filename: ./artifacts/generated/common/runtime/DebugBindings.gen.cpp Line: 51)
06-26 00:53:49.848 17455 17470 E Unity   :
06-26 00:53:49.848 17455 17562 I DistortionMesh: LoadDistortionMeshFromMemory
06-26 00:53:49.875 17455 17562 I TimeWarpProgs: [0xc70dd07c] Built layerProgram 0x408007 (texture type 0) in 25.4 ms
06-26 00:53:49.875 17455 17562 I ScreenCapture: PublishScreenshot forAnytimeUI=true
06-26 00:53:49.899 17455 17562 V Screenshot: SendScreenshotToShell
06-26 00:53:49.935 17455 17564 I VrApi   : FPS=60,Prd=45ms,Tear=0,Early=59,Stale=0,VSnc=1,Lat=1,Fov=0,CPU2/GPU=2/2,1132/315MHz,OC=F,TA=E/0/0,SP=N/N/N,Mem=1296MHz,Free=1070MB,PSM=0,PLS=0,Temp=24.5C/0.0C,TW=0.00ms,App=0.00ms
06-26 00:53:49.944 17455 17565 I UtilPoller: GPU Util 0.229220 / CPU Util 0.610526 (avg 0.500621)
06-26 00:53:50.009 17455 17562 D SystemUtils: broadcastImageToShell intent_pkg: WiP.Demo.resettingTest jpg_size: 227108
06-26 00:53:50.012 17455 17562 I Vsync   : Vsync 30165827: 11 x 16.71 ms (59.86 Hz, at 502763.816)
06-26 00:53:50.012 17455 17562 I TimeWarp: Adjusting 30165827.61 > 30165818 to 30165828
06-26 00:53:50.018  1978  1978 D [OAR] SystemUXBroadcastReceiver: action: com.oculus.vrshell.intent.action.UPDATE_APP_SCREENSHOT
06-26 00:53:50.020  1978  1978 D [OAR] HomeDialog: screenshot update package: WiP.Demo.resettingTest size: 227108
