06-14 22:30:55.768  2455  2470 I Unity   : ACCELERATION_XYZ: -0.5496731 1.218716 0.3537357 EULER_ANGLES_XYZ 14.61082 4.208587 4.852343 False
06-14 22:30:55.768  2455  2470 I Unity   :
06-14 22:30:55.768  2455  2470 I Unity   : (Filename: ./artifacts/generated/common/runtime/DebugBindings.gen.cpp Line: 51)
06-14 22:30:55.768  2455  2470 I Unity   :
06-14 22:30:55.769  2455  2470 E Unity   : NetworkClient Send when not connected to a server
06-14 22:30:55.769  2455  2470 E Unity   :
06-14 22:30:55.769  2455  2470 E Unity   : (Filename: ./artifacts/generated/common/runtime/DebugBindings.gen.cpp Line: 51)
06-14 22:30:55.769  2455  2470 E Unity   :
06-14 22:30:55.801  2455  2470 I Unity   : ACCELERATION_XYZ: -0.353402 0.8144922 0.1070168 EULER_ANGLES_XYZ 14.71966 4.041874 5.189532 False
06-14 22:30:55.801  2455  2470 I Unity   :
06-14 22:30:55.801  2455  2470 I Unity   : (Filename: ./artifacts/generated/common/runtime/DebugBindings.gen.cpp Line: 51)
06-14 22:30:55.801  2455  2470 I Unity   :
06-14 22:30:55.802  2455  2470 E Unity   : NetworkClient Send when not connected to a server
06-14 22:30:55.802  2455  2470 E Unity   :
06-14 22:30:55.802  2455  2470 E Unity   : (Filename: ./artifacts/generated/common/runtime/DebugBindings.gen.cpp Line: 51)
06-14 22:30:55.802  2455  2470 E Unity   :
06-14 22:30:55.818  2455  2470 I Unity   : ACCELERATION_XYZ: -0.4233501 0.7481031 0.16328 EULER_ANGLES_XYZ 14.75755 3.931862 5.362936 False
06-14 22:30:55.818  2455  2470 I Unity   :
06-14 22:30:55.818  2455  2470 I Unity   : (Filename: ./artifacts/generated/common/runtime/DebugBindings.gen.cpp Line: 51)
06-14 22:30:55.818  2455  2470 I Unity   :
06-14 22:30:55.818  2455  2470 E Unity   : NetworkClient Send when not connected to a server
06-14 22:30:55.818  2455  2470 E Unity   :
06-14 22:30:55.818  2455  2470 E Unity   : (Filename: ./artifacts/generated/common/runtime/DebugBindings.gen.cpp Line: 51)
06-14 22:30:55.818  2455  2470 E Unity   :
06-14 22:30:55.835  2455  2470 I Unity   : ACCELERATION_XYZ: -0.4741741 0.6388273 0.3020924 EULER_ANGLES_XYZ 14.78134 3.805523 5.530407 False
06-14 22:30:55.835  2455  2470 I Unity   :
06-14 22:30:55.835  2455  2470 I Unity   : (Filename: ./artifacts/generated/common/runtime/DebugBindings.gen.cpp Line: 51)
06-14 22:30:55.835  2455  2470 I Unity   :
06-14 22:30:55.835  2455  2470 E Unity   : NetworkClient Send when not connected to a server
06-14 22:30:55.835  2455  2470 E Unity   :
06-14 22:30:55.835  2455  2470 E Unity   : (Filename: ./artifacts/generated/common/runtime/DebugBindings.gen.cpp Line: 51)
06-14 22:30:55.835  2455  2470 E Unity   :
06-14 22:30:55.852  2455  2470 I Unity   : ACCELERATION_XYZ: -0.5408984 0.4984064 0.3328038 EULER_ANGLES_XYZ 14.80019 3.643081 5.628109 False
06-14 22:30:55.852  2455  2470 I Unity   :
06-14 22:30:55.852  2455  2470 I Unity   : (Filename: ./artifacts/generated/common/runtime/DebugBindings.gen.cpp Line: 51)
06-14 22:30:55.852  2455  2470 I Unity   :
06-14 22:30:55.852  2455  2470 E Unity   : NetworkClient Send when not connected to a server
06-14 22:30:55.852  2455  2470 E Unity   :
06-14 22:30:55.852  2455  2470 E Unity   : (Filename: ./artifacts/generated/common/runtime/DebugBindings.gen.cpp Line: 51)
06-14 22:30:55.852  2455  2470 E Unity   :
06-14 22:30:55.868  2455  2470 I Unity   : ACCELERATION_XYZ: -0.4336782 0.5025024 0.458284 EULER_ANGLES_XYZ 14.78039 3.430608 5.705521 False
06-14 22:30:55.868  2455  2470 I Unity   :
06-14 22:30:55.868  2455  2470 I Unity   : (Filename: ./artifacts/generated/common/runtime/DebugBindings.gen.cpp Line: 51)
06-14 22:30:55.868  2455  2470 I Unity   :
06-14 22:30:55.868  2455  2470 E Unity   : NetworkClient Send when not connected to a server
06-14 22:30:55.868  2455  2470 E Unity   :
06-14 22:30:55.868  2455  2470 E Unity   : (Filename: ./artifacts/generated/common/runtime/DebugBindings.gen.cpp Line: 51)
06-14 22:30:55.868  2455  2470 E Unity   :
06-14 22:30:55.903  2455  2470 I Unity   : ACCELERATION_XYZ: -0.2872588 0.3631172 0.2918985 EULER_ANGLES_XYZ 14.66997 2.948419 5.834631 False
06-14 22:30:55.903  2455  2470 I Unity   :
06-14 22:30:55.903  2455  2470 I Unity   : (Filename: ./artifacts/generated/common/runtime/DebugBindings.gen.cpp Line: 51)
06-14 22:30:55.903  2455  2470 I Unity   :
06-14 22:30:55.903  2455  2470 E Unity   : NetworkClient Send when not connected to a server
06-14 22:30:55.903  2455  2470 E Unity   :
06-14 22:30:55.903  2455  2470 E Unity   : (Filename: ./artifacts/generated/common/runtime/DebugBindings.gen.cpp Line: 51)
06-14 22:30:55.903  2455  2470 E Unity   :
06-14 22:30:55.918  2455  2470 I Unity   : ACCELERATION_XYZ: -0.1485034 0.3668251 0.1402102 EULER_ANGLES_XYZ 14.57562 2.721682 5.83022 False
06-14 22:30:55.918  2455  2470 I Unity   :
06-14 22:30:55.918  2455  2470 I Unity   : (Filename: ./artifacts/generated/common/runtime/DebugBindings.gen.cpp Line: 51)
06-14 22:30:55.918  2455  2470 I Unity   :
06-14 22:30:55.919  2455  2470 E Unity   : NetworkClient Send when not connected to a server
06-14 22:30:55.919  2455  2470 E Unity   :
06-14 22:30:55.919  2455  2470 E Unity   : (Filename: ./artifacts/generated/common/runtime/DebugBindings.gen.cpp Line: 51)
06-14 22:30:55.919  2455  2470 E Unity   :
06-14 22:30:55.935  2455  2470 I Unity   : ACCELERATION_XYZ: -0.06328984 0.2468414 0.1925408 EULER_ANGLES_XYZ 14.45297 2.525386 5.792123 False
06-14 22:30:55.935  2455  2470 I Unity   :
06-14 22:30:55.935  2455  2470 I Unity   : (Filename: ./artifacts/generated/common/runtime/DebugBindings.gen.cpp Line: 51)
06-14 22:30:55.935  2455  2470 I Unity   :
06-14 22:30:55.935  2455  2470 E Unity   : NetworkClient Send when not connected to a server
06-14 22:30:55.935  2455  2470 E Unity   :
06-14 22:30:55.935  2455  2470 E Unity   : (Filename: ./artifacts/generated/common/runtime/DebugBindings.gen.cpp Line: 51)
06-14 22:30:55.935  2455  2470 E Unity   :
06-14 22:30:55.952  2455  2470 I Unity   : ACCELERATION_XYZ: -0.02730259 0.367981 0.2252225 EULER_ANGLES_XYZ 14.30574 2.348867 5.794645 False
06-14 22:30:55.952  2455  2470 I Unity   :
06-14 22:30:55.952  2455  2470 I Unity   : (Filename: ./artifacts/generated/common/runtime/DebugBindings.gen.cpp Line: 51)
06-14 22:30:55.952  2455  2470 I Unity   :
06-14 22:30:55.952  2455  2470 E Unity   : NetworkClient Send when not connected to a server
06-14 22:30:55.952  2455  2470 E Unity   :
06-14 22:30:55.952  2455  2470 E Unity   : (Filename: ./artifacts/generated/common/runtime/DebugBindings.gen.cpp Line: 51)
06-14 22:30:55.952  2455  2470 E Unity   :
06-14 22:30:55.968  2455  2470 I Unity   : ACCELERATION_XYZ: -0.01689557 0.3206358 0.132606 EULER_ANGLES_XYZ 14.1674 2.150876 5.812657 False
06-14 22:30:55.968  2455  2470 I Unity   :
06-14 22:30:55.968  2455  2470 I Unity   : (Filename: ./artifacts/generated/common/runtime/DebugBindings.gen.cpp Line: 51)
06-14 22:30:55.968  2455  2470 I Unity   :
06-14 22:30:55.969  2455  2470 E Unity   : NetworkClient Send when not connected to a server
06-14 22:30:55.969  2455  2470 E Unity   :
06-14 22:30:55.969  2455  2470 E Unity   : (Filename: ./artifacts/generated/common/runtime/DebugBindings.gen.cpp Line: 51)
06-14 22:30:55.969  2455  2470 E Unity   :
06-14 22:30:56.002  2455  2470 I Unity   : ACCELERATION_XYZ: -0.03968359 -0.08650494 -0.09999967 EULER_ANGLES_XYZ 14.07201 1.836502 5.813344 False
06-14 22:30:56.002  2455  2470 I Unity   :
06-14 22:30:56.002  2455  2470 I Unity   : (Filename: ./artifacts/generated/common/runtime/DebugBindings.gen.cpp Line: 51)
06-14 22:30:56.002  2455  2470 I Unity   :
06-14 22:30:56.002  2455  2470 E Unity   : NetworkClient Send when not connected to a server
06-14 22:30:56.002  2455  2470 E Unity   :
06-14 22:30:56.002  2455  2470 E Unity   : (Filename: ./artifacts/generated/common/runtime/DebugBindings.gen.cpp Line: 51)
06-14 22:30:56.002  2455  2470 E Unity   :
06-14 22:30:56.018  2455  2470 I Unity   : ACCELERATION_XYZ: -0.02639424 -0.1372128 -0.1822062 EULER_ANGLES_XYZ 14.09302 1.665357 5.758336 False
06-14 22:30:56.018  2455  2470 I Unity   :
06-14 22:30:56.018  2455  2470 I Unity   : (Filename: ./artifacts/generated/common/runtime/DebugBindings.gen.cpp Line: 51)
06-14 22:30:56.018  2455  2470 I Unity   :
06-14 22:30:56.018  2455  2470 E Unity   : NetworkClient Send when not connected to a server
06-14 22:30:56.018  2455  2470 E Unity   :
06-14 22:30:56.018  2455  2470 E Unity   : (Filename: ./artifacts/generated/common/runtime/DebugBindings.gen.cpp Line: 51)
06-14 22:30:56.018  2455  2470 E Unity   :
06-14 22:30:56.035  2455  2470 I Unity   : ACCELERATION_XYZ: -0.048738 0.03547764 -0.1705137 EULER_ANGLES_XYZ 14.10912 1.512668 5.719796 False
06-14 22:30:56.035  2455  2470 I Unity   :
06-14 22:30:56.035  2455  2470 I Unity   : (Filename: ./artifacts/generated/common/runtime/DebugBindings.gen.cpp Line: 51)
06-14 22:30:56.035  2455  2470 I Unity   :
06-14 22:30:56.035  2455  2470 E Unity   : NetworkClient Send when not connected to a server
06-14 22:30:56.035  2455  2470 E Unity   :
06-14 22:30:56.035  2455  2470 E Unity   : (Filename: ./artifacts/generated/common/runtime/DebugBindings.gen.cpp Line: 51)
06-14 22:30:56.035  2455  2470 E Unity   :
06-14 22:30:56.052  2455  2470 I Unity   : ACCELERATION_XYZ: -0.05599834 0.0483551 -0.188754 EULER_ANGLES_XYZ 14.13501 1.368665 5.642495 False
06-14 22:30:56.052  2455  2470 I Unity   :
06-14 22:30:56.052  2455  2470 I Unity   : (Filename: ./artifacts/generated/common/runtime/DebugBindings.gen.cpp Line: 51)
06-14 22:30:56.052  2455  2470 I Unity   :
06-14 22:30:56.052  2455  2470 E Unity   : NetworkClient Send when not connected to a server
06-14 22:30:56.052  2455  2470 E Unity   :
06-14 22:30:56.052  2455  2470 E Unity   : (Filename: ./artifacts/generated/common/runtime/DebugBindings.gen.cpp Line: 51)
06-14 22:30:56.052  2455  2470 E Unity   :
06-14 22:30:56.068  2455  2470 I Unity   : ACCELERATION_XYZ: -0.02746754 0.05512142 -0.1712056 EULER_ANGLES_XYZ 14.19521 1.240537 5.580168 False
06-14 22:30:56.068  2455  2470 I Unity   :
06-14 22:30:56.068  2455  2470 I Unity   : (Filename: ./artifacts/generated/common/runtime/DebugBindings.gen.cpp Line: 51)
06-14 22:30:56.068  2455  2470 I Unity   :
06-14 22:30:56.068  2455  2470 E Unity   : NetworkClient Send when not connected to a server
06-14 22:30:56.068  2455  2470 E Unity   :
06-14 22:30:56.068  2455  2470 E Unity   : (Filename: ./artifacts/generated/common/runtime/DebugBindings.gen.cpp Line: 51)
06-14 22:30:56.068  2455  2470 E Unity   :
06-14 22:30:56.102  2455  2470 I Unity   : ACCELERATION_XYZ: -0.02591476 0.1253834 -0.4573109 EULER_ANGLES_XYZ 14.4444 1.098963 5.563343 False
06-14 22:30:56.102  2455  2470 I Unity   :
06-14 22:30:56.102  2455  2470 I Unity   : (Filename: ./artifacts/generated/common/runtime/DebugBindings.gen.cpp Line: 51)
06-14 22:30:56.102  2455  2470 I Unity   :
06-14 22:30:56.102  2455  2470 E Unity   : NetworkClient Send when not connected to a server
06-14 22:30:56.102  2455  2470 E Unity   :
06-14 22:30:56.102  2455  2470 E Unity   : (Filename: ./artifacts/generated/common/runtime/DebugBindings.gen.cpp Line: 51)
06-14 22:30:56.102  2455  2470 E Unity   :
06-14 22:30:56.118  2455  2470 I Unity   : ACCELERATION_XYZ: -0.03919035 0.01161098 -0.4687703 EULER_ANGLES_XYZ 14.67321 1.071764 5.561642 False
06-14 22:30:56.118  2455  2470 I Unity   :
06-14 22:30:56.118  2455  2470 I Unity   : (Filename: ./artifacts/generated/common/runtime/DebugBindings.gen.cpp Line: 51)
06-14 22:30:56.118  2455  2470 I Unity   :
06-14 22:30:56.119  2455  2470 E Unity   : NetworkClient Send when not connected to a server
06-14 22:30:56.119  2455  2470 E Unity   :
06-14 22:30:56.119  2455  2470 E Unity   : (Filename: ./artifacts/generated/common/runtime/DebugBindings.gen.cpp Line: 51)
06-14 22:30:56.119  2455  2470 E Unity   :
06-14 22:30:56.135  2455  2470 I Unity   : ACCELERATION_XYZ: -0.08269501 0.4367495 -0.3673217 EULER_ANGLES_XYZ 14.79408 1.079599 5.496788 False
06-14 22:30:56.135  2455  2470 I Unity   :
06-14 22:30:56.135  2455  2470 I Unity   : (Filename: ./artifacts/generated/common/runtime/DebugBindings.gen.cpp Line: 51)
06-14 22:30:56.135  2455  2470 I Unity   :
06-14 22:30:56.135  2455  2470 E Unity   : NetworkClient Send when not connected to a server
06-14 22:30:56.135  2455  2470 E Unity   :
06-14 22:30:56.135  2455  2470 E Unity   : (Filename: ./artifacts/generated/common/runtime/DebugBindings.gen.cpp Line: 51)
06-14 22:30:56.135  2455  2470 E Unity   :
06-14 22:30:56.153  2455  2470 I Unity   : ACCELERATION_XYZ: -0.1657382 1.015188 -0.03719938 EULER_ANGLES_XYZ 14.6677 1.100959 5.442985 False
06-14 22:30:56.153  2455  2470 I Unity   :
06-14 22:30:56.153  2455  2470 I Unity   : (Filename: ./artifacts/generated/common/runtime/DebugBindings.gen.cpp Line: 51)
06-14 22:30:56.153  2455  2470 I Unity   :
06-14 22:30:56.153  2455  2470 E Unity   : NetworkClient Send when not connected to a server
06-14 22:30:56.153  2455  2470 E Unity   :
06-14 22:30:56.153  2455  2470 E Unity   : (Filename: ./artifacts/generated/common/runtime/DebugBindings.gen.cpp Line: 51)
06-14 22:30:56.153  2455  2470 E Unity   :
06-14 22:30:56.168  2455  2470 I Unity   : ACCELERATION_XYZ: -0.3311224 1.439857 0.4435867 EULER_ANGLES_XYZ 14.34688 1.063862 5.275869 False
06-14 22:30:56.168  2455  2470 I Unity   :
06-14 22:30:56.168  2455  2470 I Unity   : (Filename: ./artifacts/generated/common/runtime/DebugBindings.gen.cpp Line: 51)
06-14 22:30:56.168  2455  2470 I Unity   :
06-14 22:30:56.169  2455  2470 E Unity   : NetworkClient Send when not connected to a server
06-14 22:30:56.169  2455  2470 E Unity   :
06-14 22:30:56.169  2455  2470 E Unity   : (Filename: ./artifacts/generated/common/runtime/DebugBindings.gen.cpp Line: 51)
06-14 22:30:56.169  2455  2470 E Unity   :
06-14 22:30:56.202  2455  2470 I Unity   : ACCELERATION_XYZ: -0.4151274 0.3438301 0.5312143 EULER_ANGLES_XYZ 13.69899 0.996533 5.219567 False
06-14 22:30:56.202  2455  2470 I Unity   :
06-14 22:30:56.202  2455  2470 I Unity   : (Filename: ./artifacts/generated/common/runtime/DebugBindings.gen.cpp Line: 51)
06-14 22:30:56.202  2455  2470 I Unity   :
06-14 22:30:56.202  2455  2470 E Unity   : NetworkClient Send when not connected to a server
06-14 22:30:56.202  2455  2470 E Unity   :
06-14 22:30:56.202  2455  2470 E Unity   : (Filename: ./artifacts/generated/common/runtime/DebugBindings.gen.cpp Line: 51)
06-14 22:30:56.202  2455  2470 E Unity   :
06-14 22:30:56.218  2455  2470 I Unity   : ACCELERATION_XYZ: -0.3771077 -0.5177507 0.3630539 EULER_ANGLES_XYZ 13.65969 0.9643382 5.147546 False
06-14 22:30:56.218  2455  2470 I Unity   :
06-14 22:30:56.218  2455  2470 I Unity   : (Filename: ./artifacts/generated/common/runtime/DebugBindings.gen.cpp Line: 51)
06-14 22:30:56.218  2455  2470 I Unity   :
06-14 22:30:56.219  2455  2470 E Unity   : NetworkClient Send when not connected to a server
06-14 22:30:56.219  2455  2470 E Unity   :
06-14 22:30:56.219  2455  2470 E Unity   : (Filename: ./artifacts/generated/common/runtime/DebugBindings.gen.cpp Line: 51)
06-14 22:30:56.219  2455  2470 E Unity   :
06-14 22:30:56.235  2455  2470 I Unity   : ACCELERATION_XYZ: -0.4767225 -0.8812532 0.1346678 EULER_ANGLES_XYZ 13.78784 0.9699197 5.050296 False
06-14 22:30:56.235  2455  2470 I Unity   :
06-14 22:30:56.235  2455  2470 I Unity   : (Filename: ./artifacts/generated/common/runtime/DebugBindings.gen.cpp Line: 51)
06-14 22:30:56.235  2455  2470 I Unity   :
06-14 22:30:56.236  2455  2470 E Unity   : NetworkClient Send when not connected to a server
06-14 22:30:56.236  2455  2470 E Unity   :
06-14 22:30:56.236  2455  2470 E Unity   : (Filename: ./artifacts/generated/common/runtime/DebugBindings.gen.cpp Line: 51)
06-14 22:30:56.236  2455  2470 E Unity   :
06-14 22:30:56.252  2455  2470 I Unity   : ACCELERATION_XYZ: -0.4727235 -0.7611885 0.2677187 EULER_ANGLES_XYZ 13.87225 0.9445334 4.835358 False
06-14 22:30:56.252  2455  2470 I Unity   :
06-14 22:30:56.252  2455  2470 I Unity   : (Filename: ./artifacts/generated/common/runtime/DebugBindings.gen.cpp Line: 51)
06-14 22:30:56.252  2455  2470 I Unity   :
06-14 22:30:56.252  2455  2470 E Unity   : NetworkClient Send when not connected to a server
06-14 22:30:56.252  2455  2470 E Unity   :
06-14 22:30:56.252  2455  2470 E Unity   : (Filename: ./artifacts/generated/common/runtime/DebugBindings.gen.cpp Line: 51)
06-14 22:30:56.252  2455  2470 E Unity   :
06-14 22:30:56.269  2455  2470 I Unity   : ACCELERATION_XYZ: -0.4887629 -0.1795254 0.3970034 EULER_ANGLES_XYZ 13.89897 0.941727 4.694376 False
06-14 22:30:56.269  2455  2470 I Unity   :
06-14 22:30:56.269  2455  2470 I Unity   : (Filename: ./artifacts/generated/common/runtime/DebugBindings.gen.cpp Line: 51)
06-14 22:30:56.269  2455  2470 I Unity   :
06-14 22:30:56.269  2455  2470 E Unity   : NetworkClient Send when not connected to a server
06-14 22:30:56.269  2455  2470 E Unity   :
06-14 22:30:56.269  2455  2470 E Unity   : (Filename: ./artifacts/generated/common/runtime/DebugBindings.gen.cpp Line: 51)
06-14 22:30:56.269  2455  2470 E Unity   :
06-14 22:30:56.302  2455  2470 I Unity   : ACCELERATION_XYZ: -0.4226744 0.2712975 0.2971557 EULER_ANGLES_XYZ 14.06284 0.9713461 4.547069 False
06-14 22:30:56.302  2455  2470 I Unity   :
06-14 22:30:56.302  2455  2470 I Unity   : (Filename: ./artifacts/generated/common/runtime/DebugBindings.gen.cpp Line: 51)
06-14 22:30:56.302  2455  2470 I Unity   :
06-14 22:30:56.302  2455  2470 E Unity   : NetworkClient Send when not connected to a server
06-14 22:30:56.302  2455  2470 E Unity   :
06-14 22:30:56.302  2455  2470 E Unity   : (Filename: ./artifacts/generated/common/runtime/DebugBindings.gen.cpp Line: 51)
06-14 22:30:56.302  2455  2470 E Unity   :
06-14 22:30:56.320  2455  2470 I Unity   : ACCELERATION_XYZ: -0.4508834 -0.05660343 -0.1567014 EULER_ANGLES_XYZ 14.30186 1.058344 4.441508 False
06-14 22:30:56.320  2455  2470 I Unity   :
06-14 22:30:56.320  2455  2470 I Unity   : (Filename: ./artifacts/generated/common/runtime/DebugBindings.gen.cpp Line: 51)
06-14 22:30:56.320  2455  2470 I Unity   :
06-14 22:30:56.320  2455  2470 E Unity   : NetworkClient Send when not connected to a server
06-14 22:30:56.320  2455  2470 E Unity   :
06-14 22:30:56.320  2455  2470 E Unity   : (Filename: ./artifacts/generated/common/runtime/DebugBindings.gen.cpp Line: 51)
06-14 22:30:56.320  2455  2470 E Unity   :
06-14 22:30:56.336  2455  2470 I Unity   : ACCELERATION_XYZ: -0.4132757 0.04232311 -0.2711828 EULER_ANGLES_XYZ 14.48905 1.179703 4.344698 False
06-14 22:30:56.336  2455  2470 I Unity   :
06-14 22:30:56.336  2455  2470 I Unity   : (Filename: ./artifacts/generated/common/runtime/DebugBindings.gen.cpp Line: 51)
06-14 22:30:56.336  2455  2470 I Unity   :
06-14 22:30:56.336  2455  2470 E Unity   : NetworkClient Send when not connected to a server
06-14 22:30:56.336  2455  2470 E Unity   :
06-14 22:30:56.336  2455  2470 E Unity   : (Filename: ./artifacts/generated/common/runtime/DebugBindings.gen.cpp Line: 51)
06-14 22:30:56.336  2455  2470 E Unity   :
06-14 22:30:56.353  2455  2470 I Unity   : ACCELERATION_XYZ: -0.4453258 0.4856424 -0.09276378 EULER_ANGLES_XYZ 14.5105 1.311889 4.313989 False
06-14 22:30:56.353  2455  2470 I Unity   :
06-14 22:30:56.353  2455  2470 I Unity   : (Filename: ./artifacts/generated/common/runtime/DebugBindings.gen.cpp Line: 51)
06-14 22:30:56.353  2455  2470 I Unity   :
06-14 22:30:56.353  2455  2470 E Unity   : NetworkClient Send when not connected to a server
06-14 22:30:56.353  2455  2470 E Unity   :
06-14 22:30:56.353  2455  2470 E Unity   : (Filename: ./artifacts/generated/common/runtime/DebugBindings.gen.cpp Line: 51)
06-14 22:30:56.353  2455  2470 E Unity   :
06-14 22:30:56.369  2455  2470 I Unity   : ACCELERATION_XYZ: -0.5244461 1.218005 0.2306668 EULER_ANGLES_XYZ 14.4711 1.418272 4.33251 False
06-14 22:30:56.369  2455  2470 I Unity   :
06-14 22:30:56.369  2455  2470 I Unity   : (Filename: ./artifacts/generated/common/runtime/DebugBindings.gen.cpp Line: 51)
06-14 22:30:56.369  2455  2470 I Unity   :
06-14 22:30:56.369  2455  2470 E Unity   : NetworkClient Send when not connected to a server
06-14 22:30:56.369  2455  2470 E Unity   :
06-14 22:30:56.369  2455  2470 E Unity   : (Filename: ./artifacts/generated/common/runtime/DebugBindings.gen.cpp Line: 51)
06-14 22:30:56.369  2455  2470 E Unity   :
06-14 22:30:56.402  2455  2470 I Unity   : ACCELERATION_XYZ: -0.5417664 1.410104 0.5511025 EULER_ANGLES_XYZ 14.03198 1.667284 4.331884 False
06-14 22:30:56.402  2455  2470 I Unity   :
06-14 22:30:56.402  2455  2470 I Unity   : (Filename: ./artifacts/generated/common/runtime/DebugBindings.gen.cpp Line: 51)
06-14 22:30:56.402  2455  2470 I Unity   :
06-14 22:30:56.402  2455  2470 E Unity   : NetworkClient Send when not connected to a server
06-14 22:30:56.402  2455  2470 E Unity   :
06-14 22:30:56.402  2455  2470 E Unity   : (Filename: ./artifacts/generated/common/runtime/DebugBindings.gen.cpp Line: 51)
06-14 22:30:56.402  2455  2470 E Unity   :
06-14 22:30:56.407  2455  2505 I VrApi   : FPS=60,Prd=45ms,Tear=0,Early=60,Stale=0,VSnc=1,Lat=1,Fov=0,CPU2/GPU=2/2,1132/315MHz,OC=F,TA=E/0/0,SP=F/N/N,Mem=1017MHz,Free=1623MB,PSM=0,PLS=0,Temp=22.5C/0.0C
06-14 22:30:56.419  2455  2470 I Unity   : ACCELERATION_XYZ: -0.5292194 0.8475828 0.549174 EULER_ANGLES_XYZ 13.74929 1.763045 4.230321 False
06-14 22:30:56.419  2455  2470 I Unity   :
06-14 22:30:56.419  2455  2470 I Unity   : (Filename: ./artifacts/generated/common/runtime/DebugBindings.gen.cpp Line: 51)
06-14 22:30:56.419  2455  2470 I Unity   :
06-14 22:30:56.419  2455  2470 E Unity   : NetworkClient Send when not connected to a server
06-14 22:30:56.419  2455  2470 E Unity   :
06-14 22:30:56.419  2455  2470 E Unity   : (Filename: ./artifacts/generated/common/runtime/DebugBindings.gen.cpp Line: 51)
06-14 22:30:56.419  2455  2470 E Unity   :
06-14 22:30:56.436  2455  2470 I Unity   : ACCELERATION_XYZ: -0.5210497 0.2600365 0.3730137 EULER_ANGLES_XYZ 13.52876 1.819663 4.11238 False
06-14 22:30:56.436  2455  2470 I Unity   :
06-14 22:30:56.436  2455  2470 I Unity   : (Filename: ./artifacts/generated/common/runtime/DebugBindings.gen.cpp Line: 51)
06-14 22:30:56.436  2455  2470 I Unity   :
06-14 22:30:56.436  2455  2470 E Unity   : NetworkClient Send when not connected to a server
06-14 22:30:56.436  2455  2470 E Unity   :
06-14 22:30:56.436  2455  2470 E Unity   : (Filename: ./artifacts/generated/common/runtime/DebugBindings.gen.cpp Line: 51)
06-14 22:30:56.436  2455  2470 E Unity   :
06-14 22:30:56.452  2455  2470 I Unity   : ACCELERATION_XYZ: -0.5918191 -0.4429846 0.1573294 EULER_ANGLES_XYZ 13.43796 1.880501 4.025197 False
06-14 22:30:56.452  2455  2470 I Unity   :
06-14 22:30:56.452  2455  2470 I Unity   : (Filename: ./artifacts/generated/common/runtime/DebugBindings.gen.cpp Line: 51)
06-14 22:30:56.452  2455  2470 I Unity   :
06-14 22:30:56.452  2455  2470 E Unity   : NetworkClient Send when not connected to a server
06-14 22:30:56.452  2455  2470 E Unity   :
06-14 22:30:56.452  2455  2470 E Unity   : (Filename: ./artifacts/generated/common/runtime/DebugBindings.gen.cpp Line: 51)
06-14 22:30:56.452  2455  2470 E Unity   :
06-14 22:30:56.469  2455  2470 I Unity   : ACCELERATION_XYZ: -0.5040442 -0.7642241 -0.1424749 EULER_ANGLES_XYZ 13.54202 1.925039 3.954563 False
06-14 22:30:56.469  2455  2470 I Unity   :
06-14 22:30:56.469  2455  2470 I Unity   : (Filename: ./artifacts/generated/common/runtime/DebugBindings.gen.cpp Line: 51)
06-14 22:30:56.469  2455  2470 I Unity   :
06-14 22:30:56.469  2455  2470 E Unity   : NetworkClient Send when not connected to a server
06-14 22:30:56.469  2455  2470 E Unity   :
06-14 22:30:56.469  2455  2470 E Unity   : (Filename: ./artifacts/generated/common/runtime/DebugBindings.gen.cpp Line: 51)
06-14 22:30:56.469  2455  2470 E Unity   :
06-14 22:30:56.476  2455  2506 I UtilPoller: GPU Util 0.255162 / CPU Util 0.531250 (avg 0.448925)
06-14 22:30:56.502  2455  2470 I Unity   : ACCELERATION_XYZ: -0.3788648 -0.298399 -0.3552034 EULER_ANGLES_XYZ 13.84745 2.090453 3.84164 False
06-14 22:30:56.502  2455  2470 I Unity   :
06-14 22:30:56.502  2455  2470 I Unity   : (Filename: ./artifacts/generated/common/runtime/DebugBindings.gen.cpp Line: 51)
06-14 22:30:56.502  2455  2470 I Unity   :
06-14 22:30:56.502  2455  2470 E Unity   : NetworkClient Send when not connected to a server
06-14 22:30:56.502  2455  2470 E Unity   :
06-14 22:30:56.502  2455  2470 E Unity   : (Filename: ./artifacts/generated/common/runtime/DebugBindings.gen.cpp Line: 51)
06-14 22:30:56.502  2455  2470 E Unity   :
06-14 22:30:56.519  2455  2470 I Unity   : ACCELERATION_XYZ: -0.3668467 0.1594458 -0.1895062 EULER_ANGLES_XYZ 13.9683 2.18718 3.71737 False
06-14 22:30:56.519  2455  2470 I Unity   :
06-14 22:30:56.519  2455  2470 I Unity   : (Filename: ./artifacts/generated/common/runtime/DebugBindings.gen.cpp Line: 51)
06-14 22:30:56.519  2455  2470 I Unity   :
06-14 22:30:56.519  2455  2470 E Unity   : NetworkClient Send when not connected to a server
06-14 22:30:56.519  2455  2470 E Unity   :
06-14 22:30:56.519  2455  2470 E Unity   : (Filename: ./artifacts/generated/common/runtime/DebugBindings.gen.cpp Line: 51)
06-14 22:30:56.519  2455  2470 E Unity   :
06-14 22:30:56.536  2455  2470 I Unity   : ACCELERATION_XYZ: -0.3940622 0.6555252 -0.02221167 EULER_ANGLES_XYZ 13.93566 2.290469 3.581435 False
06-14 22:30:56.536  2455  2470 I Unity   :
06-14 22:30:56.536  2455  2470 I Unity   : (Filename: ./artifacts/generated/common/runtime/DebugBindings.gen.cpp Line: 51)
06-14 22:30:56.536  2455  2470 I Unity   :
06-14 22:30:56.536  2455  2470 E Unity   : NetworkClient Send when not connected to a server
06-14 22:30:56.536  2455  2470 E Unity   :
06-14 22:30:56.536  2455  2470 E Unity   : (Filename: ./artifacts/generated/common/runtime/DebugBindings.gen.cpp Line: 51)
06-14 22:30:56.536  2455  2470 E Unity   :
06-14 22:30:56.552  2455  2470 I Unity   : ACCELERATION_XYZ: -0.2557324 1.080693 0.1386418 EULER_ANGLES_XYZ 13.79712 2.374691 3.440977 False
06-14 22:30:56.552  2455  2470 I Unity   :
06-14 22:30:56.552  2455  2470 I Unity   : (Filename: ./artifacts/generated/common/runtime/DebugBindings.gen.cpp Line: 51)
06-14 22:30:56.552  2455  2470 I Unity   :
06-14 22:30:56.553  2455  2470 E Unity   : NetworkClient Send when not connected to a server
06-14 22:30:56.553  2455  2470 E Unity   :
06-14 22:30:56.553  2455  2470 E Unity   : (Filename: ./artifacts/generated/common/runtime/DebugBindings.gen.cpp Line: 51)
06-14 22:30:56.553  2455  2470 E Unity   :
06-14 22:30:56.569  2455  2470 I Unity   : ACCELERATION_XYZ: -0.2324072 1.112365 0.09416413 EULER_ANGLES_XYZ 13.60874 2.47723 3.299985 False
06-14 22:30:56.569  2455  2470 I Unity   :
06-14 22:30:56.569  2455  2470 I Unity   : (Filename: ./artifacts/generated/common/runtime/DebugBindings.gen.cpp Line: 51)
06-14 22:30:56.569  2455  2470 I Unity   :
06-14 22:30:56.569  2455  2470 E Unity   : NetworkClient Send when not connected to a server
06-14 22:30:56.569  2455  2470 E Unity   :
06-14 22:30:56.569  2455  2470 E Unity   : (Filename: ./artifacts/generated/common/runtime/DebugBindings.gen.cpp Line: 51)
06-14 22:30:56.569  2455  2470 E Unity   :
06-14 22:30:56.602  2455  2470 I Unity   : ACCELERATION_XYZ: -0.2638016 0.7612648 0.0988425 EULER_ANGLES_XYZ 13.54322 2.65437 3.032003 False
06-14 22:30:56.602  2455  2470 I Unity   :
06-14 22:30:56.602  2455  2470 I Unity   : (Filename: ./artifacts/generated/common/runtime/DebugBindings.gen.cpp Line: 51)
06-14 22:30:56.602  2455  2470 I Unity   :
06-14 22:30:56.602  2455  2470 E Unity   : NetworkClient Send when not connected to a server
06-14 22:30:56.602  2455  2470 E Unity   :
06-14 22:30:56.602  2455  2470 E Unity   : (Filename: ./artifacts/generated/common/runtime/DebugBindings.gen.cpp Line: 51)
06-14 22:30:56.602  2455  2470 E Unity   :
06-14 22:30:56.619  2455  2470 I Unity   : ACCELERATION_XYZ: -0.243894 0.5602713 0.1327306 EULER_ANGLES_XYZ 13.46904 2.679654 2.873893 False
06-14 22:30:56.619  2455  2470 I Unity   :
06-14 22:30:56.619  2455  2470 I Unity   : (Filename: ./artifacts/generated/common/runtime/DebugBindings.gen.cpp Line: 51)
06-14 22:30:56.619  2455  2470 I Unity   :
06-14 22:30:56.619  2455  2470 E Unity   : NetworkClient Send when not connected to a server
06-14 22:30:56.619  2455  2470 E Unity   :
06-14 22:30:56.619  2455  2470 E Unity   : (Filename: ./artifacts/generated/common/runtime/DebugBindings.gen.cpp Line: 51)
06-14 22:30:56.619  2455  2470 E Unity   :
06-14 22:30:56.636  2455  2470 I Unity   : ACCELERATION_XYZ: -0.1968873 0.1540222 0.08337808 EULER_ANGLES_XYZ 13.43324 2.743187 2.761558 False
06-14 22:30:56.636  2455  2470 I Unity   :
06-14 22:30:56.636  2455  2470 I Unity   : (Filename: ./artifacts/generated/common/runtime/DebugBindings.gen.cpp Line: 51)
06-14 22:30:56.636  2455  2470 I Unity   :
06-14 22:30:56.636  2455  2470 E Unity   : NetworkClient Send when not connected to a server
06-14 22:30:56.636  2455  2470 E Unity   :
06-14 22:30:56.636  2455  2470 E Unity   : (Filename: ./artifacts/generated/common/runtime/DebugBindings.gen.cpp Line: 51)
06-14 22:30:56.636  2455  2470 E Unity   :
06-14 22:30:56.652  2455  2470 I Unity   : ACCELERATION_XYZ: -0.2232945 0.04566574 0.1012502 EULER_ANGLES_XYZ 13.41575 2.74527 2.663293 False
06-14 22:30:56.652  2455  2470 I Unity   :
06-14 22:30:56.652  2455  2470 I Unity   : (Filename: ./artifacts/generated/common/runtime/DebugBindings.gen.cpp Line: 51)
06-14 22:30:56.652  2455  2470 I Unity   :
06-14 22:30:56.653  2455  2470 E Unity   : NetworkClient Send when not connected to a server
06-14 22:30:56.653  2455  2470 E Unity   :
06-14 22:30:56.653  2455  2470 E Unity   : (Filename: ./artifacts/generated/common/runtime/DebugBindings.gen.cpp Line: 51)
06-14 22:30:56.653  2455  2470 E Unity   :
06-14 22:30:56.669  2455  2470 I Unity   : ACCELERATION_XYZ: -0.1518384 0.3435488 0.2159438 EULER_ANGLES_XYZ 13.34831 2.777556 2.597478 False
06-14 22:30:56.669  2455  2470 I Unity   :
06-14 22:30:56.669  2455  2470 I Unity   : (Filename: ./artifacts/generated/common/runtime/DebugBindings.gen.cpp Line: 51)
06-14 22:30:56.669  2455  2470 I Unity   :
06-14 22:30:56.669  2455  2470 E Unity   : NetworkClient Send when not connected to a server
06-14 22:30:56.669  2455  2470 E Unity   :
06-14 22:30:56.669  2455  2470 E Unity   : (Filename: ./artifacts/generated/common/runtime/DebugBindings.gen.cpp Line: 51)
06-14 22:30:56.669  2455  2470 E Unity   :
06-14 22:30:56.702  2455  2470 I Unity   : ACCELERATION_XYZ: -0.1343998 0.1634855 0.2365863 EULER_ANGLES_XYZ 13.19023 2.775214 2.448612 False
06-14 22:30:56.702  2455  2470 I Unity   :
06-14 22:30:56.702  2455  2470 I Unity   : (Filename: ./artifacts/generated/common/runtime/DebugBindings.gen.cpp Line: 51)
06-14 22:30:56.702  2455  2470 I Unity   :
06-14 22:30:56.703  2455  2470 E Unity   : NetworkClient Send when not connected to a server
06-14 22:30:56.703  2455  2470 E Unity   :
06-14 22:30:56.703  2455  2470 E Unity   : (Filename: ./artifacts/generated/common/runtime/DebugBindings.gen.cpp Line: 51)
06-14 22:30:56.703  2455  2470 E Unity   :
06-14 22:30:56.719  2455  2470 I Unity   : ACCELERATION_XYZ: 0.1279635 -0.02747822 0.06078625 EULER_ANGLES_XYZ 13.18998 2.783004 2.360507 False
06-14 22:30:56.719  2455  2470 I Unity   :
06-14 22:30:56.719  2455  2470 I Unity   : (Filename: ./artifacts/generated/common/runtime/DebugBindings.gen.cpp Line: 51)
06-14 22:30:56.719  2455  2470 I Unity   :
06-14 22:30:56.720  2455  2470 E Unity   : NetworkClient Send when not connected to a server
06-14 22:30:56.720  2455  2470 E Unity   :
06-14 22:30:56.720  2455  2470 E Unity   : (Filename: ./artifacts/generated/common/runtime/DebugBindings.gen.cpp Line: 51)
06-14 22:30:56.720  2455  2470 E Unity   :
06-14 22:30:56.737  2455  2470 I Unity   : ACCELERATION_XYZ: 0.1751629 -0.03948784 -0.1361114 EULER_ANGLES_XYZ 13.20933 2.804078 2.213917 False
06-14 22:30:56.737  2455  2470 I Unity   :
06-14 22:30:56.737  2455  2470 I Unity   : (Filename: ./artifacts/generated/common/runtime/DebugBindings.gen.cpp Line: 51)
06-14 22:30:56.737  2455  2470 I Unity   :
06-14 22:30:56.737  2455  2470 E Unity   : NetworkClient Send when not connected to a server
06-14 22:30:56.737  2455  2470 E Unity   :
06-14 22:30:56.737  2455  2470 E Unity   : (Filename: ./artifacts/generated/common/runtime/DebugBindings.gen.cpp Line: 51)
06-14 22:30:56.737  2455  2470 E Unity   :
06-14 22:30:56.752  2455  2470 I Unity   : ACCELERATION_XYZ: 0.2715633 -0.1448154 -0.2307674 EULER_ANGLES_XYZ 13.27568 2.841379 2.137366 False
06-14 22:30:56.752  2455  2470 I Unity   :
06-14 22:30:56.752  2455  2470 I Unity   : (Filename: ./artifacts/generated/common/runtime/DebugBindings.gen.cpp Line: 51)
06-14 22:30:56.752  2455  2470 I Unity   :
06-14 22:30:56.753  2455  2470 E Unity   : NetworkClient Send when not connected to a server
06-14 22:30:56.753  2455  2470 E Unity   :
06-14 22:30:56.753  2455  2470 E Unity   : (Filename: ./artifacts/generated/common/runtime/DebugBindings.gen.cpp Line: 51)
06-14 22:30:56.753  2455  2470 E Unity   :
06-14 22:30:56.763  2455  2455 D InputHooksJava: HOME BUTTON 0
06-14 22:30:56.764  2455  2455 I InputHooks: InputHooks::nativeSetHomeButtonDown(92.662872): 1698898178
06-14 22:30:56.764  2455  2455 I RecenterTimer: (92.6630) StartTimer(1.00 0.50)
06-14 22:30:56.769  2455  2470 I Unity   : ACCELERATION_XYZ: 0.3955097 -0.0593462 -0.4055934 EULER_ANGLES_XYZ 13.43272 2.953478 2.068434 False
06-14 22:30:56.769  2455  2470 I Unity   :
06-14 22:30:56.769  2455  2470 I Unity   : (Filename: ./artifacts/generated/common/runtime/DebugBindings.gen.cpp Line: 51)
06-14 22:30:56.769  2455  2470 I Unity   :
06-14 22:30:56.769  2455  2470 E Unity   : NetworkClient Send when not connected to a server
06-14 22:30:56.769  2455  2470 E Unity   :
06-14 22:30:56.769  2455  2470 E Unity   : (Filename: ./artifacts/generated/common/runtime/DebugBindings.gen.cpp Line: 51)
06-14 22:30:56.769  2455  2470 E Unity   :
06-14 22:30:56.802  2455  2470 I Unity   : ACCELERATION_XYZ: 0.4395483 0.280571 -0.5091726 EULER_ANGLES_XYZ 13.82479 3.320667 2.128839 False
06-14 22:30:56.802  2455  2470 I Unity   :
06-14 22:30:56.802  2455  2470 I Unity   : (Filename: ./artifacts/generated/common/runtime/DebugBindings.gen.cpp Line: 51)
06-14 22:30:56.802  2455  2470 I Unity   :
06-14 22:30:56.803  2455  2470 E Unity   : NetworkClient Send when not connected to a server
06-14 22:30:56.803  2455  2470 E Unity   :
06-14 22:30:56.803  2455  2470 E Unity   : (Filename: ./artifacts/generated/common/runtime/DebugBindings.gen.cpp Line: 51)
06-14 22:30:56.803  2455  2470 E Unity   :
06-14 22:30:56.819  2455  2470 I Unity   : ACCELERATION_XYZ: 0.4430523 0.5890274 -0.3649604 EULER_ANGLES_XYZ 13.95885 3.527376 2.168623 False
06-14 22:30:56.819  2455  2470 I Unity   :
06-14 22:30:56.819  2455  2470 I Unity   : (Filename: ./artifacts/generated/common/runtime/DebugBindings.gen.cpp Line: 51)
06-14 22:30:56.819  2455  2470 I Unity   :
06-14 22:30:56.819  2455  2470 E Unity   : NetworkClient Send when not connected to a server
06-14 22:30:56.819  2455  2470 E Unity   :
06-14 22:30:56.819  2455  2470 E Unity   : (Filename: ./artifacts/generated/common/runtime/DebugBindings.gen.cpp Line: 51)
06-14 22:30:56.819  2455  2470 E Unity   :
06-14 22:30:56.838  2455  2470 I Unity   : ACCELERATION_XYZ: 0.3757597 0.8837805 -0.2120594 EULER_ANGLES_XYZ 13.99572 3.744986 2.299376 False
06-14 22:30:56.838  2455  2470 I Unity   :
06-14 22:30:56.838  2455  2470 I Unity   : (Filename: ./artifacts/generated/common/runtime/DebugBindings.gen.cpp Line: 51)
06-14 22:30:56.838  2455  2470 I Unity   :
06-14 22:30:56.838  2455  2470 E Unity   : NetworkClient Send when not connected to a server
06-14 22:30:56.838  2455  2470 E Unity   :
06-14 22:30:56.838  2455  2470 E Unity   : (Filename: ./artifacts/generated/common/runtime/DebugBindings.gen.cpp Line: 51)
06-14 22:30:56.838  2455  2470 E Unity   :
06-14 22:30:56.854  2455  2470 I Unity   : ACCELERATION_XYZ: 0.3519556 1.127212 -0.05247474 EULER_ANGLES_XYZ 13.96424 3.936338 2.404429 False
06-14 22:30:56.854  2455  2470 I Unity   :
06-14 22:30:56.854  2455  2470 I Unity   : (Filename: ./artifacts/generated/common/runtime/DebugBindings.gen.cpp Line: 51)
06-14 22:30:56.854  2455  2470 I Unity   :
06-14 22:30:56.854  2455  2470 E Unity   : NetworkClient Send when not connected to a server
06-14 22:30:56.854  2455  2470 E Unity   :
06-14 22:30:56.854  2455  2470 E Unity   : (Filename: ./artifacts/generated/common/runtime/DebugBindings.gen.cpp Line: 51)
06-14 22:30:56.854  2455  2470 E Unity   :
06-14 22:30:56.876  2455  2470 I Unity   : ACCELERATION_XYZ: 0.2870221 1.054264 -0.02962828 EULER_ANGLES_XYZ 13.83072 4.121373 2.455554 False
06-14 22:30:56.876  2455  2470 I Unity   :
06-14 22:30:56.876  2455  2470 I Unity   : (Filename: ./artifacts/generated/common/runtime/DebugBindings.gen.cpp Line: 51)
06-14 22:30:56.876  2455  2470 I Unity   :
06-14 22:30:56.876  2455  2470 E Unity   : NetworkClient Send when not connected to a server
06-14 22:30:56.876  2455  2470 E Unity   :
06-14 22:30:56.876  2455  2470 E Unity   : (Filename: ./artifacts/generated/common/runtime/DebugBindings.gen.cpp Line: 51)
06-14 22:30:56.876  2455  2470 E Unity   :
06-14 22:30:56.890  2455  2470 I Unity   : ACCELERATION_XYZ: 0.2724906 0.6689053 0.03978586 EULER_ANGLES_XYZ 13.70879 4.335136 2.520784 False
06-14 22:30:56.890  2455  2470 I Unity   :
06-14 22:30:56.890  2455  2470 I Unity   : (Filename: ./artifacts/generated/common/runtime/DebugBindings.gen.cpp Line: 51)
06-14 22:30:56.890  2455  2470 I Unity   :
06-14 22:30:56.890  2455  2470 E Unity   : NetworkClient Send when not connected to a server
06-14 22:30:56.890  2455  2470 E Unity   :
06-14 22:30:56.890  2455  2470 E Unity   : (Filename: ./artifacts/generated/common/runtime/DebugBindings.gen.cpp Line: 51)
06-14 22:30:56.890  2455  2470 E Unity   :
06-14 22:30:56.921  2455  2470 I Unity   : ACCELERATION_XYZ: 0.2489658 0.4459629 0.08587766 EULER_ANGLES_XYZ 13.63365 4.374813 2.498187 False
06-14 22:30:56.921  2455  2470 I Unity   :
06-14 22:30:56.921  2455  2470 I Unity   : (Filename: ./artifacts/generated/common/runtime/DebugBindings.gen.cpp Line: 51)
06-14 22:30:56.921  2455  2470 I Unity   :
06-14 22:30:56.921  2455  2470 E Unity   : NetworkClient Send when not connected to a server
06-14 22:30:56.921  2455  2470 E Unity   :
06-14 22:30:56.921  2455  2470 E Unity   : (Filename: ./artifacts/generated/common/runtime/DebugBindings.gen.cpp Line: 51)
06-14 22:30:56.921  2455  2470 E Unity   :
06-14 22:30:56.938  2455  2470 I Unity   : ACCELERATION_XYZ: 0.234224 0.0003557205 0.09396756 EULER_ANGLES_XYZ 13.52412 4.524136 2.527144 False
06-14 22:30:56.938  2455  2470 I Unity   :
06-14 22:30:56.938  2455  2470 I Unity   : (Filename: ./artifacts/generated/common/runtime/DebugBindings.gen.cpp Line: 51)
06-14 22:30:56.938  2455  2470 I Unity   :
06-14 22:30:56.938  2455  2470 E Unity   : NetworkClient Send when not connected to a server
06-14 22:30:56.938  2455  2470 E Unity   :
06-14 22:30:56.938  2455  2470 E Unity   : (Filename: ./artifacts/generated/common/runtime/DebugBindings.gen.cpp Line: 51)
06-14 22:30:56.938  2455  2470 E Unity   :
06-14 22:30:56.954  2455  2455 D InputHooksJava: HOME BUTTON 1
06-14 22:30:56.954  2455  2455 I InputHooks: InputHooks::nativeSetHomeButtonUp(92.853554): 1698898178
06-14 22:30:56.955  2455  2470 I Unity   : ACCELERATION_XYZ: 0.2552418 -0.1071577 0.04072368 EULER_ANGLES_XYZ 13.52491 4.562622 2.497757 False
06-14 22:30:56.955  2455  2470 I Unity   :
06-14 22:30:56.955  2455  2470 I Unity   : (Filename: ./artifacts/generated/common/runtime/DebugBindings.gen.cpp Line: 51)
06-14 22:30:56.955  2455  2470 I Unity   :
06-14 22:30:56.955  2455  2470 E Unity   : NetworkClient Send when not connected to a server
06-14 22:30:56.955  2455  2470 E Unity   :
06-14 22:30:56.955  2455  2470 E Unity   : (Filename: ./artifacts/generated/common/runtime/DebugBindings.gen.cpp Line: 51)
06-14 22:30:56.955  2455  2470 E Unity   :
06-14 22:30:56.966  2455  2470 I VrApi_SystemUtils: SystemUtils_StartSystemActivity: confirmQuit (null)
06-14 22:30:56.972  2455  2470 D SystemUtils: Package com.oculus.systemactivities exists on device
06-14 22:30:56.972  2455  2470 I VrApi_SystemUtils: Package com.oculus.systemactivities : INSTALLED
06-14 22:30:56.975  2455  2470 I Unity   : ACCELERATION_XYZ: 0.254935 -0.151803 0.09009588 EULER_ANGLES_XYZ 13.52286 4.618837 2.467395 False
06-14 22:30:56.975  2455  2470 I Unity   :
06-14 22:30:56.975  2455  2470 I Unity   : (Filename: ./artifacts/generated/common/runtime/DebugBindings.gen.cpp Line: 51)
06-14 22:30:56.975  2455  2470 I Unity   :
06-14 22:30:56.975  2455  2470 E Unity   : NetworkClient Send when not connected to a server
06-14 22:30:56.975  2455  2470 E Unity   :
06-14 22:30:56.975  2455  2470 E Unity   : (Filename: ./artifacts/generated/common/runtime/DebugBindings.gen.cpp Line: 51)
06-14 22:30:56.975  2455  2470 E Unity   :
06-14 22:30:56.990  2455  2470 I Unity   : ACCELERATION_XYZ: 0.2377809 -0.02015972 0.1114353 EULER_ANGLES_XYZ 13.53473 4.653131 2.443552 False
06-14 22:30:56.990  2455  2470 I Unity   :
06-14 22:30:56.990  2455  2470 I Unity   : (Filename: ./artifacts/generated/common/runtime/DebugBindings.gen.cpp Line: 51)
06-14 22:30:56.990  2455  2470 I Unity   :
06-14 22:30:56.991  2455  2470 E Unity   : NetworkClient Send when not connected to a server
06-14 22:30:56.991  2455  2470 E Unity   :
06-14 22:30:56.991  2455  2470 E Unity   : (Filename: ./artifacts/generated/common/runtime/DebugBindings.gen.cpp Line: 51)
06-14 22:30:56.991  2455  2470 E Unity   :
06-14 22:30:57.002  2455  2504 I ScreenCapture: TakeScreenshot forAnytimeUI=true
06-14 22:30:57.004  2455  2504 I DistortionMesh: LoadDistortionMeshFromMemory
06-14 22:30:57.039  2455  2504 I TimeWarpProgs: [0xd1c212fc] Built layerProgram 0x408007 (texture type 0) in 32.4 ms
06-14 22:30:57.039  2455  2504 I ScreenCapture: PublishScreenshot forAnytimeUI=true
06-14 22:30:57.063  2455  2504 V Screenshot: SendScreenshotToShell
06-14 22:30:57.175  2455  2504 D SystemUtils: broadcastImageToShell intent_pkg: WiP.Demo.resettingTest jpg_size: 269308
06-14 22:30:57.179  2455  2504 I Vsync   : Vsync 5583: 12 x 16.68 ms (59.95 Hz, at 93.078)
06-14 22:30:57.179  2455  2504 I TimeWarp: Adjusting 5583.29 > 5573 to 5583
06-14 22:30:57.190  2455  2470 I Unity   : ACCELERATION_XYZ: 0.2394608 -0.03970718 -0.1595719 EULER_ANGLES_XYZ 14.10793 5.181972 2.55088 False
06-14 22:30:57.190  2455  2470 I Unity   :
06-14 22:30:57.190  2455  2470 I Unity   : (Filename: ./artifacts/generated/common/runtime/DebugBindings.gen.cpp Line: 51)
06-14 22:30:57.190  2455  2470 I Unity   :
06-14 22:30:57.190  2455  2470 E Unity   : NetworkClient Send when not connected to a server
06-14 22:30:57.190  2455  2470 E Unity   :
06-14 22:30:57.190  2455  2470 E Unity   : (Filename: ./artifacts/generated/common/runtime/DebugBindings.gen.cpp Line: 51)
06-14 22:30:57.190  2455  2470 E Unity   :
06-14 22:30:57.191  2455  2470 I Unity   : ACCELERATION_XYZ: 0.2394608 -0.03970718 -0.1595719 EULER_ANGLES_XYZ 14.10793 5.181972 2.55088 False
06-14 22:30:57.191  2455  2470 I Unity   :
06-14 22:30:57.191  2455  2470 I Unity   : (Filename: ./artifacts/generated/common/runtime/DebugBindings.gen.cpp Line: 51)
06-14 22:30:57.191  2455  2470 I Unity   :
06-14 22:30:57.191  2455  2470 E Unity   : NetworkClient Send when not connected to a server
06-14 22:30:57.191  2455  2470 E Unity   :
06-14 22:30:57.191  2455  2470 E Unity   : (Filename: ./artifacts/generated/common/runtime/DebugBindings.gen.cpp Line: 51)
06-14 22:30:57.191  2455  2470 E Unity   :
06-14 22:30:57.192  2455  2470 I Unity   : ACCELERATION_XYZ: 0.2394608 -0.03970718 -0.1595719 EULER_ANGLES_XYZ 14.10793 5.181972 2.55088 False
06-14 22:30:57.192  2455  2470 I Unity   :
06-14 22:30:57.192  2455  2470 I Unity   : (Filename: ./artifacts/generated/common/runtime/DebugBindings.gen.cpp Line: 51)
06-14 22:30:57.192  2455  2470 I Unity   :
06-14 22:30:57.192  2455  2470 E Unity   : NetworkClient Send when not connected to a server
06-14 22:30:57.192  2455  2470 E Unity   :
06-14 22:30:57.192  2455  2470 E Unity   : (Filename: ./artifacts/generated/common/runtime/DebugBindings.gen.cpp Line: 51)
06-14 22:30:57.192  2455  2470 E Unity   :
06-14 22:30:57.193  2455  2470 I Unity   : ACCELERATION_XYZ: 0.2394608 -0.03970718 -0.1595719 EULER_ANGLES_XYZ 14.10793 5.181972 2.55088 False
06-14 22:30:57.193  2455  2470 I Unity   :
06-14 22:30:57.193  2455  2470 I Unity   : (Filename: ./artifacts/generated/common/runtime/DebugBindings.gen.cpp Line: 51)
06-14 22:30:57.193  2455  2470 I Unity   :
06-14 22:30:57.193  2455  2470 E Unity   : NetworkClient Send when not connected to a server
06-14 22:30:57.193  2455  2470 E Unity   :
06-14 22:30:57.193  2455  2470 E Unity   : (Filename: ./artifacts/generated/common/runtime/DebugBindings.gen.cpp Line: 51)
06-14 22:30:57.193  2455  2470 E Unity   :
06-14 22:30:57.194  2455  2470 I Unity   : ACCELERATION_XYZ: 0.2394608 -0.03970718 -0.1595719 EULER_ANGLES_XYZ 14.10793 5.181972 2.55088 False
06-14 22:30:57.194  2455  2470 I Unity   :
06-14 22:30:57.194  2455  2470 I Unity   : (Filename: ./artifacts/generated/common/runtime/DebugBindings.gen.cpp Line: 51)
06-14 22:30:57.194  2455  2470 I Unity   :
06-14 22:30:57.194  2455  2470 E Unity   : NetworkClient Send when not connected to a server
06-14 22:30:57.194  2455  2470 E Unity   :
06-14 22:30:57.194  2455  2470 E Unity   : (Filename: ./artifacts/generated/common/runtime/DebugBindings.gen.cpp Line: 51)
06-14 22:30:57.194  2455  2470 E Unity   :
06-14 22:30:57.196  2455  2470 I Unity   : ACCELERATION_XYZ: 0.2394608 -0.03970718 -0.1595719 EULER_ANGLES_XYZ 14.10793 5.181972 2.55088 False
06-14 22:30:57.196  2455  2470 I Unity   :
06-14 22:30:57.196  2455  2470 I Unity   : (Filename: ./artifacts/generated/common/runtime/DebugBindings.gen.cpp Line: 51)
06-14 22:30:57.196  2455  2470 I Unity   :
06-14 22:30:57.196  2455  2470 E Unity   : NetworkClient Send when not connected to a server
06-14 22:30:57.196  2455  2470 E Unity   :
06-14 22:30:57.196  2455  2470 E Unity   : (Filename: ./artifacts/generated/common/runtime/DebugBindings.gen.cpp Line: 51)
06-14 22:30:57.196  2455  2470 E Unity   :
06-14 22:30:57.196  2455  2455 D OVRPlugin: nativeBatteryEvent(3, 99, 220)
06-14 22:30:57.197  2455  2470 I Unity   : ACCELERATION_XYZ: 0.2394608 -0.03970718 -0.1595719 EULER_ANGLES_XYZ 14.10793 5.181972 2.55088 False
06-14 22:30:57.197  2455  2470 I Unity   :
06-14 22:30:57.197  2455  2470 I Unity   : (Filename: ./artifacts/generated/common/runtime/DebugBindings.gen.cpp Line: 51)
06-14 22:30:57.197  2455  2470 I Unity   :
06-14 22:30:57.197  2455  2470 E Unity   : NetworkClient Send when not connected to a server
06-14 22:30:57.197  2455  2470 E Unity   :
06-14 22:30:57.197  2455  2470 E Unity   : (Filename: ./artifacts/generated/common/runtime/DebugBindings.gen.cpp Line: 51)
06-14 22:30:57.197  2455  2470 E Unity   :
06-14 22:30:57.197  1303  1303 D CompanionState: CompanionState Receiver:android.intent.action.BATTERY_CHANGED
06-14 22:30:57.198  2455  2470 I Unity   : ACCELERATION_XYZ: 0.2394608 -0.03970718 -0.1595719 EULER_ANGLES_XYZ 14.10793 5.181972 2.55088 False
06-14 22:30:57.198  2455  2470 I Unity   :
06-14 22:30:57.198  2455  2470 I Unity   : (Filename: ./artifacts/generated/common/runtime/DebugBindings.gen.cpp Line: 51)
06-14 22:30:57.198  2455  2470 I Unity   :
06-14 22:30:57.198  2455  2470 E Unity   : NetworkClient Send when not connected to a server
06-14 22:30:57.198  2455  2470 E Unity   :
06-14 22:30:57.198  2455  2470 E Unity   : (Filename: ./artifacts/generated/common/runtime/DebugBindings.gen.cpp Line: 51)
06-14 22:30:57.198  2455  2470 E Unity   :
06-14 22:30:57.199  2455  2470 I Unity   : ACCELERATION_XYZ: 0.2394608 -0.03970718 -0.1595719 EULER_ANGLES_XYZ 14.10793 5.181972 2.55088 False
06-14 22:30:57.199  2455  2470 I Unity   :
06-14 22:30:57.199  2455  2470 I Unity   : (Filename: ./artifacts/generated/common/runtime/DebugBindings.gen.cpp Line: 51)
06-14 22:30:57.199  2455  2470 I Unity   :
06-14 22:30:57.199  2455  2470 E Unity   : NetworkClient Send when not connected to a server
06-14 22:30:57.199  2455  2470 E Unity   :
06-14 22:30:57.199  2455  2470 E Unity   : (Filename: ./artifacts/generated/common/runtime/DebugBindings.gen.cpp Line: 51)
06-14 22:30:57.199  2455  2470 E Unity   :
06-14 22:30:57.200  2455  2470 I Unity   : ACCELERATION_XYZ: 0.2394608 -0.03970718 -0.1595719 EULER_ANGLES_XYZ 14.10793 5.181972 2.55088 False
06-14 22:30:57.200  2455  2470 I Unity   :
06-14 22:30:57.200  2455  2470 I Unity   : (Filename: ./artifacts/generated/common/runtime/DebugBindings.gen.cpp Line: 51)
06-14 22:30:57.200  2455  2470 I Unity   :
06-14 22:30:57.200  2455  2470 E Unity   : NetworkClient Send when not connected to a server
06-14 22:30:57.200  2455  2470 E Unity   :
06-14 22:30:57.200  2455  2470 E Unity   : (Filename: ./artifacts/generated/common/runtime/DebugBindings.gen.cpp Line: 51)
06-14 22:30:57.200  2455  2470 E Unity   :
06-14 22:30:57.201  1303  1303 D CompanionState: Charging current=674892
06-14 22:30:57.203  1303  1303 D CompanionState: No change to state
06-14 22:30:57.209  2455  2470 I VrApi_SystemUtils: Using Anytime UI for cmd: confirmQuit
06-14 22:30:57.209  2455  2470 D SystemUtils: sendBroadcastIntent - action: 'com.oculus.vrshell.intent.action.LAUNCH' data: 'systemux://dialog/exit'intent_pkg: WiP.Demo.resettingTest
06-14 22:30:57.212  2455  2470 D SystemUtils: VR Shell isn't running.
06-14 22:30:57.214  1953  1953 D [OAR] SystemUXBroadcastReceiver: action: com.oculus.vrshell.intent.action.UPDATE_APP_SCREENSHOT
06-14 22:30:57.216  2455  2470 I Unity   : ACCELERATION_XYZ: 0.0005662441 -0.1813622 -0.2103301 EULER_ANGLES_XYZ 14.24606 5.175369 2.628073 False
06-14 22:30:57.216  2455  2470 I Unity   :
06-14 22:30:57.216  2455  2470 I Unity   : (Filename: ./artifacts/generated/common/runtime/DebugBindings.gen.cpp Line: 51)
06-14 22:30:57.216  2455  2470 I Unity   :
